Component: ARM Compiler 5.05 (build 41) Tool: armlink [4d0eb9]

==============================================================================

Section Cross References

    startup_mb9bf56x.o(STACK) refers (Special) to heapauxi.o(.text) for __use_two_region_memory
    startup_mb9bf56x.o(HEAP) refers (Special) to heapauxi.o(.text) for __use_two_region_memory
    startup_mb9bf56x.o(RESET) refers (Special) to heapauxi.o(.text) for __use_two_region_memory
    startup_mb9bf56x.o(RESET) refers to startup_mb9bf56x.o(STACK) for __initial_sp
    startup_mb9bf56x.o(RESET) refers to startup_mb9bf56x.o(.text) for Reset_Handler
    startup_mb9bf56x.o(RESET) refers to interrupts.o(.text) for MFS7_RX_IRQHandler
    startup_mb9bf56x.o(.text) refers (Special) to heapauxi.o(.text) for __use_two_region_memory
    startup_mb9bf56x.o(.text) refers to system_mb9abxxx.o(.text) for SystemInit
    startup_mb9bf56x.o(.text) refers to __main.o(!!!main) for __main
    startup_mb9bf56x.o(.text) refers to startup_mb9bf56x.o(HEAP) for Heap_Mem
    startup_mb9bf56x.o(.text) refers to startup_mb9bf56x.o(STACK) for Stack_Mem
    system_mb9abxxx.o(.text) refers to system_mb9abxxx.o(.data) for SystemCoreClock
    exint.o(.text) refers to exint.o(.constdata) for cau8ExintReferenceLut
    exint.o(.text) refers to exint.o(.bss) for stcExintInternData
    exint.o(.text) refers to exint.o(.data) for stcExintNMIInternData
    mfs.o(.text) refers to mfs.o(.data) for m_astcMfsInstanceDataLut
    mfs_hl.o(.text) refers to mfs_hl.o(.data) for m_astcMfsHlInstanceDataLut
    mfs_hl.o(.text) refers to mfs.o(.text) for Mfs_GetReloadValue
    mfs_hl.o(.text) refers to pdl.o(.text) for PDL_WAIT_LOOP_HOOK
    interrupts.o(.text) refers to exint.o(.text) for Exint_IrqHandler
    interrupts.o(.text) refers to mfs.o(.text) for MfsIrqHandlerRx
    interrupts.o(.text) refers to mfs.o(.data) for m_astcMfsInstanceDataLut
    clk.o(.text) refers to pdl.o(.text) for PDL_WAIT_LOOP_HOOK
    reset.o(.text) refers to reset.o(.data) for stcStoredResetCause
    main.o(.text) refers to _printf_percent.o(.ARM.Collect$$_printf_percent$$00000000) for _printf_percent
    main.o(.text) refers to _printf_u.o(.ARM.Collect$$_printf_percent$$0000000A) for _printf_u
    main.o(.text) refers to _printf_dec.o(.text) for _printf_int_dec
    main.o(.text) refers to adafruit_gfx.o(.text) for Adafruit_GFX::setCursor(short, short)
    main.o(.text) refers to wyzbee_spi.o(.text) for WyzBeeSpi_Init
    main.o(.text) refers to rt_memcpy_w.o(.text) for __aeabi_memcpy4
    main.o(.text) refers to adafruit_ssd1351.o(.text) for Adafruit_SSD1351::begin()
    main.o(.text) refers to wyzbee_i2c.o(.text) for WyzBeeI2c_Init
    main.o(.text) refers to f2d.o(x$fpl$f2d) for __aeabi_f2d
    main.o(.text) refers to dmul.o(x$fpl$dmul) for __aeabi_dmul
    main.o(.text) refers to ddiv.o(x$fpl$ddiv) for __aeabi_ddiv
    main.o(.text) refers to daddsub_clz.o(x$fpl$dsub) for __aeabi_dsub
    main.o(.text) refers to d2f.o(x$fpl$d2f) for __aeabi_d2f
    main.o(.text) refers to noretval__2sprintf.o(.text) for __2sprintf
    main.o(.text) refers to main.o(.bss) for tft
    main.o(.text) refers to main.o(.data) for config_stc
    main.o(.text) refers to main.o(.constdata) for .constdata
    main.o(.text) refers to dflt_clz.o(x$fpl$dflt) for __aeabi_i2d
    main.o(.text) refers to drleqf.o(x$fpl$drleqf) for __aeabi_cdrcmple
    main.o(.text) refers to dleqf.o(x$fpl$dleqf) for __aeabi_cdcmple
    main.o(.ARM.exidx) refers to main.o(.text) for .text
    main.o(.init_array) refers to main.o(.text) for __sti___8_main_cpp_tft
    main.o(.init_array) refers to init_aeabi.o(.text) for __cpp_initialize__aeabi_
    wyzbee_spi.o(.text) refers to mfs.o(.text) for Mfs_SetRxEnable
    adafruit_ssd1351.o(.text) refers to adafruit_gfx.o(.text) for Adafruit_GFX::Adafruit_GFX__sub_object(short, short)
    adafruit_ssd1351.o(.text) refers to adafruit_ssd1351.o(i._ZN16Adafruit_SSD13518spiwriteEh) for Adafruit_SSD1351::spiwrite(unsigned char)
    adafruit_ssd1351.o(.text) refers to adafruit_ssd1351.o(.constdata__ZTV16Adafruit_SSD1351) for VTT for Adafruit_SSD1351
    adafruit_ssd1351.o(.ARM.exidx) refers to adafruit_ssd1351.o(.text) for .text
    spi_oled.o(.text) refers to mfs.o(.text) for Mfs_Csio_DeInit
    spi_oled.o(.text) refers to spi_oled.o(.data) for stcMfsCsioCfg_oled
    spi_oled.o(.ARM.exidx) refers to spi_oled.o(.text) for .text
    adafruit_gfx.o(.text) refers to adafruit_gfx.o(.constdata__ZTV12Adafruit_GFX) for vtable for Adafruit_GFX
    adafruit_gfx.o(.text) refers to adafruit_gfx.o(.constdata) for font
    adafruit_gfx.o(.ARM.exidx) refers to adafruit_gfx.o(.text) for .text
    wyzbee_i2c.o(.text) refers to mfs.o(.text) for Mfs_GetESCR
    wyzbee_i2c.o(.text) refers to wyzbee_i2c.o(.data) for I2cStatus
    __2sprintf.o(.text) refers to _printf_char_common.o(.text) for _printf_char_common
    __2sprintf.o(.text) refers to _sputc.o(.text) for _sputc
[...]
    ../clib/printf.c                         0x00000000   Number         0  noretval__2sprintf.o ABSOLUTE
    ../clib/printf_percent.s                 0x00000000   Number         0  _printf_percent_end.o ABSOLUTE
    ../clib/printf_percent.s                 0x00000000   Number         0  _printf_u.o ABSOLUTE
    ../clib/printf_percent.s                 0x00000000   Number         0  _printf_percent.o ABSOLUTE
    ../clib/signal.c                         0x00000000   Number         0  defsig_cppl_inner.o ABSOLUTE
    ../clib/signal.c                         0x00000000   Number         0  defsig_stak_inner.o ABSOLUTE
    ../clib/signal.c                         0x00000000   Number         0  defsig_rtmem_inner.o ABSOLUTE
    ../clib/signal.c                         0x00000000   Number         0  defsig_other.o ABSOLUTE
    ../clib/signal.c                         0x00000000   Number         0  defsig_rtmem_formal.o ABSOLUTE
    ../clib/signal.c                         0x00000000   Number         0  defsig_rtmem_outer.o ABSOLUTE
    ../clib/signal.c                         0x00000000   Number         0  defsig_abrt_formal.o ABSOLUTE
    ../clib/signal.c                         0x00000000   Number         0  defsig_abrt_outer.o ABSOLUTE
    ../clib/signal.c                         0x00000000   Number         0  defsig_segv_inner.o ABSOLUTE
    ../clib/signal.c                         0x00000000   Number         0  defsig_pvfn_outer.o ABSOLUTE
    ../clib/signal.c                         0x00000000   Number         0  defsig_pvfn_inner.o ABSOLUTE
    ../clib/signal.c                         0x00000000   Number         0  defsig_exit.o ABSOLUTE
    ../clib/signal.c                         0x00000000   Number         0  defsig_abrt_inner.o ABSOLUTE
    ../clib/signal.c                         0x00000000   Number         0  defsig_fpe_inner.o ABSOLUTE
    ../clib/signal.c                         0x00000000   Number         0  __raise.o ABSOLUTE
    ../clib/signal.c                         0x00000000   Number         0  defsig_general.o ABSOLUTE
    ../clib/signal.c                         0x00000000   Number         0  defsig_pvfn_formal.o ABSOLUTE
    ../clib/signal.c                         0x00000000   Number         0  defsig_rtred_inner.o ABSOLUTE
    ../clib/signal.s                         0x00000000   Number         0  defsig.o ABSOLUTE
    ../clib/stdlib.c                         0x00000000   Number         0  exit.o ABSOLUTE
    ../clib/stdlib.c                         0x00000000   Number         0  abort.o ABSOLUTE
    ../fplib/d2f.s                           0x00000000   Number         0  d2f.o ABSOLUTE
    ../fplib/daddsub.s                       0x00000000   Number         0  daddsub_clz.o ABSOLUTE
    ../fplib/dcmpi.s                         0x00000000   Number         0  dcmpi.o ABSOLUTE
    ../fplib/ddiv.s                          0x00000000   Number         0  ddiv.o ABSOLUTE
    ../fplib/dflt.s                          0x00000000   Number         0  dflt_clz.o ABSOLUTE
    ../fplib/dleqf.s                         0x00000000   Number         0  dleqf.o ABSOLUTE
    ../fplib/dmul.s                          0x00000000   Number         0  dmul.o ABSOLUTE
    ../fplib/dnaninf.s                       0x00000000   Number         0  dnaninf.o ABSOLUTE
    ../fplib/dretinf.s                       0x00000000   Number         0  dretinf.o ABSOLUTE
    ../fplib/drleqf.s                        0x00000000   Number         0  drleqf.o ABSOLUTE
    ../fplib/f2d.s                           0x00000000   Number         0  f2d.o ABSOLUTE
    ../fplib/fnaninf.s                       0x00000000   Number         0  fnaninf.o ABSOLUTE
    ../fplib/fpinit.s                        0x00000000   Number         0  fpinit.o ABSOLUTE
    ../fplib/fretinf.s                       0x00000000   Number         0  fretinf.o ABSOLUTE
    ../fplib/usenofp.s                       0x00000000   Number         0  usenofp.o ABSOLUTE
    WyzBee_SPI\WyzBee_spi.c                  0x00000000   Number         0  wyzbee_spi.o ABSOLUTE
    WyzBee_SPI\\WyzBee_spi.c                 0x00000000   Number         0  wyzbee_spi.o ABSOLUTE
    WyzBee_gpio\WyzBee_gpio.c                0x00000000   Number         0  wyzbee_gpio.o ABSOLUTE
    WyzBee_gpio\\WyzBee_gpio.c               0x00000000   Number         0  wyzbee_gpio.o ABSOLUTE
    WyzBee_i2c\WyzBee_i2c.c                  0x00000000   Number         0  wyzbee_i2c.o ABSOLUTE
    WyzBee_i2c\\WyzBee_i2c.c                 0x00000000   Number         0  wyzbee_i2c.o ABSOLUTE
    WyzBee_oled\Adafruit_GFX.cpp             0x00000000   Number         0  adafruit_gfx.o ABSOLUTE
    WyzBee_oled\Adafruit_SSD1351.cpp         0x00000000   Number         0  adafruit_ssd1351.o ABSOLUTE
    WyzBee_oled\SPI_OLED.cpp                 0x00000000   Number         0  spi_oled.o ABSOLUTE
    WyzBee_oled\\Adafruit_SSD1351.cpp        0x00000000   Number         0  adafruit_ssd1351.o ABSOLUTE
    WyzBee_oled\\SPI_OLED.cpp                0x00000000   Number         0  spi_oled.o ABSOLUTE
    WyzBee_oled\glcdfont.c                   0x00000000   Number         0  glcdfont.o ABSOLUTE
    common\\interrupts.c                     0x00000000   Number         0  interrupts.o ABSOLUTE
    common\\pdl.c                            0x00000000   Number         0  pdl.o ABSOLUTE
    common\interrupts.c                      0x00000000   Number         0  interrupts.o ABSOLUTE
    common\pdl.c                             0x00000000   Number         0  pdl.o ABSOLUTE
    dc.s                                     0x00000000   Number         0  dc.o ABSOLUTE
    lib\\src\\clk.c                          0x00000000   Number         0  clk.o ABSOLUTE
    lib\\src\\exint.c                        0x00000000   Number         0  exint.o ABSOLUTE
    lib\\src\\mfs.c                          0x00000000   Number         0  mfs.o ABSOLUTE
    lib\\src\\mfs_hl.c                       0x00000000   Number         0  mfs_hl.o ABSOLUTE
    lib\\src\\reset.c                        0x00000000   Number         0  reset.o ABSOLUTE
    lib\src\clk.c                            0x00000000   Number         0  clk.o ABSOLUTE
    lib\src\exint.c                          0x00000000   Number         0  exint.o ABSOLUTE
    lib\src\mfs.c                            0x00000000   Number         0  mfs.o ABSOLUTE
    lib\src\mfs_hl.c                         0x00000000   Number         0  mfs_hl.o ABSOLUTE
    lib\src\reset.c                          0x00000000   Number         0  reset.o ABSOLUTE
    main.cpp                                 0x00000000   Number         0  main.o ABSOLUTE
    main.cpp                                 0x00000000   Number         0  main.o ABSOLUTE
    startup_mb9bf56x.s                       0x00000000   Number         0  startup_mb9bf56x.o ABSOLUTE
    system_mb9abxxx.c                        0x00000000   Number         0  system_mb9abxxx.o ABSOLUTE
    system_mb9abxxx.c                        0x00000000   Number         0  system_mb9abxxx.o ABSOLUTE
    !!!main                                  0x00000240   Section        8  __main.o(!!!main)
    !!!scatter                               0x00000248   Section       52  __scatter.o(!!!scatter)
    !!handler_copy                           0x0000027c   Section       26  __scatter_copy.o(!!handler_copy)
    !!handler_zi                             0x00000298   Section       28  __scatter_zi.o(!!handler_zi)
    .ARM.Collect$$_printf_percent$$00000000  0x000002b4   Section        0  _printf_percent.o(.ARM.Collect$$_printf_percent$$00000000)
    .ARM.Collect$$_printf_percent$$0000000A  0x000002b4   Section        6  _printf_u.o(.ARM.Collect$$_printf_percent$$0000000A)
    .ARM.Collect$$_printf_percent$$00000017  0x000002ba   Section        4  _printf_percent_end.o(.ARM.Collect$$_printf_percent$$00000017)
    .ARM.Collect$$libinit$$00000000          0x000002be   Section        2  libinit.o(.ARM.Collect$$libinit$$00000000)
    .ARM.Collect$$libinit$$00000001          0x000002c0   Section        4  libinit2.o(.ARM.Collect$$libinit$$00000001)
    .ARM.Collect$$libinit$$00000004          0x000002c4   Section        0  libinit2.o(.ARM.Collect$$libinit$$00000004)
    .ARM.Collect$$libinit$$0000000A          0x000002c4   Section        0  libinit2.o(.ARM.Collect$$libinit$$0000000A)
    .ARM.Collect$$libinit$$0000000C          0x000002c4   Section        0  libinit2.o(.ARM.Collect$$libinit$$0000000C)
    .ARM.Collect$$libinit$$0000000E          0x000002c4   Section        0  libinit2.o(.ARM.Collect$$libinit$$0000000E)
    .ARM.Collect$$libinit$$00000011          0x000002c4   Section        0  libinit2.o(.ARM.Collect$$libinit$$00000011)
    .ARM.Collect$$libinit$$00000013          0x000002c4   Section        0  libinit2.o(.ARM.Collect$$libinit$$00000013)
    .ARM.Collect$$libinit$$00000015          0x000002c4   Section        0  libinit2.o(.ARM.Collect$$libinit$$00000015)
    .ARM.Collect$$libinit$$00000017          0x000002c4   Section        0  libinit2.o(.ARM.Collect$$libinit$$00000017)
    .ARM.Collect$$libinit$$00000019          0x000002c4   Section        0  libinit2.o(.ARM.Collect$$libinit$$00000019)
    .ARM.Collect$$libinit$$0000001B          0x000002c4   Section        0  libinit2.o(.ARM.Collect$$libinit$$0000001B)
    .ARM.Collect$$libinit$$0000001D          0x000002c4   Section        0  libinit2.o(.ARM.Collect$$libinit$$0000001D)
    .ARM.Collect$$libinit$$0000001F          0x000002c4   Section        0  libinit2.o(.ARM.Collect$$libinit$$0000001F)
    .ARM.Collect$$libinit$$00000021          0x000002c4   Section        0  libinit2.o(.ARM.Collect$$libinit$$00000021)
    .ARM.Collect$$libinit$$00000023          0x000002c4   Section        0  libinit2.o(.ARM.Collect$$libinit$$00000023)
    .ARM.Collect$$libinit$$00000025          0x000002c4   Section        0  libinit2.o(.ARM.Collect$$libinit$$00000025)
    .ARM.Collect$$libinit$$0000002C          0x000002c4   Section        0  libinit2.o(.ARM.Collect$$libinit$$0000002C)
    .ARM.Collect$$libinit$$0000002E          0x000002c4   Section        0  libinit2.o(.ARM.Collect$$libinit$$0000002E)
    .ARM.Collect$$libinit$$00000030          0x000002c4   Section        0  libinit2.o(.ARM.Collect$$libinit$$00000030)
    .ARM.Collect$$libinit$$00000031          0x000002c4   Section        4  libinit2.o(.ARM.Collect$$libinit$$00000031)
    .ARM.Collect$$libinit$$00000032          0x000002c8   Section        0  libinit2.o(.ARM.Collect$$libinit$$00000032)
    .ARM.Collect$$libinit$$00000033          0x000002c8   Section        2  libinit2.o(.ARM.Collect$$libinit$$00000033)
    .ARM.Collect$$libshutdown$$00000000      0x000002ca   Section        2  libshutdown.o(.ARM.Collect$$libshutdown$$00000000)
    .ARM.Collect$$libshutdown$$00000003      0x000002cc   Section        0  libshutdown2.o(.ARM.Collect$$libshutdown$$00000003)
    .ARM.Collect$$libshutdown$$00000006      0x000002cc   Section        0  libshutdown2.o(.ARM.Collect$$libshutdown$$00000006)
    .ARM.Collect$$libshutdown$$00000009      0x000002cc   Section        0  libshutdown2.o(.ARM.Collect$$libshutdown$$00000009)
    .ARM.Collect$$libshutdown$$0000000B      0x000002cc   Section        0  libshutdown2.o(.ARM.Collect$$libshutdown$$0000000B)
    .ARM.Collect$$libshutdown$$0000000E      0x000002cc   Section        0  libshutdown2.o(.ARM.Collect$$libshutdown$$0000000E)
    .ARM.Collect$$libshutdown$$0000000F      0x000002cc   Section        2  libshutdown2.o(.ARM.Collect$$libshutdown$$0000000F)
    .ARM.Collect$$rtentry$$00000000          0x000002ce   Section        0  __rtentry.o(.ARM.Collect$$rtentry$$00000000)
    .ARM.Collect$$rtentry$$00000002          0x000002ce   Section        0  __rtentry2.o(.ARM.Collect$$rtentry$$00000002)
    .ARM.Collect$$rtentry$$00000004          0x000002ce   Section        6  __rtentry4.o(.ARM.Collect$$rtentry$$00000004)
    .ARM.Collect$$rtentry$$00000009          0x000002d4   Section        0  __rtentry2.o(.ARM.Collect$$rtentry$$00000009)
    .ARM.Collect$$rtentry$$0000000A          0x000002d4   Section        4  __rtentry2.o(.ARM.Collect$$rtentry$$0000000A)
    .ARM.Collect$$rtentry$$0000000C          0x000002d8   Section        0  __rtentry2.o(.ARM.Collect$$rtentry$$0000000C)
    .ARM.Collect$$rtentry$$0000000D          0x000002d8   Section        8  __rtentry2.o(.ARM.Collect$$rtentry$$0000000D)
    .ARM.Collect$$rtexit$$00000000           0x000002e0   Section        2  rtexit.o(.ARM.Collect$$rtexit$$00000000)
    .ARM.Collect$$rtexit$$00000002           0x000002e2   Section        0  rtexit2.o(.ARM.Collect$$rtexit$$00000002)
    .ARM.Collect$$rtexit$$00000003           0x000002e2   Section        4  rtexit2.o(.ARM.Collect$$rtexit$$00000003)
    .ARM.Collect$$rtexit$$00000004           0x000002e6   Section        6  rtexit2.o(.ARM.Collect$$rtexit$$00000004)
    .text                                    0x000002ec   Section       76  startup_mb9bf56x.o(.text)
    $v0                                      0x000002ec   Number         0  startup_mb9bf56x.o(.text)
    .text                                    0x00000338   Section        0  system_mb9abxxx.o(.text)
    .text                                    0x0000050c   Section        0  exint.o(.text)
    NVIC_SetPriority                         0x0000050d   Thumb Code    32  exint.o(.text)
    ExintGetInternDataIdx                    0x0000052d   Thumb Code    38  exint.o(.text)
    NVIC_EnableIRQ                           0x000007a3   Thumb Code    22  exint.o(.text)
    NVIC_DisableIRQ                          0x000007b9   Thumb Code    18  exint.o(.text)
    NVIC_ClearPendingIRQ                     0x000007cb   Thumb Code    18  exint.o(.text)
    .text                                    0x000007fc   Section        0  mfs.o(.text)
    NVIC_SetPriority                         0x000007fd   Thumb Code    32  mfs.o(.text)
    MfsGetInternDataPtr                      0x0000081d   Thumb Code    48  mfs.o(.text)
    NVIC_EnableIRQ                           0x000022af   Thumb Code    22  mfs.o(.text)
    NVIC_DisableIRQ                          0x000022c5   Thumb Code    18  mfs.o(.text)
    NVIC_ClearPendingIRQ                     0x000022d7   Thumb Code    18  mfs.o(.text)
    .text                                    0x000022f0   Section        0  interrupts.o(.text)
    .text                                    0x0000238c   Section        0  main.o(.text)
    __sti___8_main_cpp_tft                   0x00002b2f   Thumb Code    10  main.o(.text)
    .text                                    0x00002bbc   Section        0  wyzbee_spi.o(.text)
    .text                                    0x00002fbc   Section        0  adafruit_ssd1351.o(.text)
    .text                                    0x00003688   Section        0  adafruit_gfx.o(.text)
    .text                                    0x00004250   Section        0  wyzbee_i2c.o(.text)
    WyzBeeI2c_RxIsr                          0x00004251   Thumb Code   366  wyzbee_i2c.o(.text)
    WyzBeeI2c_TxIsr                          0x000043bf   Thumb Code   364  wyzbee_i2c.o(.text)
    WyzBeeI2c_SatusIsr                       0x0000452b   Thumb Code    22  wyzbee_i2c.o(.text)
    WyzBeeI2cWaitTxRxComplete                0x000046b9   Thumb Code    54  wyzbee_i2c.o(.text)
    .text                                    0x00004868   Section        0  noretval__2sprintf.o(.text)
    .text                                    0x00004890   Section        0  __printf.o(.text)
    .text                                    0x000048f8   Section        0  _printf_dec.o(.text)
    .text                                    0x00004970   Section      100  rt_memcpy_w.o(.text)
    .text                                    0x000049d4   Section        0  heapauxi.o(.text)
    .text                                    0x000049dc   Section        0  init_aeabi.o(.text)
    .text                                    0x00004a00   Section        0  _printf_intcommon.o(.text)
    .text                                    0x00004ab4   Section        0  _printf_char_common.o(.text)
    _printf_input_char                       0x00004ab5   Thumb Code    10  _printf_char_common.o(.text)
    .text                                    0x00004ae4   Section        0  _sputc.o(.text)
    .text                                    0x00004aee   Section        0  defsig_pvfn_outer.o(.text)
    .text                                    0x00004afc   Section        0  defsig_exit.o(.text)
    .text                                    0x00004b08   Section        0  defsig_pvfn_inner.o(.text)
    .text                                    0x00004b38   Section        0  sys_exit.o(.text)
    .text                                    0x00004b44   Section       74  sys_stackheap_outer.o(.text)
    .text                                    0x00004b8e   Section        0  exit.o(.text)
    .text                                    0x00004b9a   Section        0  defsig_general.o(.text)
    .text                                    0x00004bcc   Section        0  sys_wrch.o(.text)
    .text                                    0x00004bdc   Section        8  libspace.o(.text)
    .text                                    0x00004be4   Section        2  use_no_semi.o(.text)
    .text                                    0x00004be6   Section        0  indicate_semi.o(.text)
    i._ZN16Adafruit_SSD13518spiwriteEh       0x00004be6   Section        0  adafruit_ssd1351.o(i._ZN16Adafruit_SSD13518spiwriteEh)
    i.__cxa_pure_virtual                     0x00004bfa   Section        0  pure_virt.o(i.__cxa_pure_virtual)
    x$fpl$d2f                                0x00004c00   Section       98  d2f.o(x$fpl$d2f)
    $v0                                      0x00004c00   Number         0  d2f.o(x$fpl$d2f)
    x$fpl$dadd                               0x00004c64   Section      336  daddsub_clz.o(x$fpl$dadd)
    $v0                                      0x00004c64   Number         0  daddsub_clz.o(x$fpl$dadd)
    _dadd1                                   0x00004c75   Thumb Code     0  daddsub_clz.o(x$fpl$dadd)
    x$fpl$dcmpinf                            0x00004db4   Section       24  dcmpi.o(x$fpl$dcmpinf)
    $v0                                      0x00004db4   Number         0  dcmpi.o(x$fpl$dcmpinf)
    x$fpl$ddiv                               0x00004dcc   Section      688  ddiv.o(x$fpl$ddiv)
    $v0                                      0x00004dcc   Number         0  ddiv.o(x$fpl$ddiv)
    ddiv_entry                               0x00004dd3   Thumb Code     0  ddiv.o(x$fpl$ddiv)
    x$fpl$dflt                               0x0000507c   Section       46  dflt_clz.o(x$fpl$dflt)
    $v0                                      0x0000507c   Number         0  dflt_clz.o(x$fpl$dflt)
    x$fpl$dleqf                              0x000050ac   Section      120  dleqf.o(x$fpl$dleqf)
    $v0                                      0x000050ac   Number         0  dleqf.o(x$fpl$dleqf)
    x$fpl$dmul                               0x00005124   Section      340  dmul.o(x$fpl$dmul)
    $v0                                      0x00005124   Number         0  dmul.o(x$fpl$dmul)
    x$fpl$dnaninf                            0x00005278   Section      156  dnaninf.o(x$fpl$dnaninf)
    $v0                                      0x00005278   Number         0  dnaninf.o(x$fpl$dnaninf)
    x$fpl$dretinf                            0x00005314   Section       12  dretinf.o(x$fpl$dretinf)
    $v0                                      0x00005314   Number         0  dretinf.o(x$fpl$dretinf)
    x$fpl$drleqf                             0x00005320   Section      108  drleqf.o(x$fpl$drleqf)
    $v0                                      0x00005320   Number         0  drleqf.o(x$fpl$drleqf)
    x$fpl$dsub                               0x0000538c   Section      468  daddsub_clz.o(x$fpl$dsub)
    $v0                                      0x0000538c   Number         0  daddsub_clz.o(x$fpl$dsub)
    _dsub1                                   0x0000539d   Thumb Code     0  daddsub_clz.o(x$fpl$dsub)
    x$fpl$f2d                                0x00005560   Section       86  f2d.o(x$fpl$f2d)
    $v0                                      0x00005560   Number         0  f2d.o(x$fpl$f2d)
    x$fpl$fnaninf                            0x000055b6   Section      140  fnaninf.o(x$fpl$fnaninf)
    $v0                                      0x000055b6   Number         0  fnaninf.o(x$fpl$fnaninf)
    x$fpl$fpinit                             0x00005642   Section       10  fpinit.o(x$fpl$fpinit)
    $v0                                      0x00005642   Number         0  fpinit.o(x$fpl$fpinit)
    x$fpl$fretinf                            0x0000564c   Section       10  fretinf.o(x$fpl$fretinf)
    $v0                                      0x0000564c   Number         0  fretinf.o(x$fpl$fretinf)
    .constdata                               0x00005656   Section        4  exint.o(.constdata)
    x$fpl$usenofp                            0x00005656   Section        0  usenofp.o(x$fpl$usenofp)
    .constdata                               0x0000565c   Section      128  main.o(.constdata)
    .constdata                               0x000056dc   Section     1275  adafruit_gfx.o(.constdata)
    font                                     0x000056dc   Data        1275  adafruit_gfx.o(.constdata)
    .constdata__ZTV12Adafruit_GFX            0x00005bd8   Section       44  adafruit_gfx.o(.constdata__ZTV12Adafruit_GFX)
    .constdata__ZTV16Adafruit_SSD1351        0x00005c04   Section      108  adafruit_ssd1351.o(.constdata__ZTV16Adafruit_SSD1351)
    .constdata__ZTV16Adafruit_SSD1351        0x00005c70   Section        8  adafruit_ssd1351.o(.constdata__ZTV16Adafruit_SSD1351)
    .init_array                              0x00005c98   Section        4  main.o(.init_array)
    .init_array                              0x00005c9c   Section        0  init_aeabi.o(.init_array)
    .data                                    0x20038000   Section        5  system_mb9abxxx.o(.data)
    u8IoRegisterRead                         0x20038004   Data           1  system_mb9abxxx.o(.data)
    .data                                    0x20038008   Section        4  exint.o(.data)
    .data                                    0x2003800c   Section       40  mfs.o(.data)
    .data                                    0x20038034   Section       28  main.o(.data)
    .data                                    0x20038050   Section       14  wyzbee_i2c.o(.data)
    I2cStatus                                0x20038050   Data           1  wyzbee_i2c.o(.data)
    GlobalBuf                                0x20038054   Data           4  wyzbee_i2c.o(.data)
    GlobalBufLen                             0x20038058   Data           2  wyzbee_i2c.o(.data)
    RxBufIndex                               0x2003805a   Data           2  wyzbee_i2c.o(.data)
    TxBufIndex                               0x2003805c   Data           2  wyzbee_i2c.o(.data)
    .bss                                     0x20038060   Section       12  exint.o(.bss)
    .bss                                     0x2003806c   Section       56  main.o(.bss)
    .bss                                     0x200380a4   Section       96  libspace.o(.bss)
    HEAP                                     0x20038108   Section        0  startup_mb9bf56x.o(HEAP)
    STACK                                    0x20038108   Section      512  startup_mb9bf56x.o(STACK)
    Heap_Mem                                 0x20038108   Data           0  startup_mb9bf56x.o(HEAP)
    Stack_Mem                                0x20038108   Data         512  startup_mb9bf56x.o(STACK)
    __initial_sp                             0x20038308   Data           0  startup_mb9bf56x.o(STACK)

    Global Symbols

    Symbol Name                              Value     Ov Type        Size  Object(Section)

    BuildAttributes$$THM_ISAv4$E$P$D$K$B$S$7EM$VFPi3$EXTD16$VFPS$VFMA$PE$A:L22UL41UL21$X:L11$S22US41US21$IEEE1$IW$USESV6$~STKCKD$USESV7$~SHL$OTIME$ROPI$EBA8$UX$STANDARDLIB$REQ8$PRES8$EABIv2 0x00000000   Number         0  anon$$obj.o ABSOLUTE
    __ARM_use_no_argv                        0x00000000   Number         0  main.o ABSOLUTE
    __Vectors                                0x00000000   Data           4  startup_mb9bf56x.o(RESET)
    __ARM::default_unexpected_handler()       - Undefined Weak Reference
    __ARM_exceptions_buffer_required          - Undefined Weak Reference
    __ARM_exceptions_init                     - Undefined Weak Reference
    __alloca_initialize                       - Undefined Weak Reference
    __arm_preinit_                            - Undefined Weak Reference
    __cxa_finalize                            - Undefined Weak Reference
    __rt_locale                               - Undefined Weak Reference
    __sigvec_lookup                           - Undefined Weak Reference
    __user_heap_extent                        - Undefined Weak Reference
    _atexit_init                              - Undefined Weak Reference
    _call_atexit_fns                          - Undefined Weak Reference
    _clock_init                               - Undefined Weak Reference
    _fp_trap_init                             - Undefined Weak Reference
    _fp_trap_shutdown                         - Undefined Weak Reference
    _get_lc_collate                           - Undefined Weak Reference
    _get_lc_ctype                             - Undefined Weak Reference
    _get_lc_monetary                          - Undefined Weak Reference
    _get_lc_numeric                           - Undefined Weak Reference
    _get_lc_time                              - Undefined Weak Reference
    _getenv_init                              - Undefined Weak Reference
    _handle_redirection                       - Undefined Weak Reference
    _initio                                   - Undefined Weak Reference
    _mutex_acquire                            - Undefined Weak Reference
    _mutex_free                               - Undefined Weak Reference
    _mutex_release                            - Undefined Weak Reference
    _printf_post_padding                      - Undefined Weak Reference
    _printf_pre_padding                       - Undefined Weak Reference
    _printf_truncate_signed                   - Undefined Weak Reference
    _printf_truncate_unsigned                 - Undefined Weak Reference
    _rand_init                                - Undefined Weak Reference
    _signal_finish                            - Undefined Weak Reference
    _signal_init                              - Undefined Weak Reference
    _terminateio                              - Undefined Weak Reference
    __Vectors_End                            0x00000240   Data           0  startup_mb9bf56x.o(RESET)
    __Vectors_Size                           0x00000240   Number         0  startup_mb9bf56x.o ABSOLUTE
    __main                                   0x00000241   Thumb Code     8  __main.o(!!!main)
    __scatterload                            0x00000249   Thumb Code     0  __scatter.o(!!!scatter)
    __scatterload_rt2                        0x00000249   Thumb Code    44  __scatter.o(!!!scatter)
    __scatterload_rt2_thumb_only             0x00000249   Thumb Code     0  __scatter.o(!!!scatter)
    __scatterload_null                       0x00000257   Thumb Code     0  __scatter.o(!!!scatter)
    __scatterload_copy                       0x0000027d   Thumb Code    26  __scatter_copy.o(!!handler_copy)
    __scatterload_zeroinit                   0x00000299   Thumb Code    28  __scatter_zi.o(!!handler_zi)
    _printf_percent                          0x000002b5   Thumb Code     0  _printf_percent.o(.ARM.Collect$$_printf_percent$$00000000)
    _printf_u                                0x000002b5   Thumb Code     0  _printf_u.o(.ARM.Collect$$_printf_percent$$0000000A)
    _printf_percent_end                      0x000002bb   Thumb Code     0  _printf_percent_end.o(.ARM.Collect$$_printf_percent$$00000017)
    __rt_lib_init                            0x000002bf   Thumb Code     0  libinit.o(.ARM.Collect$$libinit$$00000000)
    __rt_lib_init_fp_1                       0x000002c1   Thumb Code     0  libinit2.o(.ARM.Collect$$libinit$$00000001)
    __rt_lib_init_alloca_1                   0x000002c5   Thumb Code     0  libinit2.o(.ARM.Collect$$libinit$$0000002E)
    __rt_lib_init_argv_1                     0x000002c5   Thumb Code     0  libinit2.o(.ARM.Collect$$libinit$$0000002C)
    __rt_lib_init_atexit_1                   0x000002c5   Thumb Code     0  libinit2.o(.ARM.Collect$$libinit$$0000001B)
    __rt_lib_init_clock_1                    0x000002c5   Thumb Code     0  libinit2.o(.ARM.Collect$$libinit$$00000021)
    __rt_lib_init_cpp_2                      0x000002c5   Thumb Code     0  libinit2.o(.ARM.Collect$$libinit$$00000031)
    __rt_lib_init_exceptions_1               0x000002c5   Thumb Code     0  libinit2.o(.ARM.Collect$$libinit$$00000030)
    __rt_lib_init_fp_trap_1                  0x000002c5   Thumb Code     0  libinit2.o(.ARM.Collect$$libinit$$0000001F)
    __rt_lib_init_getenv_1                   0x000002c5   Thumb Code     0  libinit2.o(.ARM.Collect$$libinit$$00000023)
    __rt_lib_init_heap_1                     0x000002c5   Thumb Code     0  libinit2.o(.ARM.Collect$$libinit$$0000000A)
    __rt_lib_init_lc_collate_1               0x000002c5   Thumb Code     0  libinit2.o(.ARM.Collect$$libinit$$00000011)
    __rt_lib_init_lc_ctype_1                 0x000002c5   Thumb Code     0  libinit2.o(.ARM.Collect$$libinit$$00000013)
    __rt_lib_init_lc_monetary_1              0x000002c5   Thumb Code     0  libinit2.o(.ARM.Collect$$libinit$$00000015)
    __rt_lib_init_lc_numeric_1               0x000002c5   Thumb Code     0  libinit2.o(.ARM.Collect$$libinit$$00000017)
    __rt_lib_init_lc_time_1                  0x000002c5   Thumb Code     0  libinit2.o(.ARM.Collect$$libinit$$00000019)
    __rt_lib_init_preinit_1                  0x000002c5   Thumb Code     0  libinit2.o(.ARM.Collect$$libinit$$00000004)
    __rt_lib_init_rand_1                     0x000002c5   Thumb Code     0  libinit2.o(.ARM.Collect$$libinit$$0000000E)
    __rt_lib_init_signal_1                   0x000002c5   Thumb Code     0  libinit2.o(.ARM.Collect$$libinit$$0000001D)
    __rt_lib_init_stdio_1                    0x000002c5   Thumb Code     0  libinit2.o(.ARM.Collect$$libinit$$00000025)
    __rt_lib_init_user_alloc_1               0x000002c5   Thumb Code     0  libinit2.o(.ARM.Collect$$libinit$$0000000C)
    __rt_lib_init_cpp_1                      0x000002c9   Thumb Code     0  libinit2.o(.ARM.Collect$$libinit$$00000032)
    __rt_lib_init_return                     0x000002c9   Thumb Code     0  libinit2.o(.ARM.Collect$$libinit$$00000033)
    __rt_lib_shutdown                        0x000002cb   Thumb Code     0  libshutdown.o(.ARM.Collect$$libshutdown$$00000000)
    __rt_lib_shutdown_fp_trap_1              0x000002cd   Thumb Code     0  libshutdown2.o(.ARM.Collect$$libshutdown$$00000006)
    __rt_lib_shutdown_heap_1                 0x000002cd   Thumb Code     0  libshutdown2.o(.ARM.Collect$$libshutdown$$0000000E)
    __rt_lib_shutdown_return                 0x000002cd   Thumb Code     0  libshutdown2.o(.ARM.Collect$$libshutdown$$0000000F)
    __rt_lib_shutdown_signal_1               0x000002cd   Thumb Code     0  libshutdown2.o(.ARM.Collect$$libshutdown$$00000009)
    __rt_lib_shutdown_stdio_1                0x000002cd   Thumb Code     0  libshutdown2.o(.ARM.Collect$$libshutdown$$00000003)
    __rt_lib_shutdown_user_alloc_1           0x000002cd   Thumb Code     0  libshutdown2.o(.ARM.Collect$$libshutdown$$0000000B)
    __rt_entry                               0x000002cf   Thumb Code     0  __rtentry.o(.ARM.Collect$$rtentry$$00000000)
    __rt_entry_presh_1                       0x000002cf   Thumb Code     0  __rtentry2.o(.ARM.Collect$$rtentry$$00000002)
    __rt_entry_sh                            0x000002cf   Thumb Code     0  __rtentry4.o(.ARM.Collect$$rtentry$$00000004)
    __rt_entry_li                            0x000002d5   Thumb Code     0  __rtentry2.o(.ARM.Collect$$rtentry$$0000000A)
    __rt_entry_postsh_1                      0x000002d5   Thumb Code     0  __rtentry2.o(.ARM.Collect$$rtentry$$00000009)
    __rt_entry_main                          0x000002d9   Thumb Code     0  __rtentry2.o(.ARM.Collect$$rtentry$$0000000D)
    __rt_entry_postli_1                      0x000002d9   Thumb Code     0  __rtentry2.o(.ARM.Collect$$rtentry$$0000000C)
    __rt_exit                                0x000002e1   Thumb Code     0  rtexit.o(.ARM.Collect$$rtexit$$00000000)
    __rt_exit_ls                             0x000002e3   Thumb Code     0  rtexit2.o(.ARM.Collect$$rtexit$$00000003)
    __rt_exit_prels_1                        0x000002e3   Thumb Code     0  rtexit2.o(.ARM.Collect$$rtexit$$00000002)
    __rt_exit_exit                           0x000002e7   Thumb Code     0  rtexit2.o(.ARM.Collect$$rtexit$$00000004)
    Reset_Handler                            0x000002ed   Thumb Code    20  startup_mb9bf56x.o(.text)
    NMI_Handler                              0x00000301   Thumb Code     2  startup_mb9bf56x.o(.text)
    HardFault_Handler                        0x00000303   Thumb Code     2  startup_mb9bf56x.o(.text)
    MemManage_Handler                        0x00000305   Thumb Code     2  startup_mb9bf56x.o(.text)
    BusFault_Handler                         0x00000307   Thumb Code     2  startup_mb9bf56x.o(.text)
    UsageFault_Handler                       0x00000309   Thumb Code     2  startup_mb9bf56x.o(.text)
    SVC_Handler                              0x0000030b   Thumb Code     2  startup_mb9bf56x.o(.text)
    DebugMon_Handler                         0x0000030d   Thumb Code     2  startup_mb9bf56x.o(.text)
    PendSV_Handler                           0x0000030f   Thumb Code     2  startup_mb9bf56x.o(.text)
    SysTick_Handler                          0x00000311   Thumb Code     2  startup_mb9bf56x.o(.text)
    ADC0_IRQHandler                          0x00000313   Thumb Code     0  startup_mb9bf56x.o(.text)
    ADC1_IRQHandler                          0x00000313   Thumb Code     0  startup_mb9bf56x.o(.text)
    ADC2_IRQHandler                          0x00000313   Thumb Code     0  startup_mb9bf56x.o(.text)
    BT0_IRQHandler                           0x00000313   Thumb Code     0  startup_mb9bf56x.o(.text)
    BT10_IRQHandler                          0x00000313   Thumb Code     0  startup_mb9bf56x.o(.text)
    BT11_IRQHandler                          0x00000313   Thumb Code     0  startup_mb9bf56x.o(.text)
    BT12_15_IRQHandler                       0x00000313   Thumb Code     0  startup_mb9bf56x.o(.text)
    BT1_IRQHandler                           0x00000313   Thumb Code     0  startup_mb9bf56x.o(.text)
    BT2_IRQHandler                           0x00000313   Thumb Code     0  startup_mb9bf56x.o(.text)
    BT3_IRQHandler                           0x00000313   Thumb Code     0  startup_mb9bf56x.o(.text)
    BT4_IRQHandler                           0x00000313   Thumb Code     0  startup_mb9bf56x.o(.text)
    BT5_IRQHandler                           0x00000313   Thumb Code     0  startup_mb9bf56x.o(.text)
    BT6_IRQHandler                           0x00000313   Thumb Code     0  startup_mb9bf56x.o(.text)
    BT7_IRQHandler                           0x00000313   Thumb Code     0  startup_mb9bf56x.o(.text)
    BT8_IRQHandler                           0x00000313   Thumb Code     0  startup_mb9bf56x.o(.text)
    BT9_IRQHandler                           0x00000313   Thumb Code     0  startup_mb9bf56x.o(.text)
    CAN0_IRQHandler                          0x00000313   Thumb Code     0  startup_mb9bf56x.o(.text)
    CAN1_IRQHandler                          0x00000313   Thumb Code     0  startup_mb9bf56x.o(.text)
    CSV_IRQHandler                           0x00000313   Thumb Code     0  startup_mb9bf56x.o(.text)
    DMAC0_IRQHandler                         0x00000313   Thumb Code     0  startup_mb9bf56x.o(.text)
    DMAC1_IRQHandler                         0x00000313   Thumb Code     0  startup_mb9bf56x.o(.text)
    DMAC2_IRQHandler                         0x00000313   Thumb Code     0  startup_mb9bf56x.o(.text)
    DMAC3_IRQHandler                         0x00000313   Thumb Code     0  startup_mb9bf56x.o(.text)
    DMAC4_IRQHandler                         0x00000313   Thumb Code     0  startup_mb9bf56x.o(.text)
    DMAC5_IRQHandler                         0x00000313   Thumb Code     0  startup_mb9bf56x.o(.text)
    DMAC6_IRQHandler                         0x00000313   Thumb Code     0  startup_mb9bf56x.o(.text)
    DMAC7_IRQHandler                         0x00000313   Thumb Code     0  startup_mb9bf56x.o(.text)
    DSTC_IRQHandler                          0x00000313   Thumb Code     0  startup_mb9bf56x.o(.text)
    DT1_2_IRAHandler                         0x00000313   Thumb Code     0  startup_mb9bf56x.o(.text)
    Dummy                                    0x00000313   Thumb Code     0  startup_mb9bf56x.o(.text)
    ETHER0_IRQHandler                        0x00000313   Thumb Code     0  startup_mb9bf56x.o(.text)
    EXINT0_IRQHandler                        0x00000313   Thumb Code     0  startup_mb9bf56x.o(.text)
    EXINT16_17_18_19_IRQHandler              0x00000313   Thumb Code     0  startup_mb9bf56x.o(.text)
    EXINT1_IRQHandler                        0x00000313   Thumb Code     0  startup_mb9bf56x.o(.text)
    EXINT20_21_22_23_IRQHandler              0x00000313   Thumb Code     0  startup_mb9bf56x.o(.text)
    EXINT24_25_26_27_IRQHandler              0x00000313   Thumb Code     0  startup_mb9bf56x.o(.text)
    EXINT28_29_30_31_IRQHandler              0x00000313   Thumb Code     0  startup_mb9bf56x.o(.text)
    EXINT2_IRQHandler                        0x00000313   Thumb Code     0  startup_mb9bf56x.o(.text)
    EXINT3_IRQHandler                        0x00000313   Thumb Code     0  startup_mb9bf56x.o(.text)
    EXINT4_IRQHandler                        0x00000313   Thumb Code     0  startup_mb9bf56x.o(.text)
    EXINT5_IRQHandler                        0x00000313   Thumb Code     0  startup_mb9bf56x.o(.text)
    EXINT6_IRQHandler                        0x00000313   Thumb Code     0  startup_mb9bf56x.o(.text)
    EXINT7_IRQHandler                        0x00000313   Thumb Code     0  startup_mb9bf56x.o(.text)
    EXTBUS_ERR_Handler                       0x00000313   Thumb Code     0  startup_mb9bf56x.o(.text)
    EXTINT10_IRQHandler                      0x00000313   Thumb Code     0  startup_mb9bf56x.o(.text)
    EXTINT11_IRQHandler                      0x00000313   Thumb Code     0  startup_mb9bf56x.o(.text)
    EXTINT12_IRQHandler                      0x00000313   Thumb Code     0  startup_mb9bf56x.o(.text)
    EXTINT13_IRQHandler                      0x00000313   Thumb Code     0  startup_mb9bf56x.o(.text)
    EXTINT14_IRQHandler                      0x00000313   Thumb Code     0  startup_mb9bf56x.o(.text)
    EXTINT15_IRQHandler                      0x00000313   Thumb Code     0  startup_mb9bf56x.o(.text)
    EXTINT8_IRQHandler                       0x00000313   Thumb Code     0  startup_mb9bf56x.o(.text)
    EXTINT9_IRQHandler                       0x00000313   Thumb Code     0  startup_mb9bf56x.o(.text)
    FLASHIF_IRQHandler                       0x00000313   Thumb Code     0  startup_mb9bf56x.o(.text)
    FRT0_PEAK_IRQHandler                     0x00000313   Thumb Code     0  startup_mb9bf56x.o(.text)
    FRT0_ZERO_IRQHandler                     0x00000313   Thumb Code     0  startup_mb9bf56x.o(.text)
    FRT1_PEAK_IRQHandler                     0x00000313   Thumb Code     0  startup_mb9bf56x.o(.text)
    FRT1_ZERO_IRQHandler                     0x00000313   Thumb Code     0  startup_mb9bf56x.o(.text)
    FRT2_PEAK_IRQHandler                     0x00000313   Thumb Code     0  startup_mb9bf56x.o(.text)
    FRT2_ZERO_IRQHandler                     0x00000313   Thumb Code     0  startup_mb9bf56x.o(.text)
    ICU0_IRQHandler                          0x00000313   Thumb Code     0  startup_mb9bf56x.o(.text)
    ICU1_IRQHandler                          0x00000313   Thumb Code     0  startup_mb9bf56x.o(.text)
    ICU2_IRQHandler                          0x00000313   Thumb Code     0  startup_mb9bf56x.o(.text)
    IRQ003SEL_IRQHandler                     0x00000313   Thumb Code     0  startup_mb9bf56x.o(.text)
    IRQ004SEL_IRQHandler                     0x00000313   Thumb Code     0  startup_mb9bf56x.o(.text)
    IRQ005SEL_IRQHandler                     0x00000313   Thumb Code     0  startup_mb9bf56x.o(.text)
    IRQ006SEL_IRQHandler                     0x00000313   Thumb Code     0  startup_mb9bf56x.o(.text)
    IRQ007SEL_IRQHandler                     0x00000313   Thumb Code     0  startup_mb9bf56x.o(.text)
    IRQ008SEL_IRQHandler                     0x00000313   Thumb Code     0  startup_mb9bf56x.o(.text)
    IRQ009SEL_IRQHandler                     0x00000313   Thumb Code     0  startup_mb9bf56x.o(.text)
    IRQ010SEL_IRQHandler                     0x00000313   Thumb Code     0  startup_mb9bf56x.o(.text)
    LVD_IRQHandler                           0x00000313   Thumb Code     0  startup_mb9bf56x.o(.text)
    MFS0_RX_IRQHandler                       0x00000313   Thumb Code     0  startup_mb9bf56x.o(.text)
    MFS0_TX_IRQHandler                       0x00000313   Thumb Code     0  startup_mb9bf56x.o(.text)
    MFS10_RX_IRQHandler                      0x00000313   Thumb Code     0  startup_mb9bf56x.o(.text)
    MFS10_TX_IRQHandler                      0x00000313   Thumb Code     0  startup_mb9bf56x.o(.text)
    MFS11_RX_IRQHandler                      0x00000313   Thumb Code     0  startup_mb9bf56x.o(.text)
    MFS11_TX_IRQHandler                      0x00000313   Thumb Code     0  startup_mb9bf56x.o(.text)
    MFS12_RX_IRQHandler                      0x00000313   Thumb Code     0  startup_mb9bf56x.o(.text)
    MFS12_TX_IRQHandler                      0x00000313   Thumb Code     0  startup_mb9bf56x.o(.text)
    MFS13_RX_IRQHandler                      0x00000313   Thumb Code     0  startup_mb9bf56x.o(.text)
    MFS13_TX_IRQHandler                      0x00000313   Thumb Code     0  startup_mb9bf56x.o(.text)
    MFS14_RX_IRQHandler                      0x00000313   Thumb Code     0  startup_mb9bf56x.o(.text)
    MFS14_TX_IRQHandler                      0x00000313   Thumb Code     0  startup_mb9bf56x.o(.text)
    MFS15_RX_IRQHandler                      0x00000313   Thumb Code     0  startup_mb9bf56x.o(.text)
    MFS15_TX_IRQHandler                      0x00000313   Thumb Code     0  startup_mb9bf56x.o(.text)
    MFS1_RX_IRQHandler                       0x00000313   Thumb Code     0  startup_mb9bf56x.o(.text)
    MFS1_TX_IRQHandler                       0x00000313   Thumb Code     0  startup_mb9bf56x.o(.text)
    MFS2_RX_IRQHandler                       0x00000313   Thumb Code     0  startup_mb9bf56x.o(.text)
    MFS2_TX_IRQHandler                       0x00000313   Thumb Code     0  startup_mb9bf56x.o(.text)
    MFS3_RX_IRQHandler                       0x00000313   Thumb Code     0  startup_mb9bf56x.o(.text)
    MFS3_TX_IRQHandler                       0x00000313   Thumb Code     0  startup_mb9bf56x.o(.text)
    MFS4_RX_IRQHandler                       0x00000313   Thumb Code     0  startup_mb9bf56x.o(.text)
    MFS4_TX_IRQHandler                       0x00000313   Thumb Code     0  startup_mb9bf56x.o(.text)
    MFS5_RX_IRQHandler                       0x00000313   Thumb Code     0  startup_mb9bf56x.o(.text)
    MFS5_TX_IRQHandler                       0x00000313   Thumb Code     0  startup_mb9bf56x.o(.text)
    MFS6_RX_IRQHandler                       0x00000313   Thumb Code     0  startup_mb9bf56x.o(.text)
    MFS6_TX_IRQHandler                       0x00000313   Thumb Code     0  startup_mb9bf56x.o(.text)
    MFS8_RX_IRQHandler                       0x00000313   Thumb Code     0  startup_mb9bf56x.o(.text)
    MFS8_TX_IRQHandler                       0x00000313   Thumb Code     0  startup_mb9bf56x.o(.text)
    MFS9_RX_IRQHandler                       0x00000313   Thumb Code     0  startup_mb9bf56x.o(.text)
    MFS9_TX_IRQHandler                       0x00000313   Thumb Code     0  startup_mb9bf56x.o(.text)
    OCU0_IRQHandler                          0x00000313   Thumb Code     0  startup_mb9bf56x.o(.text)
    OCU1_IRQHandler                          0x00000313   Thumb Code     0  startup_mb9bf56x.o(.text)
    OCU2_IRQHandler                          0x00000313   Thumb Code     0  startup_mb9bf56x.o(.text)
    PPG00_02_04_IRQHandler                   0x00000313   Thumb Code     0  startup_mb9bf56x.o(.text)
    PPG08_10_12_IRQHandler                   0x00000313   Thumb Code     0  startup_mb9bf56x.o(.text)
    PPG16_18_20_IRQHandler                   0x00000313   Thumb Code     0  startup_mb9bf56x.o(.text)
    QPRC0_IRQHandler                         0x00000313   Thumb Code     0  startup_mb9bf56x.o(.text)
    QPRC1_IRQHandler                         0x00000313   Thumb Code     0  startup_mb9bf56x.o(.text)
    QPRC2_IRQHandler                         0x00000313   Thumb Code     0  startup_mb9bf56x.o(.text)
    QPRC3_IRQHandler                         0x00000313   Thumb Code     0  startup_mb9bf56x.o(.text)
    RTC_IRQHandler                           0x00000313   Thumb Code     0  startup_mb9bf56x.o(.text)
    SD_IRQHandler                            0x00000313   Thumb Code     0  startup_mb9bf56x.o(.text)
    SWDT_IRQHandler                          0x00000313   Thumb Code     0  startup_mb9bf56x.o(.text)
    TIM_IRQHandler                           0x00000313   Thumb Code     0  startup_mb9bf56x.o(.text)
    USB0_HOST_IRQHandler                     0x00000313   Thumb Code     0  startup_mb9bf56x.o(.text)
    USB0_IRQHandler                          0x00000313   Thumb Code     0  startup_mb9bf56x.o(.text)
    USB1_HOST_IRQHandler                     0x00000313   Thumb Code     0  startup_mb9bf56x.o(.text)
    USB1_IRQHandler                          0x00000313   Thumb Code     0  startup_mb9bf56x.o(.text)
    WC_IRQHandler                            0x00000313   Thumb Code     0  startup_mb9bf56x.o(.text)
    WFG0_DTIF0_IRQHandler                    0x00000313   Thumb Code     0  startup_mb9bf56x.o(.text)
    WFG1_DTIF1_IRQHandler                    0x00000313   Thumb Code     0  startup_mb9bf56x.o(.text)
    WFG2_DTIF2_IRQHandler                    0x00000313   Thumb Code     0  startup_mb9bf56x.o(.text)
    __user_initial_stackheap                 0x00000315   Thumb Code     0  startup_mb9bf56x.o(.text)
    SystemCoreClockUpdate                    0x00000339   Thumb Code   178  system_mb9abxxx.o(.text)
    SystemInit                               0x000003eb   Thumb Code   240  system_mb9abxxx.o(.text)
    Exint_IrqHandler                         0x00000553   Thumb Code    44  exint.o(.text)
    ExintNMIrqHandler                        0x0000057f   Thumb Code    32  exint.o(.text)
    Exint_Init                               0x0000059f   Thumb Code   288  exint.o(.text)
    Exint_DeInit                             0x000006bf   Thumb Code    54  exint.o(.text)
    Exint_EnableChannel                      0x000006f5   Thumb Code    42  exint.o(.text)
    Exint_DisableChannel                     0x0000071f   Thumb Code    28  exint.o(.text)
    Exint_Nmi_Init                           0x0000073b   Thumb Code    52  exint.o(.text)
    Exint_Nmi_DeInit                         0x0000076f   Thumb Code    52  exint.o(.text)
    Mfs_InitTxIrq                            0x0000084d   Thumb Code    60  mfs.o(.text)
    Mfs_InitRxIrq                            0x00000889   Thumb Code    60  mfs.o(.text)
    Mfs_DeInitIrq                            0x000008c5   Thumb Code   100  mfs.o(.text)
    MfsIrqHandlerRx                          0x00000929   Thumb Code    24  mfs.o(.text)
    MfsIrqHandlerTx                          0x00000941   Thumb Code    24  mfs.o(.text)
    MfsIrqHandlerStatus                      0x00000959   Thumb Code    24  mfs.o(.text)
    Mfs_GetBusClock                          0x00000971   Thumb Code   194  mfs.o(.text)
    Mfs_GetReloadValue                       0x00000a33   Thumb Code    26  mfs.o(.text)
    Mfs_Uart_SetBaudRate                     0x00000a4d   Thumb Code    50  mfs.o(.text)
    Mfs_Uart_Init                            0x00000a7f   Thumb Code   548  mfs.o(.text)
    Mfs_Uart_DeInit                          0x00000ca3   Thumb Code    96  mfs.o(.text)
    Mfs_Csio_SetBaudRate                     0x00000d03   Thumb Code    50  mfs.o(.text)
    Mfs_Csio_Init                            0x00000d35   Thumb Code   712  mfs.o(.text)
    Mfs_Csio_DeInit                          0x00000ffd   Thumb Code    94  mfs.o(.text)
    Mfs_Csio_SetSckOutEnable                 0x0000105b   Thumb Code    46  mfs.o(.text)
    Mfs_Csio_ReadData32                      0x00001089   Thumb Code    22  mfs.o(.text)
    Mfs_Csio_WriteData32                     0x0000109f   Thumb Code    26  mfs.o(.text)
    Mfs_Csio_SetChipSelectErrEnable          0x000010b9   Thumb Code    48  mfs.o(.text)
    Mfs_Csio_SetChipSelectErrIntEnable       0x000010e9   Thumb Code    48  mfs.o(.text)
    Mfs_Csio_GetStatus                       0x00001119   Thumb Code    28  mfs.o(.text)
    Mfs_Csio_ClrChipSelectErr                0x00001135   Thumb Code    30  mfs.o(.text)
    Mfs_Csio_ClrTimerIntReq                  0x00001153   Thumb Code    30  mfs.o(.text)
    Mfs_Csio_SetSerialTimerIntEnable         0x00001171   Thumb Code    46  mfs.o(.text)
    Mfs_Csio_SetSyncTransEnable              0x0000119f   Thumb Code    46  mfs.o(.text)
    Mfs_Csio_SetTimerPrescale                0x000011cd   Thumb Code    32  mfs.o(.text)
    Mfs_Csio_SetSerialTimerEnable            0x000011ed   Thumb Code    46  mfs.o(.text)
    Mfs_Csio_GetSerialTimer                  0x0000121b   Thumb Code    22  mfs.o(.text)
    Mfs_Csio_SetCmpVal4SerialTimer           0x00001231   Thumb Code    26  mfs.o(.text)
    Mfs_Csio_SetCsHold                       0x0000124b   Thumb Code    48  mfs.o(.text)
    Mfs_Csio_SetCsTimingPrescale             0x0000127b   Thumb Code    32  mfs.o(.text)
    Mfs_Csio_SetCsInActiveLevel              0x0000129b   Thumb Code    46  mfs.o(.text)
    Mfs_Csio_SetChipSelectEnable             0x000012c9   Thumb Code    46  mfs.o(.text)
    Mfs_Csio_SetChipSelectOutEnable          0x000012f7   Thumb Code    46  mfs.o(.text)
    Mfs_Csio_SetCsTimingConfig               0x00001325   Thumb Code    38  mfs.o(.text)
    Mfs_Csio_SetTxLength                     0x0000134b   Thumb Code    28  mfs.o(.text)
    Mfs_I2c_GetReloadValue                   0x00001367   Thumb Code    26  mfs.o(.text)
    Mfs_I2c_SetBaudRate                      0x00001381   Thumb Code    46  mfs.o(.text)
    Mfs_I2c_Init                             0x000013af   Thumb Code   458  mfs.o(.text)
    Mfs_I2c_DeInit                           0x00001579   Thumb Code    76  mfs.o(.text)
    Mfs_I2c_SetTxIntEnable                   0x000015c5   Thumb Code    46  mfs.o(.text)
    Mfs_I2c_SetRxIntEnable                   0x000015f3   Thumb Code    46  mfs.o(.text)
    Mfs_I2c_SetAckEnable                     0x00001621   Thumb Code    46  mfs.o(.text)
    Mfs_I2c_SetWaitSelect                    0x0000164f   Thumb Code    48  mfs.o(.text)
    Mfs_I2c_SetCondDetIntEnable              0x0000167f   Thumb Code    46  mfs.o(.text)
    Mfs_I2c_SetIntEnable                     0x000016ad   Thumb Code    46  mfs.o(.text)
    Mfs_I2c_GetBusErrStatus                  0x000016db   Thumb Code    28  mfs.o(.text)
    Mfs_I2c_GetIntStatus                     0x000016f7   Thumb Code    28  mfs.o(.text)
    Mfs_I2c_ClearIntStatus                   0x00001713   Thumb Code    30  mfs.o(.text)
    Mfs_I2c_SetTransmitEmpty                 0x00001731   Thumb Code    30  mfs.o(.text)
    Mfs_I2c_SetDmaModeEnable                 0x0000174f   Thumb Code    46  mfs.o(.text)
    Mfs_I2c_SetNoizeFilter                   0x0000177d   Thumb Code    30  mfs.o(.text)
    Mfs_I2c_SetSdaOutLevel                   0x0000179b   Thumb Code    46  mfs.o(.text)
    Mfs_I2c_SetSclOutLevel                   0x000017c9   Thumb Code    46  mfs.o(.text)
    Mfs_I2c_SetSerlalOutEnable               0x000017f7   Thumb Code    58  mfs.o(.text)
    Mfs_I2c_SetBusErrorControlEnable         0x00001831   Thumb Code    46  mfs.o(.text)
    Mfs_I2c_SetI2cEnable                     0x0000185f   Thumb Code    78  mfs.o(.text)
    Mfs_I2c_SetSlvAddrEnable                 0x000018ad   Thumb Code    78  mfs.o(.text)
    Mfs_Lin_SetBaudRate                      0x000018fb   Thumb Code    16  mfs.o(.text)
    Mfs_Lin_Init                             0x0000190b   Thumb Code   464  mfs.o(.text)
    Mfs_Lin_DeInit                           0x00001adb   Thumb Code    16  mfs.o(.text)
    Mfs_Lin_SetBreak                         0x00001aeb   Thumb Code    32  mfs.o(.text)
    Mfs_Lin_ClearBreakDetFlag                0x00001b0b   Thumb Code    30  mfs.o(.text)
    Mfs_Lin_SetBreakDetIntEnable             0x00001b29   Thumb Code    46  mfs.o(.text)
    Mfs_Lin_SetBreakConfig                   0x00001b57   Thumb Code   190  mfs.o(.text)
    Mfs_SetSerialOutputEnable                0x00001c15   Thumb Code    46  mfs.o(.text)
    Mfs_SetWakeUpControlEnable               0x00001c43   Thumb Code    46  mfs.o(.text)
    Mfs_SoftwareReset                        0x00001c71   Thumb Code    32  mfs.o(.text)
    Mfs_SetRxIntEnable                       0x00001c91   Thumb Code    46  mfs.o(.text)
    Mfs_SetTxIntEnable                       0x00001cbf   Thumb Code    46  mfs.o(.text)
    Mfs_SetTxBusIdleIntEnable                0x00001ced   Thumb Code    46  mfs.o(.text)
    Mfs_SetTxFifoIntEnable                   0x00001d1b   Thumb Code    46  mfs.o(.text)
    Mfs_SetRxEnable                          0x00001d49   Thumb Code    46  mfs.o(.text)
    Mfs_SetTxEnable                          0x00001d77   Thumb Code    46  mfs.o(.text)
    Mfs_GetStatus                            0x00001da5   Thumb Code    28  mfs.o(.text)
    Mfs_ErrorClear                           0x00001dc1   Thumb Code    32  mfs.o(.text)
    Mfs_ReadData                             0x00001de1   Thumb Code    22  mfs.o(.text)
    Mfs_WriteData                            0x00001df7   Thumb Code    26  mfs.o(.text)
    Mfs_ConfigFifo                           0x00001e11   Thumb Code    74  mfs.o(.text)
    Mfs_GetTxFifoReqStatus                   0x00001e5b   Thumb Code    28  mfs.o(.text)
    Mfs_ClrTxFifoReqStatus                   0x00001e77   Thumb Code    30  mfs.o(.text)
    Mfs_ResetFifo                            0x00001e95   Thumb Code    62  mfs.o(.text)
    Mfs_SetFifoEnable                        0x00001ed3   Thumb Code    92  mfs.o(.text)
    Mfs_GetFifoBytes                         0x00001f2f   Thumb Code    44  mfs.o(.text)
    Mfs_SetSMR                               0x00001f5b   Thumb Code    26  mfs.o(.text)
    Mfs_GetSMR                               0x00001f75   Thumb Code    22  mfs.o(.text)
    Mfs_SetSCR                               0x00001f8b   Thumb Code    26  mfs.o(.text)
    Mfs_GetSCR                               0x00001fa5   Thumb Code    22  mfs.o(.text)
    Mfs_SetESCR                              0x00001fbb   Thumb Code    26  mfs.o(.text)
    Mfs_GetESCR                              0x00001fd5   Thumb Code    22  mfs.o(.text)
    Mfs_SetBGR                               0x00001feb   Thumb Code    26  mfs.o(.text)
    Mfs_GetBGR                               0x00002005   Thumb Code    22  mfs.o(.text)
    Mfs_SetFCR1                              0x0000201b   Thumb Code    26  mfs.o(.text)
    Mfs_GetFCR1                              0x00002035   Thumb Code    22  mfs.o(.text)
    Mfs_SetFCR0                              0x0000204b   Thumb Code    26  mfs.o(.text)
    Mfs_GetFCR0                              0x00002065   Thumb Code    22  mfs.o(.text)
    Mfs_SetSCSTR10                           0x0000207b   Thumb Code    26  mfs.o(.text)
    Mfs_GetSCSTR10                           0x00002095   Thumb Code    22  mfs.o(.text)
    Mfs_SetSCSTR32                           0x000020ab   Thumb Code    26  mfs.o(.text)
    Mfs_GetSCSTR32                           0x000020c5   Thumb Code    22  mfs.o(.text)
    Mfs_SetSACSR                             0x000020db   Thumb Code    26  mfs.o(.text)
    Mfs_GetSACSR                             0x000020f5   Thumb Code    22  mfs.o(.text)
    Mfs_GetSTMCR                             0x0000210b   Thumb Code    22  mfs.o(.text)
    Mfs_SetSCSCR                             0x00002121   Thumb Code    26  mfs.o(.text)
    Mfs_GetSCSCR                             0x0000213b   Thumb Code    22  mfs.o(.text)
    Mfs_SetTBYTE0                            0x00002151   Thumb Code    28  mfs.o(.text)
    Mfs_GetTBYTE0                            0x0000216d   Thumb Code    24  mfs.o(.text)
    Mfs_SetISBA                              0x00002185   Thumb Code    26  mfs.o(.text)
    Mfs_GetISBA                              0x0000219f   Thumb Code    22  mfs.o(.text)
    Mfs_SetISMK                              0x000021b5   Thumb Code    26  mfs.o(.text)
    Mfs_GetISMK                              0x000021cf   Thumb Code    22  mfs.o(.text)
    Mfs_GetNFCR                              0x000021e5   Thumb Code    22  mfs.o(.text)
    Mfs_SetEIBCR                             0x000021fb   Thumb Code    30  mfs.o(.text)
    Mfs_GetEIBCR                             0x00002219   Thumb Code    22  mfs.o(.text)
    Mfs_SetTxIntCallBack                     0x0000222f   Thumb Code    32  mfs.o(.text)
    Mfs_SetRxIntCallBack                     0x0000224f   Thumb Code    32  mfs.o(.text)
    Mfs_SetStsIntCallBack                    0x0000226f   Thumb Code    32  mfs.o(.text)
    Mfs_SetUpperLayerHandle                  0x0000228f   Thumb Code    32  mfs.o(.text)
    IRQ018_Handler                           0x000022f1   Thumb Code    10  interrupts.o(.text)
    IRQ054_Handler                           0x000022fb   Thumb Code    10  interrupts.o(.text)
    IRQ057_Handler                           0x00002305   Thumb Code    10  interrupts.o(.text)
    IRQ068_Handler                           0x0000230f   Thumb Code    12  interrupts.o(.text)
    IRQ069_Handler                           0x0000231b   Thumb Code    38  interrupts.o(.text)
    MFS7_RX_IRQHandler                       0x00002341   Thumb Code    14  interrupts.o(.text)
    MFS7_TX_IRQHandler                       0x0000234f   Thumb Code    44  interrupts.o(.text)
    printString(unsigned short, unsigned short, char*) 0x0000238d   Thumb Code    44  main.o(.text)
    main                                     0x000023b9   Thumb Code  1910  main.o(.text)
    WyzBeeSpi_RxEnable                       0x00002bbd   Thumb Code    26  wyzbee_spi.o(.text)
    WyzBeeSpi_TxEnable                       0x00002bd7   Thumb Code    26  wyzbee_spi.o(.text)
    WyzBeeSpi_Init                           0x00002bf1   Thumb Code   242  wyzbee_spi.o(.text)
    WyzBeeSpi_CsDisable                      0x00002ce3   Thumb Code    16  wyzbee_spi.o(.text)
    WyzBeeSpi_Write                          0x00002cf3   Thumb Code    32  wyzbee_spi.o(.text)
    WyzBeeSpi_CsEnable                       0x00002d13   Thumb Code    14  wyzbee_spi.o(.text)
    WyzBeeSpi_SyncSend                       0x00002d21   Thumb Code    84  wyzbee_spi.o(.text)
    WyzBeeSpi_Read                           0x00002d75   Thumb Code    18  wyzbee_spi.o(.text)
    WyzBeeSpi_SyncSendRecv                   0x00002d87   Thumb Code   208  wyzbee_spi.o(.text)
    WyzBeeSpi_SyncRecv                       0x00002e57   Thumb Code   132  wyzbee_spi.o(.text)
    WyzBeeSpi_DeInit                         0x00002edb   Thumb Code    50  wyzbee_spi.o(.text)
    WyzBeeSpi_TxIntrEnable                   0x00002f0d   Thumb Code    26  wyzbee_spi.o(.text)
    WyzBeeSpi_TxIntrDisable                  0x00002f27   Thumb Code    26  wyzbee_spi.o(.text)
    WyzBeeSpi_RxIntrEnable                   0x00002f41   Thumb Code    26  wyzbee_spi.o(.text)
    WyzBeeSpi_RxIntrDisable                  0x00002f5b   Thumb Code    26  wyzbee_spi.o(.text)
    WyzBeeSpi_RxDisable                      0x00002f75   Thumb Code    26  wyzbee_spi.o(.text)
    WyzBeeSpi_TxDisable                      0x00002f8f   Thumb Code    46  wyzbee_spi.o(.text)
    delayMicroseconds(unsigned)              0x00002fbd   Thumb Code    16  adafruit_ssd1351.o(.text)
    delay(unsigned)                          0x00002fcd   Thumb Code    16  adafruit_ssd1351.o(.text)
    Adafruit_SSD1351::Adafruit_SSD1351__sub_object() 0x00002fdd   Thumb Code    58  adafruit_ssd1351.o(.text)
    Adafruit_SSD1351::Adafruit_SSD1351()     0x00003017   Thumb Code    14  adafruit_ssd1351.o(.text)
    Adafruit_SSD1351::Color565(unsigned char, unsigned char, unsigned char) 0x00003025   Thumb Code    28  adafruit_ssd1351.o(.text)
    Adafruit_SSD1351::writeCommand(unsigned char) 0x00003041   Thumb Code    22  adafruit_ssd1351.o(.text)
    Adafruit_SSD1351::writeData(unsigned char) 0x00003057   Thumb Code    22  adafruit_ssd1351.o(.text)
    Adafruit_SSD1351::goTo(int, int)         0x0000306d   Thumb Code    78  adafruit_ssd1351.o(.text)
    Adafruit_SSD1351::drawPixel(short, short, unsigned short) 0x000030bb   Thumb Code    78  adafruit_ssd1351.o(.text)
    thunk{v:0,-12} to Adafruit_SSD1351::drawPixel(short, short, unsigned short) 0x00003109   Thumb Code    36  adafruit_ssd1351.o(.text)
    Adafruit_SSD1351::fillRect(unsigned short, unsigned short, unsigned short, unsigned short, unsigned short) 0x0000312d   Thumb Code   162  adafruit_ssd1351.o(.text)
    Adafruit_SSD1351::drawFastHLine(short, short, short, unsigned short) 0x000031cf   Thumb Code   142  adafruit_ssd1351.o(.text)
    thunk{v:0,-24} to Adafruit_SSD1351::drawFastHLine(short, short, short, unsigned short) 0x0000325d   Thumb Code   156  adafruit_ssd1351.o(.text)
    Adafruit_SSD1351::drawFastVLine(short, short, short, unsigned short) 0x000032f9   Thumb Code   142  adafruit_ssd1351.o(.text)
    thunk{v:0,-20} to Adafruit_SSD1351::drawFastVLine(short, short, short, unsigned short) 0x00003387   Thumb Code   170  adafruit_ssd1351.o(.text)
    Adafruit_SSD1351::fillScreen(unsigned short) 0x00003431   Thumb Code    26  adafruit_ssd1351.o(.text)
    thunk{v:0,-36} to Adafruit_SSD1351::fillScreen(unsigned short) 0x0000344b   Thumb Code    24  adafruit_ssd1351.o(.text)
    Adafruit_SSD1351::invert(unsigned char)  0x00003463   Thumb Code    28  adafruit_ssd1351.o(.text)
    Adafruit_SSD1351::begin()                0x0000347f   Thumb Code   502  adafruit_ssd1351.o(.text)
    Adafruit_GFX::Adafruit_GFX__sub_object(short, short) 0x00003689   Thumb Code    42  adafruit_gfx.o(.text)
    Adafruit_GFX::drawLine(short, short, short, short, unsigned short) 0x000036b3   Thumb Code   220  adafruit_gfx.o(.text)
    Adafruit_GFX::drawFastVLine(short, short, short, unsigned short) 0x0000378f   Thumb Code    46  adafruit_gfx.o(.text)
    Adafruit_GFX::drawFastHLine(short, short, short, unsigned short) 0x000037bd   Thumb Code    44  adafruit_gfx.o(.text)
    Adafruit_GFX::drawRect(short, short, short, short, unsigned short) 0x000037e9   Thumb Code   104  adafruit_gfx.o(.text)
    Adafruit_GFX::fillRect(short, short, short, short, unsigned short) 0x00003851   Thumb Code    54  adafruit_gfx.o(.text)
    Adafruit_GFX::fillScreen(unsigned short) 0x00003887   Thumb Code    32  adafruit_gfx.o(.text)
    Adafruit_GFX::invertDisplay(unsigned char) 0x000038a7   Thumb Code     2  adafruit_gfx.o(.text)
    Adafruit_GFX::drawCircle(short, short, short, unsigned short) 0x000038a9   Thumb Code   356  adafruit_gfx.o(.text)
    Adafruit_GFX::drawCircleHelper(short, short, short, unsigned char, unsigned short) 0x00003a0d   Thumb Code   306  adafruit_gfx.o(.text)
    Adafruit_GFX::fillCircleHelper(short, short, short, unsigned char, short, unsigned short) 0x00003b3f   Thumb Code   246  adafruit_gfx.o(.text)
    Adafruit_GFX::fillCircle(short, short, short, unsigned short) 0x00003c35   Thumb Code    64  adafruit_gfx.o(.text)
    Adafruit_GFX::drawTriangle(short, short, short, short, short, short, unsigned short) 0x00003c75   Thumb Code    86  adafruit_gfx.o(.text)
    Adafruit_GFX::fillTriangle(short, short, short, short, short, short, unsigned short) 0x00003ccb   Thumb Code   428  adafruit_gfx.o(.text)
    Adafruit_GFX::drawRoundRect(short, short, short, short, short, unsigned short) 0x00003e77   Thumb Code   258  adafruit_gfx.o(.text)
    Adafruit_GFX::fillRoundRect(short, short, short, short, short, unsigned short) 0x00003f79   Thumb Code   126  adafruit_gfx.o(.text)
    Adafruit_GFX::drawBitmap(short, short, const unsigned char*, short, short, unsigned short) 0x00003ff7   Thumb Code   110  adafruit_gfx.o(.text)
    Adafruit_GFX::drawChar(short, short, unsigned char, unsigned short, unsigned short, unsigned char) 0x00004065   Thumb Code   256  adafruit_gfx.o(.text)
    Adafruit_GFX::setCursor(short, short)    0x00004165   Thumb Code     6  adafruit_gfx.o(.text)
    Adafruit_GFX::setTextColor(unsigned short) 0x0000416b   Thumb Code     6  adafruit_gfx.o(.text)
    Adafruit_GFX::setTextColor(unsigned short, unsigned short) 0x00004171   Thumb Code     6  adafruit_gfx.o(.text)
    Adafruit_GFX::setTextSize(unsigned char) 0x00004177   Thumb Code    14  adafruit_gfx.o(.text)
    Adafruit_GFX::setTextWrap(unsigned char) 0x00004185   Thumb Code     4  adafruit_gfx.o(.text)
    Adafruit_GFX::setRotation(unsigned char) 0x00004189   Thumb Code    52  adafruit_gfx.o(.text)
    Adafruit_GFX::write(unsigned char)       0x000041bd   Thumb Code   120  adafruit_gfx.o(.text)
    Adafruit_GFX::height()                   0x00004235   Thumb Code     8  adafruit_gfx.o(.text)
    Adafruit_GFX::width()                    0x0000423d   Thumb Code     8  adafruit_gfx.o(.text)
    Adafruit_GFX::getRotation()              0x00004245   Thumb Code     6  adafruit_gfx.o(.text)
    WyzBeeI2c_Init                           0x00004541   Thumb Code   300  wyzbee_i2c.o(.text)
    WyzBeeI2c_DeInit                         0x0000466d   Thumb Code    76  wyzbee_i2c.o(.text)
    WyzBeeI2c_Write                          0x000046ef   Thumb Code   176  wyzbee_i2c.o(.text)
    WyzBeeI2c_Read                           0x0000479f   Thumb Code   166  wyzbee_i2c.o(.text)
    __2sprintf                               0x00004869   Thumb Code    34  noretval__2sprintf.o(.text)
    __printf                                 0x00004891   Thumb Code   104  __printf.o(.text)
    _printf_int_dec                          0x000048f9   Thumb Code   104  _printf_dec.o(.text)
    __aeabi_memcpy4                          0x00004971   Thumb Code     0  rt_memcpy_w.o(.text)
    __aeabi_memcpy8                          0x00004971   Thumb Code     0  rt_memcpy_w.o(.text)
    __rt_memcpy_w                            0x00004971   Thumb Code   100  rt_memcpy_w.o(.text)
    _memcpy_lastbytes_aligned                0x000049b9   Thumb Code     0  rt_memcpy_w.o(.text)
    __use_two_region_memory                  0x000049d5   Thumb Code     2  heapauxi.o(.text)
    __rt_heap_escrow                         0x000049d7   Thumb Code     2  heapauxi.o(.text)
    __rt_heap_expand                         0x000049d9   Thumb Code     2  heapauxi.o(.text)
    __cpp_initialize__aeabi_                 0x000049dd   Thumb Code    26  init_aeabi.o(.text)
    _printf_int_common                       0x00004a01   Thumb Code   178  _printf_intcommon.o(.text)
    _printf_char_common                      0x00004abf   Thumb Code    32  _printf_char_common.o(.text)
    _sputc                                   0x00004ae5   Thumb Code    10  _sputc.o(.text)
    __rt_SIGPVFN                             0x00004aef   Thumb Code    14  defsig_pvfn_outer.o(.text)
    __sig_exit                               0x00004afd   Thumb Code    10  defsig_exit.o(.text)
    __rt_SIGPVFN_inner                       0x00004b09   Thumb Code    14  defsig_pvfn_inner.o(.text)
    _sys_exit                                0x00004b39   Thumb Code     8  sys_exit.o(.text)
    __user_setup_stackheap                   0x00004b45   Thumb Code    74  sys_stackheap_outer.o(.text)
    exit                                     0x00004b8f   Thumb Code    12  exit.o(.text)
    __default_signal_display                 0x00004b9b   Thumb Code    50  defsig_general.o(.text)
    _ttywrch                                 0x00004bcd   Thumb Code    14  sys_wrch.o(.text)
    __user_libspace                          0x00004bdd   Thumb Code     8  libspace.o(.text)
    __user_perproc_libspace                  0x00004bdd   Thumb Code     0  libspace.o(.text)
    __user_perthread_libspace                0x00004bdd   Thumb Code     0  libspace.o(.text)
    __I$use$semihosting                      0x00004be5   Thumb Code     0  use_no_semi.o(.text)
    __use_no_semihosting_swi                 0x00004be5   Thumb Code     2  use_no_semi.o(.text)
    Adafruit_SSD1351::spiwrite(unsigned char) 0x00004be7   Thumb Code    20  adafruit_ssd1351.o(i._ZN16Adafruit_SSD13518spiwriteEh)
    __semihosting_library_function           0x00004be7   Thumb Code     0  indicate_semi.o(.text)
    __cxa_pure_virtual                       0x00004bfb   Thumb Code     6  pure_virt.o(i.__cxa_pure_virtual)
    __aeabi_d2f                              0x00004c01   Thumb Code     0  d2f.o(x$fpl$d2f)
    _d2f                                     0x00004c01   Thumb Code    98  d2f.o(x$fpl$d2f)
    __aeabi_dadd                             0x00004c65   Thumb Code     0  daddsub_clz.o(x$fpl$dadd)
    _dadd                                    0x00004c65   Thumb Code   332  daddsub_clz.o(x$fpl$dadd)
    __fpl_dcmp_Inf                           0x00004db5   Thumb Code    24  dcmpi.o(x$fpl$dcmpinf)
    __aeabi_ddiv                             0x00004dcd   Thumb Code     0  ddiv.o(x$fpl$ddiv)
    _ddiv                                    0x00004dcd   Thumb Code   552  ddiv.o(x$fpl$ddiv)
    __aeabi_i2d                              0x0000507d   Thumb Code     0  dflt_clz.o(x$fpl$dflt)
    _dflt                                    0x0000507d   Thumb Code    46  dflt_clz.o(x$fpl$dflt)
    __aeabi_cdcmple                          0x000050ad   Thumb Code     0  dleqf.o(x$fpl$dleqf)
    _dcmple                                  0x000050ad   Thumb Code   120  dleqf.o(x$fpl$dleqf)
    __fpl_dcmple_InfNaN                      0x0000510f   Thumb Code     0  dleqf.o(x$fpl$dleqf)
    __aeabi_dmul                             0x00005125   Thumb Code     0  dmul.o(x$fpl$dmul)
    _dmul                                    0x00005125   Thumb Code   332  dmul.o(x$fpl$dmul)
    __fpl_dnaninf                            0x00005279   Thumb Code   156  dnaninf.o(x$fpl$dnaninf)
    __fpl_dretinf                            0x00005315   Thumb Code    12  dretinf.o(x$fpl$dretinf)
    __aeabi_cdrcmple                         0x00005321   Thumb Code     0  drleqf.o(x$fpl$drleqf)
    _drcmple                                 0x00005321   Thumb Code   108  drleqf.o(x$fpl$drleqf)
    __aeabi_dsub                             0x0000538d   Thumb Code     0  daddsub_clz.o(x$fpl$dsub)
    _dsub                                    0x0000538d   Thumb Code   464  daddsub_clz.o(x$fpl$dsub)
    __aeabi_f2d                              0x00005561   Thumb Code     0  f2d.o(x$fpl$f2d)
    _f2d                                     0x00005561   Thumb Code    86  f2d.o(x$fpl$f2d)
    __fpl_fnaninf                            0x000055b7   Thumb Code   140  fnaninf.o(x$fpl$fnaninf)
    _fp_init                                 0x00005643   Thumb Code    10  fpinit.o(x$fpl$fpinit)
    __fplib_config_fpu_vfp                   0x0000564b   Thumb Code     0  fpinit.o(x$fpl$fpinit)
    __fplib_config_pureend_doubles           0x0000564b   Thumb Code     0  fpinit.o(x$fpl$fpinit)
    __fpl_fretinf                            0x0000564d   Thumb Code    10  fretinf.o(x$fpl$fretinf)
    __I$use$fp                               0x00005656   Number         0  usenofp.o(x$fpl$usenofp)
    cau8ExintReferenceLut                    0x00005656   Data           4  exint.o(.constdata)
    vtable for Adafruit_GFX                  0x00005bd8   Data          44  adafruit_gfx.o(.constdata__ZTV12Adafruit_GFX)
    vtable for Adafruit_SSD1351              0x00005c04   Data         108  adafruit_ssd1351.o(.constdata__ZTV16Adafruit_SSD1351)
    VTT for Adafruit_SSD1351                 0x00005c70   Data           8  adafruit_ssd1351.o(.constdata__ZTV16Adafruit_SSD1351)
    Region$$Table$$Base                      0x00005c78   Number         0  anon$$obj.o(Region$$Table)
    Region$$Table$$Limit                     0x00005c98   Number         0  anon$$obj.o(Region$$Table)
    SHT$$INIT_ARRAY$$Base                    0x00005c98   Number         0  main.o(.init_array)
    SHT$$INIT_ARRAY$$Limit                   0x00005c9c   Number         0  init_aeabi.o(.init_array)
    SystemCoreClock                          0x20038000   Data           4  system_mb9abxxx.o(.data)
    stcExintNMIInternData                    0x20038008   Data           4  exint.o(.data)
    m_astcMfsInstanceDataLut                 0x2003800c   Data          40  mfs.o(.data)
    config_stc                               0x20038034   Data          20  main.o(.data)
    config                                   0x20038048   Data           8  main.o(.data)
    stcExintInternData                       0x20038060   Data          12  exint.o(.bss)
    tft                                      0x2003806c   Data          56  main.o(.bss)
    __libspace_start                         0x200380a4   Data          96  libspace.o(.bss)
    __temporary_stack_top$libspace           0x20038104   Data           0  libspace.o(.bss)



==============================================================================

Memory Map of the image

  Image Entry point : 0x000002ed

  Load Region LR_1 (Base: 0x00000000, Size: 0x00005cfc, Max: 0xffffffff, ABSOLUTE)

    Execution Region ER_RO (Base: 0x00000000, Size: 0x00005c9c, Max: 0xffffffff, ABSOLUTE)

    Base Addr    Size         Type   Attr      Idx    E Section Name        Object

    0x00000000   0x00000240   Data   RO            3    RESET               startup_mb9bf56x.o
    0x00000240   0x00000008   Code   RO          753  * !!!main             c_w.l(__main.o)
    0x00000248   0x00000034   Code   RO         1220    !!!scatter          c_w.l(__scatter.o)
    0x0000027c   0x0000001a   Code   RO         1222    !!handler_copy      c_w.l(__scatter_copy.o)
    0x00000296   0x00000002   PAD
    0x00000298   0x0000001c   Code   RO         1224    !!handler_zi        c_w.l(__scatter_zi.o)
    0x000002b4   0x00000000   Code   RO          748    .ARM.Collect$$_printf_percent$$00000000  c_w.l(_printf_percent.o)
    0x000002b4   0x00000006   Code   RO          747    .ARM.Collect$$_printf_percent$$0000000A  c_w.l(_printf_u.o)
    0x000002ba   0x00000004   Code   RO          903    .ARM.Collect$$_printf_percent$$00000017  c_w.l(_printf_percent_end.o)
    0x000002be   0x00000002   Code   RO         1099    .ARM.Collect$$libinit$$00000000  c_w.l(libinit.o)
    0x000002c0   0x00000004   Code   RO          908    .ARM.Collect$$libinit$$00000001  c_w.l(libinit2.o)
    0x000002c4   0x00000000   Code   RO          911    .ARM.Collect$$libinit$$00000004  c_w.l(libinit2.o)
    0x000002c4   0x00000000   Code   RO          914    .ARM.Collect$$libinit$$0000000A  c_w.l(libinit2.o)
    0x000002c4   0x00000000   Code   RO          916    .ARM.Collect$$libinit$$0000000C  c_w.l(libinit2.o)
    0x000002c4   0x00000000   Code   RO          918    .ARM.Collect$$libinit$$0000000E  c_w.l(libinit2.o)
    0x000002c4   0x00000000   Code   RO          921    .ARM.Collect$$libinit$$00000011  c_w.l(libinit2.o)
    0x000002c4   0x00000000   Code   RO          923    .ARM.Collect$$libinit$$00000013  c_w.l(libinit2.o)
    0x000002c4   0x00000000   Code   RO          925    .ARM.Collect$$libinit$$00000015  c_w.l(libinit2.o)
    0x000002c4   0x00000000   Code   RO          927    .ARM.Collect$$libinit$$00000017  c_w.l(libinit2.o)
    0x000002c4   0x00000000   Code   RO          929    .ARM.Collect$$libinit$$00000019  c_w.l(libinit2.o)
    0x000002c4   0x00000000   Code   RO          931    .ARM.Collect$$libinit$$0000001B  c_w.l(libinit2.o)
    0x000002c4   0x00000000   Code   RO          933    .ARM.Collect$$libinit$$0000001D  c_w.l(libinit2.o)
    0x000002c4   0x00000000   Code   RO          935    .ARM.Collect$$libinit$$0000001F  c_w.l(libinit2.o)
    0x000002c4   0x00000000   Code   RO          937    .ARM.Collect$$libinit$$00000021  c_w.l(libinit2.o)
    0x000002c4   0x00000000   Code   RO          939    .ARM.Collect$$libinit$$00000023  c_w.l(libinit2.o)
    0x000002c4   0x00000000   Code   RO          941    .ARM.Collect$$libinit$$00000025  c_w.l(libinit2.o)
    0x000002c4   0x00000000   Code   RO          945    .ARM.Collect$$libinit$$0000002C  c_w.l(libinit2.o)
    0x000002c4   0x00000000   Code   RO          947    .ARM.Collect$$libinit$$0000002E  c_w.l(libinit2.o)
    0x000002c4   0x00000000   Code   RO          949    .ARM.Collect$$libinit$$00000030  c_w.l(libinit2.o)
    0x000002c4   0x00000004   Code   RO          950    .ARM.Collect$$libinit$$00000031  c_w.l(libinit2.o)
    0x000002c8   0x00000000   Code   RO          951    .ARM.Collect$$libinit$$00000032  c_w.l(libinit2.o)
    0x000002c8   0x00000002   Code   RO          952    .ARM.Collect$$libinit$$00000033  c_w.l(libinit2.o)
    0x000002ca   0x00000002   Code   RO         1198    .ARM.Collect$$libshutdown$$00000000  c_w.l(libshutdown.o)
    0x000002cc   0x00000000   Code   RO         1205    .ARM.Collect$$libshutdown$$00000003  c_w.l(libshutdown2.o)
    0x000002cc   0x00000000   Code   RO         1208    .ARM.Collect$$libshutdown$$00000006  c_w.l(libshutdown2.o)
    0x000002cc   0x00000000   Code   RO         1211    .ARM.Collect$$libshutdown$$00000009  c_w.l(libshutdown2.o)
    0x000002cc   0x00000000   Code   RO         1213    .ARM.Collect$$libshutdown$$0000000B  c_w.l(libshutdown2.o)
    0x000002cc   0x00000000   Code   RO         1216    .ARM.Collect$$libshutdown$$0000000E  c_w.l(libshutdown2.o)
    0x000002cc   0x00000002   Code   RO         1217    .ARM.Collect$$libshutdown$$0000000F  c_w.l(libshutdown2.o)
    0x000002ce   0x00000000   Code   RO          896    .ARM.Collect$$rtentry$$00000000  c_w.l(__rtentry.o)
    0x000002ce   0x00000000   Code   RO          978    .ARM.Collect$$rtentry$$00000002  c_w.l(__rtentry2.o)
    0x000002ce   0x00000006   Code   RO          990    .ARM.Collect$$rtentry$$00000004  c_w.l(__rtentry4.o)
    0x000002d4   0x00000000   Code   RO          980    .ARM.Collect$$rtentry$$00000009  c_w.l(__rtentry2.o)
    0x000002d4   0x00000004   Code   RO          981    .ARM.Collect$$rtentry$$0000000A  c_w.l(__rtentry2.o)
    0x000002d8   0x00000000   Code   RO          983    .ARM.Collect$$rtentry$$0000000C  c_w.l(__rtentry2.o)
    0x000002d8   0x00000008   Code   RO          984    .ARM.Collect$$rtentry$$0000000D  c_w.l(__rtentry2.o)
    0x000002e0   0x00000002   Code   RO         1115    .ARM.Collect$$rtexit$$00000000  c_w.l(rtexit.o)
    0x000002e2   0x00000000   Code   RO         1163    .ARM.Collect$$rtexit$$00000002  c_w.l(rtexit2.o)
    0x000002e2   0x00000004   Code   RO         1164    .ARM.Collect$$rtexit$$00000003  c_w.l(rtexit2.o)
    0x000002e6   0x00000006   Code   RO         1165    .ARM.Collect$$rtexit$$00000004  c_w.l(rtexit2.o)
    0x000002ec   0x0000004c   Code   RO            4  * .text               startup_mb9bf56x.o
    0x00000338   0x000001d4   Code   RO           12    .text               system_mb9abxxx.o
    0x0000050c   0x000002f0   Code   RO          100    .text               exint.o
    0x000007fc   0x00001af4   Code   RO          136    .text               mfs.o
    0x000022f0   0x0000009c   Code   RO          191    .text               interrupts.o
    0x0000238c   0x00000830   Code   RO          343    .text               main.o
    0x00002bbc   0x00000400   Code   RO          461    .text               wyzbee_spi.o
    0x00002fbc   0x000006cc   Code   RO          487    .text               adafruit_ssd1351.o
    0x00003688   0x00000bc8   Code   RO          644    .text               adafruit_gfx.o
    0x00004250   0x00000618   Code   RO          674    .text               wyzbee_i2c.o
    0x00004868   0x00000028   Code   RO          721    .text               c_w.l(noretval__2sprintf.o)
    0x00004890   0x00000068   Code   RO          723    .text               c_w.l(__printf.o)
    0x000048f8   0x00000078   Code   RO          725    .text               c_w.l(_printf_dec.o)
    0x00004970   0x00000064   Code   RO          749    .text               c_w.l(rt_memcpy_w.o)
    0x000049d4   0x00000006   Code   RO          751    .text               c_w.l(heapauxi.o)
    0x000049da   0x00000002   PAD
    0x000049dc   0x00000024   Code   RO          758    .text               c_w.l(init_aeabi.o)
    0x00004a00   0x000000b2   Code   RO          897    .text               c_w.l(_printf_intcommon.o)
    0x00004ab2   0x00000002   PAD
    0x00004ab4   0x00000030   Code   RO          899    .text               c_w.l(_printf_char_common.o)
    0x00004ae4   0x0000000a   Code   RO          901    .text               c_w.l(_sputc.o)
    0x00004aee   0x0000000e   Code   RO          904    .text               c_w.l(defsig_pvfn_outer.o)
    0x00004afc   0x0000000a   Code   RO          996    .text               c_w.l(defsig_exit.o)
    0x00004b06   0x00000002   PAD
    0x00004b08   0x00000030   Code   RO          998    .text               c_w.l(defsig_pvfn_inner.o)
    0x00004b38   0x0000000c   Code   RO         1017    .text               c_w.l(sys_exit.o)
    0x00004b44   0x0000004a   Code   RO         1019    .text               c_w.l(sys_stackheap_outer.o)
    0x00004b8e   0x0000000c   Code   RO         1082    .text               c_w.l(exit.o)
    0x00004b9a   0x00000032   Code   RO         1088    .text               c_w.l(defsig_general.o)
    0x00004bcc   0x0000000e   Code   RO         1103    .text               c_w.l(sys_wrch.o)
    0x00004bda   0x00000002   PAD
    0x00004bdc   0x00000008   Code   RO         1107    .text               c_w.l(libspace.o)
    0x00004be4   0x00000002   Code   RO         1110    .text               c_w.l(use_no_semi.o)
    0x00004be6   0x00000000   Code   RO         1114    .text               c_w.l(indicate_semi.o)
    0x00004be6   0x00000014   Code   RO          506    i._ZN16Adafruit_SSD13518spiwriteEh  adafruit_ssd1351.o
    0x00004bfa   0x00000006   Code   RO          761    i.__cxa_pure_virtual  cpprt_w.l(pure_virt.o)
    0x00004c00   0x00000062   Code   RO          870    x$fpl$d2f           fz_wm.l(d2f.o)
    0x00004c62   0x00000002   PAD
    0x00004c64   0x00000150   Code   RO          872    x$fpl$dadd          fz_wm.l(daddsub_clz.o)
    0x00004db4   0x00000018   Code   RO          966    x$fpl$dcmpinf       fz_wm.l(dcmpi.o)
    0x00004dcc   0x000002b0   Code   RO          879    x$fpl$ddiv          fz_wm.l(ddiv.o)
    0x0000507c   0x0000002e   Code   RO          883    x$fpl$dflt          fz_wm.l(dflt_clz.o)
    0x000050aa   0x00000002   PAD
    0x000050ac   0x00000078   Code   RO          888    x$fpl$dleqf         fz_wm.l(dleqf.o)
    0x00005124   0x00000154   Code   RO          890    x$fpl$dmul          fz_wm.l(dmul.o)
    0x00005278   0x0000009c   Code   RO          968    x$fpl$dnaninf       fz_wm.l(dnaninf.o)
    0x00005314   0x0000000c   Code   RO          970    x$fpl$dretinf       fz_wm.l(dretinf.o)
    0x00005320   0x0000006c   Code   RO          892    x$fpl$drleqf        fz_wm.l(drleqf.o)
    0x0000538c   0x000001d4   Code   RO          874    x$fpl$dsub          fz_wm.l(daddsub_clz.o)
    0x00005560   0x00000056   Code   RO          894    x$fpl$f2d           fz_wm.l(f2d.o)
    0x000055b6   0x0000008c   Code   RO          972    x$fpl$fnaninf       fz_wm.l(fnaninf.o)
    0x00005642   0x0000000a   Code   RO         1015    x$fpl$fpinit        fz_wm.l(fpinit.o)
    0x0000564c   0x0000000a   Code   RO          974    x$fpl$fretinf       fz_wm.l(fretinf.o)
    0x00005656   0x00000000   Code   RO          976    x$fpl$usenofp       fz_wm.l(usenofp.o)
    0x00005656   0x00000004   Data   RO          102    .constdata          exint.o
    0x0000565a   0x00000002   PAD
    0x0000565c   0x00000080   Data   RO          346    .constdata          main.o
    0x000056dc   0x000004fb   Data   RO          647    .constdata          adafruit_gfx.o
    0x00005bd7   0x00000001   PAD
    0x00005bd8   0x0000002c   Data   RO          657    .constdata__ZTV12Adafruit_GFX  adafruit_gfx.o
    0x00005c04   0x0000006c   Data   RO          504    .constdata__ZTV16Adafruit_SSD1351  adafruit_ssd1351.o
    0x00005c70   0x00000008   Data   RO          505    .constdata__ZTV16Adafruit_SSD1351  adafruit_ssd1351.o
    0x00005c78   0x00000020   Data   RO         1218    Region$$Table       anon$$obj.o
    0x00005c98   0x00000004   Data   RO          348    .init_array         main.o
    0x00005c9c   0x00000000   Data   RO          756    .init_array         c_w.l(init_aeabi.o)


    Execution Region ER_RW (Base: 0x20038000, Size: 0x00000060, Max: 0xffffffff, ABSOLUTE)

    Base Addr    Size         Type   Attr      Idx    E Section Name        Object

    0x20038000   0x00000005   Data   RW           13    .data               system_mb9abxxx.o
    0x20038005   0x00000003   PAD
    0x20038008   0x00000004   Data   RW          103    .data               exint.o
    0x2003800c   0x00000028   Data   RW          137    .data               mfs.o
    0x20038034   0x0000001c   Data   RW          347    .data               main.o
    0x20038050   0x0000000e   Data   RW          675    .data               wyzbee_i2c.o


    Execution Region ER_ZI (Base: 0x20038060, Size: 0x000002a8, Max: 0xffffffff, ABSOLUTE)

    Base Addr    Size         Type   Attr      Idx    E Section Name        Object

    0x20038060   0x0000000c   Zero   RW          101    .bss                exint.o
    0x2003806c   0x00000038   Zero   RW          345    .bss                main.o
    0x200380a4   0x00000060   Zero   RW         1108    .bss                c_w.l(libspace.o)
    0x20038104   0x00000004   PAD
    0x20038108   0x00000000   Zero   RW            2    HEAP                startup_mb9bf56x.o
    0x20038108   0x00000200   Zero   RW            1    STACK               startup_mb9bf56x.o


==============================================================================

Image component sizes


      Code (inc. data)   RO Data    RW Data    ZI Data      Debug   Object Name

      3016         10       1319          0          0      15412   adafruit_gfx.o
      1760         32        116          0          0      14190   adafruit_ssd1351.o
       752         32          4          4         12      34094   exint.o
       156         18          0          0          0       1367   interrupts.o
      2096        248        132         28         56      17851   main.o
      6900        110          0         40          0      45061   mfs.o
        76         26        576          0        512        844   startup_mb9bf56x.o
       468         64          0          5          0    1256380   system_mb9abxxx.o
      1560         84          0         14          0      16300   wyzbee_i2c.o
      1024         20          0          0          0       7185   wyzbee_spi.o

    ----------------------------------------------------------------------
     17808        644       2182         96        580    1408684   Object Totals
         0          0         32          0          0          0   (incl. Generated)
         0          0          3          5          0          0   (incl. Padding)

    ----------------------------------------------------------------------

      Code (inc. data)   RO Data    RW Data    ZI Data      Debug   Library Member Name

         8          0          0          0          0         68   __main.o
       104          0          0          0          0         84   __printf.o
         0          0          0          0          0          0   __rtentry.o
        12          0          0          0          0          0   __rtentry2.o
         6          0          0          0          0          0   __rtentry4.o
        52          8          0          0          0          0   __scatter.o
        26          0          0          0          0          0   __scatter_copy.o
        28          0          0          0          0          0   __scatter_zi.o
        48          6          0          0          0         96   _printf_char_common.o
       120         16          0          0          0         92   _printf_dec.o
       178          0          0          0          0         88   _printf_intcommon.o
         0          0          0          0          0          0   _printf_percent.o
         4          0          0          0          0          0   _printf_percent_end.o
         6          0          0          0          0          0   _printf_u.o
        10          0          0          0          0         68   _sputc.o
        10          0          0          0          0         68   defsig_exit.o
        50          0          0          0          0         88   defsig_general.o
        48         34          0          0          0         76   defsig_pvfn_inner.o
        14          0          0          0          0         80   defsig_pvfn_outer.o
        12          0          0          0          0         72   exit.o
         6          0          0          0          0        152   heapauxi.o
         0          0          0          0          0          0   indicate_semi.o
        36         10          0          0          0         80   init_aeabi.o
         2          0          0          0          0          0   libinit.o
        10          0          0          0          0          0   libinit2.o
         2          0          0          0          0          0   libshutdown.o
         2          0          0          0          0          0   libshutdown2.o
         8          4          0          0         96         68   libspace.o
        40          6          0          0          0         84   noretval__2sprintf.o
       100          0          0          0          0         80   rt_memcpy_w.o
         2          0          0          0          0          0   rtexit.o
        10          0          0          0          0          0   rtexit2.o
        12          4          0          0          0         68   sys_exit.o
        74          0          0          0          0         80   sys_stackheap_outer.o
        14          0          0          0          0         76   sys_wrch.o
         2          0          0          0          0         68   use_no_semi.o
         6          0          0          0          0         68   pure_virt.o
        98          4          0          0          0        140   d2f.o
       804         16          0          0          0        368   daddsub_clz.o
        24          0          0          0          0        116   dcmpi.o
       688        140          0          0          0        256   ddiv.o
        46          0          0          0          0        116   dflt_clz.o
       120          4          0          0          0        140   dleqf.o
       340         12          0          0          0        152   dmul.o
       156          4          0          0          0        140   dnaninf.o
        12          0          0          0          0        116   dretinf.o
       108          0          0          0          0        128   drleqf.o
        86          4          0          0          0        132   f2d.o
       140          4          0          0          0        132   fnaninf.o
        10          0          0          0          0        116   fpinit.o
        10          0          0          0          0        116   fretinf.o
         0          0          0          0          0          0   usenofp.o

    ----------------------------------------------------------------------
      3718        276          0          0        100       3872   Library Totals
        14          0          0          0          4          0   (incl. Padding)

    ----------------------------------------------------------------------

      Code (inc. data)   RO Data    RW Data    ZI Data      Debug   Library Name

      1056         88          0          0         96       1636   c_w.l
         6          0          0          0          0         68   cpprt_w.l
      2642        188          0          0          0       2168   fz_wm.l

    ----------------------------------------------------------------------
      3718        276          0          0        100       3872   Library Totals

    ----------------------------------------------------------------------

==============================================================================


      Code (inc. data)   RO Data    RW Data    ZI Data      Debug   

     21526        920       2182         96        680    1408672   Grand Totals
     21526        920       2182         96        680    1408672   ELF Image Totals
     21526        920       2182         96          0          0   ROM Totals

==============================================================================

    Total RO  Size (Code + RO Data)                23708 (  23.15kB)
    Total RW  Size (RW Data + ZI Data)               776 (   0.76kB)
    Total ROM Size (Code + RO Data + RW Data)      23804 (  23.25kB)

==============================================================================

