Component: ARM Compiler 5.05 (build 41) Tool: armlink [4d0eb9]

==============================================================================

Section Cross References

    startup_mb9bf56x.o(STACK) refers (Special) to heapauxi.o(.text) for __use_two_region_memory
    startup_mb9bf56x.o(HEAP) refers (Special) to heapauxi.o(.text) for __use_two_region_memory
    startup_mb9bf56x.o(RESET) refers (Special) to heapauxi.o(.text) for __use_two_region_memory
    startup_mb9bf56x.o(RESET) refers to startup_mb9bf56x.o(STACK) for __initial_sp
    startup_mb9bf56x.o(RESET) refers to startup_mb9bf56x.o(.text) for Reset_Handler
    startup_mb9bf56x.o(RESET) refers to interrupts.o(.text) for NMI_Handler
    startup_mb9bf56x.o(RESET) refers to timetick.o(.text) for SysTick_Handler
    startup_mb9bf56x.o(.text) refers (Special) to heapauxi.o(.text) for __use_two_region_memory
    startup_mb9bf56x.o(.text) refers to system_mb9abxxx.o(.text) for SystemInit
    startup_mb9bf56x.o(.text) refers to __main.o(!!!main) for __main
    startup_mb9bf56x.o(.text) refers to startup_mb9bf56x.o(HEAP) for Heap_Mem
    startup_mb9bf56x.o(.text) refers to startup_mb9bf56x.o(STACK) for Stack_Mem
    system_mb9abxxx.o(.text) refers to system_mb9abxxx.o(.data) for SystemCoreClock
    exint.o(.text) refers to exint.o(.constdata) for cau8ExintReferenceLut
    exint.o(.text) refers to exint.o(.bss) for stcExintInternData
    exint.o(.text) refers to exint.o(.data) for stcExintNMIInternData
    interrupts.o(.text) refers to dt.o(.text) for DtIrqHandler
    interrupts.o(.text) refers to exint.o(.text) for Exint_IrqHandler
    interrupts.o(.text) refers to mfs.o(.text) for MfsIrqHandlerRx
    interrupts.o(.text) refers to mfs.o(.data) for m_astcMfsInstanceDataLut
    wyzbee_timer.o(.text) refers to dt.o(.text) for Dt_Init
    dt.o(.text) refers to dt.o(.data) for m_astcDtInstanceDataLut
    clk.o(.text) refers to pdl.o(.text) for PDL_WAIT_LOOP_HOOK
    mfs.o(.text) refers to mfs.o(.data) for m_astcMfsInstanceDataLut
    reset.o(.text) refers to reset.o(.data) for stcStoredResetCause
    main.o(.text) refers to _printf_pad.o(.text) for _printf_pre_padding
    main.o(.text) refers to _printf_percent.o(.ARM.Collect$$_printf_percent$$00000000) for _printf_percent
    main.o(.text) refers to _printf_x.o(.ARM.Collect$$_printf_percent$$0000000C) for _printf_x
    main.o(.text) refers to _printf_hex_int.o(.text) for _printf_longlong_hex
    main.o(.text) refers to adafruit_gfx.o(.text) for Adafruit_GFX::setCursor(short, short)
    main.o(.text) refers to wyzbee_spi.o(.text) for WyzBeeSpi_Init
    main.o(.text) refers to adafruit_ssd1351.o(.text) for Adafruit_SSD1351::begin()
    main.o(.text) refers to infrared.o(.text) for infrared_init
    main.o(.text) refers to noretval__2sprintf.o(.text) for __2sprintf
    main.o(.text) refers to main.o(.bss) for tft
    main.o(.text) refers to main.o(.data) for config_stc
    main.o(.text) refers to infrared.o(.data) for key
    main.o(.ARM.exidx) refers to main.o(.text) for .text
    main.o(.init_array) refers to main.o(.text) for __sti___8_main_cpp_tft
    main.o(.init_array) refers to init_aeabi.o(.text) for __cpp_initialize__aeabi_
    adafruit_gfx.o(.text) refers to adafruit_gfx.o(.constdata__ZTV12Adafruit_GFX) for vtable for Adafruit_GFX
    adafruit_gfx.o(.text) refers to adafruit_gfx.o(.constdata) for font
    adafruit_gfx.o(.ARM.exidx) refers to adafruit_gfx.o(.text) for .text
    adafruit_ssd1351.o(.text) refers to adafruit_gfx.o(.text) for Adafruit_GFX::Adafruit_GFX__sub_object(short, short)
    adafruit_ssd1351.o(.text) refers to adafruit_ssd1351.o(i._ZN16Adafruit_SSD13518spiwriteEh) for Adafruit_SSD1351::spiwrite(unsigned char)
    adafruit_ssd1351.o(.text) refers to adafruit_ssd1351.o(.constdata__ZTV16Adafruit_SSD1351) for VTT for Adafruit_SSD1351
    adafruit_ssd1351.o(.ARM.exidx) refers to adafruit_ssd1351.o(.text) for .text
    spi_oled.o(.text) refers to mfs.o(.text) for Mfs_Csio_DeInit
    spi_oled.o(.text) refers to spi_oled.o(.data) for stcMfsCsioCfg_oled
    spi_oled.o(.ARM.exidx) refers to spi_oled.o(.text) for .text
    wyzbee_spi.o(.text) refers to mfs.o(.text) for Mfs_SetRxEnable
    timetick.o(.text) refers to timetick.o(.data) for _dwTickCount
    variant.o(.text) refers to system_mb9abxxx.o(.data) for SystemCoreClock
    variant.o(.ARM.exidx) refers to variant.o(.text) for .text
    wiring.o(.text) refers to timetick.o(.text) for GetTickCount
    wiring.o(.text) refers to wiring.o(.data) for start
    infrared.o(.text) refers to dt.o(.text) for Dt_ReadCurCntVal
    infrared.o(.text) refers to exint.o(.text) for Exint_DisableChannel
    infrared.o(.text) refers to pdl.o(.text) for pdl_memclr
    infrared.o(.text) refers to infrared.o(.bss) for exint_config
    infrared.o(.text) refers to infrared.o(.data) for is_first
    wyzbee_ext.o(.text) refers to exint.o(.text) for Exint_Init
[...]
    ../clib/heapalloc.c                      0x00000000   Number         0  malloc.o ABSOLUTE
    ../clib/heapalloc.c                      0x00000000   Number         0  term_alloc.o ABSOLUTE
    ../clib/heapalloc.c                      0x00000000   Number         0  heapstubs.o ABSOLUTE
    ../clib/heapalloc.c                      0x00000000   Number         0  free.o ABSOLUTE
    ../clib/heapalloc.c                      0x00000000   Number         0  init_alloc.o ABSOLUTE
    ../clib/heapalloc.c                      0x00000000   Number         0  maybetermalloc1.o ABSOLUTE
    ../clib/heapalloc.c                      0x00000000   Number         0  hrguard.o ABSOLUTE
    ../clib/heapalloc.c                      0x00000000   Number         0  hguard.o ABSOLUTE
    ../clib/heapalloc.c                      0x00000000   Number         0  maybetermalloc1.o ABSOLUTE
    ../clib/heapalloc.c                      0x00000000   Number         0  maybetermalloc2.o ABSOLUTE
    ../clib/heapaux.c                        0x00000000   Number         0  heapauxa.o ABSOLUTE
    ../clib/heapaux.c                        0x00000000   Number         0  heapauxi.o ABSOLUTE
    ../clib/libinit.s                        0x00000000   Number         0  libshutdown.o ABSOLUTE
    ../clib/libinit.s                        0x00000000   Number         0  libshutdown2.o ABSOLUTE
    ../clib/libinit.s                        0x00000000   Number         0  libinit.o ABSOLUTE
    ../clib/libinit.s                        0x00000000   Number         0  libinit2.o ABSOLUTE
    ../clib/memcpset.s                       0x00000000   Number         0  rt_memcpy_w.o ABSOLUTE
    ../clib/misc.s                           0x00000000   Number         0  printf_stubs.o ABSOLUTE
    ../clib/printf.c                         0x00000000   Number         0  _printf_hex_int_ll.o ABSOLUTE
    ../clib/printf.c                         0x00000000   Number         0  __printf_nopercent.o ABSOLUTE
    ../clib/printf.c                         0x00000000   Number         0  _sputc.o ABSOLUTE
    ../clib/printf.c                         0x00000000   Number         0  _printf_char_common.o ABSOLUTE
    ../clib/printf.c                         0x00000000   Number         0  _printf_intcommon.o ABSOLUTE
    ../clib/printf.c                         0x00000000   Number         0  _printf_pad.o ABSOLUTE
    ../clib/printf.c                         0x00000000   Number         0  noretval__2sprintf.o ABSOLUTE
    ../clib/printf.c                         0x00000000   Number         0  __printf.o ABSOLUTE
    ../clib/printf.c                         0x00000000   Number         0  __2sprintf.o ABSOLUTE
    ../clib/printf.c                         0x00000000   Number         0  _printf_hex_ll.o ABSOLUTE
    ../clib/printf.c                         0x00000000   Number         0  _printf_hex_int.o ABSOLUTE
    ../clib/printf.c                         0x00000000   Number         0  __printf_flags_ss_wp.o ABSOLUTE
    ../clib/printf.c                         0x00000000   Number         0  __printf_ss_wp.o ABSOLUTE
    ../clib/printf.c                         0x00000000   Number         0  __printf_flags_wp.o ABSOLUTE
    ../clib/printf.c                         0x00000000   Number         0  __printf_wp.o ABSOLUTE
    ../clib/printf.c                         0x00000000   Number         0  __printf_flags_ss.o ABSOLUTE
    ../clib/printf.c                         0x00000000   Number         0  __printf_ss.o ABSOLUTE
    ../clib/printf.c                         0x00000000   Number         0  __printf_flags.o ABSOLUTE
    ../clib/printf.c                         0x00000000   Number         0  _printf_hex_int_ll_ptr.o ABSOLUTE
    ../clib/printf.c                         0x00000000   Number         0  _printf_hex_ll_ptr.o ABSOLUTE
    ../clib/printf.c                         0x00000000   Number         0  _printf_hex_int_ptr.o ABSOLUTE
    ../clib/printf.c                         0x00000000   Number         0  _printf_hex_ptr.o ABSOLUTE
    ../clib/printf_percent.s                 0x00000000   Number         0  _printf_x.o ABSOLUTE
    ../clib/printf_percent.s                 0x00000000   Number         0  _printf_percent.o ABSOLUTE
    ../clib/printf_percent.s                 0x00000000   Number         0  _printf_percent_end.o ABSOLUTE
    ../clib/signal.c                         0x00000000   Number         0  defsig_other.o ABSOLUTE
    ../clib/signal.c                         0x00000000   Number         0  defsig_pvfn_formal.o ABSOLUTE
    ../clib/signal.c                         0x00000000   Number         0  defsig_segv_inner.o ABSOLUTE
    ../clib/signal.c                         0x00000000   Number         0  defsig_pvfn_outer.o ABSOLUTE
    ../clib/signal.c                         0x00000000   Number         0  defsig_cppl_inner.o ABSOLUTE
    ../clib/signal.c                         0x00000000   Number         0  defsig_stak_inner.o ABSOLUTE
    ../clib/signal.c                         0x00000000   Number         0  defsig_rtmem_inner.o ABSOLUTE
    ../clib/signal.c                         0x00000000   Number         0  defsig_rtred_inner.o ABSOLUTE
    ../clib/signal.c                         0x00000000   Number         0  defsig_fpe_inner.o ABSOLUTE
    ../clib/signal.c                         0x00000000   Number         0  defsig_abrt_inner.o ABSOLUTE
    ../clib/signal.c                         0x00000000   Number         0  defsig_rtmem_formal.o ABSOLUTE
    ../clib/signal.c                         0x00000000   Number         0  defsig_rtmem_outer.o ABSOLUTE
    ../clib/signal.c                         0x00000000   Number         0  defsig_abrt_formal.o ABSOLUTE
    ../clib/signal.c                         0x00000000   Number         0  defsig_abrt_outer.o ABSOLUTE
    ../clib/signal.c                         0x00000000   Number         0  defsig_pvfn_inner.o ABSOLUTE
    ../clib/signal.c                         0x00000000   Number         0  defsig_exit.o ABSOLUTE
    ../clib/signal.c                         0x00000000   Number         0  defsig_general.o ABSOLUTE
    ../clib/signal.c                         0x00000000   Number         0  __raise.o ABSOLUTE
    ../clib/signal.s                         0x00000000   Number         0  defsig.o ABSOLUTE
    ../clib/stdlib.c                         0x00000000   Number         0  exit.o ABSOLUTE
    ../clib/stdlib.c                         0x00000000   Number         0  abort.o ABSOLUTE
    ../fplib/fpinit.s                        0x00000000   Number         0  fpinit.o ABSOLUTE
    WyzBee_SPI\WyzBee_spi.c                  0x00000000   Number         0  wyzbee_spi.o ABSOLUTE
    WyzBee_SPI\\WyzBee_spi.c                 0x00000000   Number         0  wyzbee_spi.o ABSOLUTE
    WyzBee_ext\WyzBee_ext.c                  0x00000000   Number         0  wyzbee_ext.o ABSOLUTE
    WyzBee_ext\\WyzBee_ext.c                 0x00000000   Number         0  wyzbee_ext.o ABSOLUTE
    WyzBee_gpio\WyzBee_gpio.c                0x00000000   Number         0  wyzbee_gpio.o ABSOLUTE
    WyzBee_gpio\\WyzBee_gpio.c               0x00000000   Number         0  wyzbee_gpio.o ABSOLUTE
    WyzBee_gpio\\timetick.c                  0x00000000   Number         0  timetick.o ABSOLUTE
    WyzBee_gpio\\variant.cpp                 0x00000000   Number         0  variant.o ABSOLUTE
    WyzBee_gpio\\wiring.c                    0x00000000   Number         0  wiring.o ABSOLUTE
    WyzBee_gpio\timetick.c                   0x00000000   Number         0  timetick.o ABSOLUTE
    WyzBee_gpio\variant.cpp                  0x00000000   Number         0  variant.o ABSOLUTE
    WyzBee_gpio\wiring.c                     0x00000000   Number         0  wiring.o ABSOLUTE
    WyzBee_oled\Adafruit_GFX.cpp             0x00000000   Number         0  adafruit_gfx.o ABSOLUTE
    WyzBee_oled\Adafruit_SSD1351.cpp         0x00000000   Number         0  adafruit_ssd1351.o ABSOLUTE
    WyzBee_oled\SPI_OLED.cpp                 0x00000000   Number         0  spi_oled.o ABSOLUTE
    WyzBee_oled\\Adafruit_SSD1351.cpp        0x00000000   Number         0  adafruit_ssd1351.o ABSOLUTE
    WyzBee_oled\\SPI_OLED.cpp                0x00000000   Number         0  spi_oled.o ABSOLUTE
    WyzBee_oled\glcdfont.c                   0x00000000   Number         0  glcdfont.o ABSOLUTE
    WyzBee_timer\WyzBee_timer.c              0x00000000   Number         0  wyzbee_timer.o ABSOLUTE
    WyzBee_timer\\WyzBee_timer.c             0x00000000   Number         0  wyzbee_timer.o ABSOLUTE
    common\\interrupts.c                     0x00000000   Number         0  interrupts.o ABSOLUTE
    common\\pdl.c                            0x00000000   Number         0  pdl.o ABSOLUTE
    common\interrupts.c                      0x00000000   Number         0  interrupts.o ABSOLUTE
    common\pdl.c                             0x00000000   Number         0  pdl.o ABSOLUTE
    dc.s                                     0x00000000   Number         0  dc.o ABSOLUTE
    infrared.c                               0x00000000   Number         0  infrared.o ABSOLUTE
    infrared.c                               0x00000000   Number         0  infrared.o ABSOLUTE
    lib\\src\\clk.c                          0x00000000   Number         0  clk.o ABSOLUTE
    lib\\src\\dt.c                           0x00000000   Number         0  dt.o ABSOLUTE
    lib\\src\\exint.c                        0x00000000   Number         0  exint.o ABSOLUTE
    lib\\src\\mfs.c                          0x00000000   Number         0  mfs.o ABSOLUTE
    lib\\src\\reset.c                        0x00000000   Number         0  reset.o ABSOLUTE
    lib\src\clk.c                            0x00000000   Number         0  clk.o ABSOLUTE
    lib\src\dt.c                             0x00000000   Number         0  dt.o ABSOLUTE
    lib\src\exint.c                          0x00000000   Number         0  exint.o ABSOLUTE
    lib\src\mfs.c                            0x00000000   Number         0  mfs.o ABSOLUTE
    lib\src\reset.c                          0x00000000   Number         0  reset.o ABSOLUTE
    main.cpp                                 0x00000000   Number         0  main.o ABSOLUTE
    main.cpp                                 0x00000000   Number         0  main.o ABSOLUTE
    startup_mb9bf56x.s                       0x00000000   Number         0  startup_mb9bf56x.o ABSOLUTE
    system_mb9abxxx.c                        0x00000000   Number         0  system_mb9abxxx.o ABSOLUTE
    system_mb9abxxx.c                        0x00000000   Number         0  system_mb9abxxx.o ABSOLUTE
    !!!main                                  0x00000240   Section        8  __main.o(!!!main)
    !!!scatter                               0x00000248   Section       52  __scatter.o(!!!scatter)
    !!handler_copy                           0x0000027c   Section       26  __scatter_copy.o(!!handler_copy)
    !!handler_zi                             0x00000298   Section       28  __scatter_zi.o(!!handler_zi)
    .ARM.Collect$$_printf_percent$$00000000  0x000002b4   Section        0  _printf_percent.o(.ARM.Collect$$_printf_percent$$00000000)
    .ARM.Collect$$_printf_percent$$0000000C  0x000002b4   Section        6  _printf_x.o(.ARM.Collect$$_printf_percent$$0000000C)
    .ARM.Collect$$_printf_percent$$00000017  0x000002ba   Section        4  _printf_percent_end.o(.ARM.Collect$$_printf_percent$$00000017)
    .ARM.Collect$$libinit$$00000000          0x000002be   Section        2  libinit.o(.ARM.Collect$$libinit$$00000000)
    .ARM.Collect$$libinit$$00000001          0x000002c0   Section        4  libinit2.o(.ARM.Collect$$libinit$$00000001)
    .ARM.Collect$$libinit$$00000004          0x000002c4   Section        0  libinit2.o(.ARM.Collect$$libinit$$00000004)
    .ARM.Collect$$libinit$$0000000A          0x000002c4   Section        0  libinit2.o(.ARM.Collect$$libinit$$0000000A)
    .ARM.Collect$$libinit$$0000000C          0x000002c4   Section        0  libinit2.o(.ARM.Collect$$libinit$$0000000C)
    .ARM.Collect$$libinit$$0000000E          0x000002c4   Section        0  libinit2.o(.ARM.Collect$$libinit$$0000000E)
    .ARM.Collect$$libinit$$00000011          0x000002c4   Section        0  libinit2.o(.ARM.Collect$$libinit$$00000011)
    .ARM.Collect$$libinit$$00000013          0x000002c4   Section        0  libinit2.o(.ARM.Collect$$libinit$$00000013)
    .ARM.Collect$$libinit$$00000015          0x000002c4   Section        0  libinit2.o(.ARM.Collect$$libinit$$00000015)
    .ARM.Collect$$libinit$$00000017          0x000002c4   Section        0  libinit2.o(.ARM.Collect$$libinit$$00000017)
    .ARM.Collect$$libinit$$00000019          0x000002c4   Section        0  libinit2.o(.ARM.Collect$$libinit$$00000019)
    .ARM.Collect$$libinit$$0000001B          0x000002c4   Section        0  libinit2.o(.ARM.Collect$$libinit$$0000001B)
    .ARM.Collect$$libinit$$0000001D          0x000002c4   Section        0  libinit2.o(.ARM.Collect$$libinit$$0000001D)
    .ARM.Collect$$libinit$$0000001F          0x000002c4   Section        0  libinit2.o(.ARM.Collect$$libinit$$0000001F)
    .ARM.Collect$$libinit$$00000021          0x000002c4   Section        0  libinit2.o(.ARM.Collect$$libinit$$00000021)
    .ARM.Collect$$libinit$$00000023          0x000002c4   Section        0  libinit2.o(.ARM.Collect$$libinit$$00000023)
    .ARM.Collect$$libinit$$00000025          0x000002c4   Section        0  libinit2.o(.ARM.Collect$$libinit$$00000025)
    .ARM.Collect$$libinit$$0000002C          0x000002c4   Section        0  libinit2.o(.ARM.Collect$$libinit$$0000002C)
    .ARM.Collect$$libinit$$0000002E          0x000002c4   Section        0  libinit2.o(.ARM.Collect$$libinit$$0000002E)
    .ARM.Collect$$libinit$$00000030          0x000002c4   Section        0  libinit2.o(.ARM.Collect$$libinit$$00000030)
    .ARM.Collect$$libinit$$00000031          0x000002c4   Section        4  libinit2.o(.ARM.Collect$$libinit$$00000031)
    .ARM.Collect$$libinit$$00000032          0x000002c8   Section        0  libinit2.o(.ARM.Collect$$libinit$$00000032)
    .ARM.Collect$$libinit$$00000033          0x000002c8   Section        2  libinit2.o(.ARM.Collect$$libinit$$00000033)
    .ARM.Collect$$libshutdown$$00000000      0x000002ca   Section        2  libshutdown.o(.ARM.Collect$$libshutdown$$00000000)
    .ARM.Collect$$libshutdown$$00000003      0x000002cc   Section        0  libshutdown2.o(.ARM.Collect$$libshutdown$$00000003)
    .ARM.Collect$$libshutdown$$00000006      0x000002cc   Section        0  libshutdown2.o(.ARM.Collect$$libshutdown$$00000006)
    .ARM.Collect$$libshutdown$$00000009      0x000002cc   Section        0  libshutdown2.o(.ARM.Collect$$libshutdown$$00000009)
    .ARM.Collect$$libshutdown$$0000000B      0x000002cc   Section        0  libshutdown2.o(.ARM.Collect$$libshutdown$$0000000B)
    .ARM.Collect$$libshutdown$$0000000E      0x000002cc   Section        0  libshutdown2.o(.ARM.Collect$$libshutdown$$0000000E)
    .ARM.Collect$$libshutdown$$0000000F      0x000002cc   Section        2  libshutdown2.o(.ARM.Collect$$libshutdown$$0000000F)
    .ARM.Collect$$rtentry$$00000000          0x000002ce   Section        0  __rtentry.o(.ARM.Collect$$rtentry$$00000000)
    .ARM.Collect$$rtentry$$00000002          0x000002ce   Section        0  __rtentry2.o(.ARM.Collect$$rtentry$$00000002)
    .ARM.Collect$$rtentry$$00000004          0x000002ce   Section        6  __rtentry4.o(.ARM.Collect$$rtentry$$00000004)
    .ARM.Collect$$rtentry$$00000009          0x000002d4   Section        0  __rtentry2.o(.ARM.Collect$$rtentry$$00000009)
    .ARM.Collect$$rtentry$$0000000A          0x000002d4   Section        4  __rtentry2.o(.ARM.Collect$$rtentry$$0000000A)
    .ARM.Collect$$rtentry$$0000000C          0x000002d8   Section        0  __rtentry2.o(.ARM.Collect$$rtentry$$0000000C)
    .ARM.Collect$$rtentry$$0000000D          0x000002d8   Section        8  __rtentry2.o(.ARM.Collect$$rtentry$$0000000D)
    .ARM.Collect$$rtexit$$00000000           0x000002e0   Section        2  rtexit.o(.ARM.Collect$$rtexit$$00000000)
    .ARM.Collect$$rtexit$$00000002           0x000002e2   Section        0  rtexit2.o(.ARM.Collect$$rtexit$$00000002)
    .ARM.Collect$$rtexit$$00000003           0x000002e2   Section        4  rtexit2.o(.ARM.Collect$$rtexit$$00000003)
    .ARM.Collect$$rtexit$$00000004           0x000002e6   Section        6  rtexit2.o(.ARM.Collect$$rtexit$$00000004)
    .text                                    0x000002ec   Section       76  startup_mb9bf56x.o(.text)
    $v0                                      0x000002ec   Number         0  startup_mb9bf56x.o(.text)
    .text                                    0x00000338   Section        0  system_mb9abxxx.o(.text)
    .text                                    0x0000050c   Section        0  pdl.o(.text)
    .text                                    0x00000520   Section        0  exint.o(.text)
    NVIC_SetPriority                         0x00000521   Thumb Code    32  exint.o(.text)
    ExintGetInternDataIdx                    0x00000541   Thumb Code    38  exint.o(.text)
    NVIC_EnableIRQ                           0x000007d9   Thumb Code    22  exint.o(.text)
    NVIC_DisableIRQ                          0x000007ef   Thumb Code    18  exint.o(.text)
    NVIC_ClearPendingIRQ                     0x00000801   Thumb Code    18  exint.o(.text)
    .text                                    0x00000834   Section        0  interrupts.o(.text)
    .text                                    0x000008fc   Section        0  dt.o(.text)
    NVIC_SetPriority                         0x000008fd   Thumb Code    32  dt.o(.text)
    DtGetInternDataPtr                       0x0000091d   Thumb Code    70  dt.o(.text)
    Dt_InitIrq                               0x00000963   Thumb Code    40  dt.o(.text)
    Dt_DeInitIrq                             0x0000098b   Thumb Code    36  dt.o(.text)
    NVIC_ClearPendingIRQ                     0x00000ca7   Thumb Code    18  dt.o(.text)
    .text                                    0x00000cd0   Section        0  mfs.o(.text)
    NVIC_SetPriority                         0x00000cd1   Thumb Code    32  mfs.o(.text)
    MfsGetInternDataPtr                      0x00000cf1   Thumb Code    48  mfs.o(.text)
    NVIC_EnableIRQ                           0x00002783   Thumb Code    22  mfs.o(.text)
    NVIC_DisableIRQ                          0x00002799   Thumb Code    18  mfs.o(.text)
    NVIC_ClearPendingIRQ                     0x000027ab   Thumb Code    18  mfs.o(.text)
    .text                                    0x000027c4   Section        0  main.o(.text)
    __sti___8_main_cpp_tft                   0x000028c5   Thumb Code    12  main.o(.text)
    .text                                    0x00002908   Section        0  adafruit_gfx.o(.text)
    .text                                    0x000034d0   Section        0  adafruit_ssd1351.o(.text)
    .text                                    0x00003b9c   Section        0  wyzbee_spi.o(.text)
    .text                                    0x00003f9c   Section        0  timetick.o(.text)
    .text                                    0x00004048   Section        0  infrared.o(.text)
    .text                                    0x000042fc   Section        0  noretval__2sprintf.o(.text)
    .text                                    0x00004324   Section        0  _printf_pad.o(.text)
    .text                                    0x00004374   Section        0  _printf_hex_int.o(.text)
    .text                                    0x000043cc   Section        0  __printf_flags_wp.o(.text)
    .text                                    0x00004504   Section        0  heapauxi.o(.text)
    .text                                    0x0000450c   Section        0  init_aeabi.o(.text)
    .text                                    0x00004530   Section        0  _printf_intcommon.o(.text)
    .text                                    0x000045e4   Section        0  _printf_char_common.o(.text)
    _printf_input_char                       0x000045e5   Thumb Code    10  _printf_char_common.o(.text)
    .text                                    0x00004614   Section        0  _sputc.o(.text)
    .text                                    0x0000461e   Section        0  defsig_pvfn_outer.o(.text)
    .text                                    0x0000462c   Section        0  defsig_exit.o(.text)
    .text                                    0x00004638   Section        0  defsig_pvfn_inner.o(.text)
    .text                                    0x00004668   Section        0  sys_exit.o(.text)
    .text                                    0x00004674   Section       74  sys_stackheap_outer.o(.text)
    .text                                    0x000046be   Section        0  exit.o(.text)
    .text                                    0x000046ca   Section        0  defsig_general.o(.text)
    .text                                    0x000046fc   Section        0  sys_wrch.o(.text)
    .text                                    0x0000470c   Section        8  libspace.o(.text)
    .text                                    0x00004714   Section        2  use_no_semi.o(.text)
    .text                                    0x00004716   Section        0  indicate_semi.o(.text)
    i._ZN16Adafruit_SSD13518spiwriteEh       0x00004716   Section        0  adafruit_ssd1351.o(i._ZN16Adafruit_SSD13518spiwriteEh)
    i.__cxa_pure_virtual                     0x0000472a   Section        0  pure_virt.o(i.__cxa_pure_virtual)
    i._is_digit                              0x00004730   Section        0  __printf_wp.o(i._is_digit)
    x$fpl$fpinit                             0x0000473e   Section       10  fpinit.o(x$fpl$fpinit)
    $v0                                      0x0000473e   Number         0  fpinit.o(x$fpl$fpinit)
    .constdata                               0x00004748   Section        5  exint.o(.constdata)
    .constdata                               0x0000474d   Section     1275  adafruit_gfx.o(.constdata)
    font                                     0x0000474d   Data        1275  adafruit_gfx.o(.constdata)
    .constdata                               0x00004c48   Section       40  _printf_hex_int.o(.constdata)
    uc_hextab                                0x00004c48   Data          20  _printf_hex_int.o(.constdata)
    lc_hextab                                0x00004c5c   Data          20  _printf_hex_int.o(.constdata)
    .constdata                               0x00004c70   Section       17  __printf_flags_wp.o(.constdata)
    maptable                                 0x00004c70   Data          17  __printf_flags_wp.o(.constdata)
    .constdata__ZTV12Adafruit_GFX            0x00004c84   Section       44  adafruit_gfx.o(.constdata__ZTV12Adafruit_GFX)
    .constdata__ZTV16Adafruit_SSD1351        0x00004cb0   Section      108  adafruit_ssd1351.o(.constdata__ZTV16Adafruit_SSD1351)
    .constdata__ZTV16Adafruit_SSD1351        0x00004d1c   Section        8  adafruit_ssd1351.o(.constdata__ZTV16Adafruit_SSD1351)
    .init_array                              0x00004d44   Section        4  main.o(.init_array)
    .init_array                              0x00004d48   Section        0  init_aeabi.o(.init_array)
    .data                                    0x20038000   Section        5  system_mb9abxxx.o(.data)
    u8IoRegisterRead                         0x20038004   Data           1  system_mb9abxxx.o(.data)
    .data                                    0x20038008   Section        4  exint.o(.data)
    .data                                    0x2003800c   Section       12  dt.o(.data)
    m_astcDtInstanceDataLut                  0x2003800c   Data          12  dt.o(.data)
    .data                                    0x20038018   Section       40  mfs.o(.data)
    .data                                    0x20038040   Section       24  main.o(.data)
    Dual_Timer                               0x20038040   Data           3  main.o(.data)
    .data                                    0x20038058   Section        4  timetick.o(.data)
    _dwTickCount                             0x20038058   Data           4  timetick.o(.data)
    .data                                    0x2003805c   Section       36  infrared.o(.data)
    .bss                                     0x20038080   Section       16  exint.o(.bss)
    .bss                                     0x20038090   Section       56  main.o(.bss)
    .bss                                     0x200380c8   Section      192  infrared.o(.bss)
    .bss                                     0x20038188   Section       96  libspace.o(.bss)
    HEAP                                     0x200381e8   Section        0  startup_mb9bf56x.o(HEAP)
    STACK                                    0x200381e8   Section      512  startup_mb9bf56x.o(STACK)
    Heap_Mem                                 0x200381e8   Data           0  startup_mb9bf56x.o(HEAP)
    Stack_Mem                                0x200381e8   Data         512  startup_mb9bf56x.o(STACK)
    __initial_sp                             0x200383e8   Data           0  startup_mb9bf56x.o(STACK)

    Global Symbols

    Symbol Name                              Value     Ov Type        Size  Object(Section)

    BuildAttributes$$THM_ISAv4$E$P$D$K$B$S$7EM$VFPi3$EXTD16$VFPS$VFMA$PE$A:L22UL41UL21$X:L11$S22US41US21$IEEE1$IW$USESV6$~STKCKD$USESV7$~SHL$OTIME$ROPI$EBA8$UX$STANDARDLIB$REQ8$PRES8$EABIv2 0x00000000   Number         0  anon$$obj.o ABSOLUTE
    __ARM_use_no_argv                        0x00000000   Number         0  main.o ABSOLUTE
    __Vectors                                0x00000000   Data           4  startup_mb9bf56x.o(RESET)
    _printf_flags                            0x00000000   Number         0  printf_stubs.o ABSOLUTE
    _printf_return_value                     0x00000000   Number         0  printf_stubs.o ABSOLUTE
    _printf_sizespec                         0x00000000   Number         0  printf_stubs.o ABSOLUTE
    _printf_widthprec                        0x00000000   Number         0  printf_stubs.o ABSOLUTE
    __ARM::default_unexpected_handler()       - Undefined Weak Reference
    __ARM_exceptions_buffer_required          - Undefined Weak Reference
    __ARM_exceptions_init                     - Undefined Weak Reference
    __alloca_initialize                       - Undefined Weak Reference
    __arm_preinit_                            - Undefined Weak Reference
    __cxa_finalize                            - Undefined Weak Reference
    __rt_locale                               - Undefined Weak Reference
    __sigvec_lookup                           - Undefined Weak Reference
    __user_heap_extent                        - Undefined Weak Reference
    _atexit_init                              - Undefined Weak Reference
    _call_atexit_fns                          - Undefined Weak Reference
    _clock_init                               - Undefined Weak Reference
    _fp_trap_init                             - Undefined Weak Reference
    _fp_trap_shutdown                         - Undefined Weak Reference
    _get_lc_collate                           - Undefined Weak Reference
    _get_lc_ctype                             - Undefined Weak Reference
    _get_lc_monetary                          - Undefined Weak Reference
    _get_lc_numeric                           - Undefined Weak Reference
    _get_lc_time                              - Undefined Weak Reference
    _getenv_init                              - Undefined Weak Reference
    _handle_redirection                       - Undefined Weak Reference
    _initio                                   - Undefined Weak Reference
    _mutex_acquire                            - Undefined Weak Reference
    _mutex_free                               - Undefined Weak Reference
    _mutex_release                            - Undefined Weak Reference
    _printf_truncate_unsigned                 - Undefined Weak Reference
    _rand_init                                - Undefined Weak Reference
    _signal_finish                            - Undefined Weak Reference
    _signal_init                              - Undefined Weak Reference
    _terminateio                              - Undefined Weak Reference
    __Vectors_End                            0x00000240   Data           0  startup_mb9bf56x.o(RESET)
    __Vectors_Size                           0x00000240   Number         0  startup_mb9bf56x.o ABSOLUTE
    __main                                   0x00000241   Thumb Code     8  __main.o(!!!main)
    __scatterload                            0x00000249   Thumb Code     0  __scatter.o(!!!scatter)
    __scatterload_rt2                        0x00000249   Thumb Code    44  __scatter.o(!!!scatter)
    __scatterload_rt2_thumb_only             0x00000249   Thumb Code     0  __scatter.o(!!!scatter)
    __scatterload_null                       0x00000257   Thumb Code     0  __scatter.o(!!!scatter)
    __scatterload_copy                       0x0000027d   Thumb Code    26  __scatter_copy.o(!!handler_copy)
    __scatterload_zeroinit                   0x00000299   Thumb Code    28  __scatter_zi.o(!!handler_zi)
    _printf_percent                          0x000002b5   Thumb Code     0  _printf_percent.o(.ARM.Collect$$_printf_percent$$00000000)
    _printf_x                                0x000002b5   Thumb Code     0  _printf_x.o(.ARM.Collect$$_printf_percent$$0000000C)
    _printf_percent_end                      0x000002bb   Thumb Code     0  _printf_percent_end.o(.ARM.Collect$$_printf_percent$$00000017)
    __rt_lib_init                            0x000002bf   Thumb Code     0  libinit.o(.ARM.Collect$$libinit$$00000000)
    __rt_lib_init_fp_1                       0x000002c1   Thumb Code     0  libinit2.o(.ARM.Collect$$libinit$$00000001)
    __rt_lib_init_alloca_1                   0x000002c5   Thumb Code     0  libinit2.o(.ARM.Collect$$libinit$$0000002E)
    __rt_lib_init_argv_1                     0x000002c5   Thumb Code     0  libinit2.o(.ARM.Collect$$libinit$$0000002C)
    __rt_lib_init_atexit_1                   0x000002c5   Thumb Code     0  libinit2.o(.ARM.Collect$$libinit$$0000001B)
    __rt_lib_init_clock_1                    0x000002c5   Thumb Code     0  libinit2.o(.ARM.Collect$$libinit$$00000021)
    __rt_lib_init_cpp_2                      0x000002c5   Thumb Code     0  libinit2.o(.ARM.Collect$$libinit$$00000031)
    __rt_lib_init_exceptions_1               0x000002c5   Thumb Code     0  libinit2.o(.ARM.Collect$$libinit$$00000030)
    __rt_lib_init_fp_trap_1                  0x000002c5   Thumb Code     0  libinit2.o(.ARM.Collect$$libinit$$0000001F)
    __rt_lib_init_getenv_1                   0x000002c5   Thumb Code     0  libinit2.o(.ARM.Collect$$libinit$$00000023)
    __rt_lib_init_heap_1                     0x000002c5   Thumb Code     0  libinit2.o(.ARM.Collect$$libinit$$0000000A)
    __rt_lib_init_lc_collate_1               0x000002c5   Thumb Code     0  libinit2.o(.ARM.Collect$$libinit$$00000011)
    __rt_lib_init_lc_ctype_1                 0x000002c5   Thumb Code     0  libinit2.o(.ARM.Collect$$libinit$$00000013)
    __rt_lib_init_lc_monetary_1              0x000002c5   Thumb Code     0  libinit2.o(.ARM.Collect$$libinit$$00000015)
    __rt_lib_init_lc_numeric_1               0x000002c5   Thumb Code     0  libinit2.o(.ARM.Collect$$libinit$$00000017)
    __rt_lib_init_lc_time_1                  0x000002c5   Thumb Code     0  libinit2.o(.ARM.Collect$$libinit$$00000019)
    __rt_lib_init_preinit_1                  0x000002c5   Thumb Code     0  libinit2.o(.ARM.Collect$$libinit$$00000004)
    __rt_lib_init_rand_1                     0x000002c5   Thumb Code     0  libinit2.o(.ARM.Collect$$libinit$$0000000E)
    __rt_lib_init_signal_1                   0x000002c5   Thumb Code     0  libinit2.o(.ARM.Collect$$libinit$$0000001D)
    __rt_lib_init_stdio_1                    0x000002c5   Thumb Code     0  libinit2.o(.ARM.Collect$$libinit$$00000025)
    __rt_lib_init_user_alloc_1               0x000002c5   Thumb Code     0  libinit2.o(.ARM.Collect$$libinit$$0000000C)
    __rt_lib_init_cpp_1                      0x000002c9   Thumb Code     0  libinit2.o(.ARM.Collect$$libinit$$00000032)
    __rt_lib_init_return                     0x000002c9   Thumb Code     0  libinit2.o(.ARM.Collect$$libinit$$00000033)
    __rt_lib_shutdown                        0x000002cb   Thumb Code     0  libshutdown.o(.ARM.Collect$$libshutdown$$00000000)
    __rt_lib_shutdown_fp_trap_1              0x000002cd   Thumb Code     0  libshutdown2.o(.ARM.Collect$$libshutdown$$00000006)
    __rt_lib_shutdown_heap_1                 0x000002cd   Thumb Code     0  libshutdown2.o(.ARM.Collect$$libshutdown$$0000000E)
    __rt_lib_shutdown_return                 0x000002cd   Thumb Code     0  libshutdown2.o(.ARM.Collect$$libshutdown$$0000000F)
    __rt_lib_shutdown_signal_1               0x000002cd   Thumb Code     0  libshutdown2.o(.ARM.Collect$$libshutdown$$00000009)
    __rt_lib_shutdown_stdio_1                0x000002cd   Thumb Code     0  libshutdown2.o(.ARM.Collect$$libshutdown$$00000003)
    __rt_lib_shutdown_user_alloc_1           0x000002cd   Thumb Code     0  libshutdown2.o(.ARM.Collect$$libshutdown$$0000000B)
    __rt_entry                               0x000002cf   Thumb Code     0  __rtentry.o(.ARM.Collect$$rtentry$$00000000)
    __rt_entry_presh_1                       0x000002cf   Thumb Code     0  __rtentry2.o(.ARM.Collect$$rtentry$$00000002)
    __rt_entry_sh                            0x000002cf   Thumb Code     0  __rtentry4.o(.ARM.Collect$$rtentry$$00000004)
    __rt_entry_li                            0x000002d5   Thumb Code     0  __rtentry2.o(.ARM.Collect$$rtentry$$0000000A)
    __rt_entry_postsh_1                      0x000002d5   Thumb Code     0  __rtentry2.o(.ARM.Collect$$rtentry$$00000009)
    __rt_entry_main                          0x000002d9   Thumb Code     0  __rtentry2.o(.ARM.Collect$$rtentry$$0000000D)
    __rt_entry_postli_1                      0x000002d9   Thumb Code     0  __rtentry2.o(.ARM.Collect$$rtentry$$0000000C)
    __rt_exit                                0x000002e1   Thumb Code     0  rtexit.o(.ARM.Collect$$rtexit$$00000000)
    __rt_exit_ls                             0x000002e3   Thumb Code     0  rtexit2.o(.ARM.Collect$$rtexit$$00000003)
    __rt_exit_prels_1                        0x000002e3   Thumb Code     0  rtexit2.o(.ARM.Collect$$rtexit$$00000002)
    __rt_exit_exit                           0x000002e7   Thumb Code     0  rtexit2.o(.ARM.Collect$$rtexit$$00000004)
    Reset_Handler                            0x000002ed   Thumb Code    20  startup_mb9bf56x.o(.text)
    HardFault_Handler                        0x00000303   Thumb Code     2  startup_mb9bf56x.o(.text)
    MemManage_Handler                        0x00000305   Thumb Code     2  startup_mb9bf56x.o(.text)
    BusFault_Handler                         0x00000307   Thumb Code     2  startup_mb9bf56x.o(.text)
    UsageFault_Handler                       0x00000309   Thumb Code     2  startup_mb9bf56x.o(.text)
    SVC_Handler                              0x0000030b   Thumb Code     2  startup_mb9bf56x.o(.text)
    DebugMon_Handler                         0x0000030d   Thumb Code     2  startup_mb9bf56x.o(.text)
    PendSV_Handler                           0x0000030f   Thumb Code     2  startup_mb9bf56x.o(.text)
    ADC0_IRQHandler                          0x00000313   Thumb Code     0  startup_mb9bf56x.o(.text)
    ADC1_IRQHandler                          0x00000313   Thumb Code     0  startup_mb9bf56x.o(.text)
    ADC2_IRQHandler                          0x00000313   Thumb Code     0  startup_mb9bf56x.o(.text)
    BT0_IRQHandler                           0x00000313   Thumb Code     0  startup_mb9bf56x.o(.text)
    BT10_IRQHandler                          0x00000313   Thumb Code     0  startup_mb9bf56x.o(.text)
    BT11_IRQHandler                          0x00000313   Thumb Code     0  startup_mb9bf56x.o(.text)
    BT12_15_IRQHandler                       0x00000313   Thumb Code     0  startup_mb9bf56x.o(.text)
    BT1_IRQHandler                           0x00000313   Thumb Code     0  startup_mb9bf56x.o(.text)
    BT2_IRQHandler                           0x00000313   Thumb Code     0  startup_mb9bf56x.o(.text)
    BT3_IRQHandler                           0x00000313   Thumb Code     0  startup_mb9bf56x.o(.text)
    BT4_IRQHandler                           0x00000313   Thumb Code     0  startup_mb9bf56x.o(.text)
    BT5_IRQHandler                           0x00000313   Thumb Code     0  startup_mb9bf56x.o(.text)
    BT6_IRQHandler                           0x00000313   Thumb Code     0  startup_mb9bf56x.o(.text)
    BT7_IRQHandler                           0x00000313   Thumb Code     0  startup_mb9bf56x.o(.text)
    BT8_IRQHandler                           0x00000313   Thumb Code     0  startup_mb9bf56x.o(.text)
    BT9_IRQHandler                           0x00000313   Thumb Code     0  startup_mb9bf56x.o(.text)
    CAN0_IRQHandler                          0x00000313   Thumb Code     0  startup_mb9bf56x.o(.text)
    CAN1_IRQHandler                          0x00000313   Thumb Code     0  startup_mb9bf56x.o(.text)
    CSV_IRQHandler                           0x00000313   Thumb Code     0  startup_mb9bf56x.o(.text)
    DMAC0_IRQHandler                         0x00000313   Thumb Code     0  startup_mb9bf56x.o(.text)
    DMAC1_IRQHandler                         0x00000313   Thumb Code     0  startup_mb9bf56x.o(.text)
    DMAC2_IRQHandler                         0x00000313   Thumb Code     0  startup_mb9bf56x.o(.text)
    DMAC3_IRQHandler                         0x00000313   Thumb Code     0  startup_mb9bf56x.o(.text)
    DMAC4_IRQHandler                         0x00000313   Thumb Code     0  startup_mb9bf56x.o(.text)
    DMAC5_IRQHandler                         0x00000313   Thumb Code     0  startup_mb9bf56x.o(.text)
    DMAC6_IRQHandler                         0x00000313   Thumb Code     0  startup_mb9bf56x.o(.text)
    DMAC7_IRQHandler                         0x00000313   Thumb Code     0  startup_mb9bf56x.o(.text)
    DSTC_IRQHandler                          0x00000313   Thumb Code     0  startup_mb9bf56x.o(.text)
    Dummy                                    0x00000313   Thumb Code     0  startup_mb9bf56x.o(.text)
    ETHER0_IRQHandler                        0x00000313   Thumb Code     0  startup_mb9bf56x.o(.text)
    EXINT0_IRQHandler                        0x00000313   Thumb Code     0  startup_mb9bf56x.o(.text)
    EXINT16_17_18_19_IRQHandler              0x00000313   Thumb Code     0  startup_mb9bf56x.o(.text)
    EXINT1_IRQHandler                        0x00000313   Thumb Code     0  startup_mb9bf56x.o(.text)
    EXINT20_21_22_23_IRQHandler              0x00000313   Thumb Code     0  startup_mb9bf56x.o(.text)
    EXINT24_25_26_27_IRQHandler              0x00000313   Thumb Code     0  startup_mb9bf56x.o(.text)
    EXINT28_29_30_31_IRQHandler              0x00000313   Thumb Code     0  startup_mb9bf56x.o(.text)
    EXINT3_IRQHandler                        0x00000313   Thumb Code     0  startup_mb9bf56x.o(.text)
    EXINT4_IRQHandler                        0x00000313   Thumb Code     0  startup_mb9bf56x.o(.text)
    EXINT5_IRQHandler                        0x00000313   Thumb Code     0  startup_mb9bf56x.o(.text)
    EXINT6_IRQHandler                        0x00000313   Thumb Code     0  startup_mb9bf56x.o(.text)
    EXINT7_IRQHandler                        0x00000313   Thumb Code     0  startup_mb9bf56x.o(.text)
    EXTBUS_ERR_Handler                       0x00000313   Thumb Code     0  startup_mb9bf56x.o(.text)
    EXTINT10_IRQHandler                      0x00000313   Thumb Code     0  startup_mb9bf56x.o(.text)
    EXTINT12_IRQHandler                      0x00000313   Thumb Code     0  startup_mb9bf56x.o(.text)
    EXTINT13_IRQHandler                      0x00000313   Thumb Code     0  startup_mb9bf56x.o(.text)
    EXTINT14_IRQHandler                      0x00000313   Thumb Code     0  startup_mb9bf56x.o(.text)
    EXTINT15_IRQHandler                      0x00000313   Thumb Code     0  startup_mb9bf56x.o(.text)
    EXTINT8_IRQHandler                       0x00000313   Thumb Code     0  startup_mb9bf56x.o(.text)
    EXTINT9_IRQHandler                       0x00000313   Thumb Code     0  startup_mb9bf56x.o(.text)
    FLASHIF_IRQHandler                       0x00000313   Thumb Code     0  startup_mb9bf56x.o(.text)
    FRT0_PEAK_IRQHandler                     0x00000313   Thumb Code     0  startup_mb9bf56x.o(.text)
    FRT0_ZERO_IRQHandler                     0x00000313   Thumb Code     0  startup_mb9bf56x.o(.text)
    FRT1_PEAK_IRQHandler                     0x00000313   Thumb Code     0  startup_mb9bf56x.o(.text)
    FRT1_ZERO_IRQHandler                     0x00000313   Thumb Code     0  startup_mb9bf56x.o(.text)
    FRT2_PEAK_IRQHandler                     0x00000313   Thumb Code     0  startup_mb9bf56x.o(.text)
    FRT2_ZERO_IRQHandler                     0x00000313   Thumb Code     0  startup_mb9bf56x.o(.text)
    ICU0_IRQHandler                          0x00000313   Thumb Code     0  startup_mb9bf56x.o(.text)
    ICU1_IRQHandler                          0x00000313   Thumb Code     0  startup_mb9bf56x.o(.text)
    ICU2_IRQHandler                          0x00000313   Thumb Code     0  startup_mb9bf56x.o(.text)
    IRQ003SEL_IRQHandler                     0x00000313   Thumb Code     0  startup_mb9bf56x.o(.text)
    IRQ004SEL_IRQHandler                     0x00000313   Thumb Code     0  startup_mb9bf56x.o(.text)
    IRQ005SEL_IRQHandler                     0x00000313   Thumb Code     0  startup_mb9bf56x.o(.text)
    IRQ006SEL_IRQHandler                     0x00000313   Thumb Code     0  startup_mb9bf56x.o(.text)
    IRQ007SEL_IRQHandler                     0x00000313   Thumb Code     0  startup_mb9bf56x.o(.text)
    IRQ008SEL_IRQHandler                     0x00000313   Thumb Code     0  startup_mb9bf56x.o(.text)
    IRQ009SEL_IRQHandler                     0x00000313   Thumb Code     0  startup_mb9bf56x.o(.text)
    IRQ010SEL_IRQHandler                     0x00000313   Thumb Code     0  startup_mb9bf56x.o(.text)
    LVD_IRQHandler                           0x00000313   Thumb Code     0  startup_mb9bf56x.o(.text)
    MFS0_RX_IRQHandler                       0x00000313   Thumb Code     0  startup_mb9bf56x.o(.text)
    MFS0_TX_IRQHandler                       0x00000313   Thumb Code     0  startup_mb9bf56x.o(.text)
    MFS10_RX_IRQHandler                      0x00000313   Thumb Code     0  startup_mb9bf56x.o(.text)
    MFS10_TX_IRQHandler                      0x00000313   Thumb Code     0  startup_mb9bf56x.o(.text)
    MFS11_RX_IRQHandler                      0x00000313   Thumb Code     0  startup_mb9bf56x.o(.text)
    MFS11_TX_IRQHandler                      0x00000313   Thumb Code     0  startup_mb9bf56x.o(.text)
    MFS12_RX_IRQHandler                      0x00000313   Thumb Code     0  startup_mb9bf56x.o(.text)
    MFS12_TX_IRQHandler                      0x00000313   Thumb Code     0  startup_mb9bf56x.o(.text)
    MFS13_RX_IRQHandler                      0x00000313   Thumb Code     0  startup_mb9bf56x.o(.text)
    MFS13_TX_IRQHandler                      0x00000313   Thumb Code     0  startup_mb9bf56x.o(.text)
    MFS14_RX_IRQHandler                      0x00000313   Thumb Code     0  startup_mb9bf56x.o(.text)
    MFS14_TX_IRQHandler                      0x00000313   Thumb Code     0  startup_mb9bf56x.o(.text)
    MFS15_RX_IRQHandler                      0x00000313   Thumb Code     0  startup_mb9bf56x.o(.text)
    MFS15_TX_IRQHandler                      0x00000313   Thumb Code     0  startup_mb9bf56x.o(.text)
    MFS1_RX_IRQHandler                       0x00000313   Thumb Code     0  startup_mb9bf56x.o(.text)
    MFS1_TX_IRQHandler                       0x00000313   Thumb Code     0  startup_mb9bf56x.o(.text)
    MFS2_RX_IRQHandler                       0x00000313   Thumb Code     0  startup_mb9bf56x.o(.text)
    MFS2_TX_IRQHandler                       0x00000313   Thumb Code     0  startup_mb9bf56x.o(.text)
    MFS3_RX_IRQHandler                       0x00000313   Thumb Code     0  startup_mb9bf56x.o(.text)
    MFS3_TX_IRQHandler                       0x00000313   Thumb Code     0  startup_mb9bf56x.o(.text)
    MFS4_RX_IRQHandler                       0x00000313   Thumb Code     0  startup_mb9bf56x.o(.text)
    MFS4_TX_IRQHandler                       0x00000313   Thumb Code     0  startup_mb9bf56x.o(.text)
    MFS5_RX_IRQHandler                       0x00000313   Thumb Code     0  startup_mb9bf56x.o(.text)
    MFS5_TX_IRQHandler                       0x00000313   Thumb Code     0  startup_mb9bf56x.o(.text)
    MFS6_RX_IRQHandler                       0x00000313   Thumb Code     0  startup_mb9bf56x.o(.text)
    MFS6_TX_IRQHandler                       0x00000313   Thumb Code     0  startup_mb9bf56x.o(.text)
    MFS8_RX_IRQHandler                       0x00000313   Thumb Code     0  startup_mb9bf56x.o(.text)
    MFS8_TX_IRQHandler                       0x00000313   Thumb Code     0  startup_mb9bf56x.o(.text)
    MFS9_RX_IRQHandler                       0x00000313   Thumb Code     0  startup_mb9bf56x.o(.text)
    MFS9_TX_IRQHandler                       0x00000313   Thumb Code     0  startup_mb9bf56x.o(.text)
    OCU0_IRQHandler                          0x00000313   Thumb Code     0  startup_mb9bf56x.o(.text)
    OCU1_IRQHandler                          0x00000313   Thumb Code     0  startup_mb9bf56x.o(.text)
    OCU2_IRQHandler                          0x00000313   Thumb Code     0  startup_mb9bf56x.o(.text)
    PPG00_02_04_IRQHandler                   0x00000313   Thumb Code     0  startup_mb9bf56x.o(.text)
    PPG08_10_12_IRQHandler                   0x00000313   Thumb Code     0  startup_mb9bf56x.o(.text)
    PPG16_18_20_IRQHandler                   0x00000313   Thumb Code     0  startup_mb9bf56x.o(.text)
    QPRC0_IRQHandler                         0x00000313   Thumb Code     0  startup_mb9bf56x.o(.text)
    QPRC1_IRQHandler                         0x00000313   Thumb Code     0  startup_mb9bf56x.o(.text)
    QPRC2_IRQHandler                         0x00000313   Thumb Code     0  startup_mb9bf56x.o(.text)
    QPRC3_IRQHandler                         0x00000313   Thumb Code     0  startup_mb9bf56x.o(.text)
    RTC_IRQHandler                           0x00000313   Thumb Code     0  startup_mb9bf56x.o(.text)
    SD_IRQHandler                            0x00000313   Thumb Code     0  startup_mb9bf56x.o(.text)
    SWDT_IRQHandler                          0x00000313   Thumb Code     0  startup_mb9bf56x.o(.text)
    TIM_IRQHandler                           0x00000313   Thumb Code     0  startup_mb9bf56x.o(.text)
    USB0_HOST_IRQHandler                     0x00000313   Thumb Code     0  startup_mb9bf56x.o(.text)
    USB0_IRQHandler                          0x00000313   Thumb Code     0  startup_mb9bf56x.o(.text)
    USB1_HOST_IRQHandler                     0x00000313   Thumb Code     0  startup_mb9bf56x.o(.text)
    USB1_IRQHandler                          0x00000313   Thumb Code     0  startup_mb9bf56x.o(.text)
    WC_IRQHandler                            0x00000313   Thumb Code     0  startup_mb9bf56x.o(.text)
    WFG0_DTIF0_IRQHandler                    0x00000313   Thumb Code     0  startup_mb9bf56x.o(.text)
    WFG1_DTIF1_IRQHandler                    0x00000313   Thumb Code     0  startup_mb9bf56x.o(.text)
    WFG2_DTIF2_IRQHandler                    0x00000313   Thumb Code     0  startup_mb9bf56x.o(.text)
    __user_initial_stackheap                 0x00000315   Thumb Code     0  startup_mb9bf56x.o(.text)
    SystemCoreClockUpdate                    0x00000339   Thumb Code   178  system_mb9abxxx.o(.text)
    SystemInit                               0x000003eb   Thumb Code   240  system_mb9abxxx.o(.text)
    pdl_memclr                               0x0000050d   Thumb Code    18  pdl.o(.text)
    PDL_WAIT_LOOP_HOOK                       0x0000051f   Thumb Code     2  pdl.o(.text)
    Exint_IrqHandler                         0x00000567   Thumb Code    44  exint.o(.text)
    ExintNMIrqHandler                        0x00000593   Thumb Code    32  exint.o(.text)
    Exint_Init                               0x000005b3   Thumb Code   308  exint.o(.text)
    Exint_DeInit                             0x000006e7   Thumb Code    68  exint.o(.text)
    Exint_EnableChannel                      0x0000072b   Thumb Code    42  exint.o(.text)
    Exint_DisableChannel                     0x00000755   Thumb Code    28  exint.o(.text)
    Exint_Nmi_Init                           0x00000771   Thumb Code    52  exint.o(.text)
    Exint_Nmi_DeInit                         0x000007a5   Thumb Code    52  exint.o(.text)
    NMI_Handler                              0x00000835   Thumb Code     2  interrupts.o(.text)
    DT1_2_IRQHandler                         0x00000837   Thumb Code    32  interrupts.o(.text)
    EXINT2_IRQHandler                        0x00000857   Thumb Code    10  interrupts.o(.text)
    IRQ018_Handler                           0x00000861   Thumb Code    10  interrupts.o(.text)
    EXINT11_IRQHandler                       0x0000086b   Thumb Code    10  interrupts.o(.text)
    IRQ057_Handler                           0x00000875   Thumb Code    10  interrupts.o(.text)
    IRQ068_Handler                           0x0000087f   Thumb Code    12  interrupts.o(.text)
    IRQ069_Handler                           0x0000088b   Thumb Code    40  interrupts.o(.text)
    MFS7_RX_IRQHandler                       0x000008b3   Thumb Code    14  interrupts.o(.text)
    MFS7_TX_IRQHandler                       0x000008c1   Thumb Code    44  interrupts.o(.text)
    DtIrqHandler                             0x000009af   Thumb Code    40  dt.o(.text)
    Dt_Init                                  0x000009d7   Thumb Code   232  dt.o(.text)
    Dt_DeInit                                0x00000abf   Thumb Code    60  dt.o(.text)
    Dt_EnableCount                           0x00000afb   Thumb Code    42  dt.o(.text)
    Dt_DisableCount                          0x00000b25   Thumb Code    40  dt.o(.text)
    Dt_EnableInt                             0x00000b4d   Thumb Code    52  dt.o(.text)
    Dt_DisableInt                            0x00000b81   Thumb Code    50  dt.o(.text)
    Dt_GetIntFlag                            0x00000bb3   Thumb Code    38  dt.o(.text)
    Dt_GetMaskIntFlag                        0x00000bd9   Thumb Code    38  dt.o(.text)
    Dt_ClrIntFlag                            0x00000bff   Thumb Code    34  dt.o(.text)
    Dt_WriteLoadVal                          0x00000c21   Thumb Code    46  dt.o(.text)
    Dt_WriteBgLoadVal                        0x00000c4f   Thumb Code    46  dt.o(.text)
    Dt_ReadCurCntVal                         0x00000c7d   Thumb Code    42  dt.o(.text)
    Mfs_InitTxIrq                            0x00000d21   Thumb Code    60  mfs.o(.text)
    Mfs_InitRxIrq                            0x00000d5d   Thumb Code    60  mfs.o(.text)
    Mfs_DeInitIrq                            0x00000d99   Thumb Code   100  mfs.o(.text)
    MfsIrqHandlerRx                          0x00000dfd   Thumb Code    24  mfs.o(.text)
    MfsIrqHandlerTx                          0x00000e15   Thumb Code    24  mfs.o(.text)
    MfsIrqHandlerStatus                      0x00000e2d   Thumb Code    24  mfs.o(.text)
    Mfs_GetBusClock                          0x00000e45   Thumb Code   194  mfs.o(.text)
    Mfs_GetReloadValue                       0x00000f07   Thumb Code    26  mfs.o(.text)
    Mfs_Uart_SetBaudRate                     0x00000f21   Thumb Code    50  mfs.o(.text)
    Mfs_Uart_Init                            0x00000f53   Thumb Code   548  mfs.o(.text)
    Mfs_Uart_DeInit                          0x00001177   Thumb Code    96  mfs.o(.text)
    Mfs_Csio_SetBaudRate                     0x000011d7   Thumb Code    50  mfs.o(.text)
    Mfs_Csio_Init                            0x00001209   Thumb Code   712  mfs.o(.text)
    Mfs_Csio_DeInit                          0x000014d1   Thumb Code    94  mfs.o(.text)
    Mfs_Csio_SetSckOutEnable                 0x0000152f   Thumb Code    46  mfs.o(.text)
    Mfs_Csio_ReadData32                      0x0000155d   Thumb Code    22  mfs.o(.text)
    Mfs_Csio_WriteData32                     0x00001573   Thumb Code    26  mfs.o(.text)
    Mfs_Csio_SetChipSelectErrEnable          0x0000158d   Thumb Code    48  mfs.o(.text)
    Mfs_Csio_SetChipSelectErrIntEnable       0x000015bd   Thumb Code    48  mfs.o(.text)
    Mfs_Csio_GetStatus                       0x000015ed   Thumb Code    28  mfs.o(.text)
    Mfs_Csio_ClrChipSelectErr                0x00001609   Thumb Code    30  mfs.o(.text)
    Mfs_Csio_ClrTimerIntReq                  0x00001627   Thumb Code    30  mfs.o(.text)
    Mfs_Csio_SetSerialTimerIntEnable         0x00001645   Thumb Code    46  mfs.o(.text)
    Mfs_Csio_SetSyncTransEnable              0x00001673   Thumb Code    46  mfs.o(.text)
    Mfs_Csio_SetTimerPrescale                0x000016a1   Thumb Code    32  mfs.o(.text)
    Mfs_Csio_SetSerialTimerEnable            0x000016c1   Thumb Code    46  mfs.o(.text)
    Mfs_Csio_GetSerialTimer                  0x000016ef   Thumb Code    22  mfs.o(.text)
    Mfs_Csio_SetCmpVal4SerialTimer           0x00001705   Thumb Code    26  mfs.o(.text)
    Mfs_Csio_SetCsHold                       0x0000171f   Thumb Code    48  mfs.o(.text)
    Mfs_Csio_SetCsTimingPrescale             0x0000174f   Thumb Code    32  mfs.o(.text)
    Mfs_Csio_SetCsInActiveLevel              0x0000176f   Thumb Code    46  mfs.o(.text)
    Mfs_Csio_SetChipSelectEnable             0x0000179d   Thumb Code    46  mfs.o(.text)
    Mfs_Csio_SetChipSelectOutEnable          0x000017cb   Thumb Code    46  mfs.o(.text)
    Mfs_Csio_SetCsTimingConfig               0x000017f9   Thumb Code    38  mfs.o(.text)
    Mfs_Csio_SetTxLength                     0x0000181f   Thumb Code    28  mfs.o(.text)
    Mfs_I2c_GetReloadValue                   0x0000183b   Thumb Code    26  mfs.o(.text)
    Mfs_I2c_SetBaudRate                      0x00001855   Thumb Code    46  mfs.o(.text)
    Mfs_I2c_Init                             0x00001883   Thumb Code   458  mfs.o(.text)
    Mfs_I2c_DeInit                           0x00001a4d   Thumb Code    76  mfs.o(.text)
    Mfs_I2c_SetTxIntEnable                   0x00001a99   Thumb Code    46  mfs.o(.text)
    Mfs_I2c_SetRxIntEnable                   0x00001ac7   Thumb Code    46  mfs.o(.text)
    Mfs_I2c_SetAckEnable                     0x00001af5   Thumb Code    46  mfs.o(.text)
    Mfs_I2c_SetWaitSelect                    0x00001b23   Thumb Code    48  mfs.o(.text)
    Mfs_I2c_SetCondDetIntEnable              0x00001b53   Thumb Code    46  mfs.o(.text)
    Mfs_I2c_SetIntEnable                     0x00001b81   Thumb Code    46  mfs.o(.text)
    Mfs_I2c_GetBusErrStatus                  0x00001baf   Thumb Code    28  mfs.o(.text)
    Mfs_I2c_GetIntStatus                     0x00001bcb   Thumb Code    28  mfs.o(.text)
    Mfs_I2c_ClearIntStatus                   0x00001be7   Thumb Code    30  mfs.o(.text)
    Mfs_I2c_SetTransmitEmpty                 0x00001c05   Thumb Code    30  mfs.o(.text)
    Mfs_I2c_SetDmaModeEnable                 0x00001c23   Thumb Code    46  mfs.o(.text)
    Mfs_I2c_SetNoizeFilter                   0x00001c51   Thumb Code    30  mfs.o(.text)
    Mfs_I2c_SetSdaOutLevel                   0x00001c6f   Thumb Code    46  mfs.o(.text)
    Mfs_I2c_SetSclOutLevel                   0x00001c9d   Thumb Code    46  mfs.o(.text)
    Mfs_I2c_SetSerlalOutEnable               0x00001ccb   Thumb Code    58  mfs.o(.text)
    Mfs_I2c_SetBusErrorControlEnable         0x00001d05   Thumb Code    46  mfs.o(.text)
    Mfs_I2c_SetI2cEnable                     0x00001d33   Thumb Code    78  mfs.o(.text)
    Mfs_I2c_SetSlvAddrEnable                 0x00001d81   Thumb Code    78  mfs.o(.text)
    Mfs_Lin_SetBaudRate                      0x00001dcf   Thumb Code    16  mfs.o(.text)
    Mfs_Lin_Init                             0x00001ddf   Thumb Code   464  mfs.o(.text)
    Mfs_Lin_DeInit                           0x00001faf   Thumb Code    16  mfs.o(.text)
    Mfs_Lin_SetBreak                         0x00001fbf   Thumb Code    32  mfs.o(.text)
    Mfs_Lin_ClearBreakDetFlag                0x00001fdf   Thumb Code    30  mfs.o(.text)
    Mfs_Lin_SetBreakDetIntEnable             0x00001ffd   Thumb Code    46  mfs.o(.text)
    Mfs_Lin_SetBreakConfig                   0x0000202b   Thumb Code   190  mfs.o(.text)
    Mfs_SetSerialOutputEnable                0x000020e9   Thumb Code    46  mfs.o(.text)
    Mfs_SetWakeUpControlEnable               0x00002117   Thumb Code    46  mfs.o(.text)
    Mfs_SoftwareReset                        0x00002145   Thumb Code    32  mfs.o(.text)
    Mfs_SetRxIntEnable                       0x00002165   Thumb Code    46  mfs.o(.text)
    Mfs_SetTxIntEnable                       0x00002193   Thumb Code    46  mfs.o(.text)
    Mfs_SetTxBusIdleIntEnable                0x000021c1   Thumb Code    46  mfs.o(.text)
    Mfs_SetTxFifoIntEnable                   0x000021ef   Thumb Code    46  mfs.o(.text)
    Mfs_SetRxEnable                          0x0000221d   Thumb Code    46  mfs.o(.text)
    Mfs_SetTxEnable                          0x0000224b   Thumb Code    46  mfs.o(.text)
    Mfs_GetStatus                            0x00002279   Thumb Code    28  mfs.o(.text)
    Mfs_ErrorClear                           0x00002295   Thumb Code    32  mfs.o(.text)
    Mfs_ReadData                             0x000022b5   Thumb Code    22  mfs.o(.text)
    Mfs_WriteData                            0x000022cb   Thumb Code    26  mfs.o(.text)
    Mfs_ConfigFifo                           0x000022e5   Thumb Code    74  mfs.o(.text)
    Mfs_GetTxFifoReqStatus                   0x0000232f   Thumb Code    28  mfs.o(.text)
    Mfs_ClrTxFifoReqStatus                   0x0000234b   Thumb Code    30  mfs.o(.text)
    Mfs_ResetFifo                            0x00002369   Thumb Code    62  mfs.o(.text)
    Mfs_SetFifoEnable                        0x000023a7   Thumb Code    92  mfs.o(.text)
    Mfs_GetFifoBytes                         0x00002403   Thumb Code    44  mfs.o(.text)
    Mfs_SetSMR                               0x0000242f   Thumb Code    26  mfs.o(.text)
    Mfs_GetSMR                               0x00002449   Thumb Code    22  mfs.o(.text)
    Mfs_SetSCR                               0x0000245f   Thumb Code    26  mfs.o(.text)
    Mfs_GetSCR                               0x00002479   Thumb Code    22  mfs.o(.text)
    Mfs_SetESCR                              0x0000248f   Thumb Code    26  mfs.o(.text)
    Mfs_GetESCR                              0x000024a9   Thumb Code    22  mfs.o(.text)
    Mfs_SetBGR                               0x000024bf   Thumb Code    26  mfs.o(.text)
    Mfs_GetBGR                               0x000024d9   Thumb Code    22  mfs.o(.text)
    Mfs_SetFCR1                              0x000024ef   Thumb Code    26  mfs.o(.text)
    Mfs_GetFCR1                              0x00002509   Thumb Code    22  mfs.o(.text)
    Mfs_SetFCR0                              0x0000251f   Thumb Code    26  mfs.o(.text)
    Mfs_GetFCR0                              0x00002539   Thumb Code    22  mfs.o(.text)
    Mfs_SetSCSTR10                           0x0000254f   Thumb Code    26  mfs.o(.text)
    Mfs_GetSCSTR10                           0x00002569   Thumb Code    22  mfs.o(.text)
    Mfs_SetSCSTR32                           0x0000257f   Thumb Code    26  mfs.o(.text)
    Mfs_GetSCSTR32                           0x00002599   Thumb Code    22  mfs.o(.text)
    Mfs_SetSACSR                             0x000025af   Thumb Code    26  mfs.o(.text)
    Mfs_GetSACSR                             0x000025c9   Thumb Code    22  mfs.o(.text)
    Mfs_GetSTMCR                             0x000025df   Thumb Code    22  mfs.o(.text)
    Mfs_SetSCSCR                             0x000025f5   Thumb Code    26  mfs.o(.text)
    Mfs_GetSCSCR                             0x0000260f   Thumb Code    22  mfs.o(.text)
    Mfs_SetTBYTE0                            0x00002625   Thumb Code    28  mfs.o(.text)
    Mfs_GetTBYTE0                            0x00002641   Thumb Code    24  mfs.o(.text)
    Mfs_SetISBA                              0x00002659   Thumb Code    26  mfs.o(.text)
    Mfs_GetISBA                              0x00002673   Thumb Code    22  mfs.o(.text)
    Mfs_SetISMK                              0x00002689   Thumb Code    26  mfs.o(.text)
    Mfs_GetISMK                              0x000026a3   Thumb Code    22  mfs.o(.text)
    Mfs_GetNFCR                              0x000026b9   Thumb Code    22  mfs.o(.text)
    Mfs_SetEIBCR                             0x000026cf   Thumb Code    30  mfs.o(.text)
    Mfs_GetEIBCR                             0x000026ed   Thumb Code    22  mfs.o(.text)
    Mfs_SetTxIntCallBack                     0x00002703   Thumb Code    32  mfs.o(.text)
    Mfs_SetRxIntCallBack                     0x00002723   Thumb Code    32  mfs.o(.text)
    Mfs_SetStsIntCallBack                    0x00002743   Thumb Code    32  mfs.o(.text)
    Mfs_SetUpperLayerHandle                  0x00002763   Thumb Code    32  mfs.o(.text)
    printString(unsigned short, unsigned short, char*) 0x000027c5   Thumb Code    44  main.o(.text)
    main                                     0x000027f1   Thumb Code   212  main.o(.text)
    Adafruit_GFX::Adafruit_GFX__sub_object(short, short) 0x00002909   Thumb Code    42  adafruit_gfx.o(.text)
    Adafruit_GFX::drawLine(short, short, short, short, unsigned short) 0x00002933   Thumb Code   220  adafruit_gfx.o(.text)
    Adafruit_GFX::drawFastVLine(short, short, short, unsigned short) 0x00002a0f   Thumb Code    46  adafruit_gfx.o(.text)
    Adafruit_GFX::drawFastHLine(short, short, short, unsigned short) 0x00002a3d   Thumb Code    44  adafruit_gfx.o(.text)
    Adafruit_GFX::drawRect(short, short, short, short, unsigned short) 0x00002a69   Thumb Code   104  adafruit_gfx.o(.text)
    Adafruit_GFX::fillRect(short, short, short, short, unsigned short) 0x00002ad1   Thumb Code    54  adafruit_gfx.o(.text)
    Adafruit_GFX::fillScreen(unsigned short) 0x00002b07   Thumb Code    32  adafruit_gfx.o(.text)
    Adafruit_GFX::invertDisplay(unsigned char) 0x00002b27   Thumb Code     2  adafruit_gfx.o(.text)
    Adafruit_GFX::drawCircle(short, short, short, unsigned short) 0x00002b29   Thumb Code   356  adafruit_gfx.o(.text)
    Adafruit_GFX::drawCircleHelper(short, short, short, unsigned char, unsigned short) 0x00002c8d   Thumb Code   306  adafruit_gfx.o(.text)
    Adafruit_GFX::fillCircleHelper(short, short, short, unsigned char, short, unsigned short) 0x00002dbf   Thumb Code   246  adafruit_gfx.o(.text)
    Adafruit_GFX::fillCircle(short, short, short, unsigned short) 0x00002eb5   Thumb Code    64  adafruit_gfx.o(.text)
    Adafruit_GFX::drawTriangle(short, short, short, short, short, short, unsigned short) 0x00002ef5   Thumb Code    86  adafruit_gfx.o(.text)
    Adafruit_GFX::fillTriangle(short, short, short, short, short, short, unsigned short) 0x00002f4b   Thumb Code   428  adafruit_gfx.o(.text)
    Adafruit_GFX::drawRoundRect(short, short, short, short, short, unsigned short) 0x000030f7   Thumb Code   258  adafruit_gfx.o(.text)
    Adafruit_GFX::fillRoundRect(short, short, short, short, short, unsigned short) 0x000031f9   Thumb Code   126  adafruit_gfx.o(.text)
    Adafruit_GFX::drawBitmap(short, short, const unsigned char*, short, short, unsigned short) 0x00003277   Thumb Code   110  adafruit_gfx.o(.text)
    Adafruit_GFX::drawChar(short, short, unsigned char, unsigned short, unsigned short, unsigned char) 0x000032e5   Thumb Code   256  adafruit_gfx.o(.text)
    Adafruit_GFX::setCursor(short, short)    0x000033e5   Thumb Code     6  adafruit_gfx.o(.text)
    Adafruit_GFX::setTextColor(unsigned short) 0x000033eb   Thumb Code     6  adafruit_gfx.o(.text)
    Adafruit_GFX::setTextColor(unsigned short, unsigned short) 0x000033f1   Thumb Code     6  adafruit_gfx.o(.text)
    Adafruit_GFX::setTextSize(unsigned char) 0x000033f7   Thumb Code    14  adafruit_gfx.o(.text)
    Adafruit_GFX::setTextWrap(unsigned char) 0x00003405   Thumb Code     4  adafruit_gfx.o(.text)
    Adafruit_GFX::setRotation(unsigned char) 0x00003409   Thumb Code    52  adafruit_gfx.o(.text)
    Adafruit_GFX::write(unsigned char)       0x0000343d   Thumb Code   120  adafruit_gfx.o(.text)
    Adafruit_GFX::height()                   0x000034b5   Thumb Code     8  adafruit_gfx.o(.text)
    Adafruit_GFX::width()                    0x000034bd   Thumb Code     8  adafruit_gfx.o(.text)
    Adafruit_GFX::getRotation()              0x000034c5   Thumb Code     6  adafruit_gfx.o(.text)
    delayMicroseconds(unsigned)              0x000034d1   Thumb Code    16  adafruit_ssd1351.o(.text)
    delay(unsigned)                          0x000034e1   Thumb Code    16  adafruit_ssd1351.o(.text)
    Adafruit_SSD1351::Adafruit_SSD1351__sub_object() 0x000034f1   Thumb Code    58  adafruit_ssd1351.o(.text)
    Adafruit_SSD1351::Adafruit_SSD1351()     0x0000352b   Thumb Code    14  adafruit_ssd1351.o(.text)
    Adafruit_SSD1351::Color565(unsigned char, unsigned char, unsigned char) 0x00003539   Thumb Code    28  adafruit_ssd1351.o(.text)
    Adafruit_SSD1351::writeCommand(unsigned char) 0x00003555   Thumb Code    22  adafruit_ssd1351.o(.text)
    Adafruit_SSD1351::writeData(unsigned char) 0x0000356b   Thumb Code    22  adafruit_ssd1351.o(.text)
    Adafruit_SSD1351::goTo(int, int)         0x00003581   Thumb Code    78  adafruit_ssd1351.o(.text)
    Adafruit_SSD1351::drawPixel(short, short, unsigned short) 0x000035cf   Thumb Code    78  adafruit_ssd1351.o(.text)
    thunk{v:0,-12} to Adafruit_SSD1351::drawPixel(short, short, unsigned short) 0x0000361d   Thumb Code    36  adafruit_ssd1351.o(.text)
    Adafruit_SSD1351::fillRect(unsigned short, unsigned short, unsigned short, unsigned short, unsigned short) 0x00003641   Thumb Code   162  adafruit_ssd1351.o(.text)
    Adafruit_SSD1351::drawFastHLine(short, short, short, unsigned short) 0x000036e3   Thumb Code   142  adafruit_ssd1351.o(.text)
    thunk{v:0,-24} to Adafruit_SSD1351::drawFastHLine(short, short, short, unsigned short) 0x00003771   Thumb Code   156  adafruit_ssd1351.o(.text)
    Adafruit_SSD1351::drawFastVLine(short, short, short, unsigned short) 0x0000380d   Thumb Code   142  adafruit_ssd1351.o(.text)
    thunk{v:0,-20} to Adafruit_SSD1351::drawFastVLine(short, short, short, unsigned short) 0x0000389b   Thumb Code   170  adafruit_ssd1351.o(.text)
    Adafruit_SSD1351::fillScreen(unsigned short) 0x00003945   Thumb Code    26  adafruit_ssd1351.o(.text)
    thunk{v:0,-36} to Adafruit_SSD1351::fillScreen(unsigned short) 0x0000395f   Thumb Code    24  adafruit_ssd1351.o(.text)
    Adafruit_SSD1351::invert(unsigned char)  0x00003977   Thumb Code    28  adafruit_ssd1351.o(.text)
    Adafruit_SSD1351::begin()                0x00003993   Thumb Code   502  adafruit_ssd1351.o(.text)
    WyzBeeSpi_RxEnable                       0x00003b9d   Thumb Code    26  wyzbee_spi.o(.text)
    WyzBeeSpi_TxEnable                       0x00003bb7   Thumb Code    26  wyzbee_spi.o(.text)
    WyzBeeSpi_Init                           0x00003bd1   Thumb Code   242  wyzbee_spi.o(.text)
    WyzBeeSpi_CsDisable                      0x00003cc3   Thumb Code    16  wyzbee_spi.o(.text)
    WyzBeeSpi_Write                          0x00003cd3   Thumb Code    32  wyzbee_spi.o(.text)
    WyzBeeSpi_CsEnable                       0x00003cf3   Thumb Code    14  wyzbee_spi.o(.text)
    WyzBeeSpi_SyncSend                       0x00003d01   Thumb Code    84  wyzbee_spi.o(.text)
    WyzBeeSpi_Read                           0x00003d55   Thumb Code    18  wyzbee_spi.o(.text)
    WyzBeeSpi_SyncSendRecv                   0x00003d67   Thumb Code   208  wyzbee_spi.o(.text)
    WyzBeeSpi_SyncRecv                       0x00003e37   Thumb Code   132  wyzbee_spi.o(.text)
    WyzBeeSpi_DeInit                         0x00003ebb   Thumb Code    50  wyzbee_spi.o(.text)
    WyzBeeSpi_TxIntrEnable                   0x00003eed   Thumb Code    26  wyzbee_spi.o(.text)
    WyzBeeSpi_TxIntrDisable                  0x00003f07   Thumb Code    26  wyzbee_spi.o(.text)
    WyzBeeSpi_RxIntrEnable                   0x00003f21   Thumb Code    26  wyzbee_spi.o(.text)
    WyzBeeSpi_RxIntrDisable                  0x00003f3b   Thumb Code    26  wyzbee_spi.o(.text)
    WyzBeeSpi_RxDisable                      0x00003f55   Thumb Code    26  wyzbee_spi.o(.text)
    WyzBeeSpi_TxDisable                      0x00003f6f   Thumb Code    46  wyzbee_spi.o(.text)
    SysTick_Handler                          0x00003f9d   Thumb Code    12  timetick.o(.text)
    TimeTick_Configure                       0x00003fa9   Thumb Code    88  timetick.o(.text)
    GetTickCount                             0x00004001   Thumb Code     6  timetick.o(.text)
    Wait                                     0x00004007   Thumb Code    22  timetick.o(.text)
    Sleep                                    0x0000401d   Thumb Code    30  timetick.o(.text)
    extract                                  0x00004049   Thumb Code    42  infrared.o(.text)
    IR_ISR                                   0x00004073   Thumb Code   418  infrared.o(.text)
    timer_ISR                                0x00004215   Thumb Code    12  infrared.o(.text)
    infrared_init                            0x00004221   Thumb Code   166  infrared.o(.text)
    __2sprintf                               0x000042fd   Thumb Code    34  noretval__2sprintf.o(.text)
    _printf_pre_padding                      0x00004325   Thumb Code    44  _printf_pad.o(.text)
    _printf_post_padding                     0x00004351   Thumb Code    34  _printf_pad.o(.text)
    _printf_int_hex                          0x00004375   Thumb Code    84  _printf_hex_int.o(.text)
    _printf_longlong_hex                     0x00004375   Thumb Code     0  _printf_hex_int.o(.text)
    __printf                                 0x000043cd   Thumb Code   308  __printf_flags_wp.o(.text)
    __use_two_region_memory                  0x00004505   Thumb Code     2  heapauxi.o(.text)
    __rt_heap_escrow                         0x00004507   Thumb Code     2  heapauxi.o(.text)
    __rt_heap_expand                         0x00004509   Thumb Code     2  heapauxi.o(.text)
    __cpp_initialize__aeabi_                 0x0000450d   Thumb Code    26  init_aeabi.o(.text)
    _printf_int_common                       0x00004531   Thumb Code   178  _printf_intcommon.o(.text)
    _printf_char_common                      0x000045ef   Thumb Code    32  _printf_char_common.o(.text)
    _sputc                                   0x00004615   Thumb Code    10  _sputc.o(.text)
    __rt_SIGPVFN                             0x0000461f   Thumb Code    14  defsig_pvfn_outer.o(.text)
    __sig_exit                               0x0000462d   Thumb Code    10  defsig_exit.o(.text)
    __rt_SIGPVFN_inner                       0x00004639   Thumb Code    14  defsig_pvfn_inner.o(.text)
    _sys_exit                                0x00004669   Thumb Code     8  sys_exit.o(.text)
    __user_setup_stackheap                   0x00004675   Thumb Code    74  sys_stackheap_outer.o(.text)
    exit                                     0x000046bf   Thumb Code    12  exit.o(.text)
    __default_signal_display                 0x000046cb   Thumb Code    50  defsig_general.o(.text)
    _ttywrch                                 0x000046fd   Thumb Code    14  sys_wrch.o(.text)
    __user_libspace                          0x0000470d   Thumb Code     8  libspace.o(.text)
    __user_perproc_libspace                  0x0000470d   Thumb Code     0  libspace.o(.text)
    __user_perthread_libspace                0x0000470d   Thumb Code     0  libspace.o(.text)
    __I$use$semihosting                      0x00004715   Thumb Code     0  use_no_semi.o(.text)
    __use_no_semihosting_swi                 0x00004715   Thumb Code     2  use_no_semi.o(.text)
    Adafruit_SSD1351::spiwrite(unsigned char) 0x00004717   Thumb Code    20  adafruit_ssd1351.o(i._ZN16Adafruit_SSD13518spiwriteEh)
    __semihosting_library_function           0x00004717   Thumb Code     0  indicate_semi.o(.text)
    __cxa_pure_virtual                       0x0000472b   Thumb Code     6  pure_virt.o(i.__cxa_pure_virtual)
    _is_digit                                0x00004731   Thumb Code    14  __printf_wp.o(i._is_digit)
    _fp_init                                 0x0000473f   Thumb Code    10  fpinit.o(x$fpl$fpinit)
    __fplib_config_fpu_vfp                   0x00004747   Thumb Code     0  fpinit.o(x$fpl$fpinit)
    __fplib_config_pureend_doubles           0x00004747   Thumb Code     0  fpinit.o(x$fpl$fpinit)
    cau8ExintReferenceLut                    0x00004748   Data           5  exint.o(.constdata)
    vtable for Adafruit_GFX                  0x00004c84   Data          44  adafruit_gfx.o(.constdata__ZTV12Adafruit_GFX)
    vtable for Adafruit_SSD1351              0x00004cb0   Data         108  adafruit_ssd1351.o(.constdata__ZTV16Adafruit_SSD1351)
    VTT for Adafruit_SSD1351                 0x00004d1c   Data           8  adafruit_ssd1351.o(.constdata__ZTV16Adafruit_SSD1351)
    Region$$Table$$Base                      0x00004d24   Number         0  anon$$obj.o(Region$$Table)
    Region$$Table$$Limit                     0x00004d44   Number         0  anon$$obj.o(Region$$Table)
    SHT$$INIT_ARRAY$$Base                    0x00004d44   Number         0  main.o(.init_array)
    SHT$$INIT_ARRAY$$Limit                   0x00004d48   Number         0  init_aeabi.o(.init_array)
    SystemCoreClock                          0x20038000   Data           4  system_mb9abxxx.o(.data)
    stcExintNMIInternData                    0x20038008   Data           4  exint.o(.data)
    m_astcMfsInstanceDataLut                 0x20038018   Data          40  mfs.o(.data)
    config_stc                               0x20038044   Data          20  main.o(.data)
    dt_config                                0x2003805c   Data           3  infrared.o(.data)
    state                                    0x2003805f   Data           1  infrared.o(.data)
    is_first                                 0x20038060   Data           1  infrared.o(.data)
    prev_t                                   0x20038064   Data           4  infrared.o(.data)
    delta_mark                               0x20038068   Data           4  infrared.o(.data)
    delta_space                              0x2003806c   Data           4  infrared.o(.data)
    data_count                               0x20038070   Data           1  infrared.o(.data)
    stream                                   0x20038074   Data           4  infrared.o(.data)
    key                                      0x20038078   Data           3  infrared.o(.data)
    buffer                                   0x2003807c   Data           4  infrared.o(.data)
    stcExintInternData                       0x20038080   Data          16  exint.o(.bss)
    tft                                      0x20038090   Data          56  main.o(.bss)
    exint_config                             0x200380c8   Data         192  infrared.o(.bss)
    __libspace_start                         0x20038188   Data          96  libspace.o(.bss)
    __temporary_stack_top$libspace           0x200381e8   Data           0  libspace.o(.bss)



==============================================================================

Memory Map of the image

  Image Entry point : 0x000002ed

  Load Region LR_1 (Base: 0x00000000, Size: 0x00004dc8, Max: 0xffffffff, ABSOLUTE)

    Execution Region ER_RO (Base: 0x00000000, Size: 0x00004d48, Max: 0xffffffff, ABSOLUTE)

    Base Addr    Size         Type   Attr      Idx    E Section Name        Object

    0x00000000   0x00000240   Data   RO            3    RESET               startup_mb9bf56x.o
    0x00000240   0x00000008   Code   RO         1053  * !!!main             c_w.l(__main.o)
    0x00000248   0x00000034   Code   RO         1485    !!!scatter          c_w.l(__scatter.o)
    0x0000027c   0x0000001a   Code   RO         1487    !!handler_copy      c_w.l(__scatter_copy.o)
    0x00000296   0x00000002   PAD
    0x00000298   0x0000001c   Code   RO         1489    !!handler_zi        c_w.l(__scatter_zi.o)
    0x000002b4   0x00000000   Code   RO         1050    .ARM.Collect$$_printf_percent$$00000000  c_w.l(_printf_percent.o)
    0x000002b4   0x00000006   Code   RO         1049    .ARM.Collect$$_printf_percent$$0000000C  c_w.l(_printf_x.o)
    0x000002ba   0x00000004   Code   RO         1177    .ARM.Collect$$_printf_percent$$00000017  c_w.l(_printf_percent_end.o)
    0x000002be   0x00000002   Code   RO         1362    .ARM.Collect$$libinit$$00000000  c_w.l(libinit.o)
    0x000002c0   0x00000004   Code   RO         1182    .ARM.Collect$$libinit$$00000001  c_w.l(libinit2.o)
    0x000002c4   0x00000000   Code   RO         1185    .ARM.Collect$$libinit$$00000004  c_w.l(libinit2.o)
    0x000002c4   0x00000000   Code   RO         1188    .ARM.Collect$$libinit$$0000000A  c_w.l(libinit2.o)
    0x000002c4   0x00000000   Code   RO         1190    .ARM.Collect$$libinit$$0000000C  c_w.l(libinit2.o)
    0x000002c4   0x00000000   Code   RO         1192    .ARM.Collect$$libinit$$0000000E  c_w.l(libinit2.o)
    0x000002c4   0x00000000   Code   RO         1195    .ARM.Collect$$libinit$$00000011  c_w.l(libinit2.o)
    0x000002c4   0x00000000   Code   RO         1197    .ARM.Collect$$libinit$$00000013  c_w.l(libinit2.o)
    0x000002c4   0x00000000   Code   RO         1199    .ARM.Collect$$libinit$$00000015  c_w.l(libinit2.o)
    0x000002c4   0x00000000   Code   RO         1201    .ARM.Collect$$libinit$$00000017  c_w.l(libinit2.o)
    0x000002c4   0x00000000   Code   RO         1203    .ARM.Collect$$libinit$$00000019  c_w.l(libinit2.o)
    0x000002c4   0x00000000   Code   RO         1205    .ARM.Collect$$libinit$$0000001B  c_w.l(libinit2.o)
    0x000002c4   0x00000000   Code   RO         1207    .ARM.Collect$$libinit$$0000001D  c_w.l(libinit2.o)
    0x000002c4   0x00000000   Code   RO         1209    .ARM.Collect$$libinit$$0000001F  c_w.l(libinit2.o)
    0x000002c4   0x00000000   Code   RO         1211    .ARM.Collect$$libinit$$00000021  c_w.l(libinit2.o)
    0x000002c4   0x00000000   Code   RO         1213    .ARM.Collect$$libinit$$00000023  c_w.l(libinit2.o)
    0x000002c4   0x00000000   Code   RO         1215    .ARM.Collect$$libinit$$00000025  c_w.l(libinit2.o)
    0x000002c4   0x00000000   Code   RO         1219    .ARM.Collect$$libinit$$0000002C  c_w.l(libinit2.o)
    0x000002c4   0x00000000   Code   RO         1221    .ARM.Collect$$libinit$$0000002E  c_w.l(libinit2.o)
    0x000002c4   0x00000000   Code   RO         1223    .ARM.Collect$$libinit$$00000030  c_w.l(libinit2.o)
    0x000002c4   0x00000004   Code   RO         1224    .ARM.Collect$$libinit$$00000031  c_w.l(libinit2.o)
    0x000002c8   0x00000000   Code   RO         1225    .ARM.Collect$$libinit$$00000032  c_w.l(libinit2.o)
    0x000002c8   0x00000002   Code   RO         1226    .ARM.Collect$$libinit$$00000033  c_w.l(libinit2.o)
    0x000002ca   0x00000002   Code   RO         1463    .ARM.Collect$$libshutdown$$00000000  c_w.l(libshutdown.o)
    0x000002cc   0x00000000   Code   RO         1470    .ARM.Collect$$libshutdown$$00000003  c_w.l(libshutdown2.o)
    0x000002cc   0x00000000   Code   RO         1473    .ARM.Collect$$libshutdown$$00000006  c_w.l(libshutdown2.o)
    0x000002cc   0x00000000   Code   RO         1476    .ARM.Collect$$libshutdown$$00000009  c_w.l(libshutdown2.o)
    0x000002cc   0x00000000   Code   RO         1478    .ARM.Collect$$libshutdown$$0000000B  c_w.l(libshutdown2.o)
    0x000002cc   0x00000000   Code   RO         1481    .ARM.Collect$$libshutdown$$0000000E  c_w.l(libshutdown2.o)
    0x000002cc   0x00000002   Code   RO         1482    .ARM.Collect$$libshutdown$$0000000F  c_w.l(libshutdown2.o)
    0x000002ce   0x00000000   Code   RO         1170    .ARM.Collect$$rtentry$$00000000  c_w.l(__rtentry.o)
    0x000002ce   0x00000000   Code   RO         1241    .ARM.Collect$$rtentry$$00000002  c_w.l(__rtentry2.o)
    0x000002ce   0x00000006   Code   RO         1253    .ARM.Collect$$rtentry$$00000004  c_w.l(__rtentry4.o)
    0x000002d4   0x00000000   Code   RO         1243    .ARM.Collect$$rtentry$$00000009  c_w.l(__rtentry2.o)
    0x000002d4   0x00000004   Code   RO         1244    .ARM.Collect$$rtentry$$0000000A  c_w.l(__rtentry2.o)
    0x000002d8   0x00000000   Code   RO         1246    .ARM.Collect$$rtentry$$0000000C  c_w.l(__rtentry2.o)
    0x000002d8   0x00000008   Code   RO         1247    .ARM.Collect$$rtentry$$0000000D  c_w.l(__rtentry2.o)
    0x000002e0   0x00000002   Code   RO         1378    .ARM.Collect$$rtexit$$00000000  c_w.l(rtexit.o)
    0x000002e2   0x00000000   Code   RO         1428    .ARM.Collect$$rtexit$$00000002  c_w.l(rtexit2.o)
    0x000002e2   0x00000004   Code   RO         1429    .ARM.Collect$$rtexit$$00000003  c_w.l(rtexit2.o)
    0x000002e6   0x00000006   Code   RO         1430    .ARM.Collect$$rtexit$$00000004  c_w.l(rtexit2.o)
    0x000002ec   0x0000004c   Code   RO            4  * .text               startup_mb9bf56x.o
    0x00000338   0x000001d4   Code   RO           12    .text               system_mb9abxxx.o
    0x0000050c   0x00000014   Code   RO          103    .text               pdl.o
    0x00000520   0x00000314   Code   RO          169    .text               exint.o
    0x00000834   0x000000c8   Code   RO          205    .text               interrupts.o
    0x000008fc   0x000003d4   Code   RO          276    .text               dt.o
    0x00000cd0   0x00001af4   Code   RO          335    .text               mfs.o
    0x000027c4   0x00000144   Code   RO          387    .text               main.o
    0x00002908   0x00000bc8   Code   RO          534    .text               adafruit_gfx.o
    0x000034d0   0x000006cc   Code   RO          564    .text               adafruit_ssd1351.o
    0x00003b9c   0x00000400   Code   RO          729    .text               wyzbee_spi.o
    0x00003f9c   0x000000ac   Code   RO          755    .text               timetick.o
    0x00004048   0x000002b4   Code   RO          947    .text               infrared.o
    0x000042fc   0x00000028   Code   RO         1002    .text               c_w.l(noretval__2sprintf.o)
    0x00004324   0x0000004e   Code   RO         1006    .text               c_w.l(_printf_pad.o)
    0x00004372   0x00000002   PAD
    0x00004374   0x00000058   Code   RO         1011    .text               c_w.l(_printf_hex_int.o)
    0x000043cc   0x00000138   Code   RO         1041    .text               c_w.l(__printf_flags_wp.o)
    0x00004504   0x00000006   Code   RO         1051    .text               c_w.l(heapauxi.o)
    0x0000450a   0x00000002   PAD
    0x0000450c   0x00000024   Code   RO         1058    .text               c_w.l(init_aeabi.o)
    0x00004530   0x000000b2   Code   RO         1171    .text               c_w.l(_printf_intcommon.o)
    0x000045e2   0x00000002   PAD
    0x000045e4   0x00000030   Code   RO         1173    .text               c_w.l(_printf_char_common.o)
    0x00004614   0x0000000a   Code   RO         1175    .text               c_w.l(_sputc.o)
    0x0000461e   0x0000000e   Code   RO         1178    .text               c_w.l(defsig_pvfn_outer.o)
    0x0000462c   0x0000000a   Code   RO         1259    .text               c_w.l(defsig_exit.o)
    0x00004636   0x00000002   PAD
    0x00004638   0x00000030   Code   RO         1261    .text               c_w.l(defsig_pvfn_inner.o)
    0x00004668   0x0000000c   Code   RO         1280    .text               c_w.l(sys_exit.o)
    0x00004674   0x0000004a   Code   RO         1282    .text               c_w.l(sys_stackheap_outer.o)
    0x000046be   0x0000000c   Code   RO         1345    .text               c_w.l(exit.o)
    0x000046ca   0x00000032   Code   RO         1351    .text               c_w.l(defsig_general.o)
    0x000046fc   0x0000000e   Code   RO         1366    .text               c_w.l(sys_wrch.o)
    0x0000470a   0x00000002   PAD
    0x0000470c   0x00000008   Code   RO         1370    .text               c_w.l(libspace.o)
    0x00004714   0x00000002   Code   RO         1373    .text               c_w.l(use_no_semi.o)
    0x00004716   0x00000000   Code   RO         1377    .text               c_w.l(indicate_semi.o)
    0x00004716   0x00000014   Code   RO          583    i._ZN16Adafruit_SSD13518spiwriteEh  adafruit_ssd1351.o
    0x0000472a   0x00000006   Code   RO         1061    i.__cxa_pure_virtual  cpprt_w.l(pure_virt.o)
    0x00004730   0x0000000e   Code   RO         1039    i._is_digit         c_w.l(__printf_wp.o)
    0x0000473e   0x0000000a   Code   RO         1278    x$fpl$fpinit        fz_wm.l(fpinit.o)
    0x00004748   0x00000005   Data   RO          171    .constdata          exint.o
    0x0000474d   0x000004fb   Data   RO          537    .constdata          adafruit_gfx.o
    0x00004c48   0x00000028   Data   RO         1012    .constdata          c_w.l(_printf_hex_int.o)
    0x00004c70   0x00000011   Data   RO         1042    .constdata          c_w.l(__printf_flags_wp.o)
    0x00004c81   0x00000003   PAD
    0x00004c84   0x0000002c   Data   RO          547    .constdata__ZTV12Adafruit_GFX  adafruit_gfx.o
    0x00004cb0   0x0000006c   Data   RO          581    .constdata__ZTV16Adafruit_SSD1351  adafruit_ssd1351.o
    0x00004d1c   0x00000008   Data   RO          582    .constdata__ZTV16Adafruit_SSD1351  adafruit_ssd1351.o
    0x00004d24   0x00000020   Data   RO         1483    Region$$Table       anon$$obj.o
    0x00004d44   0x00000004   Data   RO          391    .init_array         main.o
    0x00004d48   0x00000000   Data   RO         1056    .init_array         c_w.l(init_aeabi.o)


    Execution Region ER_RW (Base: 0x20038000, Size: 0x00000080, Max: 0xffffffff, ABSOLUTE)

    Base Addr    Size         Type   Attr      Idx    E Section Name        Object

    0x20038000   0x00000005   Data   RW           13    .data               system_mb9abxxx.o
    0x20038005   0x00000003   PAD
    0x20038008   0x00000004   Data   RW          172    .data               exint.o
    0x2003800c   0x0000000c   Data   RW          277    .data               dt.o
    0x20038018   0x00000028   Data   RW          336    .data               mfs.o
    0x20038040   0x00000018   Data   RW          390    .data               main.o
    0x20038058   0x00000004   Data   RW          756    .data               timetick.o
    0x2003805c   0x00000024   Data   RW          949    .data               infrared.o


    Execution Region ER_ZI (Base: 0x20038080, Size: 0x00000368, Max: 0xffffffff, ABSOLUTE)

    Base Addr    Size         Type   Attr      Idx    E Section Name        Object

    0x20038080   0x00000010   Zero   RW          170    .bss                exint.o
    0x20038090   0x00000038   Zero   RW          389    .bss                main.o
    0x200380c8   0x000000c0   Zero   RW          948    .bss                infrared.o
    0x20038188   0x00000060   Zero   RW         1371    .bss                c_w.l(libspace.o)
    0x200381e8   0x00000000   Zero   RW            2    HEAP                startup_mb9bf56x.o
    0x200381e8   0x00000200   Zero   RW            1    STACK               startup_mb9bf56x.o


==============================================================================

Image component sizes


      Code (inc. data)   RO Data    RW Data    ZI Data      Debug   Object Name

      3016         10       1319          0          0      15464   adafruit_gfx.o
      1760         32        116          0          0      14150   adafruit_ssd1351.o
       980         24          0         12          0       5640   dt.o
       788         34          5          4         16      34110   exint.o
       692         54          0         36        192       3024   infrared.o
       200         16          0          0          0       1874   interrupts.o
       324         56          4         24         56    1256664   main.o
      6900        110          0         40          0      45073   mfs.o
        20          0          0          0          0        964   pdl.o
        76         26        576          0        512        840   startup_mb9bf56x.o
       468         64          0          5          0    1261563   system_mb9abxxx.o
       172         14          0          4          0    1268060   timetick.o
      1024         20          0          0          0       7221   wyzbee_spi.o

    ----------------------------------------------------------------------
     16420        460       2052        128        776    3914647   Object Totals
         0          0         32          0          0          0   (incl. Generated)
         0          0          0          3          0          0   (incl. Padding)

    ----------------------------------------------------------------------

      Code (inc. data)   RO Data    RW Data    ZI Data      Debug   Library Member Name

         8          0          0          0          0         68   __main.o
       312          4         17          0          0         92   __printf_flags_wp.o
        14          0          0          0          0         68   __printf_wp.o
         0          0          0          0          0          0   __rtentry.o
        12          0          0          0          0          0   __rtentry2.o
         6          0          0          0          0          0   __rtentry4.o
        52          8          0          0          0          0   __scatter.o
        26          0          0          0          0          0   __scatter_copy.o
        28          0          0          0          0          0   __scatter_zi.o
        48          6          0          0          0         96   _printf_char_common.o
        88          4         40          0          0         88   _printf_hex_int.o
       178          0          0          0          0         88   _printf_intcommon.o
        78          0          0          0          0        108   _printf_pad.o
         0          0          0          0          0          0   _printf_percent.o
         4          0          0          0          0          0   _printf_percent_end.o
         6          0          0          0          0          0   _printf_x.o
        10          0          0          0          0         68   _sputc.o
        10          0          0          0          0         68   defsig_exit.o
        50          0          0          0          0         88   defsig_general.o
        48         34          0          0          0         76   defsig_pvfn_inner.o
        14          0          0          0          0         80   defsig_pvfn_outer.o
        12          0          0          0          0         72   exit.o
         6          0          0          0          0        152   heapauxi.o
         0          0          0          0          0          0   indicate_semi.o
        36         10          0          0          0         80   init_aeabi.o
         2          0          0          0          0          0   libinit.o
        10          0          0          0          0          0   libinit2.o
         2          0          0          0          0          0   libshutdown.o
         2          0          0          0          0          0   libshutdown2.o
         8          4          0          0         96         68   libspace.o
        40          6          0          0          0         84   noretval__2sprintf.o
         2          0          0          0          0          0   rtexit.o
        10          0          0          0          0          0   rtexit2.o
        12          4          0          0          0         68   sys_exit.o
        74          0          0          0          0         80   sys_stackheap_outer.o
        14          0          0          0          0         76   sys_wrch.o
         2          0          0          0          0         68   use_no_semi.o
         6          0          0          0          0         68   pure_virt.o
        10          0          0          0          0        116   fpinit.o

    ----------------------------------------------------------------------
      1252         80         60          0         96       1920   Library Totals
        12          0          3          0          0          0   (incl. Padding)

    ----------------------------------------------------------------------

      Code (inc. data)   RO Data    RW Data    ZI Data      Debug   Library Name

      1224         80         57          0         96       1736   c_w.l
         6          0          0          0          0         68   cpprt_w.l
        10          0          0          0          0        116   fz_wm.l

    ----------------------------------------------------------------------
      1252         80         60          0         96       1920   Library Totals

    ----------------------------------------------------------------------

==============================================================================


      Code (inc. data)   RO Data    RW Data    ZI Data      Debug   

     17672        540       2112        128        872    3913331   Grand Totals
     17672        540       2112        128        872    3913331   ELF Image Totals
     17672        540       2112        128          0          0   ROM Totals

==============================================================================

    Total RO  Size (Code + RO Data)                19784 (  19.32kB)
    Total RW  Size (RW Data + ZI Data)              1000 (   0.98kB)
    Total ROM Size (Code + RO Data + RW Data)      19912 (  19.45kB)

==============================================================================

