<html>
<body>
<pre>
<h1>µVision Build Log</h1>
<h2>Tool Versions:</h2>
IDE-Version: µVision V5.12.0.0
Copyright (C) 2014 ARM Ltd and ARM Germany GmbH. All rights reserved.
License Information: Jonathan Tao, UC Davis, LIC=----
 
Tool Versions:
Toolchain:       MDK-Lite  Version: 5.12.0.0
Toolchain Path:  C:\Keil_v5\ARM\ARMCC\Bin
C Compiler:      Armcc.exe V5.05 (build 41)
Assembler:       Armasm.exe V5.05 (build 41)
Linker/Locator:  ArmLink.exe V5.05 (build 41)
Library Manager: ArmAr.exe V5.05 (build 41)
Hex Converter:   FromElf.exe V5.05 (build 41)
CPU DLL:         SARMCM3.DLL V5.12.0.0
Dialog DLL:      DCM.DLL V1.13.0.0
Target DLL:      CMSIS_AGDI.dll V1.19.0.0
Dialog DLL:      TCM.DLL V1.14.2.0
 
<h2>Project:</h2>
C:\Users\Jonathan\Documents\current\EEC172\Lab_2_Tao_Gibson\lab1.uvproj
Project File Date:  04/01/2015

<h2>Output:</h2>
Build target 'Target 1'
creating preprocessor file for main.cpp...
.\lib\inc\WyzBee.h(48): warning:  #47-D: incompatible redefinition of macro "TRUE" (declared at line 66 of ".\common\base_types.h")
  #define TRUE                          1u                                              // True
.\lib\inc\WyzBee.h(49): warning:  #47-D: incompatible redefinition of macro "FALSE" (declared at line 71 of ".\common\base_types.h")
  #define FALSE                         0u                                              // False
main.cpp(62): warning:  #1-D: last line of file ends without a newline
   */
main.cpp: 3 warnings, 0 errors
compiling main.cpp...
.\WyzBee_oled\Adafruit_SSD1351.h(92): warning:  #1300-D: drawPixel inherits implicit virtual
    void drawPixel(int16_t x, int16_t y, uint16_t color);
.\WyzBee_oled\Adafruit_SSD1351.h(94): warning:  #1300-D: drawFastHLine inherits implicit virtual
    void drawFastHLine(int16_t x, int16_t y, int16_t w, uint16_t color);
.\WyzBee_oled\Adafruit_SSD1351.h(95): warning:  #1300-D: drawFastVLine inherits implicit virtual
    void drawFastVLine(int16_t x, int16_t y, int16_t h, uint16_t color);
.\WyzBee_oled\Adafruit_SSD1351.h(96): warning:  #1300-D: fillScreen inherits implicit virtual
    void fillScreen(uint16_t fillcolor);
.\WyzBee_oled\Adafruit_SSD1351.h(93): warning:  #997-D: function "Adafruit_GFX::fillRect(std::int16_t, std::int16_t, std::int16_t, std::int16_t, std::uint16_t)" is hidden by "Adafruit_SSD1351::fillRect" -- virtual function override intended?
    void fillRect(uint16_t x0, uint16_t y0, uint16_t w, uint16_t h, uint16_t color);
.\lib\inc\WyzBee.h(48): warning:  #47-D: incompatible redefinition of macro "TRUE" (declared at line 66 of ".\common\base_types.h")
  #define TRUE                          1u                                              // True
.\lib\inc\WyzBee.h(49): warning:  #47-D: incompatible redefinition of macro "FALSE" (declared at line 71 of ".\common\base_types.h")
  #define FALSE                         0u                                              // False
main.cpp(62): warning:  #1-D: last line of file ends without a newline
   */
main.cpp: 8 warnings, 0 errors
linking...
Program Size: Code=14786 RO-data=2054 RW-data=72 ZI-data=680  
".\Lab1.axf" - 0 Error(s), 11 Warning(s).
Load "C:\\Users\\Jonathan\\Documents\\current\\EEC172\\Lab_2_Tao_Gibson\\Lab1.axf" 
Erase Done.
Programming Done.
Verify OK.
</pre>
</body>
</html>
\Documents\\current\\EEC172\\Lab_2_Tao_Gibson\\Lab1.axf" 
Erase Done.
Programming Done.
Verify OK.
Load "C:\\Users\\Jonathan\\Documents\\current\\EEC172\\Lab_2_Tao_Gibson\\Lab1.axf" 
Erase Done.
Programming Done.
Verify OK.
Load "C:\\Users\\Jonathan\\Documents\\current\\EEC172\\Lab_2_Tao_Gibson\\Lab1.axf" 
Erase Done.
Programming Done.
Verify OK.
ch_num);
WyzBee_timer\WyzBee_timer.c(162): warning:  #223-D: function "Dt_WriteLoadVal" declared implicitly
             err = Dt_WriteLoadVal(time, ch_num);
WyzBee_timer\WyzBee_timer.c(158): warning:  #550-D: variable "count_Internal" was set but never used
             float32_t count_Internal,t1,t2;
WyzBee_timer\WyzBee_timer.c(158): warning:  #177-D: variable "t1" was declared but never referenced
             float32_t count_Internal,t1,t2;
WyzBee_timer\WyzBee_timer.c(158): warning:  #177-D: variable "t2" was declared but never referenced
             float32_t count_Internal,t1,t2;
KB: Unexpected type: 0
error type>(194): warning:  #223-D: function "Dt_EnableInt" declared implicitly
             err = Dt_EnableInt(cb_Fn, ch_num);                                                         //  timer interrupt call back registration
WyzBee_timer\WyzBee_timer.c(202): warning:  #223-D: function "Dt_EnableCount" declared implicitly
             err = Dt_EnableCount(ch_num);                                                                      // enable timer counter
WyzBee_timer\WyzBee_timer.c: 7 warnings, 2 errors
".\Lab1.axf" - 2 Error(s), 20 Warning(s).
Target not created.
eprocessor file for Adafruit_SSD1351.cpp...
.\lib\inc\WyzBee.h(48): warning:  #47-D: incompatible redefinition of macro "TRUE" (declared at line 66 of ".\common\base_types.h")
  #define TRUE                          1u                                              // True
.\lib\inc\WyzBee.h(49): warning:  #47-D: incompatible redefinition of macro "FALSE" (declared at line 71 of ".\common\base_types.h")
  #define FALSE                         0u                                              // False
WyzBee_oled\Adafruit_SSD1351.cpp: 2 warnings, 0 errors
compiling Adafruit_SSD1351.cpp...
WyzBee_oled\Adafruit_SSD1351.h(92): warning:  #1300-D: drawPixel inherits implicit virtual
    void drawPixel(int16_t x, int16_t y, uint16_t color);
WyzBee_oled\Adafruit_SSD1351.h(94): warning:  #1300-D: drawFastHLine inherits implicit virtual
    void drawFastHLine(int16_t x, int16_t y, int16_t w, uint16_t color);
WyzBee_oled\Adafruit_SSD1351.h(95): warning:  #1300-D: drawFastVLine inherits implicit virtual
    void drawFastVLine(int16_t x, int16_t y, int16_t h, uint16_t color);
WyzBee_oled\Adafruit_SSD1351.h(96): warning:  #1300-D: fillScreen inherits implicit virtual
    void fillScreen(uint16_t fillcolor);
WyzBee_oled\Adafruit_SSD1351.h(93): warning:  #997-D: function "Adafruit_GFX::fillRect(std::int16_t, std::int16_t, std::int16_t, std::int16_t, std::uint16_t)" is hidden by "Adafruit_SSD1351::fillRect" -- virtual function override intended?
    void fillRect(uint16_t x0, uint16_t y0, uint16_t w, uint16_t h, uint16_t color);
.\lib\inc\WyzBee.h(48): warning:  #47-D: incompatible redefinition of macro "TRUE" (declared at line 66 of ".\common\base_types.h")
  #define TRUE                          1u                                              // True
.\lib\inc\WyzBee.h(49): warning:  #47-D: incompatible redefinition of macro "FALSE" (declared at line 71 of ".\common\base_types.h")
  #define FALSE                         0u                                              // False
WyzBee_oled\Adafruit_SSD1351.cpp: 7 warnings, 0 errors
creating preprocessor file for WyzBee_i2c.c...
compiling WyzBee_i2c.c...
WyzBee_i2c\WyzBee_i2c.c(118): warning:  #223-D: function "memset" declared implicitly
                memset(&config_internal , 0 , sizeof(stc_mfs_i2c_config_t));
WyzBee_i2c\WyzBee_i2c.c(138): warning:  #167-D: argument of type "void (*)(void)" is incompatible with parameter of type "mfs_tx_cb_func_ptr_t"
                        Mfs_SetTxIntCallBack (I2C_INSTANCE , WyzBeeI2c_TxIsr   );       // Register I2c TX ISR
WyzBee_i2c\WyzBee_i2c.c(139): warning:  #167-D: argument of type "void (*)(void)" is incompatible with parameter of type "mfs_rx_cb_func_ptr_t"
                        Mfs_SetRxIntCallBack (I2C_INSTANCE , WyzBeeI2c_RxIsr   );       // Register I2c RX ISR
WyzBee_i2c\WyzBee_i2c.c(140): warning:  #167-D: argument of type "void (*)(void)" is incompatible with parameter of type "mfs_sts_cb_func_ptr_t"
                        Mfs_SetStsIntCallBack(I2C_INSTANCE , WyzBeeI2c_SatusIsr);       // Register I2c Status ISR
WyzBee_i2c\WyzBee_i2c.c(456): warning:  #223-D: function "memset" declared implicitly
        memset(&unSSR, 0, sizeof(unSSR));
WyzBee_i2c\WyzBee_i2c.c(560): warning:  #223-D: function "memset" declared implicitly
        memset(&unSSR, 0, sizeof(unSSR));
WyzBee_i2c\WyzBee_i2c.c: 6 warnings, 0 errors
creating preprocessor file for WyzBee_ext.c...
compiling WyzBee_ext.c...
WyzBee_ext\WyzBee_ext.c(107): warning:  #177-D: variable "ret" was declared but never referenced
     uint8 ret;
WyzBee_ext\WyzBee_ext.c: 1 warning, 0 errors
linking...
Program Size: Code=14786 RO-data=2054 RW-data=72 ZI-data=680  
".\Lab1.axf" - 0 Error(s), 34 Warning(s).
     Mfs_SetStsIntCallBack(I2C_INSTANCE , WyzBeeI2c_SatusIsr);       // Register I2c Status ISR
WyzBee_i2c\WyzBee_i2c.c(456): warning:  #223-D: function "memset" declared implicitly
        memset(&unSSR, 0, sizeof(unSSR));
WyzBee_i2c\WyzBee_i2c.c(560): warning:  #223-D: function "memset" declared implicitly
        memset(&unSSR, 0, sizeof(unSSR));
WyzBee_i2c\WyzBee_i2c.c: 6 warnings, 0 errors
linking...
Program Size: Code=14654 RO-data=2054 RW-data=72 ZI-data=680  
".\Lab1.axf" - 0 Error(s), 34 Warning(s).
