


ARM Macro Assembler    Page 1 


    1 00000000         ;*******************************************************
                       ************************
    2 00000000         ; Copyright (C) 2013 Spansion LLC. All Rights Reserved. 
                       
    3 00000000         ;
    4 00000000         ; This software is owned and published by: 
    5 00000000         ; Spansion LLC, 915 DeGuigne Dr. Sunnyvale, CA  94088-34
                       53 ("Spansion").
    6 00000000         ;
    7 00000000         ; BY DOWNLOADING, INSTALLING OR USING THIS SOFTWARE, YOU
                        AGREE TO BE BOUND 
    8 00000000         ; BY ALL THE TERMS AND CONDITIONS OF THIS AGREEMENT.
    9 00000000         ;
   10 00000000         ; This software contains source code for use with Spansi
                       on 
   11 00000000         ; components. This software is licensed by Spansion to b
                       e adapted only 
   12 00000000         ; for use in systems utilizing Spansion components. Span
                       sion shall not be 
   13 00000000         ; responsible for misuse or illegal use of this software
                        for devices not 
   14 00000000         ; supported herein.  Spansion is providing this software
                        "AS IS" and will 
   15 00000000         ; not be responsible for issues arising from incorrect u
                       ser implementation 
   16 00000000         ; of the software.  
   17 00000000         ;
   18 00000000         ; SPANSION MAKES NO WARRANTY, EXPRESS OR IMPLIED, ARISIN
                       G BY LAW OR OTHERWISE,
   19 00000000         ; REGARDING THE SOFTWARE (INCLUDING ANY ACOOMPANYING WRI
                       TTEN MATERIALS), 
   20 00000000         ; ITS PERFORMANCE OR SUITABILITY FOR YOUR INTENDED USE, 
                       INCLUDING, 
   21 00000000         ; WITHOUT LIMITATION, THE IMPLIED WARRANTY OF MERCHANTAB
                       ILITY, THE IMPLIED 
   22 00000000         ; WARRANTY OF FITNESS FOR A PARTICULAR PURPOSE OR USE, A
                       ND THE IMPLIED 
   23 00000000         ; WARRANTY OF NONINFRINGEMENT.  
   24 00000000         ; SPANSION SHALL HAVE NO LIABILITY (WHETHER IN CONTRACT,
                        WARRANTY, TORT, 
   25 00000000         ; NEGLIGENCE OR OTHERWISE) FOR ANY DAMAGES WHATSOEVER (I
                       NCLUDING, WITHOUT 
   26 00000000         ; LIMITATION, DAMAGES FOR LOSS OF BUSINESS PROFITS, BUSI
                       NESS INTERRUPTION, 
   27 00000000         ; LOSS OF BUSINESS INFORMATION, OR OTHER PECUNIARY LOSS)
                        ARISING FROM USE OR 
   28 00000000         ; INABILITY TO USE THE SOFTWARE, INCLUDING, WITHOUT LIMI
                       TATION, ANY DIRECT, 
   29 00000000         ; INDIRECT, INCIDENTAL, SPECIAL OR CONSEQUENTIAL DAMAGES
                        OR LOSS OF DATA, 
   30 00000000         ; SAVINGS OR PROFITS, 
   31 00000000         ; EVEN IF SPANSION HAS BEEN ADVISED OF THE POSSIBILITY O
                       F SUCH DAMAGES. 
   32 00000000         ; YOU ASSUME ALL RESPONSIBILITIES FOR SELECTION OF THE S
                       OFTWARE TO ACHIEVE YOUR
   33 00000000         ; INTENDED RESULTS, AND FOR THE INSTALLATION OF, USE OF,
                        AND RESULTS OBTAINED 
   34 00000000         ; FROM, THE SOFTWARE.  
   35 00000000         ;



ARM Macro Assembler    Page 2 


   36 00000000         ; This software may be replicated in part or whole for t
                       he licensed use, 
   37 00000000         ; with the restriction that this Disclaimer and Copyrigh
                       t notice must be 
   38 00000000         ; included with each copy of this software, whether used
                        in part or whole, 
   39 00000000         ; at all times.  
   40 00000000         ;
   41 00000000         
   42 00000000         ; Stack Configuration
   43 00000000         ;  Stack Size (in Bytes) <0x0-0xFFFFFFFF:8>
   44 00000000         
   45 00000000         
   46 00000000 00001200 
                       Stack_Size
                               EQU              0x00001200
   47 00000000         
   48 00000000                 AREA             STACK, NOINIT, READWRITE, ALIGN
=3
   49 00000000         Stack_Mem
                               SPACE            Stack_Size
   50 00001200         __initial_sp
   51 00001200         
   52 00001200         
   53 00001200         ; Heap Configuration
   54 00001200         ;  Heap Size (in Bytes) <0x0-0xFFFFFFFF:8>
   55 00001200         
   56 00001200 00001000 
                       Heap_Size
                               EQU              0x00001000
   57 00001200         
   58 00001200                 AREA             HEAP, NOINIT, READWRITE, ALIGN=
3
   59 00000000         __heap_base
   60 00000000         Heap_Mem
                               SPACE            Heap_Size
   61 00001000         __heap_limit
   62 00001000         
   63 00001000         
   64 00001000                 PRESERVE8
   65 00001000                 THUMB
   66 00001000         
   67 00001000         
   68 00001000         ; Vector Table Mapped to Address 0 at Reset
   69 00001000         
   70 00001000                 AREA             RESET, DATA, READONLY
   71 00000000                 EXPORT           __Vectors
   72 00000000                 EXPORT           __Vectors_End
   73 00000000                 EXPORT           __Vectors_Size
   74 00000000                 IMPORT           TimeTick_Increment
   75 00000000         ;IMPORT  EXINT7_IRQHandler
   76 00000000                 IMPORT           EXINT8_IRQHandler
   77 00000000                 IMPORT           DT1_2_IRQHandler
   78 00000000         
   79 00000000         
   80 00000000 00000000 
                       __Vectors
                               DCD              __initial_sp ; Top of Stack
   81 00000004 00000000        DCD              Reset_Handler ; Reset Handler



ARM Macro Assembler    Page 3 


   82 00000008 00000000        DCD              NMI_Handler ; NMI Handler
   83 0000000C 00000000        DCD              HardFault_Handler ; Hard Fault 
                                                            Handler
   84 00000010 00000000        DCD              MemManage_Handler 
                                                            ; MPU Fault Handler
                                                            
   85 00000014 00000000        DCD              BusFault_Handler 
                                                            ; Bus Fault Handler
                                                            
   86 00000018 00000000        DCD              UsageFault_Handler ; Usage Faul
                                                            t Handler
   87 0000001C 00000000        DCD              0           ; Reserved
   88 00000020 00000000        DCD              0           ; Reserved
   89 00000024 00000000        DCD              0           ; Reserved
   90 00000028 00000000        DCD              0           ; Reserved
   91 0000002C 00000000        DCD              SVC_Handler ; SVCall Handler
   92 00000030 00000000        DCD              DebugMon_Handler ; Debug Monito
                                                            r Handler
   93 00000034 00000000        DCD              0           ; Reserved
   94 00000038 00000000        DCD              PendSV_Handler ; PendSV Handler
                                                            
   95 0000003C         ;DCD     SysTick_Handler           ; SysTick Handler
   96 0000003C 00000000        DCD              TimeTick_Increment 
                                                            ; SysTick Handler
   97 00000040         
   98 00000040         ; Numbered IRQ handler vectors    
   99 00000040         
  100 00000040         ; Note: renaming to device dependent ISR function names 
                       are done in
  101 00000040         ;       pdl.h (section "IRQ name definition for all type
                        MCUs"
  102 00000040         
  103 00000040 00000000        DCD              CSV_IRQHandler
  104 00000044 00000000        DCD              SWDT_IRQHandler
  105 00000048 00000000        DCD              LVD_IRQHandler
  106 0000004C 00000000        DCD              IRQ003SEL_IRQHandler
  107 00000050 00000000        DCD              IRQ004SEL_IRQHandler
  108 00000054 00000000        DCD              IRQ005SEL_IRQHandler
  109 00000058 00000000        DCD              IRQ006SEL_IRQHandler
  110 0000005C 00000000        DCD              IRQ007SEL_IRQHandler
  111 00000060 00000000        DCD              IRQ008SEL_IRQHandler
  112 00000064 00000000        DCD              IRQ009SEL_IRQHandler
  113 00000068 00000000        DCD              IRQ010SEL_IRQHandler
  114 0000006C 00000000        DCD              EXINT0_IRQHandler
  115 00000070 00000000        DCD              EXINT1_IRQHandler
  116 00000074 00000000        DCD              EXINT2_IRQHandler
  117 00000078 00000000        DCD              EXINT3_IRQHandler
  118 0000007C 00000000        DCD              EXINT4_IRQHandler
  119 00000080 00000000        DCD              EXINT5_IRQHandler
  120 00000084 00000000        DCD              EXINT6_IRQHandler
  121 00000088 00000000        DCD              EXINT7_IRQHandler
  122 0000008C 00000000        DCD              QPRC0_IRQHandler
  123 00000090 00000000        DCD              QPRC1_IRQHandler
  124 00000094 00000000        DCD              WFG0_DTIF0_IRQHandler
  125 00000098 00000000        DCD              WFG1_DTIF1_IRQHandler
  126 0000009C 00000000        DCD              WFG2_DTIF2_IRQHandler
  127 000000A0 00000000        DCD              FRT0_PEAK_IRQHandler
  128 000000A4 00000000        DCD              FRT0_ZERO_IRQHandler
  129 000000A8 00000000        DCD              ICU0_IRQHandler



ARM Macro Assembler    Page 4 


  130 000000AC 00000000        DCD              OCU0_IRQHandler
  131 000000B0 00000000        DCD              FRT1_PEAK_IRQHandler
  132 000000B4 00000000        DCD              FRT1_ZERO_IRQHandler
  133 000000B8 00000000        DCD              ICU1_IRQHandler
  134 000000BC 00000000        DCD              OCU1_IRQHandler
  135 000000C0 00000000        DCD              FRT2_PEAK_IRQHandler
  136 000000C4 00000000        DCD              FRT2_ZERO_IRQHandler
  137 000000C8 00000000        DCD              ICU2_IRQHandler
  138 000000CC 00000000        DCD              OCU2_IRQHandler
  139 000000D0 00000000        DCD              PPG00_02_04_IRQHandler
  140 000000D4 00000000        DCD              PPG08_10_12_IRQHandler
  141 000000D8 00000000        DCD              PPG16_18_20_IRQHandler
  142 000000DC 00000000        DCD              BT0_IRQHandler
  143 000000E0 00000000        DCD              BT1_IRQHandler
  144 000000E4 00000000        DCD              BT2_IRQHandler
  145 000000E8 00000000        DCD              BT3_IRQHandler
  146 000000EC 00000000        DCD              BT4_IRQHandler
  147 000000F0 00000000        DCD              BT5_IRQHandler
  148 000000F4 00000000        DCD              BT6_IRQHandler
  149 000000F8 00000000        DCD              BT7_IRQHandler
  150 000000FC         ;DCD     DT1_2_IRAHandler
  151 000000FC 00000000        DCD              DT1_2_IRQHandler
  152 00000100 00000000        DCD              WC_IRQHandler
  153 00000104 00000000        DCD              EXTBUS_ERR_Handler
  154 00000108 00000000        DCD              RTC_IRQHandler
  155 0000010C         ;DCD     EXTINT8_IRQHandler
  156 0000010C 00000000        DCD              EXINT8_IRQHandler
  157 00000110 00000000        DCD              EXTINT9_IRQHandler
  158 00000114 00000000        DCD              EXTINT10_IRQHandler
  159 00000118 00000000        DCD              EXTINT11_IRQHandler
  160 0000011C 00000000        DCD              EXTINT12_IRQHandler
  161 00000120 00000000        DCD              EXTINT13_IRQHandler
  162 00000124 00000000        DCD              EXTINT14_IRQHandler
  163 00000128 00000000        DCD              EXTINT15_IRQHandler
  164 0000012C 00000000        DCD              TIM_IRQHandler
  165 00000130 00000000        DCD              MFS0_RX_IRQHandler
  166 00000134 00000000        DCD              MFS0_TX_IRQHandler
  167 00000138 00000000        DCD              MFS1_RX_IRQHandler
  168 0000013C 00000000        DCD              MFS1_TX_IRQHandler
  169 00000140 00000000        DCD              MFS2_RX_IRQHandler
  170 00000144 00000000        DCD              MFS2_TX_IRQHandler
  171 00000148 00000000        DCD              MFS3_RX_IRQHandler
  172 0000014C 00000000        DCD              MFS3_TX_IRQHandler
  173 00000150 00000000        DCD              MFS4_RX_IRQHandler
  174 00000154 00000000        DCD              MFS4_TX_IRQHandler
  175 00000158 00000000        DCD              MFS5_RX_IRQHandler
  176 0000015C 00000000        DCD              MFS5_TX_IRQHandler
  177 00000160 00000000        DCD              MFS6_RX_IRQHandler
  178 00000164 00000000        DCD              MFS6_TX_IRQHandler
  179 00000168 00000000        DCD              MFS7_RX_IRQHandler
  180 0000016C 00000000        DCD              MFS7_TX_IRQHandler
  181 00000170 00000000        DCD              ADC0_IRQHandler
  182 00000174 00000000        DCD              ADC1_IRQHandler
  183 00000178 00000000        DCD              USB0_IRQHandler
  184 0000017C 00000000        DCD              USB0_HOST_IRQHandler
  185 00000180 00000000        DCD              CAN0_IRQHandler
  186 00000184 00000000        DCD              CAN1_IRQHandler
  187 00000188 00000000        DCD              ETHER0_IRQHandler
  188 0000018C 00000000        DCD              DMAC0_IRQHandler



ARM Macro Assembler    Page 5 


  189 00000190 00000000        DCD              DMAC1_IRQHandler
  190 00000194 00000000        DCD              DMAC2_IRQHandler
  191 00000198 00000000        DCD              DMAC3_IRQHandler
  192 0000019C 00000000        DCD              DMAC4_IRQHandler
  193 000001A0 00000000        DCD              DMAC5_IRQHandler
  194 000001A4 00000000        DCD              DMAC6_IRQHandler
  195 000001A8 00000000        DCD              DMAC7_IRQHandler
  196 000001AC 00000000        DCD              DSTC_IRQHandler
  197 000001B0 00000000        DCD              EXINT16_17_18_19_IRQHandler
  198 000001B4 00000000        DCD              EXINT20_21_22_23_IRQHandler
  199 000001B8 00000000        DCD              EXINT24_25_26_27_IRQHandler
  200 000001BC 00000000        DCD              EXINT28_29_30_31_IRQHandler
  201 000001C0 00000000        DCD              QPRC2_IRQHandler
  202 000001C4 00000000        DCD              QPRC3_IRQHandler
  203 000001C8 00000000        DCD              BT8_IRQHandler
  204 000001CC 00000000        DCD              BT9_IRQHandler
  205 000001D0 00000000        DCD              BT10_IRQHandler
  206 000001D4 00000000        DCD              BT11_IRQHandler
  207 000001D8 00000000        DCD              BT12_15_IRQHandler
  208 000001DC 00000000        DCD              MFS8_RX_IRQHandler
  209 000001E0 00000000        DCD              MFS8_TX_IRQHandler
  210 000001E4 00000000        DCD              MFS9_RX_IRQHandler
  211 000001E8 00000000        DCD              MFS9_TX_IRQHandler
  212 000001EC 00000000        DCD              MFS10_RX_IRQHandler
  213 000001F0 00000000        DCD              MFS10_TX_IRQHandler
  214 000001F4 00000000        DCD              MFS11_RX_IRQHandler
  215 000001F8 00000000        DCD              MFS11_TX_IRQHandler
  216 000001FC 00000000        DCD              ADC2_IRQHandler
  217 00000200 00000000        DCD              Dummy
  218 00000204 00000000        DCD              USB1_IRQHandler
  219 00000208 00000000        DCD              USB1_HOST_IRQHandler
  220 0000020C 00000000        DCD              Dummy
  221 00000210 00000000        DCD              Dummy
  222 00000214 00000000        DCD              Dummy
  223 00000218 00000000        DCD              SD_IRQHandler
  224 0000021C 00000000        DCD              FLASHIF_IRQHandler
  225 00000220 00000000        DCD              MFS12_RX_IRQHandler
  226 00000224 00000000        DCD              MFS12_TX_IRQHandler
  227 00000228 00000000        DCD              MFS13_RX_IRQHandler
  228 0000022C 00000000        DCD              MFS13_TX_IRQHandler
  229 00000230 00000000        DCD              MFS14_RX_IRQHandler
  230 00000234 00000000        DCD              MFS14_TX_IRQHandler
  231 00000238 00000000        DCD              MFS15_RX_IRQHandler
  232 0000023C 00000000        DCD              MFS15_TX_IRQHandler
  233 00000240         __Vectors_End
  234 00000240         
  235 00000240 00000240 
                       __Vectors_Size
                               EQU              __Vectors_End - __Vectors
  236 00000240         
  237 00000240                 AREA             |.text|, CODE, READONLY
  238 00000000         
  239 00000000         
  240 00000000         ; Reset Handler
  241 00000000         
  242 00000000         Reset_Handler
                               PROC
  243 00000000                 EXPORT           Reset_Handler             [WEAK
]



ARM Macro Assembler    Page 6 


  244 00000000                 IMPORT           SystemInit
  245 00000000                 IMPORT           __main
  246 00000000         
  247 00000000         ;                LDR.W R0, =0xE000ED88            ; CPAC
                       R is located at address 0xE000ED88
  248 00000000         ;                LDR R1, [R0]                     ; Read
                        CPACR
  249 00000000         ;                ORR R1, R1, #(0xF << 20)         ; Set 
                       bits 20-23 to enable CP10 and CP11 coprocessors
  250 00000000         ;                STR R1, [R0]                     ; Writ
                       e back the modified value to the CPACR
  251 00000000         
  252 00000000 4809            LDR              R0, =SystemInit
  253 00000002 4780            BLX              R0
  254 00000004 4809            LDR              R0, =__main
  255 00000006 4700            BX               R0
  256 00000008                 ENDP
  257 00000008         
  258 00000008         
  259 00000008         ; Dummy Exception Handlers (infinite loops which can be 
                       modified)
  260 00000008         
  261 00000008         NMI_Handler
                               PROC
  262 00000008                 EXPORT           NMI_Handler               [WEAK
]
  263 00000008 E7FE            B                .
  264 0000000A                 ENDP
  266 0000000A         HardFault_Handler
                               PROC
  267 0000000A                 EXPORT           HardFault_Handler         [WEAK
]
  268 0000000A E7FE            B                .
  269 0000000C                 ENDP
  271 0000000C         MemManage_Handler
                               PROC
  272 0000000C                 EXPORT           MemManage_Handler         [WEAK
]
  273 0000000C E7FE            B                .
  274 0000000E                 ENDP
  276 0000000E         BusFault_Handler
                               PROC
  277 0000000E                 EXPORT           BusFault_Handler          [WEAK
]
  278 0000000E E7FE            B                .
  279 00000010                 ENDP
  281 00000010         UsageFault_Handler
                               PROC
  282 00000010                 EXPORT           UsageFault_Handler        [WEAK
]
  283 00000010 E7FE            B                .
  284 00000012                 ENDP
  285 00000012         SVC_Handler
                               PROC
  286 00000012                 EXPORT           SVC_Handler               [WEAK
]
  287 00000012 E7FE            B                .
  288 00000014                 ENDP
  290 00000014         DebugMon_Handler



ARM Macro Assembler    Page 7 


                               PROC
  291 00000014                 EXPORT           DebugMon_Handler          [WEAK
]
  292 00000014 E7FE            B                .
  293 00000016                 ENDP
  294 00000016         PendSV_Handler
                               PROC
  295 00000016                 EXPORT           PendSV_Handler            [WEAK
]
  296 00000016 E7FE            B                .
  297 00000018                 ENDP
  298 00000018         SysTick_Handler
                               PROC
  299 00000018                 EXPORT           SysTick_Handler           [WEAK
]
  300 00000018 E7FE            B                .
  301 0000001A                 ENDP
  302 0000001A         
  303 0000001A         Default_Handler
                               PROC
  304 0000001A         
  305 0000001A                 EXPORT           CSV_IRQHandler           [WEAK]
  306 0000001A                 EXPORT           SWDT_IRQHandler           [WEAK
]
  307 0000001A                 EXPORT           LVD_IRQHandler           [WEAK]
  308 0000001A                 EXPORT           IRQ003SEL_IRQHandler           
[WEAK]
  309 0000001A                 EXPORT           IRQ004SEL_IRQHandler           
[WEAK]
  310 0000001A                 EXPORT           IRQ005SEL_IRQHandler           
[WEAK]
  311 0000001A                 EXPORT           IRQ006SEL_IRQHandler           
[WEAK]
  312 0000001A                 EXPORT           IRQ007SEL_IRQHandler           
[WEAK]
  313 0000001A                 EXPORT           IRQ008SEL_IRQHandler           
[WEAK]
  314 0000001A                 EXPORT           IRQ009SEL_IRQHandler           
[WEAK]
  315 0000001A                 EXPORT           IRQ010SEL_IRQHandler           
[WEAK]
  316 0000001A                 EXPORT           EXINT0_IRQHandler           [WE
AK]
  317 0000001A                 EXPORT           EXINT1_IRQHandler           [WE
AK]
  318 0000001A                 EXPORT           EXINT2_IRQHandler           [WE
AK]
  319 0000001A                 EXPORT           EXINT3_IRQHandler           [WE
AK]
  320 0000001A                 EXPORT           EXINT4_IRQHandler           [WE
AK]
  321 0000001A                 EXPORT           EXINT5_IRQHandler           [WE
AK]
  322 0000001A                 EXPORT           EXINT6_IRQHandler           [WE
AK]
  323 0000001A                 EXPORT           EXINT7_IRQHandler           [WE
AK]
  324 0000001A                 EXPORT           QPRC0_IRQHandler           [WEA
K]



ARM Macro Assembler    Page 8 


  325 0000001A                 EXPORT           QPRC1_IRQHandler           [WEA
K]
  326 0000001A                 EXPORT           WFG0_DTIF0_IRQHandler          
 [WEAK]
  327 0000001A                 EXPORT           WFG1_DTIF1_IRQHandler          
 [WEAK]
  328 0000001A                 EXPORT           WFG2_DTIF2_IRQHandler          
 [WEAK]
  329 0000001A                 EXPORT           FRT0_PEAK_IRQHandler           
[WEAK]
  330 0000001A                 EXPORT           FRT0_ZERO_IRQHandler           
[WEAK]
  331 0000001A                 EXPORT           ICU0_IRQHandler           [WEAK
]
  332 0000001A                 EXPORT           OCU0_IRQHandler           [WEAK
]
  333 0000001A                 EXPORT           FRT1_PEAK_IRQHandler           
[WEAK]
  334 0000001A                 EXPORT           FRT1_ZERO_IRQHandler           
[WEAK]
  335 0000001A                 EXPORT           ICU1_IRQHandler           [WEAK
]
  336 0000001A                 EXPORT           OCU1_IRQHandler           [WEAK
]
  337 0000001A                 EXPORT           FRT2_PEAK_IRQHandler           
[WEAK]
  338 0000001A                 EXPORT           FRT2_ZERO_IRQHandler           
[WEAK]
  339 0000001A                 EXPORT           ICU2_IRQHandler           [WEAK
]
  340 0000001A                 EXPORT           OCU2_IRQHandler           [WEAK
]
  341 0000001A                 EXPORT           PPG00_02_04_IRQHandler         
  [WEAK]
  342 0000001A                 EXPORT           PPG08_10_12_IRQHandler         
  [WEAK]
  343 0000001A                 EXPORT           PPG16_18_20_IRQHandler         
  [WEAK]
  344 0000001A                 EXPORT           BT0_IRQHandler           [WEAK]
  345 0000001A                 EXPORT           BT1_IRQHandler           [WEAK]
  346 0000001A                 EXPORT           BT2_IRQHandler           [WEAK]
  347 0000001A                 EXPORT           BT3_IRQHandler           [WEAK]
  348 0000001A                 EXPORT           BT4_IRQHandler           [WEAK]
  349 0000001A                 EXPORT           BT5_IRQHandler           [WEAK]
  350 0000001A                 EXPORT           BT6_IRQHandler           [WEAK]
  351 0000001A                 EXPORT           BT7_IRQHandler           [WEAK]
  352 0000001A         ;EXPORT  DT1_2_IRAHandler           [WEAK]
  353 0000001A                 EXPORT           WC_IRQHandler           [WEAK]
  354 0000001A                 EXPORT           EXTBUS_ERR_Handler           [W
EAK]
  355 0000001A                 EXPORT           RTC_IRQHandler           [WEAK]
  356 0000001A         ;EXPORT  EXTINT8_IRQHandler           [WEAK]
  357 0000001A                 EXPORT           EXTINT9_IRQHandler           [W
EAK]
  358 0000001A                 EXPORT           EXTINT10_IRQHandler           [
WEAK]
  359 0000001A                 EXPORT           EXTINT11_IRQHandler           [
WEAK]
  360 0000001A                 EXPORT           EXTINT12_IRQHandler           [



ARM Macro Assembler    Page 9 


WEAK]
  361 0000001A                 EXPORT           EXTINT13_IRQHandler           [
WEAK]
  362 0000001A                 EXPORT           EXTINT14_IRQHandler           [
WEAK]
  363 0000001A                 EXPORT           EXTINT15_IRQHandler           [
WEAK]
  364 0000001A                 EXPORT           TIM_IRQHandler           [WEAK]
  365 0000001A                 EXPORT           MFS0_RX_IRQHandler           [W
EAK]
  366 0000001A                 EXPORT           MFS0_TX_IRQHandler           [W
EAK]
  367 0000001A                 EXPORT           MFS1_RX_IRQHandler           [W
EAK]
  368 0000001A                 EXPORT           MFS1_TX_IRQHandler           [W
EAK]
  369 0000001A                 EXPORT           MFS2_RX_IRQHandler           [W
EAK]
  370 0000001A                 EXPORT           MFS2_TX_IRQHandler           [W
EAK]
  371 0000001A                 EXPORT           MFS3_RX_IRQHandler           [W
EAK]
  372 0000001A                 EXPORT           MFS3_TX_IRQHandler           [W
EAK]
  373 0000001A                 EXPORT           MFS4_RX_IRQHandler           [W
EAK]
  374 0000001A                 EXPORT           MFS4_TX_IRQHandler           [W
EAK]
  375 0000001A                 EXPORT           MFS5_RX_IRQHandler           [W
EAK]
  376 0000001A                 EXPORT           MFS5_TX_IRQHandler           [W
EAK]
  377 0000001A                 EXPORT           MFS6_RX_IRQHandler           [W
EAK]
  378 0000001A                 EXPORT           MFS6_TX_IRQHandler           [W
EAK]
  379 0000001A                 EXPORT           MFS7_RX_IRQHandler           [W
EAK]
  380 0000001A                 EXPORT           MFS7_TX_IRQHandler           [W
EAK]
  381 0000001A                 EXPORT           ADC0_IRQHandler           [WEAK
]
  382 0000001A                 EXPORT           ADC1_IRQHandler           [WEAK
]
  383 0000001A                 EXPORT           USB0_IRQHandler           [WEAK
]
  384 0000001A                 EXPORT           USB0_HOST_IRQHandler           
[WEAK]
  385 0000001A                 EXPORT           CAN0_IRQHandler           [WEAK
]
  386 0000001A                 EXPORT           CAN1_IRQHandler           [WEAK
]
  387 0000001A                 EXPORT           ETHER0_IRQHandler           [WE
AK]
  388 0000001A                 EXPORT           DMAC0_IRQHandler           [WEA
K]
  389 0000001A                 EXPORT           DMAC1_IRQHandler           [WEA
K]
  390 0000001A                 EXPORT           DMAC2_IRQHandler           [WEA



ARM Macro Assembler    Page 10 


K]
  391 0000001A                 EXPORT           DMAC3_IRQHandler           [WEA
K]
  392 0000001A                 EXPORT           DMAC4_IRQHandler           [WEA
K]
  393 0000001A                 EXPORT           DMAC5_IRQHandler           [WEA
K]
  394 0000001A                 EXPORT           DMAC6_IRQHandler           [WEA
K]
  395 0000001A                 EXPORT           DMAC7_IRQHandler           [WEA
K]
  396 0000001A                 EXPORT           DSTC_IRQHandler           [WEAK
]
  397 0000001A                 EXPORT           EXINT16_17_18_19_IRQHandler    
       [WEAK]
  398 0000001A                 EXPORT           EXINT20_21_22_23_IRQHandler    
       [WEAK]
  399 0000001A                 EXPORT           EXINT24_25_26_27_IRQHandler    
       [WEAK]
  400 0000001A                 EXPORT           EXINT28_29_30_31_IRQHandler    
       [WEAK]
  401 0000001A                 EXPORT           QPRC2_IRQHandler           [WEA
K]
  402 0000001A                 EXPORT           QPRC3_IRQHandler           [WEA
K]
  403 0000001A                 EXPORT           BT8_IRQHandler           [WEAK]
  404 0000001A                 EXPORT           BT9_IRQHandler           [WEAK]
  405 0000001A                 EXPORT           BT10_IRQHandler           [WEAK
]
  406 0000001A                 EXPORT           BT11_IRQHandler           [WEAK
]
  407 0000001A                 EXPORT           BT12_15_IRQHandler           [W
EAK]
  408 0000001A                 EXPORT           MFS8_RX_IRQHandler           [W
EAK]
  409 0000001A                 EXPORT           MFS8_TX_IRQHandler           [W
EAK]
  410 0000001A                 EXPORT           MFS9_RX_IRQHandler           [W
EAK]
  411 0000001A                 EXPORT           MFS9_TX_IRQHandler           [W
EAK]
  412 0000001A                 EXPORT           MFS10_RX_IRQHandler           [
WEAK]
  413 0000001A                 EXPORT           MFS10_TX_IRQHandler           [
WEAK]
  414 0000001A                 EXPORT           MFS11_RX_IRQHandler           [
WEAK]
  415 0000001A                 EXPORT           MFS11_TX_IRQHandler           [
WEAK]
  416 0000001A                 EXPORT           ADC2_IRQHandler           [WEAK
]
  417 0000001A                 EXPORT           USB1_IRQHandler           [WEAK
]
  418 0000001A                 EXPORT           USB1_HOST_IRQHandler           
[WEAK]
  419 0000001A                 EXPORT           SD_IRQHandler           [WEAK]
  420 0000001A                 EXPORT           FLASHIF_IRQHandler           [W
EAK]
  421 0000001A                 EXPORT           MFS12_RX_IRQHandler           [



ARM Macro Assembler    Page 11 


WEAK]
  422 0000001A                 EXPORT           MFS12_TX_IRQHandler           [
WEAK]
  423 0000001A                 EXPORT           MFS13_RX_IRQHandler           [
WEAK]
  424 0000001A                 EXPORT           MFS13_TX_IRQHandler           [
WEAK]
  425 0000001A                 EXPORT           MFS14_RX_IRQHandler           [
WEAK]
  426 0000001A                 EXPORT           MFS14_TX_IRQHandler           [
WEAK]
  427 0000001A                 EXPORT           MFS15_RX_IRQHandler           [
WEAK]
  428 0000001A                 EXPORT           MFS15_TX_IRQHandler           [
WEAK]
  429 0000001A                 EXPORT           Dummy           [WEAK]
  430 0000001A         
  431 0000001A         
  432 0000001A         
  433 0000001A         CSV_IRQHandler
  434 0000001A         SWDT_IRQHandler
  435 0000001A         LVD_IRQHandler
  436 0000001A         IRQ003SEL_IRQHandler
  437 0000001A         IRQ004SEL_IRQHandler
  438 0000001A         IRQ005SEL_IRQHandler
  439 0000001A         IRQ006SEL_IRQHandler
  440 0000001A         IRQ007SEL_IRQHandler
  441 0000001A         IRQ008SEL_IRQHandler
  442 0000001A         IRQ009SEL_IRQHandler
  443 0000001A         IRQ010SEL_IRQHandler
  444 0000001A         EXINT0_IRQHandler
  445 0000001A         EXINT1_IRQHandler
  446 0000001A         EXINT2_IRQHandler
  447 0000001A         EXINT3_IRQHandler
  448 0000001A         EXINT4_IRQHandler
  449 0000001A         EXINT5_IRQHandler
  450 0000001A         EXINT6_IRQHandler
  451 0000001A         EXINT7_IRQHandler
  452 0000001A         QPRC0_IRQHandler
  453 0000001A         QPRC1_IRQHandler
  454 0000001A         WFG0_DTIF0_IRQHandler
  455 0000001A         WFG1_DTIF1_IRQHandler
  456 0000001A         WFG2_DTIF2_IRQHandler
  457 0000001A         FRT0_PEAK_IRQHandler
  458 0000001A         FRT0_ZERO_IRQHandler
  459 0000001A         ICU0_IRQHandler
  460 0000001A         OCU0_IRQHandler
  461 0000001A         FRT1_PEAK_IRQHandler
  462 0000001A         FRT1_ZERO_IRQHandler
  463 0000001A         ICU1_IRQHandler
  464 0000001A         OCU1_IRQHandler
  465 0000001A         FRT2_PEAK_IRQHandler
  466 0000001A         FRT2_ZERO_IRQHandler
  467 0000001A         ICU2_IRQHandler
  468 0000001A         OCU2_IRQHandler
  469 0000001A         PPG00_02_04_IRQHandler
  470 0000001A         PPG08_10_12_IRQHandler
  471 0000001A         PPG16_18_20_IRQHandler
  472 0000001A         BT0_IRQHandler



ARM Macro Assembler    Page 12 


  473 0000001A         BT1_IRQHandler
  474 0000001A         BT2_IRQHandler
  475 0000001A         BT3_IRQHandler
  476 0000001A         BT4_IRQHandler
  477 0000001A         BT5_IRQHandler
  478 0000001A         BT6_IRQHandler
  479 0000001A         BT7_IRQHandler
  480 0000001A         ;DT1_2_IRAHandler
  481 0000001A         WC_IRQHandler
  482 0000001A         EXTBUS_ERR_Handler
  483 0000001A         RTC_IRQHandler
  484 0000001A         ;EXTINT8_IRQHandler
  485 0000001A         EXTINT9_IRQHandler
  486 0000001A         EXTINT10_IRQHandler
  487 0000001A         EXTINT11_IRQHandler
  488 0000001A         EXTINT12_IRQHandler
  489 0000001A         EXTINT13_IRQHandler
  490 0000001A         EXTINT14_IRQHandler
  491 0000001A         EXTINT15_IRQHandler
  492 0000001A         TIM_IRQHandler
  493 0000001A         MFS0_RX_IRQHandler
  494 0000001A         MFS0_TX_IRQHandler
  495 0000001A         MFS1_RX_IRQHandler
  496 0000001A         MFS1_TX_IRQHandler
  497 0000001A         MFS2_RX_IRQHandler
  498 0000001A         MFS2_TX_IRQHandler
  499 0000001A         MFS3_RX_IRQHandler
  500 0000001A         MFS3_TX_IRQHandler
  501 0000001A         MFS4_RX_IRQHandler
  502 0000001A         MFS4_TX_IRQHandler
  503 0000001A         MFS5_RX_IRQHandler
  504 0000001A         MFS5_TX_IRQHandler
  505 0000001A         MFS6_RX_IRQHandler
  506 0000001A         MFS6_TX_IRQHandler
  507 0000001A         MFS7_RX_IRQHandler
  508 0000001A         MFS7_TX_IRQHandler
  509 0000001A         ADC0_IRQHandler
  510 0000001A         ADC1_IRQHandler
  511 0000001A         USB0_IRQHandler
  512 0000001A         USB0_HOST_IRQHandler
  513 0000001A         CAN0_IRQHandler
  514 0000001A         CAN1_IRQHandler
  515 0000001A         ETHER0_IRQHandler
  516 0000001A         DMAC0_IRQHandler
  517 0000001A         DMAC1_IRQHandler
  518 0000001A         DMAC2_IRQHandler
  519 0000001A         DMAC3_IRQHandler
  520 0000001A         DMAC4_IRQHandler
  521 0000001A         DMAC5_IRQHandler
  522 0000001A         DMAC6_IRQHandler
  523 0000001A         DMAC7_IRQHandler
  524 0000001A         DSTC_IRQHandler
  525 0000001A         EXINT16_17_18_19_IRQHandler
  526 0000001A         EXINT20_21_22_23_IRQHandler
  527 0000001A         EXINT24_25_26_27_IRQHandler
  528 0000001A         EXINT28_29_30_31_IRQHandler
  529 0000001A         QPRC2_IRQHandler
  530 0000001A         QPRC3_IRQHandler
  531 0000001A         BT8_IRQHandler



ARM Macro Assembler    Page 13 


  532 0000001A         BT9_IRQHandler
  533 0000001A         BT10_IRQHandler
  534 0000001A         BT11_IRQHandler
  535 0000001A         BT12_15_IRQHandler
  536 0000001A         MFS8_RX_IRQHandler
  537 0000001A         MFS8_TX_IRQHandler
  538 0000001A         MFS9_RX_IRQHandler
  539 0000001A         MFS9_TX_IRQHandler
  540 0000001A         MFS10_RX_IRQHandler
  541 0000001A         MFS10_TX_IRQHandler
  542 0000001A         MFS11_RX_IRQHandler
  543 0000001A         MFS11_TX_IRQHandler
  544 0000001A         ADC2_IRQHandler
  545 0000001A         USB1_IRQHandler
  546 0000001A         USB1_HOST_IRQHandler
  547 0000001A         SD_IRQHandler
  548 0000001A         FLASHIF_IRQHandler
  549 0000001A         MFS12_RX_IRQHandler
  550 0000001A         MFS12_TX_IRQHandler
  551 0000001A         MFS13_RX_IRQHandler
  552 0000001A         MFS13_TX_IRQHandler
  553 0000001A         MFS14_RX_IRQHandler
  554 0000001A         MFS14_TX_IRQHandler
  555 0000001A         MFS15_RX_IRQHandler
  556 0000001A         MFS15_TX_IRQHandler
  557 0000001A         Dummy
  558 0000001A         
  559 0000001A         
  560 0000001A E7FE            B                .
  561 0000001C         
  562 0000001C                 ENDP
  563 0000001C         
  564 0000001C         
  565 0000001C                 ALIGN
  566 0000001C         
  567 0000001C         
  568 0000001C         ; User Initial Stack & Heap
  569 0000001C         
  570 0000001C                 IF               :DEF:__MICROLIB
  577 0000001C         
  578 0000001C                 IMPORT           __use_two_region_memory
  579 0000001C                 EXPORT           __user_initial_stackheap
  580 0000001C         __user_initial_stackheap
  581 0000001C         
  582 0000001C 4804            LDR              R0, = Heap_Mem
  583 0000001E 4905            LDR              R1, = (Stack_Mem + Stack_Size)
  584 00000020 4A05            LDR              R2, = (Heap_Mem + Heap_Size)
  585 00000022 4B06            LDR              R3, = Stack_Mem
  586 00000024 4770            BX               LR
  587 00000026         
  588 00000026 00 00           ALIGN
  589 00000028         
  590 00000028                 ENDIF
  591 00000028         
  592 00000028         
  593 00000028                 END
              00000000 
              00000000 
              00000000 



ARM Macro Assembler    Page 14 


              00001200 
              00001000 
              00000000 
Command Line: --debug --xref --cpu=Cortex-M4.fp --apcs=interwork --depend=.\sta
rtup_mb9bf56x.d -o.\startup_mb9bf56x.o -IC:\Keil_v5\ARM\RV31\INC -IC:\Keil_v5\A
RM\CMSIS\Include -IC:\Keil_v5\ARM\Inc\Fujitsu\MB9B560R --predefine="__EVAL SETA
 1" --predefine="MB9BF568N SETA 1" --list=.\startup_mb9bf56x.lst startup_mb9bf5
6x.s



ARM Macro Assembler    Page 1 Alphabetic symbol ordering
Relocatable symbols

STACK 00000000

Symbol: STACK
   Definitions
      At line 48 in file startup_mb9bf56x.s
   Uses
      None
Comment: STACK unused
Stack_Mem 00000000

Symbol: Stack_Mem
   Definitions
      At line 49 in file startup_mb9bf56x.s
   Uses
      At line 583 in file startup_mb9bf56x.s
      At line 585 in file startup_mb9bf56x.s

__initial_sp 00001200

Symbol: __initial_sp
   Definitions
      At line 50 in file startup_mb9bf56x.s
   Uses
      At line 80 in file startup_mb9bf56x.s
Comment: __initial_sp used once
3 symbols



ARM Macro Assembler    Page 1 Alphabetic symbol ordering
Relocatable symbols

HEAP 00000000

Symbol: HEAP
   Definitions
      At line 58 in file startup_mb9bf56x.s
   Uses
      None
Comment: HEAP unused
Heap_Mem 00000000

Symbol: Heap_Mem
   Definitions
      At line 60 in file startup_mb9bf56x.s
   Uses
      At line 582 in file startup_mb9bf56x.s
      At line 584 in file startup_mb9bf56x.s

__heap_base 00000000

Symbol: __heap_base
   Definitions
      At line 59 in file startup_mb9bf56x.s
   Uses
      None
Comment: __heap_base unused
__heap_limit 00001000

Symbol: __heap_limit
   Definitions
      At line 61 in file startup_mb9bf56x.s
   Uses
      None
Comment: __heap_limit unused
4 symbols



ARM Macro Assembler    Page 1 Alphabetic symbol ordering
Relocatable symbols

RESET 00000000

Symbol: RESET
   Definitions
      At line 70 in file startup_mb9bf56x.s
   Uses
      None
Comment: RESET unused
__Vectors 00000000

Symbol: __Vectors
   Definitions
      At line 80 in file startup_mb9bf56x.s
   Uses
      At line 71 in file startup_mb9bf56x.s
      At line 235 in file startup_mb9bf56x.s

__Vectors_End 00000240

Symbol: __Vectors_End
   Definitions
      At line 233 in file startup_mb9bf56x.s
   Uses
      At line 72 in file startup_mb9bf56x.s
      At line 235 in file startup_mb9bf56x.s

3 symbols



ARM Macro Assembler    Page 1 Alphabetic symbol ordering
Relocatable symbols

.text 00000000

Symbol: .text
   Definitions
      At line 237 in file startup_mb9bf56x.s
   Uses
      None
Comment: .text unused
ADC0_IRQHandler 0000001A

Symbol: ADC0_IRQHandler
   Definitions
      At line 509 in file startup_mb9bf56x.s
   Uses
      At line 181 in file startup_mb9bf56x.s
      At line 381 in file startup_mb9bf56x.s

ADC1_IRQHandler 0000001A

Symbol: ADC1_IRQHandler
   Definitions
      At line 510 in file startup_mb9bf56x.s
   Uses
      At line 182 in file startup_mb9bf56x.s
      At line 382 in file startup_mb9bf56x.s

ADC2_IRQHandler 0000001A

Symbol: ADC2_IRQHandler
   Definitions
      At line 544 in file startup_mb9bf56x.s
   Uses
      At line 216 in file startup_mb9bf56x.s
      At line 416 in file startup_mb9bf56x.s

BT0_IRQHandler 0000001A

Symbol: BT0_IRQHandler
   Definitions
      At line 472 in file startup_mb9bf56x.s
   Uses
      At line 142 in file startup_mb9bf56x.s
      At line 344 in file startup_mb9bf56x.s

BT10_IRQHandler 0000001A

Symbol: BT10_IRQHandler
   Definitions
      At line 533 in file startup_mb9bf56x.s
   Uses
      At line 205 in file startup_mb9bf56x.s
      At line 405 in file startup_mb9bf56x.s

BT11_IRQHandler 0000001A

Symbol: BT11_IRQHandler
   Definitions
      At line 534 in file startup_mb9bf56x.s
   Uses



ARM Macro Assembler    Page 2 Alphabetic symbol ordering
Relocatable symbols

      At line 206 in file startup_mb9bf56x.s
      At line 406 in file startup_mb9bf56x.s

BT12_15_IRQHandler 0000001A

Symbol: BT12_15_IRQHandler
   Definitions
      At line 535 in file startup_mb9bf56x.s
   Uses
      At line 207 in file startup_mb9bf56x.s
      At line 407 in file startup_mb9bf56x.s

BT1_IRQHandler 0000001A

Symbol: BT1_IRQHandler
   Definitions
      At line 473 in file startup_mb9bf56x.s
   Uses
      At line 143 in file startup_mb9bf56x.s
      At line 345 in file startup_mb9bf56x.s

BT2_IRQHandler 0000001A

Symbol: BT2_IRQHandler
   Definitions
      At line 474 in file startup_mb9bf56x.s
   Uses
      At line 144 in file startup_mb9bf56x.s
      At line 346 in file startup_mb9bf56x.s

BT3_IRQHandler 0000001A

Symbol: BT3_IRQHandler
   Definitions
      At line 475 in file startup_mb9bf56x.s
   Uses
      At line 145 in file startup_mb9bf56x.s
      At line 347 in file startup_mb9bf56x.s

BT4_IRQHandler 0000001A

Symbol: BT4_IRQHandler
   Definitions
      At line 476 in file startup_mb9bf56x.s
   Uses
      At line 146 in file startup_mb9bf56x.s
      At line 348 in file startup_mb9bf56x.s

BT5_IRQHandler 0000001A

Symbol: BT5_IRQHandler
   Definitions
      At line 477 in file startup_mb9bf56x.s
   Uses
      At line 147 in file startup_mb9bf56x.s
      At line 349 in file startup_mb9bf56x.s

BT6_IRQHandler 0000001A




ARM Macro Assembler    Page 3 Alphabetic symbol ordering
Relocatable symbols

Symbol: BT6_IRQHandler
   Definitions
      At line 478 in file startup_mb9bf56x.s
   Uses
      At line 148 in file startup_mb9bf56x.s
      At line 350 in file startup_mb9bf56x.s

BT7_IRQHandler 0000001A

Symbol: BT7_IRQHandler
   Definitions
      At line 479 in file startup_mb9bf56x.s
   Uses
      At line 149 in file startup_mb9bf56x.s
      At line 351 in file startup_mb9bf56x.s

BT8_IRQHandler 0000001A

Symbol: BT8_IRQHandler
   Definitions
      At line 531 in file startup_mb9bf56x.s
   Uses
      At line 203 in file startup_mb9bf56x.s
      At line 403 in file startup_mb9bf56x.s

BT9_IRQHandler 0000001A

Symbol: BT9_IRQHandler
   Definitions
      At line 532 in file startup_mb9bf56x.s
   Uses
      At line 204 in file startup_mb9bf56x.s
      At line 404 in file startup_mb9bf56x.s

BusFault_Handler 0000000E

Symbol: BusFault_Handler
   Definitions
      At line 276 in file startup_mb9bf56x.s
   Uses
      At line 85 in file startup_mb9bf56x.s
      At line 277 in file startup_mb9bf56x.s

CAN0_IRQHandler 0000001A

Symbol: CAN0_IRQHandler
   Definitions
      At line 513 in file startup_mb9bf56x.s
   Uses
      At line 185 in file startup_mb9bf56x.s
      At line 385 in file startup_mb9bf56x.s

CAN1_IRQHandler 0000001A

Symbol: CAN1_IRQHandler
   Definitions
      At line 514 in file startup_mb9bf56x.s
   Uses
      At line 186 in file startup_mb9bf56x.s



ARM Macro Assembler    Page 4 Alphabetic symbol ordering
Relocatable symbols

      At line 386 in file startup_mb9bf56x.s

CSV_IRQHandler 0000001A

Symbol: CSV_IRQHandler
   Definitions
      At line 433 in file startup_mb9bf56x.s
   Uses
      At line 103 in file startup_mb9bf56x.s
      At line 305 in file startup_mb9bf56x.s

DMAC0_IRQHandler 0000001A

Symbol: DMAC0_IRQHandler
   Definitions
      At line 516 in file startup_mb9bf56x.s
   Uses
      At line 188 in file startup_mb9bf56x.s
      At line 388 in file startup_mb9bf56x.s

DMAC1_IRQHandler 0000001A

Symbol: DMAC1_IRQHandler
   Definitions
      At line 517 in file startup_mb9bf56x.s
   Uses
      At line 189 in file startup_mb9bf56x.s
      At line 389 in file startup_mb9bf56x.s

DMAC2_IRQHandler 0000001A

Symbol: DMAC2_IRQHandler
   Definitions
      At line 518 in file startup_mb9bf56x.s
   Uses
      At line 190 in file startup_mb9bf56x.s
      At line 390 in file startup_mb9bf56x.s

DMAC3_IRQHandler 0000001A

Symbol: DMAC3_IRQHandler
   Definitions
      At line 519 in file startup_mb9bf56x.s
   Uses
      At line 191 in file startup_mb9bf56x.s
      At line 391 in file startup_mb9bf56x.s

DMAC4_IRQHandler 0000001A

Symbol: DMAC4_IRQHandler
   Definitions
      At line 520 in file startup_mb9bf56x.s
   Uses
      At line 192 in file startup_mb9bf56x.s
      At line 392 in file startup_mb9bf56x.s

DMAC5_IRQHandler 0000001A

Symbol: DMAC5_IRQHandler



ARM Macro Assembler    Page 5 Alphabetic symbol ordering
Relocatable symbols

   Definitions
      At line 521 in file startup_mb9bf56x.s
   Uses
      At line 193 in file startup_mb9bf56x.s
      At line 393 in file startup_mb9bf56x.s

DMAC6_IRQHandler 0000001A

Symbol: DMAC6_IRQHandler
   Definitions
      At line 522 in file startup_mb9bf56x.s
   Uses
      At line 194 in file startup_mb9bf56x.s
      At line 394 in file startup_mb9bf56x.s

DMAC7_IRQHandler 0000001A

Symbol: DMAC7_IRQHandler
   Definitions
      At line 523 in file startup_mb9bf56x.s
   Uses
      At line 195 in file startup_mb9bf56x.s
      At line 395 in file startup_mb9bf56x.s

DSTC_IRQHandler 0000001A

Symbol: DSTC_IRQHandler
   Definitions
      At line 524 in file startup_mb9bf56x.s
   Uses
      At line 196 in file startup_mb9bf56x.s
      At line 396 in file startup_mb9bf56x.s

DebugMon_Handler 00000014

Symbol: DebugMon_Handler
   Definitions
      At line 290 in file startup_mb9bf56x.s
   Uses
      At line 92 in file startup_mb9bf56x.s
      At line 291 in file startup_mb9bf56x.s

Default_Handler 0000001A

Symbol: Default_Handler
   Definitions
      At line 303 in file startup_mb9bf56x.s
   Uses
      None
Comment: Default_Handler unused
Dummy 0000001A

Symbol: Dummy
   Definitions
      At line 557 in file startup_mb9bf56x.s
   Uses
      At line 217 in file startup_mb9bf56x.s
      At line 220 in file startup_mb9bf56x.s
      At line 221 in file startup_mb9bf56x.s



ARM Macro Assembler    Page 6 Alphabetic symbol ordering
Relocatable symbols

      At line 222 in file startup_mb9bf56x.s
      At line 429 in file startup_mb9bf56x.s

ETHER0_IRQHandler 0000001A

Symbol: ETHER0_IRQHandler
   Definitions
      At line 515 in file startup_mb9bf56x.s
   Uses
      At line 187 in file startup_mb9bf56x.s
      At line 387 in file startup_mb9bf56x.s

EXINT0_IRQHandler 0000001A

Symbol: EXINT0_IRQHandler
   Definitions
      At line 444 in file startup_mb9bf56x.s
   Uses
      At line 114 in file startup_mb9bf56x.s
      At line 316 in file startup_mb9bf56x.s

EXINT16_17_18_19_IRQHandler 0000001A

Symbol: EXINT16_17_18_19_IRQHandler
   Definitions
      At line 525 in file startup_mb9bf56x.s
   Uses
      At line 197 in file startup_mb9bf56x.s
      At line 397 in file startup_mb9bf56x.s

EXINT1_IRQHandler 0000001A

Symbol: EXINT1_IRQHandler
   Definitions
      At line 445 in file startup_mb9bf56x.s
   Uses
      At line 115 in file startup_mb9bf56x.s
      At line 317 in file startup_mb9bf56x.s

EXINT20_21_22_23_IRQHandler 0000001A

Symbol: EXINT20_21_22_23_IRQHandler
   Definitions
      At line 526 in file startup_mb9bf56x.s
   Uses
      At line 198 in file startup_mb9bf56x.s
      At line 398 in file startup_mb9bf56x.s

EXINT24_25_26_27_IRQHandler 0000001A

Symbol: EXINT24_25_26_27_IRQHandler
   Definitions
      At line 527 in file startup_mb9bf56x.s
   Uses
      At line 199 in file startup_mb9bf56x.s
      At line 399 in file startup_mb9bf56x.s

EXINT28_29_30_31_IRQHandler 0000001A




ARM Macro Assembler    Page 7 Alphabetic symbol ordering
Relocatable symbols

Symbol: EXINT28_29_30_31_IRQHandler
   Definitions
      At line 528 in file startup_mb9bf56x.s
   Uses
      At line 200 in file startup_mb9bf56x.s
      At line 400 in file startup_mb9bf56x.s

EXINT2_IRQHandler 0000001A

Symbol: EXINT2_IRQHandler
   Definitions
      At line 446 in file startup_mb9bf56x.s
   Uses
      At line 116 in file startup_mb9bf56x.s
      At line 318 in file startup_mb9bf56x.s

EXINT3_IRQHandler 0000001A

Symbol: EXINT3_IRQHandler
   Definitions
      At line 447 in file startup_mb9bf56x.s
   Uses
      At line 117 in file startup_mb9bf56x.s
      At line 319 in file startup_mb9bf56x.s

EXINT4_IRQHandler 0000001A

Symbol: EXINT4_IRQHandler
   Definitions
      At line 448 in file startup_mb9bf56x.s
   Uses
      At line 118 in file startup_mb9bf56x.s
      At line 320 in file startup_mb9bf56x.s

EXINT5_IRQHandler 0000001A

Symbol: EXINT5_IRQHandler
   Definitions
      At line 449 in file startup_mb9bf56x.s
   Uses
      At line 119 in file startup_mb9bf56x.s
      At line 321 in file startup_mb9bf56x.s

EXINT6_IRQHandler 0000001A

Symbol: EXINT6_IRQHandler
   Definitions
      At line 450 in file startup_mb9bf56x.s
   Uses
      At line 120 in file startup_mb9bf56x.s
      At line 322 in file startup_mb9bf56x.s

EXINT7_IRQHandler 0000001A

Symbol: EXINT7_IRQHandler
   Definitions
      At line 451 in file startup_mb9bf56x.s
   Uses
      At line 121 in file startup_mb9bf56x.s



ARM Macro Assembler    Page 8 Alphabetic symbol ordering
Relocatable symbols

      At line 323 in file startup_mb9bf56x.s

EXTBUS_ERR_Handler 0000001A

Symbol: EXTBUS_ERR_Handler
   Definitions
      At line 482 in file startup_mb9bf56x.s
   Uses
      At line 153 in file startup_mb9bf56x.s
      At line 354 in file startup_mb9bf56x.s

EXTINT10_IRQHandler 0000001A

Symbol: EXTINT10_IRQHandler
   Definitions
      At line 486 in file startup_mb9bf56x.s
   Uses
      At line 158 in file startup_mb9bf56x.s
      At line 358 in file startup_mb9bf56x.s

EXTINT11_IRQHandler 0000001A

Symbol: EXTINT11_IRQHandler
   Definitions
      At line 487 in file startup_mb9bf56x.s
   Uses
      At line 159 in file startup_mb9bf56x.s
      At line 359 in file startup_mb9bf56x.s

EXTINT12_IRQHandler 0000001A

Symbol: EXTINT12_IRQHandler
   Definitions
      At line 488 in file startup_mb9bf56x.s
   Uses
      At line 160 in file startup_mb9bf56x.s
      At line 360 in file startup_mb9bf56x.s

EXTINT13_IRQHandler 0000001A

Symbol: EXTINT13_IRQHandler
   Definitions
      At line 489 in file startup_mb9bf56x.s
   Uses
      At line 161 in file startup_mb9bf56x.s
      At line 361 in file startup_mb9bf56x.s

EXTINT14_IRQHandler 0000001A

Symbol: EXTINT14_IRQHandler
   Definitions
      At line 490 in file startup_mb9bf56x.s
   Uses
      At line 162 in file startup_mb9bf56x.s
      At line 362 in file startup_mb9bf56x.s

EXTINT15_IRQHandler 0000001A

Symbol: EXTINT15_IRQHandler



ARM Macro Assembler    Page 9 Alphabetic symbol ordering
Relocatable symbols

   Definitions
      At line 491 in file startup_mb9bf56x.s
   Uses
      At line 163 in file startup_mb9bf56x.s
      At line 363 in file startup_mb9bf56x.s

EXTINT9_IRQHandler 0000001A

Symbol: EXTINT9_IRQHandler
   Definitions
      At line 485 in file startup_mb9bf56x.s
   Uses
      At line 157 in file startup_mb9bf56x.s
      At line 357 in file startup_mb9bf56x.s

FLASHIF_IRQHandler 0000001A

Symbol: FLASHIF_IRQHandler
   Definitions
      At line 548 in file startup_mb9bf56x.s
   Uses
      At line 224 in file startup_mb9bf56x.s
      At line 420 in file startup_mb9bf56x.s

FRT0_PEAK_IRQHandler 0000001A

Symbol: FRT0_PEAK_IRQHandler
   Definitions
      At line 457 in file startup_mb9bf56x.s
   Uses
      At line 127 in file startup_mb9bf56x.s
      At line 329 in file startup_mb9bf56x.s

FRT0_ZERO_IRQHandler 0000001A

Symbol: FRT0_ZERO_IRQHandler
   Definitions
      At line 458 in file startup_mb9bf56x.s
   Uses
      At line 128 in file startup_mb9bf56x.s
      At line 330 in file startup_mb9bf56x.s

FRT1_PEAK_IRQHandler 0000001A

Symbol: FRT1_PEAK_IRQHandler
   Definitions
      At line 461 in file startup_mb9bf56x.s
   Uses
      At line 131 in file startup_mb9bf56x.s
      At line 333 in file startup_mb9bf56x.s

FRT1_ZERO_IRQHandler 0000001A

Symbol: FRT1_ZERO_IRQHandler
   Definitions
      At line 462 in file startup_mb9bf56x.s
   Uses
      At line 132 in file startup_mb9bf56x.s
      At line 334 in file startup_mb9bf56x.s



ARM Macro Assembler    Page 10 Alphabetic symbol ordering
Relocatable symbols


FRT2_PEAK_IRQHandler 0000001A

Symbol: FRT2_PEAK_IRQHandler
   Definitions
      At line 465 in file startup_mb9bf56x.s
   Uses
      At line 135 in file startup_mb9bf56x.s
      At line 337 in file startup_mb9bf56x.s

FRT2_ZERO_IRQHandler 0000001A

Symbol: FRT2_ZERO_IRQHandler
   Definitions
      At line 466 in file startup_mb9bf56x.s
   Uses
      At line 136 in file startup_mb9bf56x.s
      At line 338 in file startup_mb9bf56x.s

HardFault_Handler 0000000A

Symbol: HardFault_Handler
   Definitions
      At line 266 in file startup_mb9bf56x.s
   Uses
      At line 83 in file startup_mb9bf56x.s
      At line 267 in file startup_mb9bf56x.s

ICU0_IRQHandler 0000001A

Symbol: ICU0_IRQHandler
   Definitions
      At line 459 in file startup_mb9bf56x.s
   Uses
      At line 129 in file startup_mb9bf56x.s
      At line 331 in file startup_mb9bf56x.s

ICU1_IRQHandler 0000001A

Symbol: ICU1_IRQHandler
   Definitions
      At line 463 in file startup_mb9bf56x.s
   Uses
      At line 133 in file startup_mb9bf56x.s
      At line 335 in file startup_mb9bf56x.s

ICU2_IRQHandler 0000001A

Symbol: ICU2_IRQHandler
   Definitions
      At line 467 in file startup_mb9bf56x.s
   Uses
      At line 137 in file startup_mb9bf56x.s
      At line 339 in file startup_mb9bf56x.s

IRQ003SEL_IRQHandler 0000001A

Symbol: IRQ003SEL_IRQHandler
   Definitions



ARM Macro Assembler    Page 11 Alphabetic symbol ordering
Relocatable symbols

      At line 436 in file startup_mb9bf56x.s
   Uses
      At line 106 in file startup_mb9bf56x.s
      At line 308 in file startup_mb9bf56x.s

IRQ004SEL_IRQHandler 0000001A

Symbol: IRQ004SEL_IRQHandler
   Definitions
      At line 437 in file startup_mb9bf56x.s
   Uses
      At line 107 in file startup_mb9bf56x.s
      At line 309 in file startup_mb9bf56x.s

IRQ005SEL_IRQHandler 0000001A

Symbol: IRQ005SEL_IRQHandler
   Definitions
      At line 438 in file startup_mb9bf56x.s
   Uses
      At line 108 in file startup_mb9bf56x.s
      At line 310 in file startup_mb9bf56x.s

IRQ006SEL_IRQHandler 0000001A

Symbol: IRQ006SEL_IRQHandler
   Definitions
      At line 439 in file startup_mb9bf56x.s
   Uses
      At line 109 in file startup_mb9bf56x.s
      At line 311 in file startup_mb9bf56x.s

IRQ007SEL_IRQHandler 0000001A

Symbol: IRQ007SEL_IRQHandler
   Definitions
      At line 440 in file startup_mb9bf56x.s
   Uses
      At line 110 in file startup_mb9bf56x.s
      At line 312 in file startup_mb9bf56x.s

IRQ008SEL_IRQHandler 0000001A

Symbol: IRQ008SEL_IRQHandler
   Definitions
      At line 441 in file startup_mb9bf56x.s
   Uses
      At line 111 in file startup_mb9bf56x.s
      At line 313 in file startup_mb9bf56x.s

IRQ009SEL_IRQHandler 0000001A

Symbol: IRQ009SEL_IRQHandler
   Definitions
      At line 442 in file startup_mb9bf56x.s
   Uses
      At line 112 in file startup_mb9bf56x.s
      At line 314 in file startup_mb9bf56x.s




ARM Macro Assembler    Page 12 Alphabetic symbol ordering
Relocatable symbols

IRQ010SEL_IRQHandler 0000001A

Symbol: IRQ010SEL_IRQHandler
   Definitions
      At line 443 in file startup_mb9bf56x.s
   Uses
      At line 113 in file startup_mb9bf56x.s
      At line 315 in file startup_mb9bf56x.s

LVD_IRQHandler 0000001A

Symbol: LVD_IRQHandler
   Definitions
      At line 435 in file startup_mb9bf56x.s
   Uses
      At line 105 in file startup_mb9bf56x.s
      At line 307 in file startup_mb9bf56x.s

MFS0_RX_IRQHandler 0000001A

Symbol: MFS0_RX_IRQHandler
   Definitions
      At line 493 in file startup_mb9bf56x.s
   Uses
      At line 165 in file startup_mb9bf56x.s
      At line 365 in file startup_mb9bf56x.s

MFS0_TX_IRQHandler 0000001A

Symbol: MFS0_TX_IRQHandler
   Definitions
      At line 494 in file startup_mb9bf56x.s
   Uses
      At line 166 in file startup_mb9bf56x.s
      At line 366 in file startup_mb9bf56x.s

MFS10_RX_IRQHandler 0000001A

Symbol: MFS10_RX_IRQHandler
   Definitions
      At line 540 in file startup_mb9bf56x.s
   Uses
      At line 212 in file startup_mb9bf56x.s
      At line 412 in file startup_mb9bf56x.s

MFS10_TX_IRQHandler 0000001A

Symbol: MFS10_TX_IRQHandler
   Definitions
      At line 541 in file startup_mb9bf56x.s
   Uses
      At line 213 in file startup_mb9bf56x.s
      At line 413 in file startup_mb9bf56x.s

MFS11_RX_IRQHandler 0000001A

Symbol: MFS11_RX_IRQHandler
   Definitions
      At line 542 in file startup_mb9bf56x.s



ARM Macro Assembler    Page 13 Alphabetic symbol ordering
Relocatable symbols

   Uses
      At line 214 in file startup_mb9bf56x.s
      At line 414 in file startup_mb9bf56x.s

MFS11_TX_IRQHandler 0000001A

Symbol: MFS11_TX_IRQHandler
   Definitions
      At line 543 in file startup_mb9bf56x.s
   Uses
      At line 215 in file startup_mb9bf56x.s
      At line 415 in file startup_mb9bf56x.s

MFS12_RX_IRQHandler 0000001A

Symbol: MFS12_RX_IRQHandler
   Definitions
      At line 549 in file startup_mb9bf56x.s
   Uses
      At line 225 in file startup_mb9bf56x.s
      At line 421 in file startup_mb9bf56x.s

MFS12_TX_IRQHandler 0000001A

Symbol: MFS12_TX_IRQHandler
   Definitions
      At line 550 in file startup_mb9bf56x.s
   Uses
      At line 226 in file startup_mb9bf56x.s
      At line 422 in file startup_mb9bf56x.s

MFS13_RX_IRQHandler 0000001A

Symbol: MFS13_RX_IRQHandler
   Definitions
      At line 551 in file startup_mb9bf56x.s
   Uses
      At line 227 in file startup_mb9bf56x.s
      At line 423 in file startup_mb9bf56x.s

MFS13_TX_IRQHandler 0000001A

Symbol: MFS13_TX_IRQHandler
   Definitions
      At line 552 in file startup_mb9bf56x.s
   Uses
      At line 228 in file startup_mb9bf56x.s
      At line 424 in file startup_mb9bf56x.s

MFS14_RX_IRQHandler 0000001A

Symbol: MFS14_RX_IRQHandler
   Definitions
      At line 553 in file startup_mb9bf56x.s
   Uses
      At line 229 in file startup_mb9bf56x.s
      At line 425 in file startup_mb9bf56x.s

MFS14_TX_IRQHandler 0000001A



ARM Macro Assembler    Page 14 Alphabetic symbol ordering
Relocatable symbols


Symbol: MFS14_TX_IRQHandler
   Definitions
      At line 554 in file startup_mb9bf56x.s
   Uses
      At line 230 in file startup_mb9bf56x.s
      At line 426 in file startup_mb9bf56x.s

MFS15_RX_IRQHandler 0000001A

Symbol: MFS15_RX_IRQHandler
   Definitions
      At line 555 in file startup_mb9bf56x.s
   Uses
      At line 231 in file startup_mb9bf56x.s
      At line 427 in file startup_mb9bf56x.s

MFS15_TX_IRQHandler 0000001A

Symbol: MFS15_TX_IRQHandler
   Definitions
      At line 556 in file startup_mb9bf56x.s
   Uses
      At line 232 in file startup_mb9bf56x.s
      At line 428 in file startup_mb9bf56x.s

MFS1_RX_IRQHandler 0000001A

Symbol: MFS1_RX_IRQHandler
   Definitions
      At line 495 in file startup_mb9bf56x.s
   Uses
      At line 167 in file startup_mb9bf56x.s
      At line 367 in file startup_mb9bf56x.s

MFS1_TX_IRQHandler 0000001A

Symbol: MFS1_TX_IRQHandler
   Definitions
      At line 496 in file startup_mb9bf56x.s
   Uses
      At line 168 in file startup_mb9bf56x.s
      At line 368 in file startup_mb9bf56x.s

MFS2_RX_IRQHandler 0000001A

Symbol: MFS2_RX_IRQHandler
   Definitions
      At line 497 in file startup_mb9bf56x.s
   Uses
      At line 169 in file startup_mb9bf56x.s
      At line 369 in file startup_mb9bf56x.s

MFS2_TX_IRQHandler 0000001A

Symbol: MFS2_TX_IRQHandler
   Definitions
      At line 498 in file startup_mb9bf56x.s
   Uses



ARM Macro Assembler    Page 15 Alphabetic symbol ordering
Relocatable symbols

      At line 170 in file startup_mb9bf56x.s
      At line 370 in file startup_mb9bf56x.s

MFS3_RX_IRQHandler 0000001A

Symbol: MFS3_RX_IRQHandler
   Definitions
      At line 499 in file startup_mb9bf56x.s
   Uses
      At line 171 in file startup_mb9bf56x.s
      At line 371 in file startup_mb9bf56x.s

MFS3_TX_IRQHandler 0000001A

Symbol: MFS3_TX_IRQHandler
   Definitions
      At line 500 in file startup_mb9bf56x.s
   Uses
      At line 172 in file startup_mb9bf56x.s
      At line 372 in file startup_mb9bf56x.s

MFS4_RX_IRQHandler 0000001A

Symbol: MFS4_RX_IRQHandler
   Definitions
      At line 501 in file startup_mb9bf56x.s
   Uses
      At line 173 in file startup_mb9bf56x.s
      At line 373 in file startup_mb9bf56x.s

MFS4_TX_IRQHandler 0000001A

Symbol: MFS4_TX_IRQHandler
   Definitions
      At line 502 in file startup_mb9bf56x.s
   Uses
      At line 174 in file startup_mb9bf56x.s
      At line 374 in file startup_mb9bf56x.s

MFS5_RX_IRQHandler 0000001A

Symbol: MFS5_RX_IRQHandler
   Definitions
      At line 503 in file startup_mb9bf56x.s
   Uses
      At line 175 in file startup_mb9bf56x.s
      At line 375 in file startup_mb9bf56x.s

MFS5_TX_IRQHandler 0000001A

Symbol: MFS5_TX_IRQHandler
   Definitions
      At line 504 in file startup_mb9bf56x.s
   Uses
      At line 176 in file startup_mb9bf56x.s
      At line 376 in file startup_mb9bf56x.s

MFS6_RX_IRQHandler 0000001A




ARM Macro Assembler    Page 16 Alphabetic symbol ordering
Relocatable symbols

Symbol: MFS6_RX_IRQHandler
   Definitions
      At line 505 in file startup_mb9bf56x.s
   Uses
      At line 177 in file startup_mb9bf56x.s
      At line 377 in file startup_mb9bf56x.s

MFS6_TX_IRQHandler 0000001A

Symbol: MFS6_TX_IRQHandler
   Definitions
      At line 506 in file startup_mb9bf56x.s
   Uses
      At line 178 in file startup_mb9bf56x.s
      At line 378 in file startup_mb9bf56x.s

MFS7_RX_IRQHandler 0000001A

Symbol: MFS7_RX_IRQHandler
   Definitions
      At line 507 in file startup_mb9bf56x.s
   Uses
      At line 179 in file startup_mb9bf56x.s
      At line 379 in file startup_mb9bf56x.s

MFS7_TX_IRQHandler 0000001A

Symbol: MFS7_TX_IRQHandler
   Definitions
      At line 508 in file startup_mb9bf56x.s
   Uses
      At line 180 in file startup_mb9bf56x.s
      At line 380 in file startup_mb9bf56x.s

MFS8_RX_IRQHandler 0000001A

Symbol: MFS8_RX_IRQHandler
   Definitions
      At line 536 in file startup_mb9bf56x.s
   Uses
      At line 208 in file startup_mb9bf56x.s
      At line 408 in file startup_mb9bf56x.s

MFS8_TX_IRQHandler 0000001A

Symbol: MFS8_TX_IRQHandler
   Definitions
      At line 537 in file startup_mb9bf56x.s
   Uses
      At line 209 in file startup_mb9bf56x.s
      At line 409 in file startup_mb9bf56x.s

MFS9_RX_IRQHandler 0000001A

Symbol: MFS9_RX_IRQHandler
   Definitions
      At line 538 in file startup_mb9bf56x.s
   Uses
      At line 210 in file startup_mb9bf56x.s



ARM Macro Assembler    Page 17 Alphabetic symbol ordering
Relocatable symbols

      At line 410 in file startup_mb9bf56x.s

MFS9_TX_IRQHandler 0000001A

Symbol: MFS9_TX_IRQHandler
   Definitions
      At line 539 in file startup_mb9bf56x.s
   Uses
      At line 211 in file startup_mb9bf56x.s
      At line 411 in file startup_mb9bf56x.s

MemManage_Handler 0000000C

Symbol: MemManage_Handler
   Definitions
      At line 271 in file startup_mb9bf56x.s
   Uses
      At line 84 in file startup_mb9bf56x.s
      At line 272 in file startup_mb9bf56x.s

NMI_Handler 00000008

Symbol: NMI_Handler
   Definitions
      At line 261 in file startup_mb9bf56x.s
   Uses
      At line 82 in file startup_mb9bf56x.s
      At line 262 in file startup_mb9bf56x.s

OCU0_IRQHandler 0000001A

Symbol: OCU0_IRQHandler
   Definitions
      At line 460 in file startup_mb9bf56x.s
   Uses
      At line 130 in file startup_mb9bf56x.s
      At line 332 in file startup_mb9bf56x.s

OCU1_IRQHandler 0000001A

Symbol: OCU1_IRQHandler
   Definitions
      At line 464 in file startup_mb9bf56x.s
   Uses
      At line 134 in file startup_mb9bf56x.s
      At line 336 in file startup_mb9bf56x.s

OCU2_IRQHandler 0000001A

Symbol: OCU2_IRQHandler
   Definitions
      At line 468 in file startup_mb9bf56x.s
   Uses
      At line 138 in file startup_mb9bf56x.s
      At line 340 in file startup_mb9bf56x.s

PPG00_02_04_IRQHandler 0000001A

Symbol: PPG00_02_04_IRQHandler



ARM Macro Assembler    Page 18 Alphabetic symbol ordering
Relocatable symbols

   Definitions
      At line 469 in file startup_mb9bf56x.s
   Uses
      At line 139 in file startup_mb9bf56x.s
      At line 341 in file startup_mb9bf56x.s

PPG08_10_12_IRQHandler 0000001A

Symbol: PPG08_10_12_IRQHandler
   Definitions
      At line 470 in file startup_mb9bf56x.s
   Uses
      At line 140 in file startup_mb9bf56x.s
      At line 342 in file startup_mb9bf56x.s

PPG16_18_20_IRQHandler 0000001A

Symbol: PPG16_18_20_IRQHandler
   Definitions
      At line 471 in file startup_mb9bf56x.s
   Uses
      At line 141 in file startup_mb9bf56x.s
      At line 343 in file startup_mb9bf56x.s

PendSV_Handler 00000016

Symbol: PendSV_Handler
   Definitions
      At line 294 in file startup_mb9bf56x.s
   Uses
      At line 94 in file startup_mb9bf56x.s
      At line 295 in file startup_mb9bf56x.s

QPRC0_IRQHandler 0000001A

Symbol: QPRC0_IRQHandler
   Definitions
      At line 452 in file startup_mb9bf56x.s
   Uses
      At line 122 in file startup_mb9bf56x.s
      At line 324 in file startup_mb9bf56x.s

QPRC1_IRQHandler 0000001A

Symbol: QPRC1_IRQHandler
   Definitions
      At line 453 in file startup_mb9bf56x.s
   Uses
      At line 123 in file startup_mb9bf56x.s
      At line 325 in file startup_mb9bf56x.s

QPRC2_IRQHandler 0000001A

Symbol: QPRC2_IRQHandler
   Definitions
      At line 529 in file startup_mb9bf56x.s
   Uses
      At line 201 in file startup_mb9bf56x.s
      At line 401 in file startup_mb9bf56x.s



ARM Macro Assembler    Page 19 Alphabetic symbol ordering
Relocatable symbols


QPRC3_IRQHandler 0000001A

Symbol: QPRC3_IRQHandler
   Definitions
      At line 530 in file startup_mb9bf56x.s
   Uses
      At line 202 in file startup_mb9bf56x.s
      At line 402 in file startup_mb9bf56x.s

RTC_IRQHandler 0000001A

Symbol: RTC_IRQHandler
   Definitions
      At line 483 in file startup_mb9bf56x.s
   Uses
      At line 154 in file startup_mb9bf56x.s
      At line 355 in file startup_mb9bf56x.s

Reset_Handler 00000000

Symbol: Reset_Handler
   Definitions
      At line 242 in file startup_mb9bf56x.s
   Uses
      At line 81 in file startup_mb9bf56x.s
      At line 243 in file startup_mb9bf56x.s

SD_IRQHandler 0000001A

Symbol: SD_IRQHandler
   Definitions
      At line 547 in file startup_mb9bf56x.s
   Uses
      At line 223 in file startup_mb9bf56x.s
      At line 419 in file startup_mb9bf56x.s

SVC_Handler 00000012

Symbol: SVC_Handler
   Definitions
      At line 285 in file startup_mb9bf56x.s
   Uses
      At line 91 in file startup_mb9bf56x.s
      At line 286 in file startup_mb9bf56x.s

SWDT_IRQHandler 0000001A

Symbol: SWDT_IRQHandler
   Definitions
      At line 434 in file startup_mb9bf56x.s
   Uses
      At line 104 in file startup_mb9bf56x.s
      At line 306 in file startup_mb9bf56x.s

SysTick_Handler 00000018

Symbol: SysTick_Handler
   Definitions



ARM Macro Assembler    Page 20 Alphabetic symbol ordering
Relocatable symbols

      At line 298 in file startup_mb9bf56x.s
   Uses
      At line 299 in file startup_mb9bf56x.s
Comment: SysTick_Handler used once
TIM_IRQHandler 0000001A

Symbol: TIM_IRQHandler
   Definitions
      At line 492 in file startup_mb9bf56x.s
   Uses
      At line 164 in file startup_mb9bf56x.s
      At line 364 in file startup_mb9bf56x.s

USB0_HOST_IRQHandler 0000001A

Symbol: USB0_HOST_IRQHandler
   Definitions
      At line 512 in file startup_mb9bf56x.s
   Uses
      At line 184 in file startup_mb9bf56x.s
      At line 384 in file startup_mb9bf56x.s

USB0_IRQHandler 0000001A

Symbol: USB0_IRQHandler
   Definitions
      At line 511 in file startup_mb9bf56x.s
   Uses
      At line 183 in file startup_mb9bf56x.s
      At line 383 in file startup_mb9bf56x.s

USB1_HOST_IRQHandler 0000001A

Symbol: USB1_HOST_IRQHandler
   Definitions
      At line 546 in file startup_mb9bf56x.s
   Uses
      At line 219 in file startup_mb9bf56x.s
      At line 418 in file startup_mb9bf56x.s

USB1_IRQHandler 0000001A

Symbol: USB1_IRQHandler
   Definitions
      At line 545 in file startup_mb9bf56x.s
   Uses
      At line 218 in file startup_mb9bf56x.s
      At line 417 in file startup_mb9bf56x.s

UsageFault_Handler 00000010

Symbol: UsageFault_Handler
   Definitions
      At line 281 in file startup_mb9bf56x.s
   Uses
      At line 86 in file startup_mb9bf56x.s
      At line 282 in file startup_mb9bf56x.s

WC_IRQHandler 0000001A



ARM Macro Assembler    Page 21 Alphabetic symbol ordering
Relocatable symbols


Symbol: WC_IRQHandler
   Definitions
      At line 481 in file startup_mb9bf56x.s
   Uses
      At line 152 in file startup_mb9bf56x.s
      At line 353 in file startup_mb9bf56x.s

WFG0_DTIF0_IRQHandler 0000001A

Symbol: WFG0_DTIF0_IRQHandler
   Definitions
      At line 454 in file startup_mb9bf56x.s
   Uses
      At line 124 in file startup_mb9bf56x.s
      At line 326 in file startup_mb9bf56x.s

WFG1_DTIF1_IRQHandler 0000001A

Symbol: WFG1_DTIF1_IRQHandler
   Definitions
      At line 455 in file startup_mb9bf56x.s
   Uses
      At line 125 in file startup_mb9bf56x.s
      At line 327 in file startup_mb9bf56x.s

WFG2_DTIF2_IRQHandler 0000001A

Symbol: WFG2_DTIF2_IRQHandler
   Definitions
      At line 456 in file startup_mb9bf56x.s
   Uses
      At line 126 in file startup_mb9bf56x.s
      At line 328 in file startup_mb9bf56x.s

__user_initial_stackheap 0000001C

Symbol: __user_initial_stackheap
   Definitions
      At line 580 in file startup_mb9bf56x.s
   Uses
      At line 579 in file startup_mb9bf56x.s
Comment: __user_initial_stackheap used once
136 symbols



ARM Macro Assembler    Page 1 Alphabetic symbol ordering
Absolute symbols

Heap_Size 00001000

Symbol: Heap_Size
   Definitions
      At line 56 in file startup_mb9bf56x.s
   Uses
      At line 60 in file startup_mb9bf56x.s
      At line 584 in file startup_mb9bf56x.s

Stack_Size 00001200

Symbol: Stack_Size
   Definitions
      At line 46 in file startup_mb9bf56x.s
   Uses
      At line 49 in file startup_mb9bf56x.s
      At line 583 in file startup_mb9bf56x.s

__Vectors_Size 00000240

Symbol: __Vectors_Size
   Definitions
      At line 235 in file startup_mb9bf56x.s
   Uses
      At line 73 in file startup_mb9bf56x.s
Comment: __Vectors_Size used once
3 symbols



ARM Macro Assembler    Page 1 Alphabetic symbol ordering
External symbols

DT1_2_IRQHandler 00000000

Symbol: DT1_2_IRQHandler
   Definitions
      At line 77 in file startup_mb9bf56x.s
   Uses
      At line 151 in file startup_mb9bf56x.s
Comment: DT1_2_IRQHandler used once
EXINT8_IRQHandler 00000000

Symbol: EXINT8_IRQHandler
   Definitions
      At line 76 in file startup_mb9bf56x.s
   Uses
      At line 156 in file startup_mb9bf56x.s
Comment: EXINT8_IRQHandler used once
SystemInit 00000000

Symbol: SystemInit
   Definitions
      At line 244 in file startup_mb9bf56x.s
   Uses
      At line 252 in file startup_mb9bf56x.s
Comment: SystemInit used once
TimeTick_Increment 00000000

Symbol: TimeTick_Increment
   Definitions
      At line 74 in file startup_mb9bf56x.s
   Uses
      At line 96 in file startup_mb9bf56x.s
Comment: TimeTick_Increment used once
__main 00000000

Symbol: __main
   Definitions
      At line 245 in file startup_mb9bf56x.s
   Uses
      At line 254 in file startup_mb9bf56x.s
Comment: __main used once
__use_two_region_memory 00000000

Symbol: __use_two_region_memory
   Definitions
      At line 578 in file startup_mb9bf56x.s
   Uses
      None
Comment: __use_two_region_memory unused
6 symbols
492 symbols in table
