Component: ARM Compiler 5.05 (build 41) Tool: armlink [4d0eb9]

==============================================================================

Section Cross References

    startup_mb9bf56x.o(STACK) refers (Special) to heapauxi.o(.text) for __use_two_region_memory
    startup_mb9bf56x.o(HEAP) refers (Special) to heapauxi.o(.text) for __use_two_region_memory
    startup_mb9bf56x.o(RESET) refers (Special) to heapauxi.o(.text) for __use_two_region_memory
    startup_mb9bf56x.o(RESET) refers to startup_mb9bf56x.o(STACK) for __initial_sp
    startup_mb9bf56x.o(RESET) refers to startup_mb9bf56x.o(.text) for Reset_Handler
    startup_mb9bf56x.o(RESET) refers to timetick.o(.text) for TimeTick_Increment
    startup_mb9bf56x.o(RESET) refers to interrupts.o(.text) for DT1_2_IRQHandler
    startup_mb9bf56x.o(.text) refers (Special) to heapauxi.o(.text) for __use_two_region_memory
    startup_mb9bf56x.o(.text) refers to system_mb9abxxx.o(.text) for SystemInit
    startup_mb9bf56x.o(.text) refers to __main.o(!!!main) for __main
    startup_mb9bf56x.o(.text) refers to startup_mb9bf56x.o(HEAP) for Heap_Mem
    startup_mb9bf56x.o(.text) refers to startup_mb9bf56x.o(STACK) for Stack_Mem
    system_mb9abxxx.o(.text) refers to system_mb9abxxx.o(.data) for SystemCoreClock
    main.o(.text) refers to adafruit_gfx.o(.text) for Adafruit_GFX::setCursor(short, short)
    main.o(.text) refers to wyzbee_bt.o(.text) for WyzBee_SetLocalName
    main.o(.text) refers to variant.o(.text) for sys_ticks_init
    main.o(.text) refers to wyzbee_spi.o(.text) for WyzBeeSpi_Init
    main.o(.text) refers to adafruit_ssd1351.o(.text) for Adafruit_SSD1351::begin()
    main.o(.text) refers to infrared.o(.text) for infrared_init
    main.o(.text) refers to game.o(.text) for game_init
    main.o(.text) refers to main.o(.bss) for tft
    main.o(.text) refers to main.o(.data) for config_stc
    main.o(.text) refers to infrared.o(.data) for key
    main.o(.ARM.exidx) refers to main.o(.text) for .text
    main.o(.init_array) refers to main.o(.text) for __sti___8_main_cpp_tft
    main.o(.init_array) refers to init_aeabi.o(.text) for __cpp_initialize__aeabi_
    infrared.o(.text) refers to dt.o(.text) for Dt_ReadCurCntVal
    infrared.o(.text) refers to exint.o(.text) for Exint_DisableChannel
    infrared.o(.text) refers to pdl.o(.text) for pdl_memclr
    infrared.o(.text) refers to infrared.o(.bss) for exint_config
    infrared.o(.text) refers to infrared.o(.data) for is_first
    game.o(.text) refers to rand.o(.text) for srand
    game.o(.text) refers to rand.o(.emb_text) for rand
    game.o(.text) refers to adafruit_ssd1351.o(.text) for Adafruit_SSD1351::fillRect(unsigned short, unsigned short, unsigned short, unsigned short, unsigned short)
    game.o(.text) refers to game.o(.bss) for world
    game.o(.text) refers to game.o(.data) for screen
    game.o(.ARM.exidx) refers to game.o(.text) for .text
    rsi_execute_cmd.o(.text) refers to rsi_spi_functs.o(.text) for rsi_device_interrupt_status
    rsi_execute_cmd.o(.text) refers to rsi_build_frame_descriptor.o(.text) for rsi_build_frame_descriptor
    rsi_execute_cmd.o(.text) refers to rsi_spi_frame_rd_wr.o(.text) for rsi_frame_write
    rsi_bootup_config.o(.text) refers to rsi_send_boot_insn.o(.text) for rsi_boot_insn
    rsi_send_boot_insn.o(.text) refers to rsi_spi_mem_rd_wr.o(.text) for rsi_mem_rd
    rsi_sys_init.o(.text) refers to rsi_hal_mcu_ioports.o(.text) for rsi_module_power_cycle
    rsi_sys_init.o(.text) refers to rsi_spi_iface_init.o(.text) for rsi_spi_iface_init
    rsi_bt_core.o(.text) refers to rsi_bt_execute_cmd.o(.text) for rsi_bt_execute_cmd
    rsi_bt_core.o(.text) refers to rsi_bt_api.o(.constdata) for rsi_frameCmdSetDiscvMode
    rsi_bt_execute_cmd.o(.text) refers to rsi_bt_build_frame_descriptor.o(.text) for rsi_bt_build_frame_descriptor
    rsi_bt_execute_cmd.o(.text) refers to rsi_spi_frame_rd_wr.o(.text) for rsi_frame_write
    rsi_bt_generic.o(.text) refers to rsi_bt_execute_cmd.o(.text) for rsi_bt_execute_cmd
    rsi_bt_generic.o(.text) refers to rsi_bt_api.o(.constdata) for rsi_frameCmdSetLocalName
    rsi_bt_spp.o(.text) refers to rsi_bt_execute_cmd.o(.text) for rsi_bt_execute_cmd
    rsi_bt_spp.o(.text) refers to rsi_bt_api.o(.constdata) for rsi_frameCmdSPPConn
    adafruit_gfx.o(.text) refers to adafruit_gfx.o(.constdata__ZTV12Adafruit_GFX) for vtable for Adafruit_GFX
    adafruit_gfx.o(.text) refers to adafruit_gfx.o(.constdata) for font
    adafruit_gfx.o(.ARM.exidx) refers to adafruit_gfx.o(.text) for .text
    adafruit_ssd1351.o(.text) refers to adafruit_gfx.o(.text) for Adafruit_GFX::Adafruit_GFX__sub_object(short, short)
    adafruit_ssd1351.o(.text) refers to adafruit_ssd1351.o(i._ZN16Adafruit_SSD13518spiwriteEh) for Adafruit_SSD1351::spiwrite(unsigned char)
    adafruit_ssd1351.o(.text) refers to adafruit_ssd1351.o(.constdata__ZTV16Adafruit_SSD1351) for VTT for Adafruit_SSD1351
[...]
    .bss                                     0x20038278   Section      192  infrared.o(.bss)
    .bss                                     0x20038338   Section      256  game.o(.bss)
    .bss                                     0x20038438   Section     1604  bt_main.o(.bss)
    .bss                                     0x20038a7c   Section      412  irremote.o(.bss)
    .bss                                     0x20038c18   Section       24  text_print.o(.bss)
    .bss                                     0x20038c30   Section      228  rand.o(.bss)
    .bss                                     0x20038d14   Section       96  libspace.o(.bss)
    HEAP                                     0x20038d78   Section     4096  startup_mb9bf56x.o(HEAP)
    Heap_Mem                                 0x20038d78   Data        4096  startup_mb9bf56x.o(HEAP)
    STACK                                    0x20039d78   Section     4608  startup_mb9bf56x.o(STACK)
    Stack_Mem                                0x20039d78   Data        4608  startup_mb9bf56x.o(STACK)
    __initial_sp                             0x2003af78   Data           0  startup_mb9bf56x.o(STACK)

    Global Symbols

    Symbol Name                              Value     Ov Type        Size  Object(Section)

    BuildAttributes$$THM_ISAv4$E$P$D$K$B$S$7EM$VFPi3$EXTD16$VFPS$VFMA$PE$A:L22UL41UL21$X:L11$S22US41US21$IEEE1$IW$USESV6$~STKCKD$USESV7$~SHL$OTIME$ROPI$EBA8$UX$STANDARDLIB$REQ8$PRES8$EABIv2 0x00000000   Number         0  anon$$obj.o ABSOLUTE
    __ARM_use_no_argv                        0x00000000   Number         0  main.o ABSOLUTE
    __Vectors                                0x00000000   Data           4  startup_mb9bf56x.o(RESET)
    _printf_flags                            0x00000000   Number         0  printf_stubs.o ABSOLUTE
    _printf_return_value                     0x00000000   Number         0  printf_stubs.o ABSOLUTE
    _printf_sizespec                         0x00000000   Number         0  printf_stubs.o ABSOLUTE
    _printf_widthprec                        0x00000000   Number         0  printf_stubs.o ABSOLUTE
    __ARM::default_unexpected_handler()       - Undefined Weak Reference
    __ARM_exceptions_buffer_required          - Undefined Weak Reference
    __ARM_exceptions_init                     - Undefined Weak Reference
    __alloca_initialize                       - Undefined Weak Reference
    __arm_preinit_                            - Undefined Weak Reference
    __cxa_finalize                            - Undefined Weak Reference
    __sigvec_lookup                           - Undefined Weak Reference
    __user_heap_extent                        - Undefined Weak Reference
    _atexit_init                              - Undefined Weak Reference
    _call_atexit_fns                          - Undefined Weak Reference
    _clock_init                               - Undefined Weak Reference
    _fp_trap_init                             - Undefined Weak Reference
    _fp_trap_shutdown                         - Undefined Weak Reference
    _get_lc_collate                           - Undefined Weak Reference
    _get_lc_monetary                          - Undefined Weak Reference
    _get_lc_numeric                           - Undefined Weak Reference
    _get_lc_time                              - Undefined Weak Reference
    _getenv_init                              - Undefined Weak Reference
    _handle_redirection                       - Undefined Weak Reference
    _initio                                   - Undefined Weak Reference
    _mutex_acquire                            - Undefined Weak Reference
    _mutex_free                               - Undefined Weak Reference
    _mutex_release                            - Undefined Weak Reference
    _printf_truncate_signed                   - Undefined Weak Reference
    _printf_truncate_unsigned                 - Undefined Weak Reference
    _signal_finish                            - Undefined Weak Reference
    _signal_init                              - Undefined Weak Reference
    _terminateio                              - Undefined Weak Reference
    __Vectors_End                            0x00000240   Data           0  startup_mb9bf56x.o(RESET)
    __Vectors_Size                           0x00000240   Number         0  startup_mb9bf56x.o ABSOLUTE
    __main                                   0x00000241   Thumb Code     8  __main.o(!!!main)
    __scatterload                            0x00000249   Thumb Code     0  __scatter.o(!!!scatter)
    __scatterload_rt2                        0x00000249   Thumb Code    44  __scatter.o(!!!scatter)
    __scatterload_rt2_thumb_only             0x00000249   Thumb Code     0  __scatter.o(!!!scatter)
    __scatterload_null                       0x00000257   Thumb Code     0  __scatter.o(!!!scatter)
    __decompress                             0x0000027d   Thumb Code    90  __dczerorl2.o(!!dczerorl2)
    __decompress1                            0x0000027d   Thumb Code     0  __dczerorl2.o(!!dczerorl2)
    __scatterload_zeroinit                   0x000002d9   Thumb Code    28  __scatter_zi.o(!!handler_zi)
    __rt_lib_init                            0x000002f5   Thumb Code     0  libinit.o(.ARM.Collect$$libinit$$00000000)
    __rt_lib_init_fp_1                       0x000002f7   Thumb Code     0  libinit2.o(.ARM.Collect$$libinit$$00000001)
    __rt_lib_init_heap_2                     0x000002fb   Thumb Code     0  libinit2.o(.ARM.Collect$$libinit$$00000005)
    __rt_lib_init_preinit_1                  0x000002fb   Thumb Code     0  libinit2.o(.ARM.Collect$$libinit$$00000004)
    __rt_lib_init_heap_1                     0x00000303   Thumb Code     0  libinit2.o(.ARM.Collect$$libinit$$0000000A)
    __rt_lib_init_rand_2                     0x00000303   Thumb Code     0  libinit2.o(.ARM.Collect$$libinit$$0000000D)
    __rt_lib_init_user_alloc_1               0x00000303   Thumb Code     0  libinit2.o(.ARM.Collect$$libinit$$0000000C)
    __rt_lib_init_alloca_1                   0x00000307   Thumb Code     0  libinit2.o(.ARM.Collect$$libinit$$0000002E)
    __rt_lib_init_argv_1                     0x00000307   Thumb Code     0  libinit2.o(.ARM.Collect$$libinit$$0000002C)
    __rt_lib_init_atexit_1                   0x00000307   Thumb Code     0  libinit2.o(.ARM.Collect$$libinit$$0000001B)
    __rt_lib_init_clock_1                    0x00000307   Thumb Code     0  libinit2.o(.ARM.Collect$$libinit$$00000021)
    __rt_lib_init_cpp_2                      0x00000307   Thumb Code     0  libinit2.o(.ARM.Collect$$libinit$$00000031)
    __rt_lib_init_exceptions_1               0x00000307   Thumb Code     0  libinit2.o(.ARM.Collect$$libinit$$00000030)
    __rt_lib_init_fp_trap_1                  0x00000307   Thumb Code     0  libinit2.o(.ARM.Collect$$libinit$$0000001F)
    __rt_lib_init_getenv_1                   0x00000307   Thumb Code     0  libinit2.o(.ARM.Collect$$libinit$$00000023)
    __rt_lib_init_lc_collate_1               0x00000307   Thumb Code     0  libinit2.o(.ARM.Collect$$libinit$$00000011)
    __rt_lib_init_lc_ctype_1                 0x00000307   Thumb Code     0  libinit2.o(.ARM.Collect$$libinit$$00000013)
    __rt_lib_init_lc_monetary_1              0x00000307   Thumb Code     0  libinit2.o(.ARM.Collect$$libinit$$00000015)
    __rt_lib_init_lc_numeric_1               0x00000307   Thumb Code     0  libinit2.o(.ARM.Collect$$libinit$$00000017)
    __rt_lib_init_lc_time_1                  0x00000307   Thumb Code     0  libinit2.o(.ARM.Collect$$libinit$$00000019)
    __rt_lib_init_rand_1                     0x00000307   Thumb Code     0  libinit2.o(.ARM.Collect$$libinit$$0000000E)
    __rt_lib_init_signal_1                   0x00000307   Thumb Code     0  libinit2.o(.ARM.Collect$$libinit$$0000001D)
    __rt_lib_init_stdio_1                    0x00000307   Thumb Code     0  libinit2.o(.ARM.Collect$$libinit$$00000025)
    __rt_lib_init_cpp_1                      0x0000030b   Thumb Code     0  libinit2.o(.ARM.Collect$$libinit$$00000032)
    __rt_lib_init_return                     0x0000030b   Thumb Code     0  libinit2.o(.ARM.Collect$$libinit$$00000033)
    __rt_lib_shutdown                        0x0000030d   Thumb Code     0  libshutdown.o(.ARM.Collect$$libshutdown$$00000000)
    __rt_lib_shutdown_fp_trap_1              0x0000030f   Thumb Code     0  libshutdown2.o(.ARM.Collect$$libshutdown$$00000006)
    __rt_lib_shutdown_heap_1                 0x0000030f   Thumb Code     0  libshutdown2.o(.ARM.Collect$$libshutdown$$0000000E)
    __rt_lib_shutdown_return                 0x0000030f   Thumb Code     0  libshutdown2.o(.ARM.Collect$$libshutdown$$0000000F)
    __rt_lib_shutdown_signal_1               0x0000030f   Thumb Code     0  libshutdown2.o(.ARM.Collect$$libshutdown$$00000009)
    __rt_lib_shutdown_stdio_1                0x0000030f   Thumb Code     0  libshutdown2.o(.ARM.Collect$$libshutdown$$00000003)
    __rt_lib_shutdown_user_alloc_1           0x0000030f   Thumb Code     0  libshutdown2.o(.ARM.Collect$$libshutdown$$0000000B)
    __rt_entry                               0x00000311   Thumb Code     0  __rtentry.o(.ARM.Collect$$rtentry$$00000000)
    __rt_entry_presh_1                       0x00000311   Thumb Code     0  __rtentry2.o(.ARM.Collect$$rtentry$$00000002)
    __rt_entry_sh                            0x00000311   Thumb Code     0  __rtentry4.o(.ARM.Collect$$rtentry$$00000004)
    __rt_entry_li                            0x00000317   Thumb Code     0  __rtentry2.o(.ARM.Collect$$rtentry$$0000000A)
    __rt_entry_postsh_1                      0x00000317   Thumb Code     0  __rtentry2.o(.ARM.Collect$$rtentry$$00000009)
    __rt_entry_main                          0x0000031b   Thumb Code     0  __rtentry2.o(.ARM.Collect$$rtentry$$0000000D)
    __rt_entry_postli_1                      0x0000031b   Thumb Code     0  __rtentry2.o(.ARM.Collect$$rtentry$$0000000C)
    __rt_exit                                0x00000323   Thumb Code     0  rtexit.o(.ARM.Collect$$rtexit$$00000000)
    __rt_exit_ls                             0x00000325   Thumb Code     0  rtexit2.o(.ARM.Collect$$rtexit$$00000003)
    __rt_exit_prels_1                        0x00000325   Thumb Code     0  rtexit2.o(.ARM.Collect$$rtexit$$00000002)
    __rt_exit_exit                           0x00000329   Thumb Code     0  rtexit2.o(.ARM.Collect$$rtexit$$00000004)
    rand                                     0x00000331   Thumb Code    48  rand.o(.emb_text)
    Reset_Handler                            0x00000365   Thumb Code     8  startup_mb9bf56x.o(.text)
    _maybe_terminate_alloc                   0x00000365   Thumb Code     0  maybetermalloc1.o(.emb_text)
    NMI_Handler                              0x0000036d   Thumb Code     2  startup_mb9bf56x.o(.text)
    HardFault_Handler                        0x0000036f   Thumb Code     2  startup_mb9bf56x.o(.text)
    MemManage_Handler                        0x00000371   Thumb Code     2  startup_mb9bf56x.o(.text)
    BusFault_Handler                         0x00000373   Thumb Code     2  startup_mb9bf56x.o(.text)
    UsageFault_Handler                       0x00000375   Thumb Code     2  startup_mb9bf56x.o(.text)
    SVC_Handler                              0x00000377   Thumb Code     2  startup_mb9bf56x.o(.text)
    DebugMon_Handler                         0x00000379   Thumb Code     2  startup_mb9bf56x.o(.text)
    PendSV_Handler                           0x0000037b   Thumb Code     2  startup_mb9bf56x.o(.text)
    SysTick_Handler                          0x0000037d   Thumb Code     2  startup_mb9bf56x.o(.text)
    ADC0_IRQHandler                          0x0000037f   Thumb Code     0  startup_mb9bf56x.o(.text)
    ADC1_IRQHandler                          0x0000037f   Thumb Code     0  startup_mb9bf56x.o(.text)
    ADC2_IRQHandler                          0x0000037f   Thumb Code     0  startup_mb9bf56x.o(.text)
    BT0_IRQHandler                           0x0000037f   Thumb Code     0  startup_mb9bf56x.o(.text)
    BT10_IRQHandler                          0x0000037f   Thumb Code     0  startup_mb9bf56x.o(.text)
    BT11_IRQHandler                          0x0000037f   Thumb Code     0  startup_mb9bf56x.o(.text)
    BT12_15_IRQHandler                       0x0000037f   Thumb Code     0  startup_mb9bf56x.o(.text)
    BT1_IRQHandler                           0x0000037f   Thumb Code     0  startup_mb9bf56x.o(.text)
    BT2_IRQHandler                           0x0000037f   Thumb Code     0  startup_mb9bf56x.o(.text)
    BT3_IRQHandler                           0x0000037f   Thumb Code     0  startup_mb9bf56x.o(.text)
    BT4_IRQHandler                           0x0000037f   Thumb Code     0  startup_mb9bf56x.o(.text)
    BT5_IRQHandler                           0x0000037f   Thumb Code     0  startup_mb9bf56x.o(.text)
    BT6_IRQHandler                           0x0000037f   Thumb Code     0  startup_mb9bf56x.o(.text)
    BT7_IRQHandler                           0x0000037f   Thumb Code     0  startup_mb9bf56x.o(.text)
    BT8_IRQHandler                           0x0000037f   Thumb Code     0  startup_mb9bf56x.o(.text)
    BT9_IRQHandler                           0x0000037f   Thumb Code     0  startup_mb9bf56x.o(.text)
    CAN0_IRQHandler                          0x0000037f   Thumb Code     0  startup_mb9bf56x.o(.text)
    CAN1_IRQHandler                          0x0000037f   Thumb Code     0  startup_mb9bf56x.o(.text)
    CSV_IRQHandler                           0x0000037f   Thumb Code     0  startup_mb9bf56x.o(.text)
    DMAC0_IRQHandler                         0x0000037f   Thumb Code     0  startup_mb9bf56x.o(.text)
    DMAC1_IRQHandler                         0x0000037f   Thumb Code     0  startup_mb9bf56x.o(.text)
    DMAC2_IRQHandler                         0x0000037f   Thumb Code     0  startup_mb9bf56x.o(.text)
    DMAC3_IRQHandler                         0x0000037f   Thumb Code     0  startup_mb9bf56x.o(.text)
    DMAC4_IRQHandler                         0x0000037f   Thumb Code     0  startup_mb9bf56x.o(.text)
    DMAC5_IRQHandler                         0x0000037f   Thumb Code     0  startup_mb9bf56x.o(.text)
    DMAC6_IRQHandler                         0x0000037f   Thumb Code     0  startup_mb9bf56x.o(.text)
    DMAC7_IRQHandler                         0x0000037f   Thumb Code     0  startup_mb9bf56x.o(.text)
    DSTC_IRQHandler                          0x0000037f   Thumb Code     0  startup_mb9bf56x.o(.text)
    Dummy                                    0x0000037f   Thumb Code     0  startup_mb9bf56x.o(.text)
    ETHER0_IRQHandler                        0x0000037f   Thumb Code     0  startup_mb9bf56x.o(.text)
    EXINT0_IRQHandler                        0x0000037f   Thumb Code     0  startup_mb9bf56x.o(.text)
    EXINT16_17_18_19_IRQHandler              0x0000037f   Thumb Code     0  startup_mb9bf56x.o(.text)
    EXINT1_IRQHandler                        0x0000037f   Thumb Code     0  startup_mb9bf56x.o(.text)
    EXINT20_21_22_23_IRQHandler              0x0000037f   Thumb Code     0  startup_mb9bf56x.o(.text)
    EXINT24_25_26_27_IRQHandler              0x0000037f   Thumb Code     0  startup_mb9bf56x.o(.text)
    EXINT28_29_30_31_IRQHandler              0x0000037f   Thumb Code     0  startup_mb9bf56x.o(.text)
    EXINT2_IRQHandler                        0x0000037f   Thumb Code     0  startup_mb9bf56x.o(.text)
    EXINT3_IRQHandler                        0x0000037f   Thumb Code     0  startup_mb9bf56x.o(.text)
    EXINT4_IRQHandler                        0x0000037f   Thumb Code     0  startup_mb9bf56x.o(.text)
    EXINT5_IRQHandler                        0x0000037f   Thumb Code     0  startup_mb9bf56x.o(.text)
    EXINT6_IRQHandler                        0x0000037f   Thumb Code     0  startup_mb9bf56x.o(.text)
    EXINT7_IRQHandler                        0x0000037f   Thumb Code     0  startup_mb9bf56x.o(.text)
    EXTBUS_ERR_Handler                       0x0000037f   Thumb Code     0  startup_mb9bf56x.o(.text)
    EXTINT10_IRQHandler                      0x0000037f   Thumb Code     0  startup_mb9bf56x.o(.text)
    EXTINT11_IRQHandler                      0x0000037f   Thumb Code     0  startup_mb9bf56x.o(.text)
    EXTINT12_IRQHandler                      0x0000037f   Thumb Code     0  startup_mb9bf56x.o(.text)
    EXTINT13_IRQHandler                      0x0000037f   Thumb Code     0  startup_mb9bf56x.o(.text)
    EXTINT14_IRQHandler                      0x0000037f   Thumb Code     0  startup_mb9bf56x.o(.text)
    EXTINT15_IRQHandler                      0x0000037f   Thumb Code     0  startup_mb9bf56x.o(.text)
    EXTINT9_IRQHandler                       0x0000037f   Thumb Code     0  startup_mb9bf56x.o(.text)
    FLASHIF_IRQHandler                       0x0000037f   Thumb Code     0  startup_mb9bf56x.o(.text)
    FRT0_PEAK_IRQHandler                     0x0000037f   Thumb Code     0  startup_mb9bf56x.o(.text)
    FRT0_ZERO_IRQHandler                     0x0000037f   Thumb Code     0  startup_mb9bf56x.o(.text)
    FRT1_PEAK_IRQHandler                     0x0000037f   Thumb Code     0  startup_mb9bf56x.o(.text)
    FRT1_ZERO_IRQHandler                     0x0000037f   Thumb Code     0  startup_mb9bf56x.o(.text)
    FRT2_PEAK_IRQHandler                     0x0000037f   Thumb Code     0  startup_mb9bf56x.o(.text)
    FRT2_ZERO_IRQHandler                     0x0000037f   Thumb Code     0  startup_mb9bf56x.o(.text)
    ICU0_IRQHandler                          0x0000037f   Thumb Code     0  startup_mb9bf56x.o(.text)
    ICU1_IRQHandler                          0x0000037f   Thumb Code     0  startup_mb9bf56x.o(.text)
    ICU2_IRQHandler                          0x0000037f   Thumb Code     0  startup_mb9bf56x.o(.text)
    IRQ003SEL_IRQHandler                     0x0000037f   Thumb Code     0  startup_mb9bf56x.o(.text)
    IRQ004SEL_IRQHandler                     0x0000037f   Thumb Code     0  startup_mb9bf56x.o(.text)
    IRQ005SEL_IRQHandler                     0x0000037f   Thumb Code     0  startup_mb9bf56x.o(.text)
    IRQ006SEL_IRQHandler                     0x0000037f   Thumb Code     0  startup_mb9bf56x.o(.text)
    IRQ007SEL_IRQHandler                     0x0000037f   Thumb Code     0  startup_mb9bf56x.o(.text)
    IRQ008SEL_IRQHandler                     0x0000037f   Thumb Code     0  startup_mb9bf56x.o(.text)
    IRQ009SEL_IRQHandler                     0x0000037f   Thumb Code     0  startup_mb9bf56x.o(.text)
    IRQ010SEL_IRQHandler                     0x0000037f   Thumb Code     0  startup_mb9bf56x.o(.text)
    LVD_IRQHandler                           0x0000037f   Thumb Code     0  startup_mb9bf56x.o(.text)
    MFS0_RX_IRQHandler                       0x0000037f   Thumb Code     0  startup_mb9bf56x.o(.text)
    MFS0_TX_IRQHandler                       0x0000037f   Thumb Code     0  startup_mb9bf56x.o(.text)
    MFS10_RX_IRQHandler                      0x0000037f   Thumb Code     0  startup_mb9bf56x.o(.text)
    MFS10_TX_IRQHandler                      0x0000037f   Thumb Code     0  startup_mb9bf56x.o(.text)
    MFS11_RX_IRQHandler                      0x0000037f   Thumb Code     0  startup_mb9bf56x.o(.text)
    MFS11_TX_IRQHandler                      0x0000037f   Thumb Code     0  startup_mb9bf56x.o(.text)
    MFS12_RX_IRQHandler                      0x0000037f   Thumb Code     0  startup_mb9bf56x.o(.text)
    MFS12_TX_IRQHandler                      0x0000037f   Thumb Code     0  startup_mb9bf56x.o(.text)
    MFS13_RX_IRQHandler                      0x0000037f   Thumb Code     0  startup_mb9bf56x.o(.text)
    MFS13_TX_IRQHandler                      0x0000037f   Thumb Code     0  startup_mb9bf56x.o(.text)
    MFS14_RX_IRQHandler                      0x0000037f   Thumb Code     0  startup_mb9bf56x.o(.text)
    MFS14_TX_IRQHandler                      0x0000037f   Thumb Code     0  startup_mb9bf56x.o(.text)
    MFS15_RX_IRQHandler                      0x0000037f   Thumb Code     0  startup_mb9bf56x.o(.text)
    MFS15_TX_IRQHandler                      0x0000037f   Thumb Code     0  startup_mb9bf56x.o(.text)
    MFS1_RX_IRQHandler                       0x0000037f   Thumb Code     0  startup_mb9bf56x.o(.text)
    MFS1_TX_IRQHandler                       0x0000037f   Thumb Code     0  startup_mb9bf56x.o(.text)
    MFS2_RX_IRQHandler                       0x0000037f   Thumb Code     0  startup_mb9bf56x.o(.text)
    MFS2_TX_IRQHandler                       0x0000037f   Thumb Code     0  startup_mb9bf56x.o(.text)
    MFS3_RX_IRQHandler                       0x0000037f   Thumb Code     0  startup_mb9bf56x.o(.text)
    MFS3_TX_IRQHandler                       0x0000037f   Thumb Code     0  startup_mb9bf56x.o(.text)
    MFS4_RX_IRQHandler                       0x0000037f   Thumb Code     0  startup_mb9bf56x.o(.text)
    MFS4_TX_IRQHandler                       0x0000037f   Thumb Code     0  startup_mb9bf56x.o(.text)
    MFS5_RX_IRQHandler                       0x0000037f   Thumb Code     0  startup_mb9bf56x.o(.text)
    MFS5_TX_IRQHandler                       0x0000037f   Thumb Code     0  startup_mb9bf56x.o(.text)
    MFS6_RX_IRQHandler                       0x0000037f   Thumb Code     0  startup_mb9bf56x.o(.text)
    MFS6_TX_IRQHandler                       0x0000037f   Thumb Code     0  startup_mb9bf56x.o(.text)
    MFS7_RX_IRQHandler                       0x0000037f   Thumb Code     0  startup_mb9bf56x.o(.text)
    MFS7_TX_IRQHandler                       0x0000037f   Thumb Code     0  startup_mb9bf56x.o(.text)
    MFS8_RX_IRQHandler                       0x0000037f   Thumb Code     0  startup_mb9bf56x.o(.text)
    MFS8_TX_IRQHandler                       0x0000037f   Thumb Code     0  startup_mb9bf56x.o(.text)
    MFS9_RX_IRQHandler                       0x0000037f   Thumb Code     0  startup_mb9bf56x.o(.text)
    MFS9_TX_IRQHandler                       0x0000037f   Thumb Code     0  startup_mb9bf56x.o(.text)
    OCU0_IRQHandler                          0x0000037f   Thumb Code     0  startup_mb9bf56x.o(.text)
    OCU1_IRQHandler                          0x0000037f   Thumb Code     0  startup_mb9bf56x.o(.text)
    OCU2_IRQHandler                          0x0000037f   Thumb Code     0  startup_mb9bf56x.o(.text)
    PPG00_02_04_IRQHandler                   0x0000037f   Thumb Code     0  startup_mb9bf56x.o(.text)
    PPG08_10_12_IRQHandler                   0x0000037f   Thumb Code     0  startup_mb9bf56x.o(.text)
    PPG16_18_20_IRQHandler                   0x0000037f   Thumb Code     0  startup_mb9bf56x.o(.text)
    QPRC0_IRQHandler                         0x0000037f   Thumb Code     0  startup_mb9bf56x.o(.text)
    QPRC1_IRQHandler                         0x0000037f   Thumb Code     0  startup_mb9bf56x.o(.text)
    QPRC2_IRQHandler                         0x0000037f   Thumb Code     0  startup_mb9bf56x.o(.text)
    QPRC3_IRQHandler                         0x0000037f   Thumb Code     0  startup_mb9bf56x.o(.text)
    RTC_IRQHandler                           0x0000037f   Thumb Code     0  startup_mb9bf56x.o(.text)
    SD_IRQHandler                            0x0000037f   Thumb Code     0  startup_mb9bf56x.o(.text)
    SWDT_IRQHandler                          0x0000037f   Thumb Code     0  startup_mb9bf56x.o(.text)
    TIM_IRQHandler                           0x0000037f   Thumb Code     0  startup_mb9bf56x.o(.text)
    USB0_HOST_IRQHandler                     0x0000037f   Thumb Code     0  startup_mb9bf56x.o(.text)
    USB0_IRQHandler                          0x0000037f   Thumb Code     0  startup_mb9bf56x.o(.text)
    USB1_HOST_IRQHandler                     0x0000037f   Thumb Code     0  startup_mb9bf56x.o(.text)
    USB1_IRQHandler                          0x0000037f   Thumb Code     0  startup_mb9bf56x.o(.text)
    WC_IRQHandler                            0x0000037f   Thumb Code     0  startup_mb9bf56x.o(.text)
    WFG0_DTIF0_IRQHandler                    0x0000037f   Thumb Code     0  startup_mb9bf56x.o(.text)
    WFG1_DTIF1_IRQHandler                    0x0000037f   Thumb Code     0  startup_mb9bf56x.o(.text)
    WFG2_DTIF2_IRQHandler                    0x0000037f   Thumb Code     0  startup_mb9bf56x.o(.text)
    __user_initial_stackheap                 0x00000381   Thumb Code     0  startup_mb9bf56x.o(.text)
    SystemCoreClockUpdate                    0x000003a5   Thumb Code   178  system_mb9abxxx.o(.text)
    SystemInit                               0x00000457   Thumb Code   240  system_mb9abxxx.o(.text)
    printString(unsigned short, unsigned short, char*) 0x00000579   Thumb Code    44  main.o(.text)
    init_master()                            0x000005a5   Thumb Code    24  main.o(.text)
    init_slave()                             0x000005bd   Thumb Code    16  main.o(.text)
    main                                     0x000005cd   Thumb Code   288  main.o(.text)
    extract                                  0x00000745   Thumb Code    42  infrared.o(.text)
    IR_ISR                                   0x0000076f   Thumb Code   418  infrared.o(.text)
    timer_ISR                                0x00000911   Thumb Code    12  infrared.o(.text)
    infrared_init                            0x0000091d   Thumb Code   166  infrared.o(.text)
    generate_world                           0x000009f9   Thumb Code   182  game.o(.text)
    draw_world                               0x00000aaf   Thumb Code   214  game.o(.text)
    draw_man                                 0x00000b85   Thumb Code    70  game.o(.text)
    update_dig                               0x00000bcb   Thumb Code   454  game.o(.text)
    check_vertical                           0x00000d91   Thumb Code   324  game.o(.text)
    check_horizontal                         0x00000ed5   Thumb Code   230  game.o(.text)
    update_action                            0x00000fbb   Thumb Code   586  game.o(.text)
    game_update                              0x00001205   Thumb Code    24  game.o(.text)
    game_init                                0x0000121d   Thumb Code    48  game.o(.text)
    rsi_execute_cmd                          0x00001269   Thumb Code    72  rsi_execute_cmd.o(.text)
    rsi_waitfor_boardready                   0x000012b1   Thumb Code    44  rsi_bootup_config.o(.text)
    rsi_select_option                        0x000012dd   Thumb Code    64  rsi_bootup_config.o(.text)
    rsi_upgrade_fw                           0x0000131d   Thumb Code   220  rsi_bootup_config.o(.text)
    rsi_build_frame_descriptor               0x000013f9   Thumb Code    90  rsi_build_frame_descriptor.o(.text)
    rsi_boot_insn                            0x00001455   Thumb Code   460  rsi_send_boot_insn.o(.text)
    rsi_sys_init                             0x00001625   Thumb Code    24  rsi_sys_init.o(.text)
    rsi_bt_build_frame_descriptor            0x0000163d   Thumb Code    38  rsi_bt_build_frame_descriptor.o(.text)
    rsi_bt_set_discovery_mode                0x00001665   Thumb Code    20  rsi_bt_core.o(.text)
    rsi_bt_query_discovery_mode              0x00001679   Thumb Code    18  rsi_bt_core.o(.text)
    rsi_bt_set_connectability_mode           0x0000168b   Thumb Code    20  rsi_bt_core.o(.text)
    rsi_bt_query_connectability_mode         0x0000169f   Thumb Code    18  rsi_bt_core.o(.text)
    rsi_bt_set_pair_mode                     0x000016b1   Thumb Code    20  rsi_bt_core.o(.text)
    rsi_bt_query_pair_mode                   0x000016c5   Thumb Code    18  rsi_bt_core.o(.text)
    rsi_bt_remote_name_request               0x000016d7   Thumb Code    20  rsi_bt_core.o(.text)
    rsi_bt_remote_name_request_cancel        0x000016eb   Thumb Code    20  rsi_bt_core.o(.text)
    rsi_bt_inquiry                           0x000016ff   Thumb Code    20  rsi_bt_core.o(.text)
    rsi_bt_inquiry_cancel                    0x00001713   Thumb Code    18  rsi_bt_core.o(.text)
    rsi_bt_bond                              0x00001725   Thumb Code    20  rsi_bt_core.o(.text)
    rsi_bt_bond_cancel                       0x00001739   Thumb Code    20  rsi_bt_core.o(.text)
    rsi_bt_unbond                            0x0000174d   Thumb Code    20  rsi_bt_core.o(.text)
    rsi_bt_set_pin_type                      0x00001761   Thumb Code    20  rsi_bt_core.o(.text)
    rsi_bt_query_pin_type                    0x00001775   Thumb Code    18  rsi_bt_core.o(.text)
    rsi_bt_user_confirmation                 0x00001787   Thumb Code    20  rsi_bt_core.o(.text)
    rsi_bt_passkey_request_reply             0x0000179b   Thumb Code    20  rsi_bt_core.o(.text)
    rsi_bt_pincode_reply                     0x000017af   Thumb Code    20  rsi_bt_core.o(.text)
    rsi_bt_query_role                        0x000017c3   Thumb Code    20  rsi_bt_core.o(.text)
    rsi_bt_set_role                          0x000017d7   Thumb Code    20  rsi_bt_core.o(.text)
    rsi_bt_query_services                    0x000017eb   Thumb Code    20  rsi_bt_core.o(.text)
    rsi_bt_search_service                    0x000017ff   Thumb Code    20  rsi_bt_core.o(.text)
    rsi_bt_set_profile_mode                  0x00001813   Thumb Code    20  rsi_bt_core.o(.text)
    rsi_bt_linkkey_reply                     0x00001827   Thumb Code    20  rsi_bt_core.o(.text)
    rsi_bt_execute_cmd                       0x0000189d   Thumb Code    44  rsi_bt_execute_cmd.o(.text)
    rsi_bt_parse_response                    0x000018c9   Thumb Code    28  rsi_bt_generic.o(.text)
    rsi_bt_set_local_name                    0x000018e5   Thumb Code    20  rsi_bt_generic.o(.text)
    rsi_bt_query_local_name                  0x000018f9   Thumb Code    18  rsi_bt_generic.o(.text)
    rsi_bt_set_local_cod                     0x0000190b   Thumb Code    20  rsi_bt_generic.o(.text)
    rsi_bt_query_local_cod                   0x0000191f   Thumb Code    18  rsi_bt_generic.o(.text)
    rsi_bt_query_rssi                        0x00001931   Thumb Code    20  rsi_bt_generic.o(.text)
    rsi_bt_query_link_quality                0x00001945   Thumb Code    20  rsi_bt_generic.o(.text)
    rsi_bt_query_local_bd_address            0x00001959   Thumb Code    18  rsi_bt_generic.o(.text)
    rsi_bt_device_init                       0x0000196b   Thumb Code    18  rsi_bt_generic.o(.text)
    rsi_bt_device_deinit                     0x0000197d   Thumb Code    18  rsi_bt_generic.o(.text)
    rsi_bt_antenna_select                    0x0000198f   Thumb Code    20  rsi_bt_generic.o(.text)
    rsi_bt_config_enable                     0x000019a3   Thumb Code    20  rsi_bt_generic.o(.text)
    rsi_bt_spp_connect                       0x000019e5   Thumb Code    20  rsi_bt_spp.o(.text)
    rsi_bt_spp_disconnect                    0x000019f9   Thumb Code    20  rsi_bt_spp.o(.text)
    rsi_bt_spp_transfer                      0x00001a0d   Thumb Code    20  rsi_bt_spp.o(.text)
    rsi_bt_spp_app_transfer                  0x00001a21   Thumb Code    56  rsi_bt_spp.o(.text)
    Adafruit_GFX::Adafruit_GFX__sub_object(short, short) 0x00001a65   Thumb Code    42  adafruit_gfx.o(.text)
    Adafruit_GFX::drawLine(short, short, short, short, unsigned short) 0x00001a8f   Thumb Code   220  adafruit_gfx.o(.text)
    Adafruit_GFX::drawFastVLine(short, short, short, unsigned short) 0x00001b6b   Thumb Code    46  adafruit_gfx.o(.text)
    Adafruit_GFX::drawFastHLine(short, short, short, unsigned short) 0x00001b99   Thumb Code    44  adafruit_gfx.o(.text)
    Adafruit_GFX::drawRect(short, short, short, short, unsigned short) 0x00001bc5   Thumb Code   104  adafruit_gfx.o(.text)
    Adafruit_GFX::fillRect(short, short, short, short, unsigned short) 0x00001c2d   Thumb Code    54  adafruit_gfx.o(.text)
    Adafruit_GFX::fillScreen(unsigned short) 0x00001c63   Thumb Code    32  adafruit_gfx.o(.text)
    Adafruit_GFX::invertDisplay(unsigned char) 0x00001c83   Thumb Code     2  adafruit_gfx.o(.text)
    Adafruit_GFX::drawCircle(short, short, short, unsigned short) 0x00001c85   Thumb Code   356  adafruit_gfx.o(.text)
    Adafruit_GFX::drawCircleHelper(short, short, short, unsigned char, unsigned short) 0x00001de9   Thumb Code   306  adafruit_gfx.o(.text)
    Adafruit_GFX::fillCircleHelper(short, short, short, unsigned char, short, unsigned short) 0x00001f1b   Thumb Code   246  adafruit_gfx.o(.text)
    Adafruit_GFX::fillCircle(short, short, short, unsigned short) 0x00002011   Thumb Code    64  adafruit_gfx.o(.text)
    Adafruit_GFX::drawTriangle(short, short, short, short, short, short, unsigned short) 0x00002051   Thumb Code    86  adafruit_gfx.o(.text)
    Adafruit_GFX::fillTriangle(short, short, short, short, short, short, unsigned short) 0x000020a7   Thumb Code   428  adafruit_gfx.o(.text)
    Adafruit_GFX::drawRoundRect(short, short, short, short, short, unsigned short) 0x00002253   Thumb Code   258  adafruit_gfx.o(.text)
    Adafruit_GFX::fillRoundRect(short, short, short, short, short, unsigned short) 0x00002355   Thumb Code   126  adafruit_gfx.o(.text)
    Adafruit_GFX::drawBitmap(short, short, const unsigned char*, short, short, unsigned short) 0x000023d3   Thumb Code   110  adafruit_gfx.o(.text)
    Adafruit_GFX::drawChar(short, short, unsigned char, unsigned short, unsigned short, unsigned char) 0x00002441   Thumb Code   256  adafruit_gfx.o(.text)
    Adafruit_GFX::setCursor(short, short)    0x00002541   Thumb Code     6  adafruit_gfx.o(.text)
    Adafruit_GFX::setTextColor(unsigned short) 0x00002547   Thumb Code     6  adafruit_gfx.o(.text)
    Adafruit_GFX::setTextColor(unsigned short, unsigned short) 0x0000254d   Thumb Code     6  adafruit_gfx.o(.text)
    Adafruit_GFX::setTextSize(unsigned char) 0x00002553   Thumb Code    14  adafruit_gfx.o(.text)
    Adafruit_GFX::setTextWrap(unsigned char) 0x00002561   Thumb Code     4  adafruit_gfx.o(.text)
    Adafruit_GFX::setRotation(unsigned char) 0x00002565   Thumb Code    52  adafruit_gfx.o(.text)
    Adafruit_GFX::write(unsigned char)       0x00002599   Thumb Code   120  adafruit_gfx.o(.text)
    Adafruit_GFX::height()                   0x00002611   Thumb Code     8  adafruit_gfx.o(.text)
    Adafruit_GFX::width()                    0x00002619   Thumb Code     8  adafruit_gfx.o(.text)
    Adafruit_GFX::getRotation()              0x00002621   Thumb Code     6  adafruit_gfx.o(.text)
    delayMicroseconds(unsigned)              0x0000262d   Thumb Code    16  adafruit_ssd1351.o(.text)
    delay(unsigned)                          0x0000263d   Thumb Code    16  adafruit_ssd1351.o(.text)
    Adafruit_SSD1351::Adafruit_SSD1351__sub_object() 0x0000264d   Thumb Code    58  adafruit_ssd1351.o(.text)
    Adafruit_SSD1351::Adafruit_SSD1351()     0x00002687   Thumb Code    14  adafruit_ssd1351.o(.text)
    Adafruit_SSD1351::Color565(unsigned char, unsigned char, unsigned char) 0x00002695   Thumb Code    28  adafruit_ssd1351.o(.text)
    Adafruit_SSD1351::writeCommand(unsigned char) 0x000026b1   Thumb Code    22  adafruit_ssd1351.o(.text)
    Adafruit_SSD1351::writeData(unsigned char) 0x000026c7   Thumb Code    22  adafruit_ssd1351.o(.text)
    Adafruit_SSD1351::goTo(int, int)         0x000026dd   Thumb Code    78  adafruit_ssd1351.o(.text)
    Adafruit_SSD1351::drawPixel(short, short, unsigned short) 0x0000272b   Thumb Code    78  adafruit_ssd1351.o(.text)
    thunk{v:0,-12} to Adafruit_SSD1351::drawPixel(short, short, unsigned short) 0x00002779   Thumb Code    36  adafruit_ssd1351.o(.text)
    Adafruit_SSD1351::fillRect(unsigned short, unsigned short, unsigned short, unsigned short, unsigned short) 0x0000279d   Thumb Code   162  adafruit_ssd1351.o(.text)
    Adafruit_SSD1351::drawFastHLine(short, short, short, unsigned short) 0x0000283f   Thumb Code   142  adafruit_ssd1351.o(.text)
    thunk{v:0,-24} to Adafruit_SSD1351::drawFastHLine(short, short, short, unsigned short) 0x000028cd   Thumb Code   156  adafruit_ssd1351.o(.text)
    Adafruit_SSD1351::drawFastVLine(short, short, short, unsigned short) 0x00002969   Thumb Code   142  adafruit_ssd1351.o(.text)
    thunk{v:0,-20} to Adafruit_SSD1351::drawFastVLine(short, short, short, unsigned short) 0x000029f7   Thumb Code   170  adafruit_ssd1351.o(.text)
    Adafruit_SSD1351::fillScreen(unsigned short) 0x00002aa1   Thumb Code    26  adafruit_ssd1351.o(.text)
    thunk{v:0,-36} to Adafruit_SSD1351::fillScreen(unsigned short) 0x00002abb   Thumb Code    24  adafruit_ssd1351.o(.text)
    Adafruit_SSD1351::invert(unsigned char)  0x00002ad3   Thumb Code    28  adafruit_ssd1351.o(.text)
    Adafruit_SSD1351::begin()                0x00002aef   Thumb Code   502  adafruit_ssd1351.o(.text)
    WyzBeeSpi_RxEnable                       0x00002cf9   Thumb Code    26  wyzbee_spi.o(.text)
    WyzBeeSpi_TxEnable                       0x00002d13   Thumb Code    26  wyzbee_spi.o(.text)
    WyzBeeSpi_Init                           0x00002d2d   Thumb Code   242  wyzbee_spi.o(.text)
    WyzBeeSpi_CsDisable                      0x00002e1f   Thumb Code    16  wyzbee_spi.o(.text)
    WyzBeeSpi_Write                          0x00002e2f   Thumb Code    32  wyzbee_spi.o(.text)
    WyzBeeSpi_CsEnable                       0x00002e4f   Thumb Code    14  wyzbee_spi.o(.text)
    WyzBeeSpi_SyncSend                       0x00002e5d   Thumb Code    84  wyzbee_spi.o(.text)
    WyzBeeSpi_Read                           0x00002eb1   Thumb Code    18  wyzbee_spi.o(.text)
    WyzBeeSpi_SyncSendRecv                   0x00002ec3   Thumb Code   208  wyzbee_spi.o(.text)
    WyzBeeSpi_SyncRecv                       0x00002f93   Thumb Code   132  wyzbee_spi.o(.text)
    WyzBeeSpi_DeInit                         0x00003017   Thumb Code    50  wyzbee_spi.o(.text)
    WyzBeeSpi_TxIntrEnable                   0x00003049   Thumb Code    26  wyzbee_spi.o(.text)
    WyzBeeSpi_TxIntrDisable                  0x00003063   Thumb Code    26  wyzbee_spi.o(.text)
    WyzBeeSpi_RxIntrEnable                   0x0000307d   Thumb Code    26  wyzbee_spi.o(.text)
    WyzBeeSpi_RxIntrDisable                  0x00003097   Thumb Code    26  wyzbee_spi.o(.text)
    WyzBeeSpi_RxDisable                      0x000030b1   Thumb Code    26  wyzbee_spi.o(.text)
    WyzBeeSpi_TxDisable                      0x000030cb   Thumb Code    46  wyzbee_spi.o(.text)
    MATCH(int, int)                          0x000030f9   Thumb Code   138  irremote.o(.text)
    MATCH_MARK(int, int)                     0x00003183   Thumb Code    18  irremote.o(.text)
    MATCH_SPACE(int, int)                    0x00003195   Thumb Code    18  irremote.o(.text)
    Ir_Isr_receive                           0x000031a7   Thumb Code   240  irremote.o(.text)
    IRrecv::IRrecv()                         0x00003297   Thumb Code    38  irremote.o(.text)
    IRrecv::IRrecv__sub_object()             0x00003297   Thumb Code     0  irremote.o(.text)
    IRrecv::resume()                         0x000032bd   Thumb Code    14  irremote.o(.text)
    IRrecv::decodeNEC(decode_results*)       0x000032cb   Thumb Code   228  irremote.o(.text)
    IRrecv::decode(decode_results*)          0x000033af   Thumb Code    56  irremote.o(.text)
    IRrecv::enableIRIn()                     0x000033e7   Thumb Code    14  irremote.o(.text)
    IRrecv::decodeSAMSUNG(decode_results*)   0x000033f5   Thumb Code   228  irremote.o(.text)
    decodeInput                              0x0000350d   Thumb Code  1164  text_print.o(.text)
    Dt1Callback                              0x00003999   Thumb Code    20  text_print.o(.text)
    ir_timer_init                            0x000039ad   Thumb Code    42  text_print.o(.text)
    DT1_2_IRQHandler                         0x00003a05   Thumb Code    32  interrupts.o(.text)
    EXINT8_IRQHandler                        0x00003a25   Thumb Code    10  interrupts.o(.text)
    IRQ057_Handler                           0x00003a2f   Thumb Code    10  interrupts.o(.text)
    IRQ064_Handler                           0x00003a39   Thumb Code    12  interrupts.o(.text)
    IRQ065_Handler                           0x00003a45   Thumb Code    40  interrupts.o(.text)
    IRQ072_Handler                           0x00003a6d   Thumb Code    14  interrupts.o(.text)
    IRQ073_Handler                           0x00003a7b   Thumb Code    44  interrupts.o(.text)
    pdl_memclr                               0x00003ab9   Thumb Code    18  pdl.o(.text)
    PDL_WAIT_LOOP_HOOK                       0x00003acb   Thumb Code     2  pdl.o(.text)
    Exint_IrqHandler                         0x00003b13   Thumb Code    44  exint.o(.text)
    ExintNMIrqHandler                        0x00003b3f   Thumb Code    32  exint.o(.text)
    Exint_Init                               0x00003b5f   Thumb Code   268  exint.o(.text)
    Exint_DeInit                             0x00003c6b   Thumb Code    40  exint.o(.text)
    Exint_EnableChannel                      0x00003c93   Thumb Code    42  exint.o(.text)
    Exint_DisableChannel                     0x00003cbd   Thumb Code    28  exint.o(.text)
    Exint_Nmi_Init                           0x00003cd9   Thumb Code    52  exint.o(.text)
    Exint_Nmi_DeInit                         0x00003d0d   Thumb Code    52  exint.o(.text)
    DtIrqHandler                             0x00003e4f   Thumb Code    40  dt.o(.text)
    Dt_Init                                  0x00003e77   Thumb Code   232  dt.o(.text)
    Dt_DeInit                                0x00003f5f   Thumb Code    60  dt.o(.text)
    Dt_EnableCount                           0x00003f9b   Thumb Code    42  dt.o(.text)
    Dt_DisableCount                          0x00003fc5   Thumb Code    40  dt.o(.text)
    Dt_EnableInt                             0x00003fed   Thumb Code    52  dt.o(.text)
    Dt_DisableInt                            0x00004021   Thumb Code    50  dt.o(.text)
    Dt_GetIntFlag                            0x00004053   Thumb Code    38  dt.o(.text)
    Dt_GetMaskIntFlag                        0x00004079   Thumb Code    38  dt.o(.text)
    Dt_ClrIntFlag                            0x0000409f   Thumb Code    34  dt.o(.text)
    Dt_WriteLoadVal                          0x000040c1   Thumb Code    46  dt.o(.text)
    Dt_WriteBgLoadVal                        0x000040ef   Thumb Code    46  dt.o(.text)
    Dt_ReadCurCntVal                         0x0000411d   Thumb Code    42  dt.o(.text)
    Mfs_InitTxIrq                            0x000041c1   Thumb Code   164  mfs.o(.text)
    Mfs_InitRxIrq                            0x00004265   Thumb Code   164  mfs.o(.text)
    Mfs_DeInitIrq                            0x00004309   Thumb Code   284  mfs.o(.text)
    MfsIrqHandlerRx                          0x00004425   Thumb Code    24  mfs.o(.text)
    MfsIrqHandlerTx                          0x0000443d   Thumb Code    24  mfs.o(.text)
    MfsIrqHandlerStatus                      0x00004455   Thumb Code    24  mfs.o(.text)
    Mfs_GetBusClock                          0x0000446d   Thumb Code   194  mfs.o(.text)
    Mfs_GetReloadValue                       0x0000452f   Thumb Code    26  mfs.o(.text)
    Mfs_Uart_SetBaudRate                     0x00004549   Thumb Code    98  mfs.o(.text)
    Mfs_Uart_Init                            0x000045ab   Thumb Code   514  mfs.o(.text)
    Mfs_Uart_DeInit                          0x000047ad   Thumb Code    96  mfs.o(.text)
    Mfs_Csio_SetBaudRate                     0x0000480d   Thumb Code    50  mfs.o(.text)
    Mfs_Csio_Init                            0x0000483f   Thumb Code   712  mfs.o(.text)
    Mfs_Csio_DeInit                          0x00004b07   Thumb Code    94  mfs.o(.text)
    Mfs_Csio_SetSckOutEnable                 0x00004b65   Thumb Code    46  mfs.o(.text)
    Mfs_Csio_ReadData32                      0x00004b93   Thumb Code    22  mfs.o(.text)
    Mfs_Csio_WriteData32                     0x00004ba9   Thumb Code    26  mfs.o(.text)
    Mfs_Csio_SetChipSelectErrEnable          0x00004bc3   Thumb Code    48  mfs.o(.text)
    Mfs_Csio_SetChipSelectErrIntEnable       0x00004bf3   Thumb Code    48  mfs.o(.text)
    Mfs_Csio_GetStatus                       0x00004c23   Thumb Code    28  mfs.o(.text)
    Mfs_Csio_ClrChipSelectErr                0x00004c3f   Thumb Code    30  mfs.o(.text)
    Mfs_Csio_ClrTimerIntReq                  0x00004c5d   Thumb Code    30  mfs.o(.text)
    Mfs_Csio_SetSerialTimerIntEnable         0x00004c7b   Thumb Code    46  mfs.o(.text)
    Mfs_Csio_SetSyncTransEnable              0x00004ca9   Thumb Code    46  mfs.o(.text)
    Mfs_Csio_SetTimerPrescale                0x00004cd7   Thumb Code    32  mfs.o(.text)
    Mfs_Csio_SetSerialTimerEnable            0x00004cf7   Thumb Code    46  mfs.o(.text)
    Mfs_Csio_GetSerialTimer                  0x00004d25   Thumb Code    22  mfs.o(.text)
    Mfs_Csio_SetCmpVal4SerialTimer           0x00004d3b   Thumb Code    26  mfs.o(.text)
    Mfs_Csio_SetCsHold                       0x00004d55   Thumb Code    48  mfs.o(.text)
    Mfs_Csio_SetCsTimingPrescale             0x00004d85   Thumb Code    32  mfs.o(.text)
    Mfs_Csio_SetCsInActiveLevel              0x00004da5   Thumb Code    46  mfs.o(.text)
    Mfs_Csio_SetChipSelectEnable             0x00004dd3   Thumb Code    46  mfs.o(.text)
    Mfs_Csio_SetChipSelectOutEnable          0x00004e01   Thumb Code    46  mfs.o(.text)
    Mfs_Csio_SetCsTimingConfig               0x00004e2f   Thumb Code    38  mfs.o(.text)
    Mfs_Csio_SetTxLength                     0x00004e55   Thumb Code    28  mfs.o(.text)
    Mfs_I2c_GetReloadValue                   0x00004e71   Thumb Code    26  mfs.o(.text)
    Mfs_I2c_SetBaudRate                      0x00004e8b   Thumb Code    46  mfs.o(.text)
    Mfs_I2c_Init                             0x00004eb9   Thumb Code   458  mfs.o(.text)
    Mfs_I2c_DeInit                           0x00005083   Thumb Code    76  mfs.o(.text)
    Mfs_I2c_SetTxIntEnable                   0x000050cf   Thumb Code    46  mfs.o(.text)
    Mfs_I2c_SetRxIntEnable                   0x000050fd   Thumb Code    46  mfs.o(.text)
    Mfs_I2c_SetAckEnable                     0x0000512b   Thumb Code    46  mfs.o(.text)
    Mfs_I2c_SetWaitSelect                    0x00005159   Thumb Code    48  mfs.o(.text)
    Mfs_I2c_SetCondDetIntEnable              0x00005189   Thumb Code    46  mfs.o(.text)
    Mfs_I2c_SetIntEnable                     0x000051b7   Thumb Code    46  mfs.o(.text)
    Mfs_I2c_GetBusErrStatus                  0x000051e5   Thumb Code    28  mfs.o(.text)
    Mfs_I2c_GetIntStatus                     0x00005201   Thumb Code    28  mfs.o(.text)
    Mfs_I2c_ClearIntStatus                   0x0000521d   Thumb Code    30  mfs.o(.text)
    Mfs_I2c_SetTransmitEmpty                 0x0000523b   Thumb Code    30  mfs.o(.text)
    Mfs_I2c_SetDmaModeEnable                 0x00005259   Thumb Code    46  mfs.o(.text)
    Mfs_I2c_SetNoizeFilter                   0x00005287   Thumb Code    30  mfs.o(.text)
    Mfs_I2c_SetSdaOutLevel                   0x000052a5   Thumb Code    46  mfs.o(.text)
    Mfs_I2c_SetSclOutLevel                   0x000052d3   Thumb Code    46  mfs.o(.text)
    Mfs_I2c_SetSerlalOutEnable               0x00005301   Thumb Code    60  mfs.o(.text)
    Mfs_I2c_SetBusErrorControlEnable         0x0000533d   Thumb Code    46  mfs.o(.text)
    Mfs_I2c_SetI2cEnable                     0x0000536b   Thumb Code    78  mfs.o(.text)
    Mfs_I2c_SetSlvAddrEnable                 0x000053b9   Thumb Code    78  mfs.o(.text)
    Mfs_Lin_SetBaudRate                      0x00005407   Thumb Code    16  mfs.o(.text)
    Mfs_Lin_Init                             0x00005417   Thumb Code   464  mfs.o(.text)
    Mfs_Lin_DeInit                           0x000055e7   Thumb Code    16  mfs.o(.text)
    Mfs_Lin_SetBreak                         0x000055f7   Thumb Code    32  mfs.o(.text)
    Mfs_Lin_ClearBreakDetFlag                0x00005617   Thumb Code    30  mfs.o(.text)
    Mfs_Lin_SetBreakDetIntEnable             0x00005635   Thumb Code    46  mfs.o(.text)
    Mfs_Lin_SetBreakConfig                   0x00005663   Thumb Code   190  mfs.o(.text)
    Mfs_SetSerialOutputEnable                0x00005721   Thumb Code    46  mfs.o(.text)
    Mfs_SetWakeUpControlEnable               0x0000574f   Thumb Code    46  mfs.o(.text)
    Mfs_SoftwareReset                        0x0000577d   Thumb Code    32  mfs.o(.text)
    Mfs_SetRxIntEnable                       0x0000579d   Thumb Code    46  mfs.o(.text)
    Mfs_SetTxIntEnable                       0x000057cb   Thumb Code    46  mfs.o(.text)
    Mfs_SetTxBusIdleIntEnable                0x000057f9   Thumb Code    46  mfs.o(.text)
    Mfs_SetTxFifoIntEnable                   0x00005827   Thumb Code    46  mfs.o(.text)
    Mfs_SetRxEnable                          0x00005855   Thumb Code    46  mfs.o(.text)
    Mfs_SetTxEnable                          0x00005883   Thumb Code    46  mfs.o(.text)
    Mfs_GetStatus                            0x000058b1   Thumb Code    28  mfs.o(.text)
    Mfs_ErrorClear                           0x000058cd   Thumb Code    32  mfs.o(.text)
    Mfs_ReadData                             0x000058ed   Thumb Code    22  mfs.o(.text)
    Mfs_WriteData                            0x00005903   Thumb Code    26  mfs.o(.text)
    Mfs_ConfigFifo                           0x0000591d   Thumb Code    74  mfs.o(.text)
    Mfs_GetTxFifoReqStatus                   0x00005967   Thumb Code    28  mfs.o(.text)
    Mfs_ClrTxFifoReqStatus                   0x00005983   Thumb Code    30  mfs.o(.text)
    Mfs_ResetFifo                            0x000059a1   Thumb Code    62  mfs.o(.text)
    Mfs_SetFifoEnable                        0x000059df   Thumb Code    92  mfs.o(.text)
    Mfs_GetFifoBytes                         0x00005a3b   Thumb Code    44  mfs.o(.text)
    Mfs_SetSMR                               0x00005a67   Thumb Code    26  mfs.o(.text)
    Mfs_GetSMR                               0x00005a81   Thumb Code    22  mfs.o(.text)
    Mfs_SetSCR                               0x00005a97   Thumb Code    26  mfs.o(.text)
    Mfs_GetSCR                               0x00005ab1   Thumb Code    22  mfs.o(.text)
    Mfs_SetESCR                              0x00005ac7   Thumb Code    26  mfs.o(.text)
    Mfs_GetESCR                              0x00005ae1   Thumb Code    22  mfs.o(.text)
    Mfs_SetBGR                               0x00005af7   Thumb Code    26  mfs.o(.text)
    Mfs_GetBGR                               0x00005b11   Thumb Code    22  mfs.o(.text)
    Mfs_SetFCR1                              0x00005b27   Thumb Code    26  mfs.o(.text)
    Mfs_GetFCR1                              0x00005b41   Thumb Code    22  mfs.o(.text)
    Mfs_SetFCR0                              0x00005b57   Thumb Code    26  mfs.o(.text)
    Mfs_GetFCR0                              0x00005b71   Thumb Code    22  mfs.o(.text)
    Mfs_SetSCSTR10                           0x00005b87   Thumb Code    26  mfs.o(.text)
    Mfs_GetSCSTR10                           0x00005ba1   Thumb Code    22  mfs.o(.text)
    Mfs_SetSCSTR32                           0x00005bb7   Thumb Code    26  mfs.o(.text)
    Mfs_GetSCSTR32                           0x00005bd1   Thumb Code    22  mfs.o(.text)
    Mfs_SetSACSR                             0x00005be7   Thumb Code    26  mfs.o(.text)
    Mfs_GetSACSR                             0x00005c01   Thumb Code    22  mfs.o(.text)
    Mfs_GetSTMCR                             0x00005c17   Thumb Code    22  mfs.o(.text)
    Mfs_SetSCSCR                             0x00005c2d   Thumb Code    26  mfs.o(.text)
    Mfs_GetSCSCR                             0x00005c47   Thumb Code    22  mfs.o(.text)
    Mfs_SetTBYTE0                            0x00005c5d   Thumb Code    28  mfs.o(.text)
    Mfs_GetTBYTE0                            0x00005c79   Thumb Code    24  mfs.o(.text)
    Mfs_SetISBA                              0x00005c91   Thumb Code    26  mfs.o(.text)
    Mfs_GetISBA                              0x00005cab   Thumb Code    22  mfs.o(.text)
    Mfs_SetISMK                              0x00005cc1   Thumb Code    26  mfs.o(.text)
    Mfs_GetISMK                              0x00005cdb   Thumb Code    22  mfs.o(.text)
    Mfs_GetNFCR                              0x00005cf1   Thumb Code    22  mfs.o(.text)
    Mfs_SetEIBCR                             0x00005d07   Thumb Code    30  mfs.o(.text)
    Mfs_GetEIBCR                             0x00005d25   Thumb Code    22  mfs.o(.text)
    Mfs_SetTxIntCallBack                     0x00005d3b   Thumb Code    32  mfs.o(.text)
    Mfs_SetRxIntCallBack                     0x00005d5b   Thumb Code    32  mfs.o(.text)
    Mfs_SetStsIntCallBack                    0x00005d7b   Thumb Code    32  mfs.o(.text)
    Mfs_SetUpperLayerHandle                  0x00005d9b   Thumb Code    32  mfs.o(.text)
    sys_ticks_init                           0x00005dfd   Thumb Code    90  variant.o(.text)
    millis                                   0x00005e65   Thumb Code     8  delay.o(.text)
    delay                                    0x00005e6d   Thumb Code    30  delay.o(.text)
    TimeTick_Increment                       0x00005e8d   Thumb Code    12  timetick.o(.text)
    TimeTick_Configure                       0x00005e99   Thumb Code    88  timetick.o(.text)
    GetTickCount                             0x00005ef1   Thumb Code     6  timetick.o(.text)
    Wait                                     0x00005ef7   Thumb Code    22  timetick.o(.text)
    Sleep                                    0x00005f0d   Thumb Code    28  timetick.o(.text)
    Intr_isr                                 0x00005f35   Thumb Code    26  rsi_hal_mcu_interrupt.o(.text)
    rsi_irq_start                            0x00005f4f   Thumb Code    72  rsi_hal_mcu_interrupt.o(.text)
    rsi_irq_disable                          0x00005f97   Thumb Code    10  rsi_hal_mcu_interrupt.o(.text)
    rsi_irq_enable                           0x00005fa1   Thumb Code    10  rsi_hal_mcu_interrupt.o(.text)
    rsi_irq_clear_pending                    0x00005fab   Thumb Code    14  rsi_hal_mcu_interrupt.o(.text)
    rsi_irq_status                           0x00005fb9   Thumb Code     8  rsi_hal_mcu_interrupt.o(.text)
    rsi_module_reset                         0x00005fd9   Thumb Code     2  rsi_hal_mcu_ioports.o(.text)
    rsi_module_power                         0x00005fdb   Thumb Code     2  rsi_hal_mcu_ioports.o(.text)
    rsi_module_power_cycle                   0x00005fdd   Thumb Code    28  rsi_hal_mcu_ioports.o(.text)
    config_gpio_output                       0x00005ff9   Thumb Code     2  rsi_hal_mcu_ioports.o(.text)
    config_gpio_input                        0x00005ffb   Thumb Code     2  rsi_hal_mcu_ioports.o(.text)
    get_gpio_value                           0x00005ffd   Thumb Code     4  rsi_hal_mcu_ioports.o(.text)
    wifi_reset_routine                       0x00006025   Thumb Code    74  spi.o(.text)
    WyzBee_spi_init                          0x0000606f   Thumb Code   242  spi.o(.text)
    wifi_module_init                         0x00006161   Thumb Code     8  spi.o(.text)
    rsi_spi_send                             0x00006169   Thumb Code   160  spi.o(.text)
    rsi_spi_recv                             0x00006209   Thumb Code   116  spi.o(.text)
    power_on                                 0x0000627d   Thumb Code    64  spi.o(.text)
    rsi_pkt_rd                               0x000062d9   Thumb Code   136  rsi_spi_frame_rd_wr.o(.text)
    rsi_pre_dsc_rd                           0x00006361   Thumb Code    78  rsi_spi_frame_rd_wr.o(.text)
    rsi_frame_read                           0x000063af   Thumb Code    52  rsi_spi_frame_rd_wr.o(.text)
    rsi_spi_frame_data_wr                    0x000063e3   Thumb Code   106  rsi_spi_frame_rd_wr.o(.text)
    rsi_spi_frame_dsc_wr                     0x0000644d   Thumb Code    66  rsi_spi_frame_rd_wr.o(.text)
    rsi_frame_write                          0x0000648f   Thumb Code    60  rsi_spi_frame_rd_wr.o(.text)
    rsi_send_c1c2                            0x000064d1   Thumb Code   108  rsi_spi_functs.o(.text)
    rsi_send_c3c4                            0x0000653d   Thumb Code    32  rsi_spi_functs.o(.text)
    rsi_spi_wait_start_token                 0x0000655d   Thumb Code    72  rsi_spi_functs.o(.text)
    rsi_set_intr_mask                        0x000065a5   Thumb Code    46  rsi_spi_functs.o(.text)
    rsi_clear_interrupt                      0x000065d3   Thumb Code    34  rsi_spi_functs.o(.text)
    rsi_device_interrupt_status              0x000065f5   Thumb Code    62  rsi_spi_functs.o(.text)
    rsi_spi_iface_init                       0x00006645   Thumb Code    88  rsi_spi_iface_init.o(.text)
    rsi_mem_wr                               0x000066a1   Thumb Code    88  rsi_spi_mem_rd_wr.o(.text)
    rsi_mem_rd                               0x000066f9   Thumb Code   118  rsi_spi_mem_rd_wr.o(.text)
    rsi_reg_rd                               0x00006775   Thumb Code    66  rsi_spi_reg_rd_wr.o(.text)
    rsi_reg_wr                               0x000067b7   Thumb Code    58  rsi_spi_reg_rd_wr.o(.text)
    BT_ToChar                                0x000067f5   Thumb Code    34  wyzbee_bt.o(.text)
    BT_ToHex                                 0x00006817   Thumb Code    54  wyzbee_bt.o(.text)
    BT_StrToBDAddr                           0x0000684d   Thumb Code   124  wyzbee_bt.o(.text)
    BT_BDAddrToStr                           0x000068c9   Thumb Code    64  wyzbee_bt.o(.text)
    RSI_BT_GetRespPayload                    0x00006909   Thumb Code    78  wyzbee_bt.o(.text)
    WyzBee_SelectMode                        0x00006957   Thumb Code    52  wyzbee_bt.o(.text)
    WyzBee_BT_init                           0x0000698b   Thumb Code   180  wyzbee_bt.o(.text)
    WyzBee_SetLocalName                      0x00006a3f   Thumb Code   112  wyzbee_bt.o(.text)
    WyzBee_GetLocalName                      0x00006aaf   Thumb Code    80  wyzbee_bt.o(.text)
    WyzBee_SetLocalCOD                       0x00006aff   Thumb Code    70  wyzbee_bt.o(.text)
    WyzBee_GetLocalCOD                       0x00006b45   Thumb Code    74  wyzbee_bt.o(.text)
    WyzBee_GetRSSI                           0x00006b8f   Thumb Code    88  wyzbee_bt.o(.text)
    WyzBee_GetLinkQuality                    0x00006be7   Thumb Code    88  wyzbee_bt.o(.text)
    WyzBee_GetLocalBDAddress                 0x00006c3f   Thumb Code    78  wyzbee_bt.o(.text)
    WyzBee_InitSppProfile                    0x00006c8d   Thumb Code    62  wyzbee_bt.o(.text)
    WyzBee_SetDiscoverMode                   0x00006ccb   Thumb Code    88  wyzbee_bt.o(.text)
    WyzBee_GetDiscoverMode                   0x00006d23   Thumb Code    74  wyzbee_bt.o(.text)
    WyzBee_SetConnMode                       0x00006d6d   Thumb Code    72  wyzbee_bt.o(.text)
    WyzBee_GetConnMode                       0x00006db5   Thumb Code    64  wyzbee_bt.o(.text)
    WyzBee_SetPairMode                       0x00006df5   Thumb Code    62  wyzbee_bt.o(.text)
    WyzBee_GetPairMode                       0x00006e33   Thumb Code    64  wyzbee_bt.o(.text)
    WyzBee_RemoteNameReq                     0x00006e73   Thumb Code    76  wyzbee_bt.o(.text)
    WyzBee_RemoteNameReqCancel               0x00006ebf   Thumb Code    76  wyzbee_bt.o(.text)
    WyzBee_Inquiry                           0x00006f0b   Thumb Code    84  wyzbee_bt.o(.text)
    WyzBee_InquiryCancel                     0x00006f5f   Thumb Code    56  wyzbee_bt.o(.text)
    WyzBee_Bond                              0x00006f97   Thumb Code    68  wyzbee_bt.o(.text)
    WyzBee_BondCancel                        0x00006fdb   Thumb Code    68  wyzbee_bt.o(.text)
    WyzBee_UnBond                            0x0000701f   Thumb Code    68  wyzbee_bt.o(.text)
    WyzBee_SetPinType                        0x00007063   Thumb Code    72  wyzbee_bt.o(.text)
    WyzBee_GetPinType                        0x000070ab   Thumb Code    78  wyzbee_bt.o(.text)
    WyzBee_PinCodeReply                      0x000070f9   Thumb Code   100  wyzbee_bt.o(.text)
    WyzBee_GetDeviceRole                     0x0000715d   Thumb Code    86  wyzbee_bt.o(.text)
    WyzBee_SetDeviceRole                     0x000071b3   Thumb Code    78  wyzbee_bt.o(.text)
    WyzBee_GetRemoteDeviceServices           0x00007201   Thumb Code   144  wyzbee_bt.o(.text)
    WyzBee_SearchForServicce                 0x00007291   Thumb Code    84  wyzbee_bt.o(.text)
    WyzBee_SPPConnet                         0x000072e5   Thumb Code    76  wyzbee_bt.o(.text)
    WyzBee_SPPDisconnet                      0x00007331   Thumb Code    76  wyzbee_bt.o(.text)
    WyzBee_SPPTransfer                       0x0000737d   Thumb Code    98  wyzbee_bt.o(.text)
    WyzBee_SPPReceive                        0x000073df   Thumb Code   136  wyzbee_bt.o(.text)
    WyzBee_LinkKeyReply                      0x00007467   Thumb Code   108  wyzbee_bt.o(.text)
    AddScanresults                           0x000074d3   Thumb Code   124  wyzbee_bt.o(.text)
    WyzBee_GetInquiryResults                 0x0000754f   Thumb Code   112  wyzbee_bt.o(.text)
    WaitForSPPConnComplete                   0x000075bf   Thumb Code   140  wyzbee_bt.o(.text)
    malloc                                   0x00007651   Thumb Code    94  h1_alloc.o(.text)
    srand                                    0x000076b1   Thumb Code    42  rand.o(.text)
    _rand_init                               0x000076db   Thumb Code     4  rand.o(.text)
    memcmp                                   0x000076ed   Thumb Code    88  memcmp.o(.text)
    strlen                                   0x00007745   Thumb Code    62  strlen.o(.text)
    __aeabi_memcpy                           0x00007783   Thumb Code     0  rt_memcpy_v6.o(.text)
    __rt_memcpy                              0x00007783   Thumb Code   138  rt_memcpy_v6.o(.text)
    _memcpy_lastbytes                        0x000077e9   Thumb Code     0  rt_memcpy_v6.o(.text)
    __aeabi_memclr                           0x0000780d   Thumb Code     0  rt_memclr.o(.text)
    __rt_memclr                              0x0000780d   Thumb Code    68  rt_memclr.o(.text)
    _memset                                  0x00007811   Thumb Code     0  rt_memclr.o(.text)
    __aeabi_memclr4                          0x00007851   Thumb Code     0  rt_memclr_w.o(.text)
    __aeabi_memclr8                          0x00007851   Thumb Code     0  rt_memclr_w.o(.text)
    __rt_memclr_w                            0x00007851   Thumb Code    78  rt_memclr_w.o(.text)
    _memset_w                                0x00007855   Thumb Code     0  rt_memclr_w.o(.text)
    __use_two_region_memory                  0x0000789f   Thumb Code     2  heapauxi.o(.text)
    __rt_heap_escrow                         0x000078a1   Thumb Code     2  heapauxi.o(.text)
    __rt_heap_expand                         0x000078a3   Thumb Code     2  heapauxi.o(.text)
    __cpp_initialize__aeabi_                 0x000078a5   Thumb Code    26  init_aeabi.o(.text)
    __rt_heap_descriptor                     0x000078c9   Thumb Code     8  rt_heap_descriptor_intlibspace.o(.text)
    __use_no_heap                            0x000078d1   Thumb Code     2  hguard.o(.text)
    __heap$guard                             0x000078d3   Thumb Code     2  hguard.o(.text)
    _terminate_user_alloc                    0x000078d5   Thumb Code     2  init_alloc.o(.text)
    _init_user_alloc                         0x000078d7   Thumb Code     2  init_alloc.o(.text)
    __Heap_Full                              0x000078d9   Thumb Code    34  init_alloc.o(.text)
    __Heap_Broken                            0x000078fb   Thumb Code     6  init_alloc.o(.text)
    _init_alloc                              0x00007901   Thumb Code    94  init_alloc.o(.text)
    __Heap_Initialize                        0x0000795f   Thumb Code    10  h1_init.o(.text)
    __Heap_DescSize                          0x00007969   Thumb Code     4  h1_init.o(.text)
    free                                     0x0000796d   Thumb Code    78  h1_free.o(.text)
    __rt_SIGPVFN                             0x000079bb   Thumb Code    14  defsig_pvfn_outer.o(.text)
    __aeabi_memcpy4                          0x000079c9   Thumb Code     0  rt_memcpy_w.o(.text)
    __aeabi_memcpy8                          0x000079c9   Thumb Code     0  rt_memcpy_w.o(.text)
    __rt_memcpy_w                            0x000079c9   Thumb Code   100  rt_memcpy_w.o(.text)
    _memcpy_lastbytes_aligned                0x00007a11   Thumb Code     0  rt_memcpy_w.o(.text)
    __user_libspace                          0x00007a2d   Thumb Code     8  libspace.o(.text)
    __user_perproc_libspace                  0x00007a2d   Thumb Code     0  libspace.o(.text)
    __user_perthread_libspace                0x00007a2d   Thumb Code     0  libspace.o(.text)
    __Heap_ProvideMemory                     0x00007a35   Thumb Code    52  h1_extend.o(.text)
    __sig_exit                               0x00007a69   Thumb Code    10  defsig_exit.o(.text)
    __rt_SIGRTMEM                            0x00007a73   Thumb Code    14  defsig_rtmem_outer.o(.text)
    __rt_SIGPVFN_inner                       0x00007a81   Thumb Code    14  defsig_pvfn_inner.o(.text)
    _sys_exit                                0x00007ab1   Thumb Code     8  sys_exit.o(.text)
    __I$use$semihosting                      0x00007abd   Thumb Code     0  use_no_semi.o(.text)
    __use_no_semihosting_swi                 0x00007abd   Thumb Code     2  use_no_semi.o(.text)
    __semihosting_library_function           0x00007abf   Thumb Code     0  indicate_semi.o(.text)
    __user_setup_stackheap                   0x00007abf   Thumb Code    74  sys_stackheap_outer.o(.text)
    exit                                     0x00007b09   Thumb Code    12  exit.o(.text)
    __default_signal_display                 0x00007b15   Thumb Code    50  defsig_general.o(.text)
    __rt_SIGRTMEM_inner                      0x00007b49   Thumb Code    22  defsig_rtmem_inner.o(.text)
    _ttywrch                                 0x00007b99   Thumb Code    14  sys_wrch.o(.text)
    Adafruit_SSD1351::spiwrite(unsigned char) 0x00007ba7   Thumb Code    20  adafruit_ssd1351.o(i._ZN16Adafruit_SSD13518spiwriteEh)
    __cxa_pure_virtual                       0x00007bbb   Thumb Code     6  pure_virt.o(i.__cxa_pure_virtual)
    __aeabi_dadd                             0x00007bc1   Thumb Code     0  daddsub_clz.o(x$fpl$dadd)
    _dadd                                    0x00007bc1   Thumb Code   332  daddsub_clz.o(x$fpl$dadd)
    __aeabi_ddiv                             0x00007d11   Thumb Code     0  ddiv.o(x$fpl$ddiv)
    _ddiv                                    0x00007d11   Thumb Code   552  ddiv.o(x$fpl$ddiv)
    __aeabi_d2iz                             0x00007fc1   Thumb Code     0  dfix.o(x$fpl$dfix)
    _dfix                                    0x00007fc1   Thumb Code    94  dfix.o(x$fpl$dfix)
    __aeabi_i2d                              0x0000801f   Thumb Code     0  dflt_clz.o(x$fpl$dflt)
    _dflt                                    0x0000801f   Thumb Code    46  dflt_clz.o(x$fpl$dflt)
    __aeabi_dmul                             0x0000804d   Thumb Code     0  dmul.o(x$fpl$dmul)
    _dmul                                    0x0000804d   Thumb Code   332  dmul.o(x$fpl$dmul)
    __fpl_dnaninf                            0x000081a1   Thumb Code   156  dnaninf.o(x$fpl$dnaninf)
    __fpl_dretinf                            0x0000823d   Thumb Code    12  dretinf.o(x$fpl$dretinf)
    __aeabi_dsub                             0x00008249   Thumb Code     0  daddsub_clz.o(x$fpl$dsub)
    _dsub                                    0x00008249   Thumb Code   464  daddsub_clz.o(x$fpl$dsub)
    _fp_init                                 0x0000841d   Thumb Code    10  fpinit.o(x$fpl$fpinit)
    __fplib_config_fpu_vfp                   0x00008425   Thumb Code     0  fpinit.o(x$fpl$fpinit)
    __fplib_config_pureend_doubles           0x00008425   Thumb Code     0  fpinit.o(x$fpl$fpinit)
    __I$use$fp                               0x00008426   Number         0  usenofp.o(x$fpl$usenofp)
    rsi_frameCmdSetLocalName                 0x00008426   Data           4  rsi_bt_api.o(.constdata)
    rsi_frameCmdQryLocalName                 0x0000842a   Data           4  rsi_bt_api.o(.constdata)
    rsi_frameCmdSetLocalCOD                  0x0000842e   Data           4  rsi_bt_api.o(.constdata)
    rsi_frameCmdQryLocalCOD                  0x00008432   Data           4  rsi_bt_api.o(.constdata)
    rsi_frameCmdQryRSSI                      0x00008436   Data           4  rsi_bt_api.o(.constdata)
    rsi_frameCmdQryLinkQuality               0x0000843a   Data           4  rsi_bt_api.o(.constdata)
    rsi_frameCmdQryLocalBDAddr               0x0000843e   Data           4  rsi_bt_api.o(.constdata)
    rsi_frameCmdSetProfMode                  0x00008442   Data           4  rsi_bt_api.o(.constdata)
    rsi_frameCmdSetDiscvMode                 0x00008446   Data           4  rsi_bt_api.o(.constdata)
    rsi_frameCmdQryDiscvMode                 0x0000844a   Data           4  rsi_bt_api.o(.constdata)
    rsi_frameCmdSetConnMode                  0x0000844e   Data           4  rsi_bt_api.o(.constdata)
    rsi_frameCmdQryConnMode                  0x00008452   Data           4  rsi_bt_api.o(.constdata)
    rsi_frameCmdSetPairMode                  0x00008456   Data           4  rsi_bt_api.o(.constdata)
    rsi_frameCmdQryPairMode                  0x0000845a   Data           4  rsi_bt_api.o(.constdata)
    rsi_frameCmdRemNameReq                   0x0000845e   Data           4  rsi_bt_api.o(.constdata)
    rsi_frameCmdRemNameReqCancel             0x00008462   Data           4  rsi_bt_api.o(.constdata)
    rsi_frameCmdInq                          0x00008466   Data           4  rsi_bt_api.o(.constdata)
    rsi_frameCmdInqCancel                    0x0000846a   Data           4  rsi_bt_api.o(.constdata)
    rsi_frameCmdBond                         0x0000846e   Data           4  rsi_bt_api.o(.constdata)
    rsi_frameCmdBondCancel                   0x00008472   Data           4  rsi_bt_api.o(.constdata)
    rsi_frameCmdUnbond                       0x00008476   Data           4  rsi_bt_api.o(.constdata)
    rsi_frameCmdSetPinType                   0x0000847a   Data           4  rsi_bt_api.o(.constdata)
    rsi_frameCmdQryPinType                   0x0000847e   Data           4  rsi_bt_api.o(.constdata)
    rsi_frameCmdUserConf                     0x00008482   Data           4  rsi_bt_api.o(.constdata)
    rsi_frameCmdPasskeyReply                 0x00008486   Data           4  rsi_bt_api.o(.constdata)
    rsi_frameCmdPincodeReply                 0x0000848a   Data           4  rsi_bt_api.o(.constdata)
    rsi_frameCmdQryRole                      0x0000848e   Data           4  rsi_bt_api.o(.constdata)
    rsi_frameCmdSetRole                      0x00008492   Data           4  rsi_bt_api.o(.constdata)
    rsi_frameCmdQryServ                      0x00008496   Data           4  rsi_bt_api.o(.constdata)
    rsi_frameCmdSearchServ                   0x0000849a   Data           4  rsi_bt_api.o(.constdata)
    rsi_frameCmdSPPConn                      0x0000849e   Data           4  rsi_bt_api.o(.constdata)
    rsi_frameCmdSPPDisConn                   0x000084a2   Data           4  rsi_bt_api.o(.constdata)
    rsi_frameCmdSPPTransfer                  0x000084a6   Data           4  rsi_bt_api.o(.constdata)
    rsi_frameCmdBTInit                       0x000084aa   Data           4  rsi_bt_api.o(.constdata)
    rsi_frameCmdBTDeinit                     0x000084ae   Data           4  rsi_bt_api.o(.constdata)
    rsi_frameCmdBTAntennaSelect              0x000084b2   Data           4  rsi_bt_api.o(.constdata)
    rsi_frameCmdBTConfigEnable               0x000084b6   Data           4  rsi_bt_api.o(.constdata)
    rsi_frameCmdLinkKeyReply                 0x000084ba   Data           4  rsi_bt_api.o(.constdata)
    cau8ExintReferenceLut                    0x000089bc   Data           3  exint.o(.constdata)
    vtable for Adafruit_GFX                  0x000089cc   Data          44  adafruit_gfx.o(.constdata__ZTV12Adafruit_GFX)
    vtable for Adafruit_SSD1351              0x000089f8   Data         108  adafruit_ssd1351.o(.constdata__ZTV16Adafruit_SSD1351)
    VTT for Adafruit_SSD1351                 0x00008a64   Data           8  adafruit_ssd1351.o(.constdata__ZTV16Adafruit_SSD1351)
    Region$$Table$$Base                      0x00008a6c   Number         0  anon$$obj.o(Region$$Table)
    Region$$Table$$Limit                     0x00008a8c   Number         0  anon$$obj.o(Region$$Table)
    SHT$$INIT_ARRAY$$Base                    0x00008a8c   Number         0  main.o(.init_array)
    SHT$$INIT_ARRAY$$Limit                   0x00008a94   Number         0  init_aeabi.o(.init_array)
    SystemCoreClock                          0x20038000   Data           4  system_mb9abxxx.o(.data)
    config_stc                               0x20038008   Data          20  main.o(.data)
    dt_config                                0x2003801c   Data           3  infrared.o(.data)
    state                                    0x2003801f   Data           1  infrared.o(.data)
    is_first                                 0x20038020   Data           1  infrared.o(.data)
    prev_t                                   0x20038024   Data           4  infrared.o(.data)
    delta_mark                               0x20038028   Data           4  infrared.o(.data)
    delta_space                              0x2003802c   Data           4  infrared.o(.data)
    data_count                               0x20038030   Data           1  infrared.o(.data)
    stream                                   0x20038034   Data           4  infrared.o(.data)
    key                                      0x20038038   Data           3  infrared.o(.data)
    buffer                                   0x2003803c   Data           4  infrared.o(.data)
    screen                                   0x20038040   Data           4  game.o(.data)
    input                                    0x20038044   Data           4  game.o(.data)
    x_pos                                    0x20038048   Data           2  game.o(.data)
    y_pos                                    0x2003804a   Data           2  game.o(.data)
    x_vel                                    0x2003804c   Data           2  game.o(.data)
    y_vel                                    0x2003804e   Data           2  game.o(.data)
    irrecv                                   0x20038050   Data           1  text_print.o(.data)
    lastTick                                 0x20038054   Data           4  text_print.o(.data)
    time                                     0x20038058   Data           4  text_print.o(.data)
    lastChar                                 0x2003805c   Data           1  text_print.o(.data)
    nextChar                                 0x2003805d   Data           1  text_print.o(.data)
    one                                      0x2003805e   Data           4  text_print.o(.data)
    two                                      0x20038062   Data           7  text_print.o(.data)
    three                                    0x20038069   Data           7  text_print.o(.data)
    four                                     0x20038070   Data           7  text_print.o(.data)
    five                                     0x20038077   Data           7  text_print.o(.data)
    six                                      0x2003807e   Data           7  text_print.o(.data)
    seven                                    0x20038085   Data           9  text_print.o(.data)
    eight                                    0x2003808e   Data           7  text_print.o(.data)
    nine                                     0x20038095   Data           9  text_print.o(.data)
    zero                                     0x2003809e   Data           2  text_print.o(.data)
    stcExintInternData                       0x200380a4   Data           8  exint.o(.data)
    stcExintNMIInternData                    0x200380ac   Data           4  exint.o(.data)
    m_astcMfsInstanceDataLut                 0x200380bc   Data         120  mfs.o(.data)
    irq_count                                0x20038138   Data           4  rsi_hal_mcu_interrupt.o(.data)
    rsi_spiTimer1                            0x2003813c   Data           4  rsi_spi_iface_init.o(.data)
    rsi_spiTimer2                            0x20038140   Data           4  rsi_spi_iface_init.o(.data)
    rsi_spiTimer3                            0x20038144   Data           4  rsi_spi_iface_init.o(.data)
    tft                                      0x20038148   Data          56  main.o(.bss)
    rsi                                      0x20038180   Data         248  main.o(.bss)
    exint_config                             0x20038278   Data         192  infrared.o(.bss)
    world                                    0x20038338   Data         256  game.o(.bss)
    rsi_bt_AppControlBlock                   0x20038438   Data        1324  bt_main.o(.bss)
    rsi_bt_ScannedDevices                    0x20038964   Data         280  bt_main.o(.bss)
    irparams                                 0x20038a7c   Data         412  irremote.o(.bss)
    results                                  0x20038c18   Data          24  text_print.o(.bss)
    _random_number_data                      0x20038c30   Data         228  rand.o(.bss)
    __libspace_start                         0x20038d14   Data          96  libspace.o(.bss)
    __temporary_stack_top$libspace           0x20038d74   Data           0  libspace.o(.bss)



==============================================================================

Memory Map of the image

  Image Entry point : 0x00000241

  Load Region LR_IROM1 (Base: 0x00000000, Size: 0x00008bdc, Max: 0x00100000, ABSOLUTE, COMPRESSED[0x00008b08])

    Execution Region ER_IROM1 (Base: 0x00000000, Size: 0x00008a94, Max: 0x00100000, ABSOLUTE)

    Base Addr    Size         Type   Attr      Idx    E Section Name        Object

    0x00000000   0x00000240   Data   RO            3    RESET               startup_mb9bf56x.o
    0x00000240   0x00000008   Code   RO         1411  * !!!main             c_w.l(__main.o)
    0x00000248   0x00000034   Code   RO         1839    !!!scatter          c_w.l(__scatter.o)
    0x0000027c   0x0000005a   Code   RO         1837    !!dczerorl2         c_w.l(__dczerorl2.o)
    0x000002d6   0x00000002   PAD
    0x000002d8   0x0000001c   Code   RO         1841    !!handler_zi        c_w.l(__scatter_zi.o)
    0x000002f4   0x00000002   Code   RO         1776    .ARM.Collect$$libinit$$00000000  c_w.l(libinit.o)
    0x000002f6   0x00000004   Code   RO         1606    .ARM.Collect$$libinit$$00000001  c_w.l(libinit2.o)
    0x000002fa   0x00000000   Code   RO         1609    .ARM.Collect$$libinit$$00000004  c_w.l(libinit2.o)
    0x000002fa   0x00000008   Code   RO         1610    .ARM.Collect$$libinit$$00000005  c_w.l(libinit2.o)
    0x00000302   0x00000000   Code   RO         1612    .ARM.Collect$$libinit$$0000000A  c_w.l(libinit2.o)
    0x00000302   0x00000000   Code   RO         1614    .ARM.Collect$$libinit$$0000000C  c_w.l(libinit2.o)
    0x00000302   0x00000004   Code   RO         1615    .ARM.Collect$$libinit$$0000000D  c_w.l(libinit2.o)
    0x00000306   0x00000000   Code   RO         1616    .ARM.Collect$$libinit$$0000000E  c_w.l(libinit2.o)
    0x00000306   0x00000000   Code   RO         1619    .ARM.Collect$$libinit$$00000011  c_w.l(libinit2.o)
    0x00000306   0x00000000   Code   RO         1621    .ARM.Collect$$libinit$$00000013  c_w.l(libinit2.o)
    0x00000306   0x00000000   Code   RO         1623    .ARM.Collect$$libinit$$00000015  c_w.l(libinit2.o)
    0x00000306   0x00000000   Code   RO         1625    .ARM.Collect$$libinit$$00000017  c_w.l(libinit2.o)
    0x00000306   0x00000000   Code   RO         1627    .ARM.Collect$$libinit$$00000019  c_w.l(libinit2.o)
    0x00000306   0x00000000   Code   RO         1629    .ARM.Collect$$libinit$$0000001B  c_w.l(libinit2.o)
    0x00000306   0x00000000   Code   RO         1631    .ARM.Collect$$libinit$$0000001D  c_w.l(libinit2.o)
    0x00000306   0x00000000   Code   RO         1633    .ARM.Collect$$libinit$$0000001F  c_w.l(libinit2.o)
    0x00000306   0x00000000   Code   RO         1635    .ARM.Collect$$libinit$$00000021  c_w.l(libinit2.o)
    0x00000306   0x00000000   Code   RO         1637    .ARM.Collect$$libinit$$00000023  c_w.l(libinit2.o)
    0x00000306   0x00000000   Code   RO         1639    .ARM.Collect$$libinit$$00000025  c_w.l(libinit2.o)
    0x00000306   0x00000000   Code   RO         1643    .ARM.Collect$$libinit$$0000002C  c_w.l(libinit2.o)
    0x00000306   0x00000000   Code   RO         1645    .ARM.Collect$$libinit$$0000002E  c_w.l(libinit2.o)
    0x00000306   0x00000000   Code   RO         1647    .ARM.Collect$$libinit$$00000030  c_w.l(libinit2.o)
    0x00000306   0x00000004   Code   RO         1648    .ARM.Collect$$libinit$$00000031  c_w.l(libinit2.o)
    0x0000030a   0x00000000   Code   RO         1649    .ARM.Collect$$libinit$$00000032  c_w.l(libinit2.o)
    0x0000030a   0x00000002   Code   RO         1650    .ARM.Collect$$libinit$$00000033  c_w.l(libinit2.o)
    0x0000030c   0x00000002   Code   RO         1834    .ARM.Collect$$libshutdown$$00000000  c_w.l(libshutdown.o)
    0x0000030e   0x00000000   Code   RO         1798    .ARM.Collect$$libshutdown$$00000003  c_w.l(libshutdown2.o)
    0x0000030e   0x00000000   Code   RO         1801    .ARM.Collect$$libshutdown$$00000006  c_w.l(libshutdown2.o)
    0x0000030e   0x00000000   Code   RO         1804    .ARM.Collect$$libshutdown$$00000009  c_w.l(libshutdown2.o)
    0x0000030e   0x00000000   Code   RO         1806    .ARM.Collect$$libshutdown$$0000000B  c_w.l(libshutdown2.o)
    0x0000030e   0x00000000   Code   RO         1809    .ARM.Collect$$libshutdown$$0000000E  c_w.l(libshutdown2.o)
    0x0000030e   0x00000002   Code   RO         1810    .ARM.Collect$$libshutdown$$0000000F  c_w.l(libshutdown2.o)
    0x00000310   0x00000000   Code   RO         1552    .ARM.Collect$$rtentry$$00000000  c_w.l(__rtentry.o)
    0x00000310   0x00000000   Code   RO         1675    .ARM.Collect$$rtentry$$00000002  c_w.l(__rtentry2.o)
    0x00000310   0x00000006   Code   RO         1687    .ARM.Collect$$rtentry$$00000004  c_w.l(__rtentry4.o)
    0x00000316   0x00000000   Code   RO         1677    .ARM.Collect$$rtentry$$00000009  c_w.l(__rtentry2.o)
    0x00000316   0x00000004   Code   RO         1678    .ARM.Collect$$rtentry$$0000000A  c_w.l(__rtentry2.o)
    0x0000031a   0x00000000   Code   RO         1680    .ARM.Collect$$rtentry$$0000000C  c_w.l(__rtentry2.o)
    0x0000031a   0x00000008   Code   RO         1681    .ARM.Collect$$rtentry$$0000000D  c_w.l(__rtentry2.o)
    0x00000322   0x00000002   Code   RO         1782    .ARM.Collect$$rtexit$$00000000  c_w.l(rtexit.o)
    0x00000324   0x00000000   Code   RO         1812    .ARM.Collect$$rtexit$$00000002  c_w.l(rtexit2.o)
    0x00000324   0x00000004   Code   RO         1813    .ARM.Collect$$rtexit$$00000003  c_w.l(rtexit2.o)
    0x00000328   0x00000006   Code   RO         1814    .ARM.Collect$$rtexit$$00000004  c_w.l(rtexit2.o)
    0x0000032e   0x00000002   PAD
    0x00000330   0x00000034   Code   RO         1392    .emb_text           c_w.l(rand.o)
    0x00000364   0x00000000   Code   RO         1695    .emb_text           c_w.l(maybetermalloc1.o)
    0x00000364   0x00000040   Code   RO            4    .text               startup_mb9bf56x.o
    0x000003a4   0x000001d4   Code   RO           12    .text               system_mb9abxxx.o
    0x00000578   0x000001cc   Code   RO          103    .text               main.o
    0x00000744   0x000002b4   Code   RO          252    .text               infrared.o
    0x000009f8   0x00000870   Code   RO          283    .text               game.o
    0x00001268   0x00000048   Code   RO          320    .text               rsi_execute_cmd.o
    0x000012b0   0x00000148   Code   RO          352    .text               rsi_bootup_config.o
    0x000013f8   0x0000005a   Code   RO          364    .text               rsi_build_frame_descriptor.o
    0x00001452   0x00000002   PAD
    0x00001454   0x000001d0   Code   RO          376    .text               rsi_send_boot_insn.o
    0x00001624   0x00000018   Code   RO          388    .text               rsi_sys_init.o
    0x0000163c   0x00000026   Code   RO          426    .text               rsi_bt_build_frame_descriptor.o
    0x00001662   0x00000002   PAD
    0x00001664   0x00000238   Code   RO          446    .text               rsi_bt_core.o
    0x0000189c   0x0000002c   Code   RO          458    .text               rsi_bt_execute_cmd.o
    0x000018c8   0x0000011c   Code   RO          478    .text               rsi_bt_generic.o
    0x000019e4   0x00000080   Code   RO          493    .text               rsi_bt_spp.o
    0x00001a64   0x00000bc8   Code   RO          554    .text               adafruit_gfx.o
    0x0000262c   0x000006cc   Code   RO          584    .text               adafruit_ssd1351.o
    0x00002cf8   0x00000400   Code   RO          691    .text               wyzbee_spi.o
    0x000030f8   0x00000414   Code   RO          718    .text               irremote.o
    0x0000350c   0x000004f8   Code   RO          758    .text               text_print.o
    0x00003a04   0x000000b4   Code   RO          827    .text               interrupts.o
    0x00003ab8   0x00000014   Code   RO          850    .text               pdl.o
    0x00003acc   0x000002d0   Code   RO          870    .text               exint.o
    0x00003d9c   0x000003d4   Code   RO          901    .text               dt.o
    0x00004170   0x00001c8c   Code   RO          923    .text               mfs.o
    0x00005dfc   0x00000068   Code   RO          949    .text               variant.o
    0x00005e64   0x00000026   Code   RO          979    .text               delay.o
    0x00005e8a   0x00000002   PAD
    0x00005e8c   0x000000a8   Code   RO         1009    .text               timetick.o
    0x00005f34   0x000000a4   Code   RO         1065    .text               rsi_hal_mcu_interrupt.o
    0x00005fd8   0x0000002c   Code   RO         1104    .text               rsi_hal_mcu_ioports.o
    0x00006004   0x000002d4   Code   RO         1153    .text               spi.o
    0x000062d8   0x000001f8   Code   RO         1181    .text               rsi_spi_frame_rd_wr.o
    0x000064d0   0x00000174   Code   RO         1193    .text               rsi_spi_functs.o
    0x00006644   0x0000005c   Code   RO         1205    .text               rsi_spi_iface_init.o
    0x000066a0   0x000000d4   Code   RO         1224    .text               rsi_spi_mem_rd_wr.o
    0x00006774   0x00000080   Code   RO         1236    .text               rsi_spi_reg_rd_wr.o
    0x000067f4   0x00000e5c   Code   RO         1250    .text               wyzbee_bt.o
    0x00007650   0x0000005e   Code   RO         1282    .text               c_w.l(h1_alloc.o)
    0x000076ae   0x00000002   PAD
    0x000076b0   0x0000003c   Code   RO         1393    .text               c_w.l(rand.o)
    0x000076ec   0x00000058   Code   RO         1397    .text               c_w.l(memcmp.o)
    0x00007744   0x0000003e   Code   RO         1399    .text               c_w.l(strlen.o)
    0x00007782   0x0000008a   Code   RO         1403    .text               c_w.l(rt_memcpy_v6.o)
    0x0000780c   0x00000044   Code   RO         1405    .text               c_w.l(rt_memclr.o)
    0x00007850   0x0000004e   Code   RO         1407    .text               c_w.l(rt_memclr_w.o)
    0x0000789e   0x00000006   Code   RO         1409    .text               c_w.l(heapauxi.o)
    0x000078a4   0x00000024   Code   RO         1416    .text               c_w.l(init_aeabi.o)
    0x000078c8   0x00000008   Code   RO         1556    .text               c_w.l(rt_heap_descriptor_intlibspace.o)
    0x000078d0   0x00000004   Code   RO         1563    .text               c_w.l(hguard.o)
    0x000078d4   0x0000008a   Code   RO         1565    .text               c_w.l(init_alloc.o)
    0x0000795e   0x0000000e   Code   RO         1571    .text               c_w.l(h1_init.o)
    0x0000796c   0x0000004e   Code   RO         1573    .text               c_w.l(h1_free.o)
    0x000079ba   0x0000000e   Code   RO         1598    .text               c_w.l(defsig_pvfn_outer.o)
    0x000079c8   0x00000064   Code   RO         1602    .text               c_w.l(rt_memcpy_w.o)
    0x00007a2c   0x00000008   Code   RO         1671    .text               c_w.l(libspace.o)
    0x00007a34   0x00000034   Code   RO         1697    .text               c_w.l(h1_extend.o)
    0x00007a68   0x0000000a   Code   RO         1705    .text               c_w.l(defsig_exit.o)
    0x00007a72   0x0000000e   Code   RO         1707    .text               c_w.l(defsig_rtmem_outer.o)
    0x00007a80   0x00000030   Code   RO         1711    .text               c_w.l(defsig_pvfn_inner.o)
    0x00007ab0   0x0000000c   Code   RO         1733    .text               c_w.l(sys_exit.o)
    0x00007abc   0x00000002   Code   RO         1735    .text               c_w.l(use_no_semi.o)
    0x00007abe   0x00000000   Code   RO         1737    .text               c_w.l(indicate_semi.o)
    0x00007abe   0x0000004a   Code   RO         1738    .text               c_w.l(sys_stackheap_outer.o)
    0x00007b08   0x0000000c   Code   RO         1757    .text               c_w.l(exit.o)
    0x00007b14   0x00000032   Code   RO         1763    .text               c_w.l(defsig_general.o)
    0x00007b46   0x00000002   PAD
    0x00007b48   0x00000050   Code   RO         1765    .text               c_w.l(defsig_rtmem_inner.o)
    0x00007b98   0x0000000e   Code   RO         1780    .text               c_w.l(sys_wrch.o)
    0x00007ba6   0x00000014   Code   RO          603    i._ZN16Adafruit_SSD13518spiwriteEh  adafruit_ssd1351.o
    0x00007bba   0x00000006   Code   RO         1419    i.__cxa_pure_virtual  cpprt_w.l(pure_virt.o)
    0x00007bc0   0x00000150   Code   RO         1528    x$fpl$dadd          fz_wm.l(daddsub_clz.o)
    0x00007d10   0x000002b0   Code   RO         1535    x$fpl$ddiv          fz_wm.l(ddiv.o)
    0x00007fc0   0x0000005e   Code   RO         1538    x$fpl$dfix          fz_wm.l(dfix.o)
    0x0000801e   0x0000002e   Code   RO         1543    x$fpl$dflt          fz_wm.l(dflt_clz.o)
    0x0000804c   0x00000154   Code   RO         1548    x$fpl$dmul          fz_wm.l(dmul.o)
    0x000081a0   0x0000009c   Code   RO         1664    x$fpl$dnaninf       fz_wm.l(dnaninf.o)
    0x0000823c   0x0000000c   Code   RO         1666    x$fpl$dretinf       fz_wm.l(dretinf.o)
    0x00008248   0x000001d4   Code   RO         1530    x$fpl$dsub          fz_wm.l(daddsub_clz.o)
    0x0000841c   0x0000000a   Code   RO         1731    x$fpl$fpinit        fz_wm.l(fpinit.o)
    0x00008426   0x00000000   Code   RO         1668    x$fpl$usenofp       fz_wm.l(usenofp.o)
    0x00008426   0x00000098   Data   RO          404    .constdata          rsi_bt_api.o
    0x000084be   0x000004fb   Data   RO          557    .constdata          adafruit_gfx.o
    0x000089b9   0x00000003   Data   RO          761    .constdata          text_print.o
    0x000089bc   0x00000003   Data   RO          871    .constdata          exint.o
    0x000089bf   0x00000001   PAD
    0x000089c0   0x0000000c   Data   RO         1154    .constdata          spi.o
    0x000089cc   0x0000002c   Data   RO          567    .constdata__ZTV12Adafruit_GFX  adafruit_gfx.o
    0x000089f8   0x0000006c   Data   RO          601    .constdata__ZTV16Adafruit_SSD1351  adafruit_ssd1351.o
    0x00008a64   0x00000008   Data   RO          602    .constdata__ZTV16Adafruit_SSD1351  adafruit_ssd1351.o
    0x00008a6c   0x00000020   Data   RO         1835    Region$$Table       anon$$obj.o
    0x00008a8c   0x00000004   Data   RO          107    .init_array         main.o
    0x00008a90   0x00000004   Data   RO          763    .init_array         text_print.o
    0x00008a94   0x00000000   Data   RO         1414    .init_array         c_w.l(init_aeabi.o)


    Execution Region RW_IRAM1 (Base: 0x20038000, Size: 0x00002f78, Max: 0x00010000, ABSOLUTE, COMPRESSED[0x00000074])

    Base Addr    Size         Type   Attr      Idx    E Section Name        Object

    0x20038000   0x00000005   Data   RW           13    .data               system_mb9abxxx.o
    0x20038005   0x00000003   PAD
    0x20038008   0x00000014   Data   RW          106    .data               main.o
    0x2003801c   0x00000024   Data   RW          254    .data               infrared.o
    0x20038040   0x00000010   Data   RW          286    .data               game.o
    0x20038050   0x00000054   Data   RW          762    .data               text_print.o
    0x200380a4   0x0000000c   Data   RW          872    .data               exint.o
    0x200380b0   0x0000000c   Data   RW          902    .data               dt.o
    0x200380bc   0x00000078   Data   RW          924    .data               mfs.o
    0x20038134   0x00000004   Data   RW         1010    .data               timetick.o
    0x20038138   0x00000004   Data   RW         1066    .data               rsi_hal_mcu_interrupt.o
    0x2003813c   0x0000000c   Data   RW         1206    .data               rsi_spi_iface_init.o
    0x20038148   0x00000130   Zero   RW          105    .bss                main.o
    0x20038278   0x000000c0   Zero   RW          253    .bss                infrared.o
    0x20038338   0x00000100   Zero   RW          285    .bss                game.o
    0x20038438   0x00000644   Zero   RW          507    .bss                bt_main.o
    0x20038a7c   0x0000019c   Zero   RW          720    .bss                irremote.o
    0x20038c18   0x00000018   Zero   RW          760    .bss                text_print.o
    0x20038c30   0x000000e4   Zero   RW         1394    .bss                c_w.l(rand.o)
    0x20038d14   0x00000060   Zero   RW         1672    .bss                c_w.l(libspace.o)
    0x20038d74   0x00000004   PAD
    0x20038d78   0x00001000   Zero   RW            2    HEAP                startup_mb9bf56x.o
    0x20039d78   0x00001200   Zero   RW            1    STACK               startup_mb9bf56x.o

