<!doctype html public "-//w3c//dtd html 4.0 transitional//en">
<html><head>
<title>Static Call Graph - [.\WyzBee_BT_App.axf]</title></head>
<body><HR>
<H1>Static Call Graph for image .\WyzBee_BT_App.axf</H1><HR>
<BR><P>#&#060CALLGRAPH&#062# ARM Linker, 5050041: Last Updated: Mon May 11 12:59:15 2015
<BR><P>
<H3>Maximum Stack Usage =       2440 bytes + Unknown(Functions without stacksize, Cycles, Untraceable Function Pointers)</H3><H3>
Call chain for Maximum Stack Depth:</H3>
__rt_entry_main &rArr; main &rArr; WyzBee_SPPTransfer &rArr; RSI_BT_GetRespPayload &rArr; rsi_frame_read &rArr; rsi_pkt_rd &rArr; rsi_send_c3c4 &rArr; rsi_spi_send &rArr; Mfs_WriteData &rArr; MfsGetInternDataPtr
<P>
<H3>
Functions with no stack information
</H3><UL>
 <LI><a href="#[238]">__user_initial_stackheap</a>
</UL>
</UL>
<P>
<H3>
Mutually Recursive functions
</H3> <LI><a href="#[b]">NMI_Handler</a>&nbsp;&nbsp;&nbsp;&rArr;&nbsp;&nbsp;&nbsp;<a href="#[b]">NMI_Handler</a><BR>
 <LI><a href="#[c]">HardFault_Handler</a>&nbsp;&nbsp;&nbsp;&rArr;&nbsp;&nbsp;&nbsp;<a href="#[c]">HardFault_Handler</a><BR>
 <LI><a href="#[d]">MemManage_Handler</a>&nbsp;&nbsp;&nbsp;&rArr;&nbsp;&nbsp;&nbsp;<a href="#[d]">MemManage_Handler</a><BR>
 <LI><a href="#[e]">BusFault_Handler</a>&nbsp;&nbsp;&nbsp;&rArr;&nbsp;&nbsp;&nbsp;<a href="#[e]">BusFault_Handler</a><BR>
 <LI><a href="#[f]">UsageFault_Handler</a>&nbsp;&nbsp;&nbsp;&rArr;&nbsp;&nbsp;&nbsp;<a href="#[f]">UsageFault_Handler</a><BR>
 <LI><a href="#[10]">SVC_Handler</a>&nbsp;&nbsp;&nbsp;&rArr;&nbsp;&nbsp;&nbsp;<a href="#[10]">SVC_Handler</a><BR>
 <LI><a href="#[11]">DebugMon_Handler</a>&nbsp;&nbsp;&nbsp;&rArr;&nbsp;&nbsp;&nbsp;<a href="#[11]">DebugMon_Handler</a><BR>
 <LI><a href="#[12]">PendSV_Handler</a>&nbsp;&nbsp;&nbsp;&rArr;&nbsp;&nbsp;&nbsp;<a href="#[12]">PendSV_Handler</a><BR>
 <LI><a href="#[60]">ADC0_IRQHandler</a>&nbsp;&nbsp;&nbsp;&rArr;&nbsp;&nbsp;&nbsp;<a href="#[60]">ADC0_IRQHandler</a><BR>
</UL>
<P>
<H3>
Function Pointers
</H3><UL>
 <LI><a href="#[60]">ADC0_IRQHandler</a> from startup_mb9bf56x.o(.text) referenced from startup_mb9bf56x.o(RESET)
 <LI><a href="#[61]">ADC1_IRQHandler</a> from startup_mb9bf56x.o(.text) referenced from startup_mb9bf56x.o(RESET)
 <LI><a href="#[83]">ADC2_IRQHandler</a> from startup_mb9bf56x.o(.text) referenced from startup_mb9bf56x.o(RESET)
 <LI><a href="#[3b]">BT0_IRQHandler</a> from startup_mb9bf56x.o(.text) referenced from startup_mb9bf56x.o(RESET)
 <LI><a href="#[78]">BT10_IRQHandler</a> from startup_mb9bf56x.o(.text) referenced from startup_mb9bf56x.o(RESET)
 <LI><a href="#[79]">BT11_IRQHandler</a> from startup_mb9bf56x.o(.text) referenced from startup_mb9bf56x.o(RESET)
 <LI><a href="#[7a]">BT12_15_IRQHandler</a> from startup_mb9bf56x.o(.text) referenced from startup_mb9bf56x.o(RESET)
 <LI><a href="#[3c]">BT1_IRQHandler</a> from startup_mb9bf56x.o(.text) referenced from startup_mb9bf56x.o(RESET)
 <LI><a href="#[3d]">BT2_IRQHandler</a> from startup_mb9bf56x.o(.text) referenced from startup_mb9bf56x.o(RESET)
 <LI><a href="#[3e]">BT3_IRQHandler</a> from startup_mb9bf56x.o(.text) referenced from startup_mb9bf56x.o(RESET)
 <LI><a href="#[3f]">BT4_IRQHandler</a> from startup_mb9bf56x.o(.text) referenced from startup_mb9bf56x.o(RESET)
 <LI><a href="#[40]">BT5_IRQHandler</a> from startup_mb9bf56x.o(.text) referenced from startup_mb9bf56x.o(RESET)
 <LI><a href="#[41]">BT6_IRQHandler</a> from startup_mb9bf56x.o(.text) referenced from startup_mb9bf56x.o(RESET)
 <LI><a href="#[42]">BT7_IRQHandler</a> from startup_mb9bf56x.o(.text) referenced from startup_mb9bf56x.o(RESET)
 <LI><a href="#[76]">BT8_IRQHandler</a> from startup_mb9bf56x.o(.text) referenced from startup_mb9bf56x.o(RESET)
 <LI><a href="#[77]">BT9_IRQHandler</a> from startup_mb9bf56x.o(.text) referenced from startup_mb9bf56x.o(RESET)
 <LI><a href="#[e]">BusFault_Handler</a> from startup_mb9bf56x.o(.text) referenced from startup_mb9bf56x.o(RESET)
 <LI><a href="#[64]">CAN0_IRQHandler</a> from startup_mb9bf56x.o(.text) referenced from startup_mb9bf56x.o(RESET)
 <LI><a href="#[65]">CAN1_IRQHandler</a> from startup_mb9bf56x.o(.text) referenced from startup_mb9bf56x.o(RESET)
 <LI><a href="#[14]">CSV_IRQHandler</a> from startup_mb9bf56x.o(.text) referenced from startup_mb9bf56x.o(RESET)
 <LI><a href="#[67]">DMAC0_IRQHandler</a> from startup_mb9bf56x.o(.text) referenced from startup_mb9bf56x.o(RESET)
 <LI><a href="#[68]">DMAC1_IRQHandler</a> from startup_mb9bf56x.o(.text) referenced from startup_mb9bf56x.o(RESET)
 <LI><a href="#[69]">DMAC2_IRQHandler</a> from startup_mb9bf56x.o(.text) referenced from startup_mb9bf56x.o(RESET)
 <LI><a href="#[6a]">DMAC3_IRQHandler</a> from startup_mb9bf56x.o(.text) referenced from startup_mb9bf56x.o(RESET)
 <LI><a href="#[6b]">DMAC4_IRQHandler</a> from startup_mb9bf56x.o(.text) referenced from startup_mb9bf56x.o(RESET)
 <LI><a href="#[6c]">DMAC5_IRQHandler</a> from startup_mb9bf56x.o(.text) referenced from startup_mb9bf56x.o(RESET)
 <LI><a href="#[6d]">DMAC6_IRQHandler</a> from startup_mb9bf56x.o(.text) referenced from startup_mb9bf56x.o(RESET)
 <LI><a href="#[6e]">DMAC7_IRQHandler</a> from startup_mb9bf56x.o(.text) referenced from startup_mb9bf56x.o(RESET)
 <LI><a href="#[6f]">DSTC_IRQHandler</a> from startup_mb9bf56x.o(.text) referenced from startup_mb9bf56x.o(RESET)
 <LI><a href="#[43]">DT1_2_IRQHandler</a> from interrupts.o(.text) referenced from startup_mb9bf56x.o(RESET)
 <LI><a href="#[11]">DebugMon_Handler</a> from startup_mb9bf56x.o(.text) referenced from startup_mb9bf56x.o(RESET)
 <LI><a href="#[15b]">Dt1Callback</a> from text_print.o(.text) referenced from text_print.o(.text)
 <LI><a href="#[84]">Dummy</a> from startup_mb9bf56x.o(.text) referenced 4 times from startup_mb9bf56x.o(RESET)
 <LI><a href="#[66]">ETHER0_IRQHandler</a> from startup_mb9bf56x.o(.text) referenced from startup_mb9bf56x.o(RESET)
 <LI><a href="#[1f]">EXINT0_IRQHandler</a> from startup_mb9bf56x.o(.text) referenced from startup_mb9bf56x.o(RESET)
 <LI><a href="#[70]">EXINT16_17_18_19_IRQHandler</a> from startup_mb9bf56x.o(.text) referenced from startup_mb9bf56x.o(RESET)
 <LI><a href="#[20]">EXINT1_IRQHandler</a> from startup_mb9bf56x.o(.text) referenced from startup_mb9bf56x.o(RESET)
 <LI><a href="#[71]">EXINT20_21_22_23_IRQHandler</a> from startup_mb9bf56x.o(.text) referenced from startup_mb9bf56x.o(RESET)
 <LI><a href="#[72]">EXINT24_25_26_27_IRQHandler</a> from startup_mb9bf56x.o(.text) referenced from startup_mb9bf56x.o(RESET)
 <LI><a href="#[73]">EXINT28_29_30_31_IRQHandler</a> from startup_mb9bf56x.o(.text) referenced from startup_mb9bf56x.o(RESET)
 <LI><a href="#[21]">EXINT2_IRQHandler</a> from startup_mb9bf56x.o(.text) referenced from startup_mb9bf56x.o(RESET)
 <LI><a href="#[22]">EXINT3_IRQHandler</a> from startup_mb9bf56x.o(.text) referenced from startup_mb9bf56x.o(RESET)
 <LI><a href="#[23]">EXINT4_IRQHandler</a> from startup_mb9bf56x.o(.text) referenced from startup_mb9bf56x.o(RESET)
 <LI><a href="#[24]">EXINT5_IRQHandler</a> from startup_mb9bf56x.o(.text) referenced from startup_mb9bf56x.o(RESET)
 <LI><a href="#[25]">EXINT6_IRQHandler</a> from startup_mb9bf56x.o(.text) referenced from startup_mb9bf56x.o(RESET)
 <LI><a href="#[26]">EXINT7_IRQHandler</a> from startup_mb9bf56x.o(.text) referenced from startup_mb9bf56x.o(RESET)
 <LI><a href="#[47]">EXINT8_IRQHandler</a> from interrupts.o(.text) referenced from startup_mb9bf56x.o(RESET)
 <LI><a href="#[45]">EXTBUS_ERR_Handler</a> from startup_mb9bf56x.o(.text) referenced from startup_mb9bf56x.o(RESET)
 <LI><a href="#[49]">EXTINT10_IRQHandler</a> from startup_mb9bf56x.o(.text) referenced from startup_mb9bf56x.o(RESET)
 <LI><a href="#[4a]">EXTINT11_IRQHandler</a> from startup_mb9bf56x.o(.text) referenced from startup_mb9bf56x.o(RESET)
 <LI><a href="#[4b]">EXTINT12_IRQHandler</a> from startup_mb9bf56x.o(.text) referenced from startup_mb9bf56x.o(RESET)
 <LI><a href="#[4c]">EXTINT13_IRQHandler</a> from startup_mb9bf56x.o(.text) referenced from startup_mb9bf56x.o(RESET)
 <LI><a href="#[4d]">EXTINT14_IRQHandler</a> from startup_mb9bf56x.o(.text) referenced from startup_mb9bf56x.o(RESET)
 <LI><a href="#[4e]">EXTINT15_IRQHandler</a> from startup_mb9bf56x.o(.text) referenced from startup_mb9bf56x.o(RESET)
 <LI><a href="#[48]">EXTINT9_IRQHandler</a> from startup_mb9bf56x.o(.text) referenced from startup_mb9bf56x.o(RESET)
 <LI><a href="#[88]">FLASHIF_IRQHandler</a> from startup_mb9bf56x.o(.text) referenced from startup_mb9bf56x.o(RESET)
 <LI><a href="#[2c]">FRT0_PEAK_IRQHandler</a> from startup_mb9bf56x.o(.text) referenced from startup_mb9bf56x.o(RESET)
 <LI><a href="#[2d]">FRT0_ZERO_IRQHandler</a> from startup_mb9bf56x.o(.text) referenced from startup_mb9bf56x.o(RESET)
 <LI><a href="#[30]">FRT1_PEAK_IRQHandler</a> from startup_mb9bf56x.o(.text) referenced from startup_mb9bf56x.o(RESET)
 <LI><a href="#[31]">FRT1_ZERO_IRQHandler</a> from startup_mb9bf56x.o(.text) referenced from startup_mb9bf56x.o(RESET)
 <LI><a href="#[34]">FRT2_PEAK_IRQHandler</a> from startup_mb9bf56x.o(.text) referenced from startup_mb9bf56x.o(RESET)
 <LI><a href="#[35]">FRT2_ZERO_IRQHandler</a> from startup_mb9bf56x.o(.text) referenced from startup_mb9bf56x.o(RESET)
 <LI><a href="#[c]">HardFault_Handler</a> from startup_mb9bf56x.o(.text) referenced from startup_mb9bf56x.o(RESET)
 <LI><a href="#[2e]">ICU0_IRQHandler</a> from startup_mb9bf56x.o(.text) referenced from startup_mb9bf56x.o(RESET)
 <LI><a href="#[32]">ICU1_IRQHandler</a> from startup_mb9bf56x.o(.text) referenced from startup_mb9bf56x.o(RESET)
 <LI><a href="#[36]">ICU2_IRQHandler</a> from startup_mb9bf56x.o(.text) referenced from startup_mb9bf56x.o(RESET)
 <LI><a href="#[17]">IRQ003SEL_IRQHandler</a> from startup_mb9bf56x.o(.text) referenced from startup_mb9bf56x.o(RESET)
 <LI><a href="#[18]">IRQ004SEL_IRQHandler</a> from startup_mb9bf56x.o(.text) referenced from startup_mb9bf56x.o(RESET)
 <LI><a href="#[19]">IRQ005SEL_IRQHandler</a> from startup_mb9bf56x.o(.text) referenced from startup_mb9bf56x.o(RESET)
 <LI><a href="#[1a]">IRQ006SEL_IRQHandler</a> from startup_mb9bf56x.o(.text) referenced from startup_mb9bf56x.o(RESET)
 <LI><a href="#[1b]">IRQ007SEL_IRQHandler</a> from startup_mb9bf56x.o(.text) referenced from startup_mb9bf56x.o(RESET)
 <LI><a href="#[1c]">IRQ008SEL_IRQHandler</a> from startup_mb9bf56x.o(.text) referenced from startup_mb9bf56x.o(RESET)
 <LI><a href="#[1d]">IRQ009SEL_IRQHandler</a> from startup_mb9bf56x.o(.text) referenced from startup_mb9bf56x.o(RESET)
 <LI><a href="#[1e]">IRQ010SEL_IRQHandler</a> from startup_mb9bf56x.o(.text) referenced from startup_mb9bf56x.o(RESET)
 <LI><a href="#[d3]">IR_ISR</a> from infrared.o(.text) referenced from infrared.o(.text)
 <LI><a href="#[1e5]">Intr_isr</a> from rsi_hal_mcu_interrupt.o(.text) referenced from rsi_hal_mcu_interrupt.o(.text)
 <LI><a href="#[16]">LVD_IRQHandler</a> from startup_mb9bf56x.o(.text) referenced from startup_mb9bf56x.o(RESET)
 <LI><a href="#[50]">MFS0_RX_IRQHandler</a> from startup_mb9bf56x.o(.text) referenced from startup_mb9bf56x.o(RESET)
 <LI><a href="#[51]">MFS0_TX_IRQHandler</a> from startup_mb9bf56x.o(.text) referenced from startup_mb9bf56x.o(RESET)
 <LI><a href="#[7f]">MFS10_RX_IRQHandler</a> from startup_mb9bf56x.o(.text) referenced from startup_mb9bf56x.o(RESET)
 <LI><a href="#[80]">MFS10_TX_IRQHandler</a> from startup_mb9bf56x.o(.text) referenced from startup_mb9bf56x.o(RESET)
 <LI><a href="#[81]">MFS11_RX_IRQHandler</a> from startup_mb9bf56x.o(.text) referenced from startup_mb9bf56x.o(RESET)
 <LI><a href="#[82]">MFS11_TX_IRQHandler</a> from startup_mb9bf56x.o(.text) referenced from startup_mb9bf56x.o(RESET)
 <LI><a href="#[89]">MFS12_RX_IRQHandler</a> from startup_mb9bf56x.o(.text) referenced from startup_mb9bf56x.o(RESET)
 <LI><a href="#[8a]">MFS12_TX_IRQHandler</a> from startup_mb9bf56x.o(.text) referenced from startup_mb9bf56x.o(RESET)
 <LI><a href="#[8b]">MFS13_RX_IRQHandler</a> from startup_mb9bf56x.o(.text) referenced from startup_mb9bf56x.o(RESET)
 <LI><a href="#[8c]">MFS13_TX_IRQHandler</a> from startup_mb9bf56x.o(.text) referenced from startup_mb9bf56x.o(RESET)
 <LI><a href="#[8d]">MFS14_RX_IRQHandler</a> from startup_mb9bf56x.o(.text) referenced from startup_mb9bf56x.o(RESET)
 <LI><a href="#[8e]">MFS14_TX_IRQHandler</a> from startup_mb9bf56x.o(.text) referenced from startup_mb9bf56x.o(RESET)
 <LI><a href="#[8f]">MFS15_RX_IRQHandler</a> from startup_mb9bf56x.o(.text) referenced from startup_mb9bf56x.o(RESET)
 <LI><a href="#[90]">MFS15_TX_IRQHandler</a> from startup_mb9bf56x.o(.text) referenced from startup_mb9bf56x.o(RESET)
 <LI><a href="#[52]">MFS1_RX_IRQHandler</a> from startup_mb9bf56x.o(.text) referenced from startup_mb9bf56x.o(RESET)
 <LI><a href="#[53]">MFS1_TX_IRQHandler</a> from startup_mb9bf56x.o(.text) referenced from startup_mb9bf56x.o(RESET)
 <LI><a href="#[54]">MFS2_RX_IRQHandler</a> from startup_mb9bf56x.o(.text) referenced from startup_mb9bf56x.o(RESET)
 <LI><a href="#[55]">MFS2_TX_IRQHandler</a> from startup_mb9bf56x.o(.text) referenced from startup_mb9bf56x.o(RESET)
 <LI><a href="#[56]">MFS3_RX_IRQHandler</a> from startup_mb9bf56x.o(.text) referenced from startup_mb9bf56x.o(RESET)
 <LI><a href="#[57]">MFS3_TX_IRQHandler</a> from startup_mb9bf56x.o(.text) referenced from startup_mb9bf56x.o(RESET)
 <LI><a href="#[58]">MFS4_RX_IRQHandler</a> from startup_mb9bf56x.o(.text) referenced from startup_mb9bf56x.o(RESET)
 <LI><a href="#[59]">MFS4_TX_IRQHandler</a> from startup_mb9bf56x.o(.text) referenced from startup_mb9bf56x.o(RESET)
 <LI><a href="#[5a]">MFS5_RX_IRQHandler</a> from startup_mb9bf56x.o(.text) referenced from startup_mb9bf56x.o(RESET)
 <LI><a href="#[5b]">MFS5_TX_IRQHandler</a> from startup_mb9bf56x.o(.text) referenced from startup_mb9bf56x.o(RESET)
 <LI><a href="#[5c]">MFS6_RX_IRQHandler</a> from startup_mb9bf56x.o(.text) referenced from startup_mb9bf56x.o(RESET)
 <LI><a href="#[5d]">MFS6_TX_IRQHandler</a> from startup_mb9bf56x.o(.text) referenced from startup_mb9bf56x.o(RESET)
 <LI><a href="#[5e]">MFS7_RX_IRQHandler</a> from startup_mb9bf56x.o(.text) referenced from startup_mb9bf56x.o(RESET)
 <LI><a href="#[5f]">MFS7_TX_IRQHandler</a> from startup_mb9bf56x.o(.text) referenced from startup_mb9bf56x.o(RESET)
 <LI><a href="#[7b]">MFS8_RX_IRQHandler</a> from startup_mb9bf56x.o(.text) referenced from startup_mb9bf56x.o(RESET)
 <LI><a href="#[7c]">MFS8_TX_IRQHandler</a> from startup_mb9bf56x.o(.text) referenced from startup_mb9bf56x.o(RESET)
 <LI><a href="#[7d]">MFS9_RX_IRQHandler</a> from startup_mb9bf56x.o(.text) referenced from startup_mb9bf56x.o(RESET)
 <LI><a href="#[7e]">MFS9_TX_IRQHandler</a> from startup_mb9bf56x.o(.text) referenced from startup_mb9bf56x.o(RESET)
 <LI><a href="#[d]">MemManage_Handler</a> from startup_mb9bf56x.o(.text) referenced from startup_mb9bf56x.o(RESET)
 <LI><a href="#[b]">NMI_Handler</a> from startup_mb9bf56x.o(.text) referenced from startup_mb9bf56x.o(RESET)
 <LI><a href="#[2f]">OCU0_IRQHandler</a> from startup_mb9bf56x.o(.text) referenced from startup_mb9bf56x.o(RESET)
 <LI><a href="#[33]">OCU1_IRQHandler</a> from startup_mb9bf56x.o(.text) referenced from startup_mb9bf56x.o(RESET)
 <LI><a href="#[37]">OCU2_IRQHandler</a> from startup_mb9bf56x.o(.text) referenced from startup_mb9bf56x.o(RESET)
 <LI><a href="#[38]">PPG00_02_04_IRQHandler</a> from startup_mb9bf56x.o(.text) referenced from startup_mb9bf56x.o(RESET)
 <LI><a href="#[39]">PPG08_10_12_IRQHandler</a> from startup_mb9bf56x.o(.text) referenced from startup_mb9bf56x.o(RESET)
 <LI><a href="#[3a]">PPG16_18_20_IRQHandler</a> from startup_mb9bf56x.o(.text) referenced from startup_mb9bf56x.o(RESET)
 <LI><a href="#[12]">PendSV_Handler</a> from startup_mb9bf56x.o(.text) referenced from startup_mb9bf56x.o(RESET)
 <LI><a href="#[27]">QPRC0_IRQHandler</a> from startup_mb9bf56x.o(.text) referenced from startup_mb9bf56x.o(RESET)
 <LI><a href="#[28]">QPRC1_IRQHandler</a> from startup_mb9bf56x.o(.text) referenced from startup_mb9bf56x.o(RESET)
 <LI><a href="#[74]">QPRC2_IRQHandler</a> from startup_mb9bf56x.o(.text) referenced from startup_mb9bf56x.o(RESET)
 <LI><a href="#[75]">QPRC3_IRQHandler</a> from startup_mb9bf56x.o(.text) referenced from startup_mb9bf56x.o(RESET)
 <LI><a href="#[46]">RTC_IRQHandler</a> from startup_mb9bf56x.o(.text) referenced from startup_mb9bf56x.o(RESET)
 <LI><a href="#[a]">Reset_Handler</a> from startup_mb9bf56x.o(.text) referenced from startup_mb9bf56x.o(RESET)
 <LI><a href="#[87]">SD_IRQHandler</a> from startup_mb9bf56x.o(.text) referenced from startup_mb9bf56x.o(RESET)
 <LI><a href="#[10]">SVC_Handler</a> from startup_mb9bf56x.o(.text) referenced from startup_mb9bf56x.o(RESET)
 <LI><a href="#[15]">SWDT_IRQHandler</a> from startup_mb9bf56x.o(.text) referenced from startup_mb9bf56x.o(RESET)
 <LI><a href="#[91]">SystemInit</a> from system_mb9abxxx.o(.text) referenced from startup_mb9bf56x.o(.text)
 <LI><a href="#[4f]">TIM_IRQHandler</a> from startup_mb9bf56x.o(.text) referenced from startup_mb9bf56x.o(RESET)
 <LI><a href="#[13]">TimeTick_Increment</a> from timetick.o(.text) referenced from startup_mb9bf56x.o(RESET)
 <LI><a href="#[63]">USB0_HOST_IRQHandler</a> from startup_mb9bf56x.o(.text) referenced from startup_mb9bf56x.o(RESET)
 <LI><a href="#[62]">USB0_IRQHandler</a> from startup_mb9bf56x.o(.text) referenced from startup_mb9bf56x.o(RESET)
 <LI><a href="#[86]">USB1_HOST_IRQHandler</a> from startup_mb9bf56x.o(.text) referenced from startup_mb9bf56x.o(RESET)
 <LI><a href="#[85]">USB1_IRQHandler</a> from startup_mb9bf56x.o(.text) referenced from startup_mb9bf56x.o(RESET)
 <LI><a href="#[f]">UsageFault_Handler</a> from startup_mb9bf56x.o(.text) referenced from startup_mb9bf56x.o(RESET)
 <LI><a href="#[44]">WC_IRQHandler</a> from startup_mb9bf56x.o(.text) referenced from startup_mb9bf56x.o(RESET)
 <LI><a href="#[29]">WFG0_DTIF0_IRQHandler</a> from startup_mb9bf56x.o(.text) referenced from startup_mb9bf56x.o(RESET)
 <LI><a href="#[2a]">WFG1_DTIF1_IRQHandler</a> from startup_mb9bf56x.o(.text) referenced from startup_mb9bf56x.o(RESET)
 <LI><a href="#[2b]">WFG2_DTIF2_IRQHandler</a> from startup_mb9bf56x.o(.text) referenced from startup_mb9bf56x.o(RESET)
 <LI><a href="#[99]">Adafruit_GFX::fillScreen(unsigned short)</a> from adafruit_gfx.o(.text) referenced from adafruit_gfx.o(.constdata__ZTV12Adafruit_GFX)
 <LI><a href="#[96]">Adafruit_GFX::drawFastHLine(short, short, short, unsigned short)</a> from adafruit_gfx.o(.text) referenced from adafruit_gfx.o(.constdata__ZTV12Adafruit_GFX)
 <LI><a href="#[95]">Adafruit_GFX::drawFastVLine(short, short, short, unsigned short)</a> from adafruit_gfx.o(.text) referenced from adafruit_gfx.o(.constdata__ZTV12Adafruit_GFX)
 <LI><a href="#[9a]">Adafruit_GFX::invertDisplay(unsigned char)</a> from adafruit_gfx.o(.text) referenced from adafruit_gfx.o(.constdata__ZTV12Adafruit_GFX)
 <LI><a href="#[9a]">Adafruit_GFX::invertDisplay(unsigned char)</a> from adafruit_gfx.o(.text) referenced from adafruit_ssd1351.o(.constdata__ZTV16Adafruit_SSD1351)
 <LI><a href="#[9b]">Adafruit_GFX::write(unsigned char)</a> from adafruit_gfx.o(.text) referenced from adafruit_gfx.o(.constdata__ZTV12Adafruit_GFX)
 <LI><a href="#[9b]">Adafruit_GFX::write(unsigned char)</a> from adafruit_gfx.o(.text) referenced from adafruit_ssd1351.o(.constdata__ZTV16Adafruit_SSD1351)
 <LI><a href="#[94]">Adafruit_GFX::drawLine(short, short, short, short, unsigned short)</a> from adafruit_gfx.o(.text) referenced from adafruit_gfx.o(.constdata__ZTV12Adafruit_GFX)
 <LI><a href="#[94]">Adafruit_GFX::drawLine(short, short, short, short, unsigned short)</a> from adafruit_gfx.o(.text) referenced from adafruit_ssd1351.o(.constdata__ZTV16Adafruit_SSD1351)
 <LI><a href="#[97]">Adafruit_GFX::drawRect(short, short, short, short, unsigned short)</a> from adafruit_gfx.o(.text) referenced from adafruit_gfx.o(.constdata__ZTV12Adafruit_GFX)
 <LI><a href="#[97]">Adafruit_GFX::drawRect(short, short, short, short, unsigned short)</a> from adafruit_gfx.o(.text) referenced from adafruit_ssd1351.o(.constdata__ZTV16Adafruit_SSD1351)
 <LI><a href="#[98]">Adafruit_GFX::fillRect(short, short, short, short, unsigned short)</a> from adafruit_gfx.o(.text) referenced from adafruit_gfx.o(.constdata__ZTV12Adafruit_GFX)
 <LI><a href="#[98]">Adafruit_GFX::fillRect(short, short, short, short, unsigned short)</a> from adafruit_gfx.o(.text) referenced from adafruit_ssd1351.o(.constdata__ZTV16Adafruit_SSD1351)
 <LI><a href="#[9f]">Adafruit_SSD1351::fillScreen(unsigned short)</a> from adafruit_ssd1351.o(.text) referenced from adafruit_ssd1351.o(.constdata__ZTV16Adafruit_SSD1351)
 <LI><a href="#[9d]">Adafruit_SSD1351::drawFastHLine(short, short, short, unsigned short)</a> from adafruit_ssd1351.o(.text) referenced from adafruit_ssd1351.o(.constdata__ZTV16Adafruit_SSD1351)
 <LI><a href="#[9e]">Adafruit_SSD1351::drawFastVLine(short, short, short, unsigned short)</a> from adafruit_ssd1351.o(.text) referenced from adafruit_ssd1351.o(.constdata__ZTV16Adafruit_SSD1351)
 <LI><a href="#[9c]">Adafruit_SSD1351::drawPixel(short, short, unsigned short)</a> from adafruit_ssd1351.o(.text) referenced from adafruit_ssd1351.o(.constdata__ZTV16Adafruit_SSD1351)
 <LI><a href="#[a0]">thunk{v:0,-12} to Adafruit_SSD1351::drawPixel(short, short, unsigned short)</a> from adafruit_ssd1351.o(.text) referenced from adafruit_ssd1351.o(.constdata__ZTV16Adafruit_SSD1351)
 <LI><a href="#[a1]">thunk{v:0,-20} to Adafruit_SSD1351::drawFastVLine(short, short, short, unsigned short)</a> from adafruit_ssd1351.o(.text) referenced from adafruit_ssd1351.o(.constdata__ZTV16Adafruit_SSD1351)
 <LI><a href="#[a2]">thunk{v:0,-24} to Adafruit_SSD1351::drawFastHLine(short, short, short, unsigned short)</a> from adafruit_ssd1351.o(.text) referenced from adafruit_ssd1351.o(.constdata__ZTV16Adafruit_SSD1351)
 <LI><a href="#[a3]">thunk{v:0,-36} to Adafruit_SSD1351::fillScreen(unsigned short)</a> from adafruit_ssd1351.o(.text) referenced from adafruit_ssd1351.o(.constdata__ZTV16Adafruit_SSD1351)
 <LI><a href="#[93]">__cxa_pure_virtual</a> from pure_virt.o(i.__cxa_pure_virtual) referenced from adafruit_gfx.o(.constdata__ZTV12Adafruit_GFX)
 <LI><a href="#[a6]">__main</a> from __main.o(!!!main) referenced from startup_mb9bf56x.o(.text)
 <LI><a href="#[a5]">__sti___14_text_print_cpp_irrecv</a> from text_print.o(.text) referenced from text_print.o(.init_array)
 <LI><a href="#[a4]">__sti___8_main_cpp_tft</a> from main.o(.text) referenced from main.o(.init_array)
 <LI><a href="#[df]">timer_ISR</a> from infrared.o(.text) referenced from infrared.o(.text)
</UL>
<P>
<H3>
Global Symbols
</H3>
<P><STRONG><a name="[a6]"></a>__main</STRONG> (Thumb, 8 bytes, Stack size 0 bytes, __main.o(!!!main))
<BR><BR>[Calls]<UL><LI><a href="#[a8]">&gt;&gt;</a>&nbsp;&nbsp;&nbsp;__scatterload
<LI><a href="#[a9]">&gt;&gt;</a>&nbsp;&nbsp;&nbsp;__rt_entry
</UL>

<P><STRONG><a name="[a8]"></a>__scatterload</STRONG> (Thumb, 0 bytes, Stack size unknown bytes, __scatter.o(!!!scatter))
<BR><BR>[Called By]<UL><LI><a href="#[a6]">&gt;&gt;</a>&nbsp;&nbsp;&nbsp;__main
</UL>

<P><STRONG><a name="[aa]"></a>__scatterload_rt2</STRONG> (Thumb, 44 bytes, Stack size unknown bytes, __scatter.o(!!!scatter), UNUSED)
<BR><BR>[Calls]<UL><LI><a href="#[a9]">&gt;&gt;</a>&nbsp;&nbsp;&nbsp;__rt_entry
</UL>

<P><STRONG><a name="[245]"></a>__scatterload_rt2_thumb_only</STRONG> (Thumb, 0 bytes, Stack size unknown bytes, __scatter.o(!!!scatter), UNUSED)

<P><STRONG><a name="[246]"></a>__scatterload_null</STRONG> (Thumb, 0 bytes, Stack size unknown bytes, __scatter.o(!!!scatter), UNUSED)

<P><STRONG><a name="[247]"></a>__decompress</STRONG> (Thumb, 90 bytes, Stack size unknown bytes, __dczerorl2.o(!!dczerorl2), UNUSED)

<P><STRONG><a name="[248]"></a>__decompress1</STRONG> (Thumb, 0 bytes, Stack size unknown bytes, __dczerorl2.o(!!dczerorl2), UNUSED)

<P><STRONG><a name="[249]"></a>__scatterload_zeroinit</STRONG> (Thumb, 28 bytes, Stack size unknown bytes, __scatter_zi.o(!!handler_zi), UNUSED)

<P><STRONG><a name="[b5]"></a>__rt_lib_init</STRONG> (Thumb, 0 bytes, Stack size unknown bytes, libinit.o(.ARM.Collect$$libinit$$00000000))
<BR><BR>[Called By]<UL><LI><a href="#[b4]">&gt;&gt;</a>&nbsp;&nbsp;&nbsp;__rt_entry_li
</UL>

<P><STRONG><a name="[ab]"></a>__rt_lib_init_fp_1</STRONG> (Thumb, 0 bytes, Stack size unknown bytes, libinit2.o(.ARM.Collect$$libinit$$00000001))
<BR><BR>[Calls]<UL><LI><a href="#[ac]">&gt;&gt;</a>&nbsp;&nbsp;&nbsp;_fp_init
</UL>

<P><STRONG><a name="[ad]"></a>__rt_lib_init_heap_2</STRONG> (Thumb, 0 bytes, Stack size unknown bytes, libinit2.o(.ARM.Collect$$libinit$$00000005))
<BR><BR>[Stack]<UL><LI>Max Depth = 64 + Unknown Stack Size
<LI>Call Chain = __rt_lib_init_heap_2 &rArr; _init_alloc &rArr; __rt_SIGRTMEM &rArr; __rt_SIGRTMEM_inner &rArr; __default_signal_display &rArr; _ttywrch
</UL>
<BR>[Calls]<UL><LI><a href="#[ae]">&gt;&gt;</a>&nbsp;&nbsp;&nbsp;_init_alloc
</UL>

<P><STRONG><a name="[24a]"></a>__rt_lib_init_preinit_1</STRONG> (Thumb, 0 bytes, Stack size unknown bytes, libinit2.o(.ARM.Collect$$libinit$$00000004))

<P><STRONG><a name="[24b]"></a>__rt_lib_init_heap_1</STRONG> (Thumb, 0 bytes, Stack size unknown bytes, libinit2.o(.ARM.Collect$$libinit$$0000000A))

<P><STRONG><a name="[af]"></a>__rt_lib_init_rand_2</STRONG> (Thumb, 0 bytes, Stack size unknown bytes, libinit2.o(.ARM.Collect$$libinit$$0000000D))
<BR><BR>[Stack]<UL><LI>Max Depth = 8 + Unknown Stack Size
<LI>Call Chain = __rt_lib_init_rand_2 &rArr; _rand_init &rArr; srand
</UL>
<BR>[Calls]<UL><LI><a href="#[b0]">&gt;&gt;</a>&nbsp;&nbsp;&nbsp;_rand_init
</UL>

<P><STRONG><a name="[24c]"></a>__rt_lib_init_user_alloc_1</STRONG> (Thumb, 0 bytes, Stack size unknown bytes, libinit2.o(.ARM.Collect$$libinit$$0000000C))

<P><STRONG><a name="[24d]"></a>__rt_lib_init_alloca_1</STRONG> (Thumb, 0 bytes, Stack size unknown bytes, libinit2.o(.ARM.Collect$$libinit$$0000002E))

<P><STRONG><a name="[24e]"></a>__rt_lib_init_argv_1</STRONG> (Thumb, 0 bytes, Stack size unknown bytes, libinit2.o(.ARM.Collect$$libinit$$0000002C))

<P><STRONG><a name="[24f]"></a>__rt_lib_init_atexit_1</STRONG> (Thumb, 0 bytes, Stack size unknown bytes, libinit2.o(.ARM.Collect$$libinit$$0000001B))

<P><STRONG><a name="[250]"></a>__rt_lib_init_clock_1</STRONG> (Thumb, 0 bytes, Stack size unknown bytes, libinit2.o(.ARM.Collect$$libinit$$00000021))

<P><STRONG><a name="[b1]"></a>__rt_lib_init_cpp_2</STRONG> (Thumb, 0 bytes, Stack size unknown bytes, libinit2.o(.ARM.Collect$$libinit$$00000031))
<BR><BR>[Stack]<UL><LI>Max Depth = 16 + Unknown Stack Size
<LI>Call Chain = __rt_lib_init_cpp_2 &rArr; __cpp_initialize__aeabi_
</UL>
<BR>[Calls]<UL><LI><a href="#[a7]">&gt;&gt;</a>&nbsp;&nbsp;&nbsp;__cpp_initialize__aeabi_
</UL>

<P><STRONG><a name="[251]"></a>__rt_lib_init_exceptions_1</STRONG> (Thumb, 0 bytes, Stack size unknown bytes, libinit2.o(.ARM.Collect$$libinit$$00000030))

<P><STRONG><a name="[252]"></a>__rt_lib_init_fp_trap_1</STRONG> (Thumb, 0 bytes, Stack size unknown bytes, libinit2.o(.ARM.Collect$$libinit$$0000001F))

<P><STRONG><a name="[253]"></a>__rt_lib_init_getenv_1</STRONG> (Thumb, 0 bytes, Stack size unknown bytes, libinit2.o(.ARM.Collect$$libinit$$00000023))

<P><STRONG><a name="[254]"></a>__rt_lib_init_lc_collate_1</STRONG> (Thumb, 0 bytes, Stack size unknown bytes, libinit2.o(.ARM.Collect$$libinit$$00000011))

<P><STRONG><a name="[255]"></a>__rt_lib_init_lc_ctype_1</STRONG> (Thumb, 0 bytes, Stack size unknown bytes, libinit2.o(.ARM.Collect$$libinit$$00000013))

<P><STRONG><a name="[256]"></a>__rt_lib_init_lc_monetary_1</STRONG> (Thumb, 0 bytes, Stack size unknown bytes, libinit2.o(.ARM.Collect$$libinit$$00000015))

<P><STRONG><a name="[257]"></a>__rt_lib_init_lc_numeric_1</STRONG> (Thumb, 0 bytes, Stack size unknown bytes, libinit2.o(.ARM.Collect$$libinit$$00000017))

<P><STRONG><a name="[258]"></a>__rt_lib_init_lc_time_1</STRONG> (Thumb, 0 bytes, Stack size unknown bytes, libinit2.o(.ARM.Collect$$libinit$$00000019))

<P><STRONG><a name="[259]"></a>__rt_lib_init_rand_1</STRONG> (Thumb, 0 bytes, Stack size unknown bytes, libinit2.o(.ARM.Collect$$libinit$$0000000E))

<P><STRONG><a name="[25a]"></a>__rt_lib_init_signal_1</STRONG> (Thumb, 0 bytes, Stack size unknown bytes, libinit2.o(.ARM.Collect$$libinit$$0000001D))

<P><STRONG><a name="[25b]"></a>__rt_lib_init_stdio_1</STRONG> (Thumb, 0 bytes, Stack size unknown bytes, libinit2.o(.ARM.Collect$$libinit$$00000025))

<P><STRONG><a name="[25c]"></a>__rt_lib_init_cpp_1</STRONG> (Thumb, 0 bytes, Stack size unknown bytes, libinit2.o(.ARM.Collect$$libinit$$00000032))

<P><STRONG><a name="[25d]"></a>__rt_lib_init_return</STRONG> (Thumb, 0 bytes, Stack size unknown bytes, libinit2.o(.ARM.Collect$$libinit$$00000033))

<P><STRONG><a name="[ba]"></a>__rt_lib_shutdown</STRONG> (Thumb, 0 bytes, Stack size unknown bytes, libshutdown.o(.ARM.Collect$$libshutdown$$00000000))
<BR><BR>[Called By]<UL><LI><a href="#[b9]">&gt;&gt;</a>&nbsp;&nbsp;&nbsp;__rt_exit_ls
</UL>

<P><STRONG><a name="[25e]"></a>__rt_lib_shutdown_fp_trap_1</STRONG> (Thumb, 0 bytes, Stack size unknown bytes, libshutdown2.o(.ARM.Collect$$libshutdown$$00000006))

<P><STRONG><a name="[25f]"></a>__rt_lib_shutdown_heap_1</STRONG> (Thumb, 0 bytes, Stack size unknown bytes, libshutdown2.o(.ARM.Collect$$libshutdown$$0000000E))

<P><STRONG><a name="[260]"></a>__rt_lib_shutdown_return</STRONG> (Thumb, 0 bytes, Stack size unknown bytes, libshutdown2.o(.ARM.Collect$$libshutdown$$0000000F))

<P><STRONG><a name="[261]"></a>__rt_lib_shutdown_signal_1</STRONG> (Thumb, 0 bytes, Stack size unknown bytes, libshutdown2.o(.ARM.Collect$$libshutdown$$00000009))

<P><STRONG><a name="[262]"></a>__rt_lib_shutdown_stdio_1</STRONG> (Thumb, 0 bytes, Stack size unknown bytes, libshutdown2.o(.ARM.Collect$$libshutdown$$00000003))

<P><STRONG><a name="[263]"></a>__rt_lib_shutdown_user_alloc_1</STRONG> (Thumb, 0 bytes, Stack size unknown bytes, libshutdown2.o(.ARM.Collect$$libshutdown$$0000000B))

<P><STRONG><a name="[a9]"></a>__rt_entry</STRONG> (Thumb, 0 bytes, Stack size unknown bytes, __rtentry.o(.ARM.Collect$$rtentry$$00000000))
<BR><BR>[Called By]<UL><LI><a href="#[aa]">&gt;&gt;</a>&nbsp;&nbsp;&nbsp;__scatterload_rt2
<LI><a href="#[a6]">&gt;&gt;</a>&nbsp;&nbsp;&nbsp;__main
</UL>

<P><STRONG><a name="[264]"></a>__rt_entry_presh_1</STRONG> (Thumb, 0 bytes, Stack size unknown bytes, __rtentry2.o(.ARM.Collect$$rtentry$$00000002))

<P><STRONG><a name="[b2]"></a>__rt_entry_sh</STRONG> (Thumb, 0 bytes, Stack size unknown bytes, __rtentry4.o(.ARM.Collect$$rtentry$$00000004))
<BR><BR>[Stack]<UL><LI>Max Depth = 8 + Unknown Stack Size
<LI>Call Chain = __rt_entry_sh &rArr; __user_setup_stackheap
</UL>
<BR>[Calls]<UL><LI><a href="#[b3]">&gt;&gt;</a>&nbsp;&nbsp;&nbsp;__user_setup_stackheap
</UL>

<P><STRONG><a name="[b4]"></a>__rt_entry_li</STRONG> (Thumb, 0 bytes, Stack size unknown bytes, __rtentry2.o(.ARM.Collect$$rtentry$$0000000A))
<BR><BR>[Calls]<UL><LI><a href="#[b5]">&gt;&gt;</a>&nbsp;&nbsp;&nbsp;__rt_lib_init
</UL>

<P><STRONG><a name="[265]"></a>__rt_entry_postsh_1</STRONG> (Thumb, 0 bytes, Stack size unknown bytes, __rtentry2.o(.ARM.Collect$$rtentry$$00000009))

<P><STRONG><a name="[b6]"></a>__rt_entry_main</STRONG> (Thumb, 0 bytes, Stack size unknown bytes, __rtentry2.o(.ARM.Collect$$rtentry$$0000000D))
<BR><BR>[Stack]<UL><LI>Max Depth = 2440 + Unknown Stack Size
<LI>Call Chain = __rt_entry_main &rArr; main &rArr; WyzBee_SPPTransfer &rArr; RSI_BT_GetRespPayload &rArr; rsi_frame_read &rArr; rsi_pkt_rd &rArr; rsi_send_c3c4 &rArr; rsi_spi_send &rArr; Mfs_WriteData &rArr; MfsGetInternDataPtr
</UL>
<BR>[Calls]<UL><LI><a href="#[b7]">&gt;&gt;</a>&nbsp;&nbsp;&nbsp;main
<LI><a href="#[b8]">&gt;&gt;</a>&nbsp;&nbsp;&nbsp;exit
</UL>

<P><STRONG><a name="[266]"></a>__rt_entry_postli_1</STRONG> (Thumb, 0 bytes, Stack size unknown bytes, __rtentry2.o(.ARM.Collect$$rtentry$$0000000C))

<P><STRONG><a name="[239]"></a>__rt_exit</STRONG> (Thumb, 0 bytes, Stack size unknown bytes, rtexit.o(.ARM.Collect$$rtexit$$00000000))
<BR><BR>[Called By]<UL><LI><a href="#[b8]">&gt;&gt;</a>&nbsp;&nbsp;&nbsp;exit
</UL>

<P><STRONG><a name="[b9]"></a>__rt_exit_ls</STRONG> (Thumb, 0 bytes, Stack size unknown bytes, rtexit2.o(.ARM.Collect$$rtexit$$00000003))
<BR><BR>[Calls]<UL><LI><a href="#[ba]">&gt;&gt;</a>&nbsp;&nbsp;&nbsp;__rt_lib_shutdown
</UL>

<P><STRONG><a name="[267]"></a>__rt_exit_prels_1</STRONG> (Thumb, 0 bytes, Stack size unknown bytes, rtexit2.o(.ARM.Collect$$rtexit$$00000002))

<P><STRONG><a name="[bb]"></a>__rt_exit_exit</STRONG> (Thumb, 0 bytes, Stack size unknown bytes, rtexit2.o(.ARM.Collect$$rtexit$$00000004))
<BR><BR>[Calls]<UL><LI><a href="#[bc]">&gt;&gt;</a>&nbsp;&nbsp;&nbsp;_sys_exit
</UL>

<P><STRONG><a name="[e3]"></a>rand</STRONG> (Thumb, 48 bytes, Stack size 0 bytes, rand.o(.emb_text))
<BR><BR>[Called By]<UL><LI><a href="#[e1]">&gt;&gt;</a>&nbsp;&nbsp;&nbsp;generate_world
</UL>

<P><STRONG><a name="[a]"></a>Reset_Handler</STRONG> (Thumb, 8 bytes, Stack size 0 bytes, startup_mb9bf56x.o(.text))
<BR>[Address Reference Count : 1]<UL><LI> startup_mb9bf56x.o(RESET)
</UL>
<P><STRONG><a name="[268]"></a>_maybe_terminate_alloc</STRONG> (Thumb, 0 bytes, Stack size 0 bytes, maybetermalloc1.o(.emb_text), UNUSED)

<P><STRONG><a name="[b]"></a>NMI_Handler</STRONG> (Thumb, 2 bytes, Stack size 0 bytes, startup_mb9bf56x.o(.text))
<BR><BR>[Calls]<UL><LI><a href="#[b]">&gt;&gt;</a>&nbsp;&nbsp;&nbsp;NMI_Handler
</UL>
<BR>[Called By]<UL><LI><a href="#[b]">&gt;&gt;</a>&nbsp;&nbsp;&nbsp;NMI_Handler
</UL>
<BR>[Address Reference Count : 1]<UL><LI> startup_mb9bf56x.o(RESET)
</UL>
<P><STRONG><a name="[c]"></a>HardFault_Handler</STRONG> (Thumb, 2 bytes, Stack size 0 bytes, startup_mb9bf56x.o(.text))
<BR><BR>[Calls]<UL><LI><a href="#[c]">&gt;&gt;</a>&nbsp;&nbsp;&nbsp;HardFault_Handler
</UL>
<BR>[Called By]<UL><LI><a href="#[c]">&gt;&gt;</a>&nbsp;&nbsp;&nbsp;HardFault_Handler
</UL>
<BR>[Address Reference Count : 1]<UL><LI> startup_mb9bf56x.o(RESET)
</UL>
<P><STRONG><a name="[d]"></a>MemManage_Handler</STRONG> (Thumb, 2 bytes, Stack size 0 bytes, startup_mb9bf56x.o(.text))
<BR><BR>[Calls]<UL><LI><a href="#[d]">&gt;&gt;</a>&nbsp;&nbsp;&nbsp;MemManage_Handler
</UL>
<BR>[Called By]<UL><LI><a href="#[d]">&gt;&gt;</a>&nbsp;&nbsp;&nbsp;MemManage_Handler
</UL>
<BR>[Address Reference Count : 1]<UL><LI> startup_mb9bf56x.o(RESET)
</UL>
<P><STRONG><a name="[e]"></a>BusFault_Handler</STRONG> (Thumb, 2 bytes, Stack size 0 bytes, startup_mb9bf56x.o(.text))
<BR><BR>[Calls]<UL><LI><a href="#[e]">&gt;&gt;</a>&nbsp;&nbsp;&nbsp;BusFault_Handler
</UL>
<BR>[Called By]<UL><LI><a href="#[e]">&gt;&gt;</a>&nbsp;&nbsp;&nbsp;BusFault_Handler
</UL>
<BR>[Address Reference Count : 1]<UL><LI> startup_mb9bf56x.o(RESET)
</UL>
<P><STRONG><a name="[f]"></a>UsageFault_Handler</STRONG> (Thumb, 2 bytes, Stack size 0 bytes, startup_mb9bf56x.o(.text))
<BR><BR>[Calls]<UL><LI><a href="#[f]">&gt;&gt;</a>&nbsp;&nbsp;&nbsp;UsageFault_Handler
</UL>
<BR>[Called By]<UL><LI><a href="#[f]">&gt;&gt;</a>&nbsp;&nbsp;&nbsp;UsageFault_Handler
</UL>
<BR>[Address Reference Count : 1]<UL><LI> startup_mb9bf56x.o(RESET)
</UL>
<P><STRONG><a name="[10]"></a>SVC_Handler</STRONG> (Thumb, 2 bytes, Stack size 0 bytes, startup_mb9bf56x.o(.text))
<BR><BR>[Calls]<UL><LI><a href="#[10]">&gt;&gt;</a>&nbsp;&nbsp;&nbsp;SVC_Handler
</UL>
<BR>[Called By]<UL><LI><a href="#[10]">&gt;&gt;</a>&nbsp;&nbsp;&nbsp;SVC_Handler
</UL>
<BR>[Address Reference Count : 1]<UL><LI> startup_mb9bf56x.o(RESET)
</UL>
<P><STRONG><a name="[11]"></a>DebugMon_Handler</STRONG> (Thumb, 2 bytes, Stack size 0 bytes, startup_mb9bf56x.o(.text))
<BR><BR>[Calls]<UL><LI><a href="#[11]">&gt;&gt;</a>&nbsp;&nbsp;&nbsp;DebugMon_Handler
</UL>
<BR>[Called By]<UL><LI><a href="#[11]">&gt;&gt;</a>&nbsp;&nbsp;&nbsp;DebugMon_Handler
</UL>
<BR>[Address Reference Count : 1]<UL><LI> startup_mb9bf56x.o(RESET)
</UL>
<P><STRONG><a name="[12]"></a>PendSV_Handler</STRONG> (Thumb, 2 bytes, Stack size 0 bytes, startup_mb9bf56x.o(.text))
<BR><BR>[Calls]<UL><LI><a href="#[12]">&gt;&gt;</a>&nbsp;&nbsp;&nbsp;PendSV_Handler
</UL>
<BR>[Called By]<UL><LI><a href="#[12]">&gt;&gt;</a>&nbsp;&nbsp;&nbsp;PendSV_Handler
</UL>
<BR>[Address Reference Count : 1]<UL><LI> startup_mb9bf56x.o(RESET)
</UL>
<P><STRONG><a name="[bd]"></a>SysTick_Handler</STRONG> (Thumb, 2 bytes, Stack size 0 bytes, startup_mb9bf56x.o(.text), UNUSED)
<BR><BR>[Calls]<UL><LI><a href="#[bd]">&gt;&gt;</a>&nbsp;&nbsp;&nbsp;SysTick_Handler
</UL>
<BR>[Called By]<UL><LI><a href="#[bd]">&gt;&gt;</a>&nbsp;&nbsp;&nbsp;SysTick_Handler
</UL>

<P><STRONG><a name="[60]"></a>ADC0_IRQHandler</STRONG> (Thumb, 0 bytes, Stack size 0 bytes, startup_mb9bf56x.o(.text))
<BR><BR>[Calls]<UL><LI><a href="#[60]">&gt;&gt;</a>&nbsp;&nbsp;&nbsp;ADC0_IRQHandler
</UL>
<BR>[Called By]<UL><LI><a href="#[60]">&gt;&gt;</a>&nbsp;&nbsp;&nbsp;ADC0_IRQHandler
</UL>
<BR>[Address Reference Count : 1]<UL><LI> startup_mb9bf56x.o(RESET)
</UL>
<P><STRONG><a name="[61]"></a>ADC1_IRQHandler</STRONG> (Thumb, 0 bytes, Stack size 0 bytes, startup_mb9bf56x.o(.text))
<BR>[Address Reference Count : 1]<UL><LI> startup_mb9bf56x.o(RESET)
</UL>
<P><STRONG><a name="[83]"></a>ADC2_IRQHandler</STRONG> (Thumb, 0 bytes, Stack size 0 bytes, startup_mb9bf56x.o(.text))
<BR>[Address Reference Count : 1]<UL><LI> startup_mb9bf56x.o(RESET)
</UL>
<P><STRONG><a name="[3b]"></a>BT0_IRQHandler</STRONG> (Thumb, 0 bytes, Stack size 0 bytes, startup_mb9bf56x.o(.text))
<BR>[Address Reference Count : 1]<UL><LI> startup_mb9bf56x.o(RESET)
</UL>
<P><STRONG><a name="[78]"></a>BT10_IRQHandler</STRONG> (Thumb, 0 bytes, Stack size 0 bytes, startup_mb9bf56x.o(.text))
<BR>[Address Reference Count : 1]<UL><LI> startup_mb9bf56x.o(RESET)
</UL>
<P><STRONG><a name="[79]"></a>BT11_IRQHandler</STRONG> (Thumb, 0 bytes, Stack size 0 bytes, startup_mb9bf56x.o(.text))
<BR>[Address Reference Count : 1]<UL><LI> startup_mb9bf56x.o(RESET)
</UL>
<P><STRONG><a name="[7a]"></a>BT12_15_IRQHandler</STRONG> (Thumb, 0 bytes, Stack size 0 bytes, startup_mb9bf56x.o(.text))
<BR>[Address Reference Count : 1]<UL><LI> startup_mb9bf56x.o(RESET)
</UL>
<P><STRONG><a name="[3c]"></a>BT1_IRQHandler</STRONG> (Thumb, 0 bytes, Stack size 0 bytes, startup_mb9bf56x.o(.text))
<BR>[Address Reference Count : 1]<UL><LI> startup_mb9bf56x.o(RESET)
</UL>
<P><STRONG><a name="[3d]"></a>BT2_IRQHandler</STRONG> (Thumb, 0 bytes, Stack size 0 bytes, startup_mb9bf56x.o(.text))
<BR>[Address Reference Count : 1]<UL><LI> startup_mb9bf56x.o(RESET)
</UL>
<P><STRONG><a name="[3e]"></a>BT3_IRQHandler</STRONG> (Thumb, 0 bytes, Stack size 0 bytes, startup_mb9bf56x.o(.text))
<BR>[Address Reference Count : 1]<UL><LI> startup_mb9bf56x.o(RESET)
</UL>
<P><STRONG><a name="[3f]"></a>BT4_IRQHandler</STRONG> (Thumb, 0 bytes, Stack size 0 bytes, startup_mb9bf56x.o(.text))
<BR>[Address Reference Count : 1]<UL><LI> startup_mb9bf56x.o(RESET)
</UL>
<P><STRONG><a name="[40]"></a>BT5_IRQHandler</STRONG> (Thumb, 0 bytes, Stack size 0 bytes, startup_mb9bf56x.o(.text))
<BR>[Address Reference Count : 1]<UL><LI> startup_mb9bf56x.o(RESET)
</UL>
<P><STRONG><a name="[41]"></a>BT6_IRQHandler</STRONG> (Thumb, 0 bytes, Stack size 0 bytes, startup_mb9bf56x.o(.text))
<BR>[Address Reference Count : 1]<UL><LI> startup_mb9bf56x.o(RESET)
</UL>
<P><STRONG><a name="[42]"></a>BT7_IRQHandler</STRONG> (Thumb, 0 bytes, Stack size 0 bytes, startup_mb9bf56x.o(.text))
<BR>[Address Reference Count : 1]<UL><LI> startup_mb9bf56x.o(RESET)
</UL>
<P><STRONG><a name="[76]"></a>BT8_IRQHandler</STRONG> (Thumb, 0 bytes, Stack size 0 bytes, startup_mb9bf56x.o(.text))
<BR>[Address Reference Count : 1]<UL><LI> startup_mb9bf56x.o(RESET)
</UL>
<P><STRONG><a name="[77]"></a>BT9_IRQHandler</STRONG> (Thumb, 0 bytes, Stack size 0 bytes, startup_mb9bf56x.o(.text))
<BR>[Address Reference Count : 1]<UL><LI> startup_mb9bf56x.o(RESET)
</UL>
<P><STRONG><a name="[64]"></a>CAN0_IRQHandler</STRONG> (Thumb, 0 bytes, Stack size 0 bytes, startup_mb9bf56x.o(.text))
<BR>[Address Reference Count : 1]<UL><LI> startup_mb9bf56x.o(RESET)
</UL>
<P><STRONG><a name="[65]"></a>CAN1_IRQHandler</STRONG> (Thumb, 0 bytes, Stack size 0 bytes, startup_mb9bf56x.o(.text))
<BR>[Address Reference Count : 1]<UL><LI> startup_mb9bf56x.o(RESET)
</UL>
<P><STRONG><a name="[14]"></a>CSV_IRQHandler</STRONG> (Thumb, 0 bytes, Stack size 0 bytes, startup_mb9bf56x.o(.text))
<BR>[Address Reference Count : 1]<UL><LI> startup_mb9bf56x.o(RESET)
</UL>
<P><STRONG><a name="[67]"></a>DMAC0_IRQHandler</STRONG> (Thumb, 0 bytes, Stack size 0 bytes, startup_mb9bf56x.o(.text))
<BR>[Address Reference Count : 1]<UL><LI> startup_mb9bf56x.o(RESET)
</UL>
<P><STRONG><a name="[68]"></a>DMAC1_IRQHandler</STRONG> (Thumb, 0 bytes, Stack size 0 bytes, startup_mb9bf56x.o(.text))
<BR>[Address Reference Count : 1]<UL><LI> startup_mb9bf56x.o(RESET)
</UL>
<P><STRONG><a name="[69]"></a>DMAC2_IRQHandler</STRONG> (Thumb, 0 bytes, Stack size 0 bytes, startup_mb9bf56x.o(.text))
<BR>[Address Reference Count : 1]<UL><LI> startup_mb9bf56x.o(RESET)
</UL>
<P><STRONG><a name="[6a]"></a>DMAC3_IRQHandler</STRONG> (Thumb, 0 bytes, Stack size 0 bytes, startup_mb9bf56x.o(.text))
<BR>[Address Reference Count : 1]<UL><LI> startup_mb9bf56x.o(RESET)
</UL>
<P><STRONG><a name="[6b]"></a>DMAC4_IRQHandler</STRONG> (Thumb, 0 bytes, Stack size 0 bytes, startup_mb9bf56x.o(.text))
<BR>[Address Reference Count : 1]<UL><LI> startup_mb9bf56x.o(RESET)
</UL>
<P><STRONG><a name="[6c]"></a>DMAC5_IRQHandler</STRONG> (Thumb, 0 bytes, Stack size 0 bytes, startup_mb9bf56x.o(.text))
<BR>[Address Reference Count : 1]<UL><LI> startup_mb9bf56x.o(RESET)
</UL>
<P><STRONG><a name="[6d]"></a>DMAC6_IRQHandler</STRONG> (Thumb, 0 bytes, Stack size 0 bytes, startup_mb9bf56x.o(.text))
<BR>[Address Reference Count : 1]<UL><LI> startup_mb9bf56x.o(RESET)
</UL>
<P><STRONG><a name="[6e]"></a>DMAC7_IRQHandler</STRONG> (Thumb, 0 bytes, Stack size 0 bytes, startup_mb9bf56x.o(.text))
<BR>[Address Reference Count : 1]<UL><LI> startup_mb9bf56x.o(RESET)
</UL>
<P><STRONG><a name="[6f]"></a>DSTC_IRQHandler</STRONG> (Thumb, 0 bytes, Stack size 0 bytes, startup_mb9bf56x.o(.text))
<BR>[Address Reference Count : 1]<UL><LI> startup_mb9bf56x.o(RESET)
</UL>
<P><STRONG><a name="[84]"></a>Dummy</STRONG> (Thumb, 0 bytes, Stack size 0 bytes, startup_mb9bf56x.o(.text))
<BR>[Address Reference Count : 1]<UL><LI> startup_mb9bf56x.o(RESET)
</UL>
<P><STRONG><a name="[66]"></a>ETHER0_IRQHandler</STRONG> (Thumb, 0 bytes, Stack size 0 bytes, startup_mb9bf56x.o(.text))
<BR>[Address Reference Count : 1]<UL><LI> startup_mb9bf56x.o(RESET)
</UL>
<P><STRONG><a name="[1f]"></a>EXINT0_IRQHandler</STRONG> (Thumb, 0 bytes, Stack size 0 bytes, startup_mb9bf56x.o(.text))
<BR>[Address Reference Count : 1]<UL><LI> startup_mb9bf56x.o(RESET)
</UL>
<P><STRONG><a name="[70]"></a>EXINT16_17_18_19_IRQHandler</STRONG> (Thumb, 0 bytes, Stack size 0 bytes, startup_mb9bf56x.o(.text))
<BR>[Address Reference Count : 1]<UL><LI> startup_mb9bf56x.o(RESET)
</UL>
<P><STRONG><a name="[20]"></a>EXINT1_IRQHandler</STRONG> (Thumb, 0 bytes, Stack size 0 bytes, startup_mb9bf56x.o(.text))
<BR>[Address Reference Count : 1]<UL><LI> startup_mb9bf56x.o(RESET)
</UL>
<P><STRONG><a name="[71]"></a>EXINT20_21_22_23_IRQHandler</STRONG> (Thumb, 0 bytes, Stack size 0 bytes, startup_mb9bf56x.o(.text))
<BR>[Address Reference Count : 1]<UL><LI> startup_mb9bf56x.o(RESET)
</UL>
<P><STRONG><a name="[72]"></a>EXINT24_25_26_27_IRQHandler</STRONG> (Thumb, 0 bytes, Stack size 0 bytes, startup_mb9bf56x.o(.text))
<BR>[Address Reference Count : 1]<UL><LI> startup_mb9bf56x.o(RESET)
</UL>
<P><STRONG><a name="[73]"></a>EXINT28_29_30_31_IRQHandler</STRONG> (Thumb, 0 bytes, Stack size 0 bytes, startup_mb9bf56x.o(.text))
<BR>[Address Reference Count : 1]<UL><LI> startup_mb9bf56x.o(RESET)
</UL>
<P><STRONG><a name="[21]"></a>EXINT2_IRQHandler</STRONG> (Thumb, 0 bytes, Stack size 0 bytes, startup_mb9bf56x.o(.text))
<BR>[Address Reference Count : 1]<UL><LI> startup_mb9bf56x.o(RESET)
</UL>
<P><STRONG><a name="[22]"></a>EXINT3_IRQHandler</STRONG> (Thumb, 0 bytes, Stack size 0 bytes, startup_mb9bf56x.o(.text))
<BR>[Address Reference Count : 1]<UL><LI> startup_mb9bf56x.o(RESET)
</UL>
<P><STRONG><a name="[23]"></a>EXINT4_IRQHandler</STRONG> (Thumb, 0 bytes, Stack size 0 bytes, startup_mb9bf56x.o(.text))
<BR>[Address Reference Count : 1]<UL><LI> startup_mb9bf56x.o(RESET)
</UL>
<P><STRONG><a name="[24]"></a>EXINT5_IRQHandler</STRONG> (Thumb, 0 bytes, Stack size 0 bytes, startup_mb9bf56x.o(.text))
<BR>[Address Reference Count : 1]<UL><LI> startup_mb9bf56x.o(RESET)
</UL>
<P><STRONG><a name="[25]"></a>EXINT6_IRQHandler</STRONG> (Thumb, 0 bytes, Stack size 0 bytes, startup_mb9bf56x.o(.text))
<BR>[Address Reference Count : 1]<UL><LI> startup_mb9bf56x.o(RESET)
</UL>
<P><STRONG><a name="[26]"></a>EXINT7_IRQHandler</STRONG> (Thumb, 0 bytes, Stack size 0 bytes, startup_mb9bf56x.o(.text))
<BR>[Address Reference Count : 1]<UL><LI> startup_mb9bf56x.o(RESET)
</UL>
<P><STRONG><a name="[45]"></a>EXTBUS_ERR_Handler</STRONG> (Thumb, 0 bytes, Stack size 0 bytes, startup_mb9bf56x.o(.text))
<BR>[Address Reference Count : 1]<UL><LI> startup_mb9bf56x.o(RESET)
</UL>
<P><STRONG><a name="[49]"></a>EXTINT10_IRQHandler</STRONG> (Thumb, 0 bytes, Stack size 0 bytes, startup_mb9bf56x.o(.text))
<BR>[Address Reference Count : 1]<UL><LI> startup_mb9bf56x.o(RESET)
</UL>
<P><STRONG><a name="[4a]"></a>EXTINT11_IRQHandler</STRONG> (Thumb, 0 bytes, Stack size 0 bytes, startup_mb9bf56x.o(.text))
<BR>[Address Reference Count : 1]<UL><LI> startup_mb9bf56x.o(RESET)
</UL>
<P><STRONG><a name="[4b]"></a>EXTINT12_IRQHandler</STRONG> (Thumb, 0 bytes, Stack size 0 bytes, startup_mb9bf56x.o(.text))
<BR>[Address Reference Count : 1]<UL><LI> startup_mb9bf56x.o(RESET)
</UL>
<P><STRONG><a name="[4c]"></a>EXTINT13_IRQHandler</STRONG> (Thumb, 0 bytes, Stack size 0 bytes, startup_mb9bf56x.o(.text))
<BR>[Address Reference Count : 1]<UL><LI> startup_mb9bf56x.o(RESET)
</UL>
<P><STRONG><a name="[4d]"></a>EXTINT14_IRQHandler</STRONG> (Thumb, 0 bytes, Stack size 0 bytes, startup_mb9bf56x.o(.text))
<BR>[Address Reference Count : 1]<UL><LI> startup_mb9bf56x.o(RESET)
</UL>
<P><STRONG><a name="[4e]"></a>EXTINT15_IRQHandler</STRONG> (Thumb, 0 bytes, Stack size 0 bytes, startup_mb9bf56x.o(.text))
<BR>[Address Reference Count : 1]<UL><LI> startup_mb9bf56x.o(RESET)
</UL>
<P><STRONG><a name="[48]"></a>EXTINT9_IRQHandler</STRONG> (Thumb, 0 bytes, Stack size 0 bytes, startup_mb9bf56x.o(.text))
<BR>[Address Reference Count : 1]<UL><LI> startup_mb9bf56x.o(RESET)
</UL>
<P><STRONG><a name="[88]"></a>FLASHIF_IRQHandler</STRONG> (Thumb, 0 bytes, Stack size 0 bytes, startup_mb9bf56x.o(.text))
<BR>[Address Reference Count : 1]<UL><LI> startup_mb9bf56x.o(RESET)
</UL>
<P><STRONG><a name="[2c]"></a>FRT0_PEAK_IRQHandler</STRONG> (Thumb, 0 bytes, Stack size 0 bytes, startup_mb9bf56x.o(.text))
<BR>[Address Reference Count : 1]<UL><LI> startup_mb9bf56x.o(RESET)
</UL>
<P><STRONG><a name="[2d]"></a>FRT0_ZERO_IRQHandler</STRONG> (Thumb, 0 bytes, Stack size 0 bytes, startup_mb9bf56x.o(.text))
<BR>[Address Reference Count : 1]<UL><LI> startup_mb9bf56x.o(RESET)
</UL>
<P><STRONG><a name="[30]"></a>FRT1_PEAK_IRQHandler</STRONG> (Thumb, 0 bytes, Stack size 0 bytes, startup_mb9bf56x.o(.text))
<BR>[Address Reference Count : 1]<UL><LI> startup_mb9bf56x.o(RESET)
</UL>
<P><STRONG><a name="[31]"></a>FRT1_ZERO_IRQHandler</STRONG> (Thumb, 0 bytes, Stack size 0 bytes, startup_mb9bf56x.o(.text))
<BR>[Address Reference Count : 1]<UL><LI> startup_mb9bf56x.o(RESET)
</UL>
<P><STRONG><a name="[34]"></a>FRT2_PEAK_IRQHandler</STRONG> (Thumb, 0 bytes, Stack size 0 bytes, startup_mb9bf56x.o(.text))
<BR>[Address Reference Count : 1]<UL><LI> startup_mb9bf56x.o(RESET)
</UL>
<P><STRONG><a name="[35]"></a>FRT2_ZERO_IRQHandler</STRONG> (Thumb, 0 bytes, Stack size 0 bytes, startup_mb9bf56x.o(.text))
<BR>[Address Reference Count : 1]<UL><LI> startup_mb9bf56x.o(RESET)
</UL>
<P><STRONG><a name="[2e]"></a>ICU0_IRQHandler</STRONG> (Thumb, 0 bytes, Stack size 0 bytes, startup_mb9bf56x.o(.text))
<BR>[Address Reference Count : 1]<UL><LI> startup_mb9bf56x.o(RESET)
</UL>
<P><STRONG><a name="[32]"></a>ICU1_IRQHandler</STRONG> (Thumb, 0 bytes, Stack size 0 bytes, startup_mb9bf56x.o(.text))
<BR>[Address Reference Count : 1]<UL><LI> startup_mb9bf56x.o(RESET)
</UL>
<P><STRONG><a name="[36]"></a>ICU2_IRQHandler</STRONG> (Thumb, 0 bytes, Stack size 0 bytes, startup_mb9bf56x.o(.text))
<BR>[Address Reference Count : 1]<UL><LI> startup_mb9bf56x.o(RESET)
</UL>
<P><STRONG><a name="[17]"></a>IRQ003SEL_IRQHandler</STRONG> (Thumb, 0 bytes, Stack size 0 bytes, startup_mb9bf56x.o(.text))
<BR>[Address Reference Count : 1]<UL><LI> startup_mb9bf56x.o(RESET)
</UL>
<P><STRONG><a name="[18]"></a>IRQ004SEL_IRQHandler</STRONG> (Thumb, 0 bytes, Stack size 0 bytes, startup_mb9bf56x.o(.text))
<BR>[Address Reference Count : 1]<UL><LI> startup_mb9bf56x.o(RESET)
</UL>
<P><STRONG><a name="[19]"></a>IRQ005SEL_IRQHandler</STRONG> (Thumb, 0 bytes, Stack size 0 bytes, startup_mb9bf56x.o(.text))
<BR>[Address Reference Count : 1]<UL><LI> startup_mb9bf56x.o(RESET)
</UL>
<P><STRONG><a name="[1a]"></a>IRQ006SEL_IRQHandler</STRONG> (Thumb, 0 bytes, Stack size 0 bytes, startup_mb9bf56x.o(.text))
<BR>[Address Reference Count : 1]<UL><LI> startup_mb9bf56x.o(RESET)
</UL>
<P><STRONG><a name="[1b]"></a>IRQ007SEL_IRQHandler</STRONG> (Thumb, 0 bytes, Stack size 0 bytes, startup_mb9bf56x.o(.text))
<BR>[Address Reference Count : 1]<UL><LI> startup_mb9bf56x.o(RESET)
</UL>
<P><STRONG><a name="[1c]"></a>IRQ008SEL_IRQHandler</STRONG> (Thumb, 0 bytes, Stack size 0 bytes, startup_mb9bf56x.o(.text))
<BR>[Address Reference Count : 1]<UL><LI> startup_mb9bf56x.o(RESET)
</UL>
<P><STRONG><a name="[1d]"></a>IRQ009SEL_IRQHandler</STRONG> (Thumb, 0 bytes, Stack size 0 bytes, startup_mb9bf56x.o(.text))
<BR>[Address Reference Count : 1]<UL><LI> startup_mb9bf56x.o(RESET)
</UL>
<P><STRONG><a name="[1e]"></a>IRQ010SEL_IRQHandler</STRONG> (Thumb, 0 bytes, Stack size 0 bytes, startup_mb9bf56x.o(.text))
<BR>[Address Reference Count : 1]<UL><LI> startup_mb9bf56x.o(RESET)
</UL>
<P><STRONG><a name="[16]"></a>LVD_IRQHandler</STRONG> (Thumb, 0 bytes, Stack size 0 bytes, startup_mb9bf56x.o(.text))
<BR>[Address Reference Count : 1]<UL><LI> startup_mb9bf56x.o(RESET)
</UL>
<P><STRONG><a name="[50]"></a>MFS0_RX_IRQHandler</STRONG> (Thumb, 0 bytes, Stack size 0 bytes, startup_mb9bf56x.o(.text))
<BR>[Address Reference Count : 1]<UL><LI> startup_mb9bf56x.o(RESET)
</UL>
<P><STRONG><a name="[51]"></a>MFS0_TX_IRQHandler</STRONG> (Thumb, 0 bytes, Stack size 0 bytes, startup_mb9bf56x.o(.text))
<BR>[Address Reference Count : 1]<UL><LI> startup_mb9bf56x.o(RESET)
</UL>
<P><STRONG><a name="[7f]"></a>MFS10_RX_IRQHandler</STRONG> (Thumb, 0 bytes, Stack size 0 bytes, startup_mb9bf56x.o(.text))
<BR>[Address Reference Count : 1]<UL><LI> startup_mb9bf56x.o(RESET)
</UL>
<P><STRONG><a name="[80]"></a>MFS10_TX_IRQHandler</STRONG> (Thumb, 0 bytes, Stack size 0 bytes, startup_mb9bf56x.o(.text))
<BR>[Address Reference Count : 1]<UL><LI> startup_mb9bf56x.o(RESET)
</UL>
<P><STRONG><a name="[81]"></a>MFS11_RX_IRQHandler</STRONG> (Thumb, 0 bytes, Stack size 0 bytes, startup_mb9bf56x.o(.text))
<BR>[Address Reference Count : 1]<UL><LI> startup_mb9bf56x.o(RESET)
</UL>
<P><STRONG><a name="[82]"></a>MFS11_TX_IRQHandler</STRONG> (Thumb, 0 bytes, Stack size 0 bytes, startup_mb9bf56x.o(.text))
<BR>[Address Reference Count : 1]<UL><LI> startup_mb9bf56x.o(RESET)
</UL>
<P><STRONG><a name="[89]"></a>MFS12_RX_IRQHandler</STRONG> (Thumb, 0 bytes, Stack size 0 bytes, startup_mb9bf56x.o(.text))
<BR>[Address Reference Count : 1]<UL><LI> startup_mb9bf56x.o(RESET)
</UL>
<P><STRONG><a name="[8a]"></a>MFS12_TX_IRQHandler</STRONG> (Thumb, 0 bytes, Stack size 0 bytes, startup_mb9bf56x.o(.text))
<BR>[Address Reference Count : 1]<UL><LI> startup_mb9bf56x.o(RESET)
</UL>
<P><STRONG><a name="[8b]"></a>MFS13_RX_IRQHandler</STRONG> (Thumb, 0 bytes, Stack size 0 bytes, startup_mb9bf56x.o(.text))
<BR>[Address Reference Count : 1]<UL><LI> startup_mb9bf56x.o(RESET)
</UL>
<P><STRONG><a name="[8c]"></a>MFS13_TX_IRQHandler</STRONG> (Thumb, 0 bytes, Stack size 0 bytes, startup_mb9bf56x.o(.text))
<BR>[Address Reference Count : 1]<UL><LI> startup_mb9bf56x.o(RESET)
</UL>
<P><STRONG><a name="[8d]"></a>MFS14_RX_IRQHandler</STRONG> (Thumb, 0 bytes, Stack size 0 bytes, startup_mb9bf56x.o(.text))
<BR>[Address Reference Count : 1]<UL><LI> startup_mb9bf56x.o(RESET)
</UL>
<P><STRONG><a name="[8e]"></a>MFS14_TX_IRQHandler</STRONG> (Thumb, 0 bytes, Stack size 0 bytes, startup_mb9bf56x.o(.text))
<BR>[Address Reference Count : 1]<UL><LI> startup_mb9bf56x.o(RESET)
</UL>
<P><STRONG><a name="[8f]"></a>MFS15_RX_IRQHandler</STRONG> (Thumb, 0 bytes, Stack size 0 bytes, startup_mb9bf56x.o(.text))
<BR>[Address Reference Count : 1]<UL><LI> startup_mb9bf56x.o(RESET)
</UL>
<P><STRONG><a name="[90]"></a>MFS15_TX_IRQHandler</STRONG> (Thumb, 0 bytes, Stack size 0 bytes, startup_mb9bf56x.o(.text))
<BR>[Address Reference Count : 1]<UL><LI> startup_mb9bf56x.o(RESET)
</UL>
<P><STRONG><a name="[52]"></a>MFS1_RX_IRQHandler</STRONG> (Thumb, 0 bytes, Stack size 0 bytes, startup_mb9bf56x.o(.text))
<BR>[Address Reference Count : 1]<UL><LI> startup_mb9bf56x.o(RESET)
</UL>
<P><STRONG><a name="[53]"></a>MFS1_TX_IRQHandler</STRONG> (Thumb, 0 bytes, Stack size 0 bytes, startup_mb9bf56x.o(.text))
<BR>[Address Reference Count : 1]<UL><LI> startup_mb9bf56x.o(RESET)
</UL>
<P><STRONG><a name="[54]"></a>MFS2_RX_IRQHandler</STRONG> (Thumb, 0 bytes, Stack size 0 bytes, startup_mb9bf56x.o(.text))
<BR>[Address Reference Count : 1]<UL><LI> startup_mb9bf56x.o(RESET)
</UL>
<P><STRONG><a name="[55]"></a>MFS2_TX_IRQHandler</STRONG> (Thumb, 0 bytes, Stack size 0 bytes, startup_mb9bf56x.o(.text))
<BR>[Address Reference Count : 1]<UL><LI> startup_mb9bf56x.o(RESET)
</UL>
<P><STRONG><a name="[56]"></a>MFS3_RX_IRQHandler</STRONG> (Thumb, 0 bytes, Stack size 0 bytes, startup_mb9bf56x.o(.text))
<BR>[Address Reference Count : 1]<UL><LI> startup_mb9bf56x.o(RESET)
</UL>
<P><STRONG><a name="[57]"></a>MFS3_TX_IRQHandler</STRONG> (Thumb, 0 bytes, Stack size 0 bytes, startup_mb9bf56x.o(.text))
<BR>[Address Reference Count : 1]<UL><LI> startup_mb9bf56x.o(RESET)
</UL>
<P><STRONG><a name="[58]"></a>MFS4_RX_IRQHandler</STRONG> (Thumb, 0 bytes, Stack size 0 bytes, startup_mb9bf56x.o(.text))
<BR>[Address Reference Count : 1]<UL><LI> startup_mb9bf56x.o(RESET)
</UL>
<P><STRONG><a name="[59]"></a>MFS4_TX_IRQHandler</STRONG> (Thumb, 0 bytes, Stack size 0 bytes, startup_mb9bf56x.o(.text))
<BR>[Address Reference Count : 1]<UL><LI> startup_mb9bf56x.o(RESET)
</UL>
<P><STRONG><a name="[5a]"></a>MFS5_RX_IRQHandler</STRONG> (Thumb, 0 bytes, Stack size 0 bytes, startup_mb9bf56x.o(.text))
<BR>[Address Reference Count : 1]<UL><LI> startup_mb9bf56x.o(RESET)
</UL>
<P><STRONG><a name="[5b]"></a>MFS5_TX_IRQHandler</STRONG> (Thumb, 0 bytes, Stack size 0 bytes, startup_mb9bf56x.o(.text))
<BR>[Address Reference Count : 1]<UL><LI> startup_mb9bf56x.o(RESET)
</UL>
<P><STRONG><a name="[5c]"></a>MFS6_RX_IRQHandler</STRONG> (Thumb, 0 bytes, Stack size 0 bytes, startup_mb9bf56x.o(.text))
<BR>[Address Reference Count : 1]<UL><LI> startup_mb9bf56x.o(RESET)
</UL>
<P><STRONG><a name="[5d]"></a>MFS6_TX_IRQHandler</STRONG> (Thumb, 0 bytes, Stack size 0 bytes, startup_mb9bf56x.o(.text))
<BR>[Address Reference Count : 1]<UL><LI> startup_mb9bf56x.o(RESET)
</UL>
<P><STRONG><a name="[5e]"></a>MFS7_RX_IRQHandler</STRONG> (Thumb, 0 bytes, Stack size 0 bytes, startup_mb9bf56x.o(.text))
<BR>[Address Reference Count : 1]<UL><LI> startup_mb9bf56x.o(RESET)
</UL>
<P><STRONG><a name="[5f]"></a>MFS7_TX_IRQHandler</STRONG> (Thumb, 0 bytes, Stack size 0 bytes, startup_mb9bf56x.o(.text))
<BR>[Address Reference Count : 1]<UL><LI> startup_mb9bf56x.o(RESET)
</UL>
<P><STRONG><a name="[7b]"></a>MFS8_RX_IRQHandler</STRONG> (Thumb, 0 bytes, Stack size 0 bytes, startup_mb9bf56x.o(.text))
<BR>[Address Reference Count : 1]<UL><LI> startup_mb9bf56x.o(RESET)
</UL>
<P><STRONG><a name="[7c]"></a>MFS8_TX_IRQHandler</STRONG> (Thumb, 0 bytes, Stack size 0 bytes, startup_mb9bf56x.o(.text))
<BR>[Address Reference Count : 1]<UL><LI> startup_mb9bf56x.o(RESET)
</UL>
<P><STRONG><a name="[7d]"></a>MFS9_RX_IRQHandler</STRONG> (Thumb, 0 bytes, Stack size 0 bytes, startup_mb9bf56x.o(.text))
<BR>[Address Reference Count : 1]<UL><LI> startup_mb9bf56x.o(RESET)
</UL>
<P><STRONG><a name="[7e]"></a>MFS9_TX_IRQHandler</STRONG> (Thumb, 0 bytes, Stack size 0 bytes, startup_mb9bf56x.o(.text))
<BR>[Address Reference Count : 1]<UL><LI> startup_mb9bf56x.o(RESET)
</UL>
<P><STRONG><a name="[2f]"></a>OCU0_IRQHandler</STRONG> (Thumb, 0 bytes, Stack size 0 bytes, startup_mb9bf56x.o(.text))
<BR>[Address Reference Count : 1]<UL><LI> startup_mb9bf56x.o(RESET)
</UL>
<P><STRONG><a name="[33]"></a>OCU1_IRQHandler</STRONG> (Thumb, 0 bytes, Stack size 0 bytes, startup_mb9bf56x.o(.text))
<BR>[Address Reference Count : 1]<UL><LI> startup_mb9bf56x.o(RESET)
</UL>
<P><STRONG><a name="[37]"></a>OCU2_IRQHandler</STRONG> (Thumb, 0 bytes, Stack size 0 bytes, startup_mb9bf56x.o(.text))
<BR>[Address Reference Count : 1]<UL><LI> startup_mb9bf56x.o(RESET)
</UL>
<P><STRONG><a name="[38]"></a>PPG00_02_04_IRQHandler</STRONG> (Thumb, 0 bytes, Stack size 0 bytes, startup_mb9bf56x.o(.text))
<BR>[Address Reference Count : 1]<UL><LI> startup_mb9bf56x.o(RESET)
</UL>
<P><STRONG><a name="[39]"></a>PPG08_10_12_IRQHandler</STRONG> (Thumb, 0 bytes, Stack size 0 bytes, startup_mb9bf56x.o(.text))
<BR>[Address Reference Count : 1]<UL><LI> startup_mb9bf56x.o(RESET)
</UL>
<P><STRONG><a name="[3a]"></a>PPG16_18_20_IRQHandler</STRONG> (Thumb, 0 bytes, Stack size 0 bytes, startup_mb9bf56x.o(.text))
<BR>[Address Reference Count : 1]<UL><LI> startup_mb9bf56x.o(RESET)
</UL>
<P><STRONG><a name="[27]"></a>QPRC0_IRQHandler</STRONG> (Thumb, 0 bytes, Stack size 0 bytes, startup_mb9bf56x.o(.text))
<BR>[Address Reference Count : 1]<UL><LI> startup_mb9bf56x.o(RESET)
</UL>
<P><STRONG><a name="[28]"></a>QPRC1_IRQHandler</STRONG> (Thumb, 0 bytes, Stack size 0 bytes, startup_mb9bf56x.o(.text))
<BR>[Address Reference Count : 1]<UL><LI> startup_mb9bf56x.o(RESET)
</UL>
<P><STRONG><a name="[74]"></a>QPRC2_IRQHandler</STRONG> (Thumb, 0 bytes, Stack size 0 bytes, startup_mb9bf56x.o(.text))
<BR>[Address Reference Count : 1]<UL><LI> startup_mb9bf56x.o(RESET)
</UL>
<P><STRONG><a name="[75]"></a>QPRC3_IRQHandler</STRONG> (Thumb, 0 bytes, Stack size 0 bytes, startup_mb9bf56x.o(.text))
<BR>[Address Reference Count : 1]<UL><LI> startup_mb9bf56x.o(RESET)
</UL>
<P><STRONG><a name="[46]"></a>RTC_IRQHandler</STRONG> (Thumb, 0 bytes, Stack size 0 bytes, startup_mb9bf56x.o(.text))
<BR>[Address Reference Count : 1]<UL><LI> startup_mb9bf56x.o(RESET)
</UL>
<P><STRONG><a name="[87]"></a>SD_IRQHandler</STRONG> (Thumb, 0 bytes, Stack size 0 bytes, startup_mb9bf56x.o(.text))
<BR>[Address Reference Count : 1]<UL><LI> startup_mb9bf56x.o(RESET)
</UL>
<P><STRONG><a name="[15]"></a>SWDT_IRQHandler</STRONG> (Thumb, 0 bytes, Stack size 0 bytes, startup_mb9bf56x.o(.text))
<BR>[Address Reference Count : 1]<UL><LI> startup_mb9bf56x.o(RESET)
</UL>
<P><STRONG><a name="[4f]"></a>TIM_IRQHandler</STRONG> (Thumb, 0 bytes, Stack size 0 bytes, startup_mb9bf56x.o(.text))
<BR>[Address Reference Count : 1]<UL><LI> startup_mb9bf56x.o(RESET)
</UL>
<P><STRONG><a name="[63]"></a>USB0_HOST_IRQHandler</STRONG> (Thumb, 0 bytes, Stack size 0 bytes, startup_mb9bf56x.o(.text))
<BR>[Address Reference Count : 1]<UL><LI> startup_mb9bf56x.o(RESET)
</UL>
<P><STRONG><a name="[62]"></a>USB0_IRQHandler</STRONG> (Thumb, 0 bytes, Stack size 0 bytes, startup_mb9bf56x.o(.text))
<BR>[Address Reference Count : 1]<UL><LI> startup_mb9bf56x.o(RESET)
</UL>
<P><STRONG><a name="[86]"></a>USB1_HOST_IRQHandler</STRONG> (Thumb, 0 bytes, Stack size 0 bytes, startup_mb9bf56x.o(.text))
<BR>[Address Reference Count : 1]<UL><LI> startup_mb9bf56x.o(RESET)
</UL>
<P><STRONG><a name="[85]"></a>USB1_IRQHandler</STRONG> (Thumb, 0 bytes, Stack size 0 bytes, startup_mb9bf56x.o(.text))
<BR>[Address Reference Count : 1]<UL><LI> startup_mb9bf56x.o(RESET)
</UL>
<P><STRONG><a name="[44]"></a>WC_IRQHandler</STRONG> (Thumb, 0 bytes, Stack size 0 bytes, startup_mb9bf56x.o(.text))
<BR>[Address Reference Count : 1]<UL><LI> startup_mb9bf56x.o(RESET)
</UL>
<P><STRONG><a name="[29]"></a>WFG0_DTIF0_IRQHandler</STRONG> (Thumb, 0 bytes, Stack size 0 bytes, startup_mb9bf56x.o(.text))
<BR>[Address Reference Count : 1]<UL><LI> startup_mb9bf56x.o(RESET)
</UL>
<P><STRONG><a name="[2a]"></a>WFG1_DTIF1_IRQHandler</STRONG> (Thumb, 0 bytes, Stack size 0 bytes, startup_mb9bf56x.o(.text))
<BR>[Address Reference Count : 1]<UL><LI> startup_mb9bf56x.o(RESET)
</UL>
<P><STRONG><a name="[2b]"></a>WFG2_DTIF2_IRQHandler</STRONG> (Thumb, 0 bytes, Stack size 0 bytes, startup_mb9bf56x.o(.text))
<BR>[Address Reference Count : 1]<UL><LI> startup_mb9bf56x.o(RESET)
</UL>
<P><STRONG><a name="[238]"></a>__user_initial_stackheap</STRONG> (Thumb, 0 bytes, Stack size unknown bytes, startup_mb9bf56x.o(.text))
<BR><BR>[Called By]<UL><LI><a href="#[b3]">&gt;&gt;</a>&nbsp;&nbsp;&nbsp;__user_setup_stackheap
</UL>

<P><STRONG><a name="[269]"></a>SystemCoreClockUpdate</STRONG> (Thumb, 178 bytes, Stack size 0 bytes, system_mb9abxxx.o(.text), UNUSED)

<P><STRONG><a name="[91]"></a>SystemInit</STRONG> (Thumb, 240 bytes, Stack size 0 bytes, system_mb9abxxx.o(.text))
<BR>[Address Reference Count : 1]<UL><LI> startup_mb9bf56x.o(.text)
</UL>
<P><STRONG><a name="[be]"></a>printString(unsigned short, unsigned short, char*)</STRONG> (Thumb, 44 bytes, Stack size 24 bytes, main.o(.text))
<BR><BR>[Stack]<UL><LI>Max Depth = 112<LI>Call Chain = printString(unsigned short, unsigned short, char*) &rArr; Adafruit_GFX::write(unsigned char) &rArr; Adafruit_GFX::drawChar(short, short, unsigned char, unsigned short, unsigned short, unsigned char)
</UL>
<BR>[Calls]<UL><LI><a href="#[bf]">&gt;&gt;</a>&nbsp;&nbsp;&nbsp;Adafruit_GFX::setCursor(short, short)
<LI><a href="#[9b]">&gt;&gt;</a>&nbsp;&nbsp;&nbsp;Adafruit_GFX::write(unsigned char)
</UL>
<BR>[Called By]<UL><LI><a href="#[b7]">&gt;&gt;</a>&nbsp;&nbsp;&nbsp;main
</UL>

<P><STRONG><a name="[c0]"></a>init_master()</STRONG> (Thumb, 24 bytes, Stack size 8 bytes, main.o(.text))
<BR><BR>[Stack]<UL><LI>Max Depth = 2168<LI>Call Chain = init_master() &rArr; WaitForSPPConnComplete &rArr; WyzBee_LinkKeyReply &rArr; RSI_BT_GetRespPayload &rArr; rsi_frame_read &rArr; rsi_pkt_rd &rArr; rsi_send_c3c4 &rArr; rsi_spi_send &rArr; Mfs_WriteData &rArr; MfsGetInternDataPtr
</UL>
<BR>[Calls]<UL><LI><a href="#[c1]">&gt;&gt;</a>&nbsp;&nbsp;&nbsp;WyzBee_SetLocalName
<LI><a href="#[c2]">&gt;&gt;</a>&nbsp;&nbsp;&nbsp;WyzBee_SPPConnet
<LI><a href="#[c3]">&gt;&gt;</a>&nbsp;&nbsp;&nbsp;WaitForSPPConnComplete
</UL>
<BR>[Called By]<UL><LI><a href="#[b7]">&gt;&gt;</a>&nbsp;&nbsp;&nbsp;main
</UL>

<P><STRONG><a name="[c4]"></a>init_slave()</STRONG> (Thumb, 16 bytes, Stack size 8 bytes, main.o(.text), UNUSED)
<BR><BR>[Calls]<UL><LI><a href="#[c1]">&gt;&gt;</a>&nbsp;&nbsp;&nbsp;WyzBee_SetLocalName
<LI><a href="#[c3]">&gt;&gt;</a>&nbsp;&nbsp;&nbsp;WaitForSPPConnComplete
</UL>

<P><STRONG><a name="[b7]"></a>main</STRONG> (Thumb, 288 bytes, Stack size 136 bytes, main.o(.text))
<BR><BR>[Stack]<UL><LI>Max Depth = 2440<LI>Call Chain = main &rArr; WyzBee_SPPTransfer &rArr; RSI_BT_GetRespPayload &rArr; rsi_frame_read &rArr; rsi_pkt_rd &rArr; rsi_send_c3c4 &rArr; rsi_spi_send &rArr; Mfs_WriteData &rArr; MfsGetInternDataPtr
</UL>
<BR>[Calls]<UL><LI><a href="#[c5]">&gt;&gt;</a>&nbsp;&nbsp;&nbsp;sys_ticks_init
<LI><a href="#[ce]">&gt;&gt;</a>&nbsp;&nbsp;&nbsp;infrared_init
<LI><a href="#[d1]">&gt;&gt;</a>&nbsp;&nbsp;&nbsp;game_update
<LI><a href="#[d0]">&gt;&gt;</a>&nbsp;&nbsp;&nbsp;game_init
<LI><a href="#[cb]">&gt;&gt;</a>&nbsp;&nbsp;&nbsp;Adafruit_SSD1351::begin()
<LI><a href="#[9f]">&gt;&gt;</a>&nbsp;&nbsp;&nbsp;Adafruit_SSD1351::fillScreen(unsigned short)
<LI><a href="#[cc]">&gt;&gt;</a>&nbsp;&nbsp;&nbsp;Adafruit_GFX::setTextColor(unsigned short, unsigned short)
<LI><a href="#[cd]">&gt;&gt;</a>&nbsp;&nbsp;&nbsp;Adafruit_GFX::setTextSize(unsigned char)
<LI><a href="#[c7]">&gt;&gt;</a>&nbsp;&nbsp;&nbsp;WyzBee_SetDiscoverMode
<LI><a href="#[c8]">&gt;&gt;</a>&nbsp;&nbsp;&nbsp;WyzBee_SetConnMode
<LI><a href="#[cf]">&gt;&gt;</a>&nbsp;&nbsp;&nbsp;WyzBee_SPPTransfer
<LI><a href="#[c9]">&gt;&gt;</a>&nbsp;&nbsp;&nbsp;WyzBee_InitSppProfile
<LI><a href="#[c6]">&gt;&gt;</a>&nbsp;&nbsp;&nbsp;WyzBee_BT_init
<LI><a href="#[ca]">&gt;&gt;</a>&nbsp;&nbsp;&nbsp;WyzBeeSpi_Init
<LI><a href="#[c0]">&gt;&gt;</a>&nbsp;&nbsp;&nbsp;init_master()
<LI><a href="#[be]">&gt;&gt;</a>&nbsp;&nbsp;&nbsp;printString(unsigned short, unsigned short, char*)
</UL>
<BR>[Called By]<UL><LI><a href="#[b6]">&gt;&gt;</a>&nbsp;&nbsp;&nbsp;__rt_entry_main
</UL>

<P><STRONG><a name="[d5]"></a>extract</STRONG> (Thumb, 42 bytes, Stack size 16 bytes, infrared.o(.text))
<BR><BR>[Stack]<UL><LI>Max Depth = 16<LI>Call Chain = extract
</UL>
<BR>[Called By]<UL><LI><a href="#[d3]">&gt;&gt;</a>&nbsp;&nbsp;&nbsp;IR_ISR
</UL>

<P><STRONG><a name="[d3]"></a>IR_ISR</STRONG> (Thumb, 418 bytes, Stack size 8 bytes, infrared.o(.text))
<BR><BR>[Stack]<UL><LI>Max Depth = 48<LI>Call Chain = IR_ISR &rArr; Exint_Init &rArr; NVIC_SetPriority
</UL>
<BR>[Calls]<UL><LI><a href="#[da]">&gt;&gt;</a>&nbsp;&nbsp;&nbsp;Exint_Init
<LI><a href="#[db]">&gt;&gt;</a>&nbsp;&nbsp;&nbsp;Exint_EnableChannel
<LI><a href="#[d9]">&gt;&gt;</a>&nbsp;&nbsp;&nbsp;Exint_DisableChannel
<LI><a href="#[d7]">&gt;&gt;</a>&nbsp;&nbsp;&nbsp;Dt_WriteLoadVal
<LI><a href="#[d4]">&gt;&gt;</a>&nbsp;&nbsp;&nbsp;Dt_ReadCurCntVal
<LI><a href="#[d8]">&gt;&gt;</a>&nbsp;&nbsp;&nbsp;Dt_EnableCount
<LI><a href="#[d6]">&gt;&gt;</a>&nbsp;&nbsp;&nbsp;Dt_DisableCount
<LI><a href="#[d5]">&gt;&gt;</a>&nbsp;&nbsp;&nbsp;extract
</UL>
<BR>[Address Reference Count : 1]<UL><LI> infrared.o(.text)
</UL>
<P><STRONG><a name="[df]"></a>timer_ISR</STRONG> (Thumb, 12 bytes, Stack size 0 bytes, infrared.o(.text))
<BR>[Address Reference Count : 1]<UL><LI> infrared.o(.text)
</UL>
<P><STRONG><a name="[ce]"></a>infrared_init</STRONG> (Thumb, 166 bytes, Stack size 8 bytes, infrared.o(.text))
<BR><BR>[Stack]<UL><LI>Max Depth = 56<LI>Call Chain = infrared_init &rArr; Dt_Init &rArr; DtGetInternDataPtr
</UL>
<BR>[Calls]<UL><LI><a href="#[dc]">&gt;&gt;</a>&nbsp;&nbsp;&nbsp;pdl_memclr
<LI><a href="#[da]">&gt;&gt;</a>&nbsp;&nbsp;&nbsp;Exint_Init
<LI><a href="#[db]">&gt;&gt;</a>&nbsp;&nbsp;&nbsp;Exint_EnableChannel
<LI><a href="#[d7]">&gt;&gt;</a>&nbsp;&nbsp;&nbsp;Dt_WriteLoadVal
<LI><a href="#[de]">&gt;&gt;</a>&nbsp;&nbsp;&nbsp;Dt_WriteBgLoadVal
<LI><a href="#[dd]">&gt;&gt;</a>&nbsp;&nbsp;&nbsp;Dt_Init
<LI><a href="#[e0]">&gt;&gt;</a>&nbsp;&nbsp;&nbsp;Dt_EnableInt
</UL>
<BR>[Called By]<UL><LI><a href="#[b7]">&gt;&gt;</a>&nbsp;&nbsp;&nbsp;main
</UL>

<P><STRONG><a name="[e1]"></a>generate_world</STRONG> (Thumb, 182 bytes, Stack size 48 bytes, game.o(.text))
<BR><BR>[Stack]<UL><LI>Max Depth = 56<LI>Call Chain = generate_world &rArr; srand
</UL>
<BR>[Calls]<UL><LI><a href="#[e2]">&gt;&gt;</a>&nbsp;&nbsp;&nbsp;srand
<LI><a href="#[e3]">&gt;&gt;</a>&nbsp;&nbsp;&nbsp;rand
</UL>
<BR>[Called By]<UL><LI><a href="#[d0]">&gt;&gt;</a>&nbsp;&nbsp;&nbsp;game_init
</UL>

<P><STRONG><a name="[e4]"></a>draw_world</STRONG> (Thumb, 214 bytes, Stack size 32 bytes, game.o(.text))
<BR><BR>[Stack]<UL><LI>Max Depth = 136<LI>Call Chain = draw_world &rArr; Adafruit_SSD1351::fillRect(unsigned short, unsigned short, unsigned short, unsigned short, unsigned short) &rArr; Adafruit_SSD1351::writeData(unsigned char) &rArr; Adafruit_SSD1351::spiwrite(unsigned char) &rArr; WyzBeeSpi_Write &rArr; Mfs_WriteData &rArr; MfsGetInternDataPtr
</UL>
<BR>[Calls]<UL><LI><a href="#[e5]">&gt;&gt;</a>&nbsp;&nbsp;&nbsp;Adafruit_SSD1351::fillRect(unsigned short, unsigned short, unsigned short, unsigned short, unsigned short)
</UL>
<BR>[Called By]<UL><LI><a href="#[d1]">&gt;&gt;</a>&nbsp;&nbsp;&nbsp;game_update
</UL>

<P><STRONG><a name="[e6]"></a>draw_man</STRONG> (Thumb, 70 bytes, Stack size 16 bytes, game.o(.text))
<BR><BR>[Stack]<UL><LI>Max Depth = 120<LI>Call Chain = draw_man &rArr; Adafruit_SSD1351::fillRect(unsigned short, unsigned short, unsigned short, unsigned short, unsigned short) &rArr; Adafruit_SSD1351::writeData(unsigned char) &rArr; Adafruit_SSD1351::spiwrite(unsigned char) &rArr; WyzBeeSpi_Write &rArr; Mfs_WriteData &rArr; MfsGetInternDataPtr
</UL>
<BR>[Calls]<UL><LI><a href="#[e5]">&gt;&gt;</a>&nbsp;&nbsp;&nbsp;Adafruit_SSD1351::fillRect(unsigned short, unsigned short, unsigned short, unsigned short, unsigned short)
</UL>
<BR>[Called By]<UL><LI><a href="#[d1]">&gt;&gt;</a>&nbsp;&nbsp;&nbsp;game_update
</UL>

<P><STRONG><a name="[ea]"></a>update_dig</STRONG> (Thumb, 454 bytes, Stack size 20 bytes, game.o(.text))
<BR><BR>[Stack]<UL><LI>Max Depth = 20<LI>Call Chain = update_dig
</UL>
<BR>[Called By]<UL><LI><a href="#[d1]">&gt;&gt;</a>&nbsp;&nbsp;&nbsp;game_update
</UL>

<P><STRONG><a name="[e8]"></a>check_vertical</STRONG> (Thumb, 324 bytes, Stack size 0 bytes, game.o(.text))
<BR><BR>[Called By]<UL><LI><a href="#[e7]">&gt;&gt;</a>&nbsp;&nbsp;&nbsp;update_action
</UL>

<P><STRONG><a name="[e9]"></a>check_horizontal</STRONG> (Thumb, 230 bytes, Stack size 0 bytes, game.o(.text))
<BR><BR>[Called By]<UL><LI><a href="#[e7]">&gt;&gt;</a>&nbsp;&nbsp;&nbsp;update_action
</UL>

<P><STRONG><a name="[e7]"></a>update_action</STRONG> (Thumb, 586 bytes, Stack size 28 bytes, game.o(.text))
<BR><BR>[Stack]<UL><LI>Max Depth = 28<LI>Call Chain = update_action
</UL>
<BR>[Calls]<UL><LI><a href="#[e9]">&gt;&gt;</a>&nbsp;&nbsp;&nbsp;check_horizontal
<LI><a href="#[e8]">&gt;&gt;</a>&nbsp;&nbsp;&nbsp;check_vertical
</UL>
<BR>[Called By]<UL><LI><a href="#[d1]">&gt;&gt;</a>&nbsp;&nbsp;&nbsp;game_update
</UL>

<P><STRONG><a name="[d1]"></a>game_update</STRONG> (Thumb, 24 bytes, Stack size 8 bytes, game.o(.text))
<BR><BR>[Stack]<UL><LI>Max Depth = 144<LI>Call Chain = game_update &rArr; draw_world &rArr; Adafruit_SSD1351::fillRect(unsigned short, unsigned short, unsigned short, unsigned short, unsigned short) &rArr; Adafruit_SSD1351::writeData(unsigned char) &rArr; Adafruit_SSD1351::spiwrite(unsigned char) &rArr; WyzBeeSpi_Write &rArr; Mfs_WriteData &rArr; MfsGetInternDataPtr
</UL>
<BR>[Calls]<UL><LI><a href="#[e7]">&gt;&gt;</a>&nbsp;&nbsp;&nbsp;update_action
<LI><a href="#[ea]">&gt;&gt;</a>&nbsp;&nbsp;&nbsp;update_dig
<LI><a href="#[e6]">&gt;&gt;</a>&nbsp;&nbsp;&nbsp;draw_man
<LI><a href="#[e4]">&gt;&gt;</a>&nbsp;&nbsp;&nbsp;draw_world
</UL>
<BR>[Called By]<UL><LI><a href="#[b7]">&gt;&gt;</a>&nbsp;&nbsp;&nbsp;main
</UL>

<P><STRONG><a name="[d0]"></a>game_init</STRONG> (Thumb, 48 bytes, Stack size 16 bytes, game.o(.text))
<BR><BR>[Stack]<UL><LI>Max Depth = 72<LI>Call Chain = game_init &rArr; generate_world &rArr; srand
</UL>
<BR>[Calls]<UL><LI><a href="#[e1]">&gt;&gt;</a>&nbsp;&nbsp;&nbsp;generate_world
</UL>
<BR>[Called By]<UL><LI><a href="#[b7]">&gt;&gt;</a>&nbsp;&nbsp;&nbsp;main
</UL>

<P><STRONG><a name="[eb]"></a>rsi_execute_cmd</STRONG> (Thumb, 72 bytes, Stack size 40 bytes, rsi_execute_cmd.o(.text))
<BR><BR>[Stack]<UL><LI>Max Depth = 216<LI>Call Chain = rsi_execute_cmd &rArr; rsi_frame_write &rArr; rsi_spi_frame_data_wr &rArr; rsi_send_c3c4 &rArr; rsi_spi_send &rArr; Mfs_WriteData &rArr; MfsGetInternDataPtr
</UL>
<BR>[Calls]<UL><LI><a href="#[ee]">&gt;&gt;</a>&nbsp;&nbsp;&nbsp;rsi_frame_write
<LI><a href="#[ec]">&gt;&gt;</a>&nbsp;&nbsp;&nbsp;rsi_device_interrupt_status
<LI><a href="#[ed]">&gt;&gt;</a>&nbsp;&nbsp;&nbsp;rsi_build_frame_descriptor
</UL>
<BR>[Called By]<UL><LI><a href="#[205]">&gt;&gt;</a>&nbsp;&nbsp;&nbsp;WyzBee_SelectMode
</UL>

<P><STRONG><a name="[ef]"></a>rsi_waitfor_boardready</STRONG> (Thumb, 44 bytes, Stack size 16 bytes, rsi_bootup_config.o(.text))
<BR><BR>[Stack]<UL><LI>Max Depth = 192<LI>Call Chain = rsi_waitfor_boardready &rArr; rsi_boot_insn &rArr; rsi_mem_wr &rArr; rsi_send_c3c4 &rArr; rsi_spi_send &rArr; Mfs_WriteData &rArr; MfsGetInternDataPtr
</UL>
<BR>[Calls]<UL><LI><a href="#[f0]">&gt;&gt;</a>&nbsp;&nbsp;&nbsp;rsi_boot_insn
</UL>
<BR>[Called By]<UL><LI><a href="#[c6]">&gt;&gt;</a>&nbsp;&nbsp;&nbsp;WyzBee_BT_init
</UL>

<P><STRONG><a name="[f1]"></a>rsi_select_option</STRONG> (Thumb, 64 bytes, Stack size 24 bytes, rsi_bootup_config.o(.text))
<BR><BR>[Stack]<UL><LI>Max Depth = 200<LI>Call Chain = rsi_select_option &rArr; rsi_boot_insn &rArr; rsi_mem_wr &rArr; rsi_send_c3c4 &rArr; rsi_spi_send &rArr; Mfs_WriteData &rArr; MfsGetInternDataPtr
</UL>
<BR>[Calls]<UL><LI><a href="#[f0]">&gt;&gt;</a>&nbsp;&nbsp;&nbsp;rsi_boot_insn
</UL>
<BR>[Called By]<UL><LI><a href="#[c6]">&gt;&gt;</a>&nbsp;&nbsp;&nbsp;WyzBee_BT_init
</UL>

<P><STRONG><a name="[f2]"></a>rsi_upgrade_fw</STRONG> (Thumb, 220 bytes, Stack size 40 bytes, rsi_bootup_config.o(.text), UNUSED)
<BR><BR>[Calls]<UL><LI><a href="#[f0]">&gt;&gt;</a>&nbsp;&nbsp;&nbsp;rsi_boot_insn
</UL>

<P><STRONG><a name="[ed]"></a>rsi_build_frame_descriptor</STRONG> (Thumb, 90 bytes, Stack size 8 bytes, rsi_build_frame_descriptor.o(.text))
<BR><BR>[Stack]<UL><LI>Max Depth = 8<LI>Call Chain = rsi_build_frame_descriptor
</UL>
<BR>[Called By]<UL><LI><a href="#[eb]">&gt;&gt;</a>&nbsp;&nbsp;&nbsp;rsi_execute_cmd
</UL>

<P><STRONG><a name="[f0]"></a>rsi_boot_insn</STRONG> (Thumb, 460 bytes, Stack size 32 bytes, rsi_send_boot_insn.o(.text))
<BR><BR>[Stack]<UL><LI>Max Depth = 176<LI>Call Chain = rsi_boot_insn &rArr; rsi_mem_wr &rArr; rsi_send_c3c4 &rArr; rsi_spi_send &rArr; Mfs_WriteData &rArr; MfsGetInternDataPtr
</UL>
<BR>[Calls]<UL><LI><a href="#[f4]">&gt;&gt;</a>&nbsp;&nbsp;&nbsp;rsi_mem_wr
<LI><a href="#[f3]">&gt;&gt;</a>&nbsp;&nbsp;&nbsp;rsi_mem_rd
</UL>
<BR>[Called By]<UL><LI><a href="#[f2]">&gt;&gt;</a>&nbsp;&nbsp;&nbsp;rsi_upgrade_fw
<LI><a href="#[f1]">&gt;&gt;</a>&nbsp;&nbsp;&nbsp;rsi_select_option
<LI><a href="#[ef]">&gt;&gt;</a>&nbsp;&nbsp;&nbsp;rsi_waitfor_boardready
</UL>

<P><STRONG><a name="[f5]"></a>rsi_sys_init</STRONG> (Thumb, 24 bytes, Stack size 8 bytes, rsi_sys_init.o(.text))
<BR><BR>[Stack]<UL><LI>Max Depth = 104<LI>Call Chain = rsi_sys_init &rArr; rsi_spi_iface_init &rArr; rsi_spi_send &rArr; Mfs_WriteData &rArr; MfsGetInternDataPtr
</UL>
<BR>[Calls]<UL><LI><a href="#[f7]">&gt;&gt;</a>&nbsp;&nbsp;&nbsp;rsi_spi_iface_init
<LI><a href="#[f6]">&gt;&gt;</a>&nbsp;&nbsp;&nbsp;rsi_module_power_cycle
</UL>
<BR>[Called By]<UL><LI><a href="#[c6]">&gt;&gt;</a>&nbsp;&nbsp;&nbsp;WyzBee_BT_init
</UL>

<P><STRONG><a name="[111]"></a>rsi_bt_build_frame_descriptor</STRONG> (Thumb, 38 bytes, Stack size 0 bytes, rsi_bt_build_frame_descriptor.o(.text))
<BR><BR>[Called By]<UL><LI><a href="#[f9]">&gt;&gt;</a>&nbsp;&nbsp;&nbsp;rsi_bt_execute_cmd
</UL>

<P><STRONG><a name="[f8]"></a>rsi_bt_set_discovery_mode</STRONG> (Thumb, 20 bytes, Stack size 16 bytes, rsi_bt_core.o(.text))
<BR><BR>[Stack]<UL><LI>Max Depth = 232<LI>Call Chain = rsi_bt_set_discovery_mode &rArr; rsi_bt_execute_cmd &rArr; rsi_frame_write &rArr; rsi_spi_frame_data_wr &rArr; rsi_send_c3c4 &rArr; rsi_spi_send &rArr; Mfs_WriteData &rArr; MfsGetInternDataPtr
</UL>
<BR>[Calls]<UL><LI><a href="#[f9]">&gt;&gt;</a>&nbsp;&nbsp;&nbsp;rsi_bt_execute_cmd
</UL>
<BR>[Called By]<UL><LI><a href="#[c7]">&gt;&gt;</a>&nbsp;&nbsp;&nbsp;WyzBee_SetDiscoverMode
</UL>

<P><STRONG><a name="[fa]"></a>rsi_bt_query_discovery_mode</STRONG> (Thumb, 18 bytes, Stack size 8 bytes, rsi_bt_core.o(.text), UNUSED)
<BR><BR>[Calls]<UL><LI><a href="#[f9]">&gt;&gt;</a>&nbsp;&nbsp;&nbsp;rsi_bt_execute_cmd
</UL>
<BR>[Called By]<UL><LI><a href="#[20e]">&gt;&gt;</a>&nbsp;&nbsp;&nbsp;WyzBee_GetDiscoverMode
</UL>

<P><STRONG><a name="[fb]"></a>rsi_bt_set_connectability_mode</STRONG> (Thumb, 20 bytes, Stack size 16 bytes, rsi_bt_core.o(.text))
<BR><BR>[Stack]<UL><LI>Max Depth = 232<LI>Call Chain = rsi_bt_set_connectability_mode &rArr; rsi_bt_execute_cmd &rArr; rsi_frame_write &rArr; rsi_spi_frame_data_wr &rArr; rsi_send_c3c4 &rArr; rsi_spi_send &rArr; Mfs_WriteData &rArr; MfsGetInternDataPtr
</UL>
<BR>[Calls]<UL><LI><a href="#[f9]">&gt;&gt;</a>&nbsp;&nbsp;&nbsp;rsi_bt_execute_cmd
</UL>
<BR>[Called By]<UL><LI><a href="#[c8]">&gt;&gt;</a>&nbsp;&nbsp;&nbsp;WyzBee_SetConnMode
</UL>

<P><STRONG><a name="[fc]"></a>rsi_bt_query_connectability_mode</STRONG> (Thumb, 18 bytes, Stack size 8 bytes, rsi_bt_core.o(.text), UNUSED)
<BR><BR>[Calls]<UL><LI><a href="#[f9]">&gt;&gt;</a>&nbsp;&nbsp;&nbsp;rsi_bt_execute_cmd
</UL>
<BR>[Called By]<UL><LI><a href="#[20f]">&gt;&gt;</a>&nbsp;&nbsp;&nbsp;WyzBee_GetConnMode
</UL>

<P><STRONG><a name="[fd]"></a>rsi_bt_set_pair_mode</STRONG> (Thumb, 20 bytes, Stack size 16 bytes, rsi_bt_core.o(.text), UNUSED)
<BR><BR>[Calls]<UL><LI><a href="#[f9]">&gt;&gt;</a>&nbsp;&nbsp;&nbsp;rsi_bt_execute_cmd
</UL>
<BR>[Called By]<UL><LI><a href="#[210]">&gt;&gt;</a>&nbsp;&nbsp;&nbsp;WyzBee_SetPairMode
</UL>

<P><STRONG><a name="[fe]"></a>rsi_bt_query_pair_mode</STRONG> (Thumb, 18 bytes, Stack size 8 bytes, rsi_bt_core.o(.text), UNUSED)
<BR><BR>[Calls]<UL><LI><a href="#[f9]">&gt;&gt;</a>&nbsp;&nbsp;&nbsp;rsi_bt_execute_cmd
</UL>
<BR>[Called By]<UL><LI><a href="#[211]">&gt;&gt;</a>&nbsp;&nbsp;&nbsp;WyzBee_GetPairMode
</UL>

<P><STRONG><a name="[ff]"></a>rsi_bt_remote_name_request</STRONG> (Thumb, 20 bytes, Stack size 16 bytes, rsi_bt_core.o(.text), UNUSED)
<BR><BR>[Calls]<UL><LI><a href="#[f9]">&gt;&gt;</a>&nbsp;&nbsp;&nbsp;rsi_bt_execute_cmd
</UL>
<BR>[Called By]<UL><LI><a href="#[212]">&gt;&gt;</a>&nbsp;&nbsp;&nbsp;WyzBee_RemoteNameReq
</UL>

<P><STRONG><a name="[100]"></a>rsi_bt_remote_name_request_cancel</STRONG> (Thumb, 20 bytes, Stack size 16 bytes, rsi_bt_core.o(.text), UNUSED)
<BR><BR>[Calls]<UL><LI><a href="#[f9]">&gt;&gt;</a>&nbsp;&nbsp;&nbsp;rsi_bt_execute_cmd
</UL>
<BR>[Called By]<UL><LI><a href="#[213]">&gt;&gt;</a>&nbsp;&nbsp;&nbsp;WyzBee_RemoteNameReqCancel
</UL>

<P><STRONG><a name="[101]"></a>rsi_bt_inquiry</STRONG> (Thumb, 20 bytes, Stack size 16 bytes, rsi_bt_core.o(.text), UNUSED)
<BR><BR>[Calls]<UL><LI><a href="#[f9]">&gt;&gt;</a>&nbsp;&nbsp;&nbsp;rsi_bt_execute_cmd
</UL>
<BR>[Called By]<UL><LI><a href="#[214]">&gt;&gt;</a>&nbsp;&nbsp;&nbsp;WyzBee_Inquiry
</UL>

<P><STRONG><a name="[102]"></a>rsi_bt_inquiry_cancel</STRONG> (Thumb, 18 bytes, Stack size 8 bytes, rsi_bt_core.o(.text), UNUSED)
<BR><BR>[Calls]<UL><LI><a href="#[f9]">&gt;&gt;</a>&nbsp;&nbsp;&nbsp;rsi_bt_execute_cmd
</UL>
<BR>[Called By]<UL><LI><a href="#[215]">&gt;&gt;</a>&nbsp;&nbsp;&nbsp;WyzBee_InquiryCancel
</UL>

<P><STRONG><a name="[103]"></a>rsi_bt_bond</STRONG> (Thumb, 20 bytes, Stack size 16 bytes, rsi_bt_core.o(.text), UNUSED)
<BR><BR>[Calls]<UL><LI><a href="#[f9]">&gt;&gt;</a>&nbsp;&nbsp;&nbsp;rsi_bt_execute_cmd
</UL>
<BR>[Called By]<UL><LI><a href="#[216]">&gt;&gt;</a>&nbsp;&nbsp;&nbsp;WyzBee_Bond
</UL>

<P><STRONG><a name="[104]"></a>rsi_bt_bond_cancel</STRONG> (Thumb, 20 bytes, Stack size 16 bytes, rsi_bt_core.o(.text), UNUSED)
<BR><BR>[Calls]<UL><LI><a href="#[f9]">&gt;&gt;</a>&nbsp;&nbsp;&nbsp;rsi_bt_execute_cmd
</UL>
<BR>[Called By]<UL><LI><a href="#[217]">&gt;&gt;</a>&nbsp;&nbsp;&nbsp;WyzBee_BondCancel
</UL>

<P><STRONG><a name="[105]"></a>rsi_bt_unbond</STRONG> (Thumb, 20 bytes, Stack size 16 bytes, rsi_bt_core.o(.text), UNUSED)
[...]
</UL>
<BR>[Called By]<UL><LI><a href="#[9c]">&gt;&gt;</a>&nbsp;&nbsp;&nbsp;Adafruit_SSD1351::drawPixel(short, short, unsigned short)
<LI><a href="#[12b]">&gt;&gt;</a>&nbsp;&nbsp;&nbsp;Adafruit_SSD1351::writeData(unsigned char)
<LI><a href="#[129]">&gt;&gt;</a>&nbsp;&nbsp;&nbsp;Adafruit_SSD1351::writeCommand(unsigned char)
</UL>

<P><STRONG><a name="[93]"></a>__cxa_pure_virtual</STRONG> (Thumb, 6 bytes, Stack size 0 bytes, pure_virt.o(i.__cxa_pure_virtual))
<BR><BR>[Stack]<UL><LI>Max Depth = 40<LI>Call Chain = __cxa_pure_virtual &rArr; __rt_SIGPVFN &rArr; __rt_SIGPVFN_inner &rArr; __default_signal_display &rArr; _ttywrch
</UL>
<BR>[Calls]<UL><LI><a href="#[232]">&gt;&gt;</a>&nbsp;&nbsp;&nbsp;__rt_SIGPVFN
</UL>
<BR>[Address Reference Count : 1]<UL><LI> adafruit_gfx.o(.constdata__ZTV12Adafruit_GFX)
</UL>
<P><STRONG><a name="[153]"></a>__aeabi_dadd</STRONG> (Thumb, 0 bytes, Stack size 16 bytes, daddsub_clz.o(x$fpl$dadd), UNUSED)
<BR><BR>[Called By]<UL><LI><a href="#[14e]">&gt;&gt;</a>&nbsp;&nbsp;&nbsp;MATCH(int, int)
</UL>

<P><STRONG><a name="[23c]"></a>_dadd</STRONG> (Thumb, 332 bytes, Stack size 16 bytes, daddsub_clz.o(x$fpl$dadd), UNUSED)
<BR><BR>[Calls]<UL><LI><a href="#[23e]">&gt;&gt;</a>&nbsp;&nbsp;&nbsp;__fpl_dretinf
<LI><a href="#[23f]">&gt;&gt;</a>&nbsp;&nbsp;&nbsp;__fpl_dnaninf
<LI><a href="#[23d]">&gt;&gt;</a>&nbsp;&nbsp;&nbsp;_dsub1
</UL>

<P><STRONG><a name="[151]"></a>__aeabi_ddiv</STRONG> (Thumb, 0 bytes, Stack size 32 bytes, ddiv.o(x$fpl$ddiv), UNUSED)
<BR><BR>[Called By]<UL><LI><a href="#[14e]">&gt;&gt;</a>&nbsp;&nbsp;&nbsp;MATCH(int, int)
</UL>

<P><STRONG><a name="[240]"></a>_ddiv</STRONG> (Thumb, 552 bytes, Stack size 32 bytes, ddiv.o(x$fpl$ddiv), UNUSED)
<BR><BR>[Calls]<UL><LI><a href="#[23e]">&gt;&gt;</a>&nbsp;&nbsp;&nbsp;__fpl_dretinf
<LI><a href="#[23f]">&gt;&gt;</a>&nbsp;&nbsp;&nbsp;__fpl_dnaninf
</UL>

<P><STRONG><a name="[152]"></a>__aeabi_d2iz</STRONG> (Thumb, 0 bytes, Stack size 32 bytes, dfix.o(x$fpl$dfix), UNUSED)
<BR><BR>[Called By]<UL><LI><a href="#[14e]">&gt;&gt;</a>&nbsp;&nbsp;&nbsp;MATCH(int, int)
</UL>

<P><STRONG><a name="[241]"></a>_dfix</STRONG> (Thumb, 94 bytes, Stack size 32 bytes, dfix.o(x$fpl$dfix), UNUSED)
<BR><BR>[Calls]<UL><LI><a href="#[23f]">&gt;&gt;</a>&nbsp;&nbsp;&nbsp;__fpl_dnaninf
</UL>

<P><STRONG><a name="[14f]"></a>__aeabi_i2d</STRONG> (Thumb, 0 bytes, Stack size 0 bytes, dflt_clz.o(x$fpl$dflt), UNUSED)
<BR><BR>[Called By]<UL><LI><a href="#[14e]">&gt;&gt;</a>&nbsp;&nbsp;&nbsp;MATCH(int, int)
</UL>

<P><STRONG><a name="[293]"></a>_dflt</STRONG> (Thumb, 46 bytes, Stack size 0 bytes, dflt_clz.o(x$fpl$dflt), UNUSED)

<P><STRONG><a name="[150]"></a>__aeabi_dmul</STRONG> (Thumb, 0 bytes, Stack size 32 bytes, dmul.o(x$fpl$dmul), UNUSED)
<BR><BR>[Called By]<UL><LI><a href="#[14e]">&gt;&gt;</a>&nbsp;&nbsp;&nbsp;MATCH(int, int)
</UL>

<P><STRONG><a name="[242]"></a>_dmul</STRONG> (Thumb, 332 bytes, Stack size 32 bytes, dmul.o(x$fpl$dmul), UNUSED)
<BR><BR>[Calls]<UL><LI><a href="#[23e]">&gt;&gt;</a>&nbsp;&nbsp;&nbsp;__fpl_dretinf
<LI><a href="#[23f]">&gt;&gt;</a>&nbsp;&nbsp;&nbsp;__fpl_dnaninf
</UL>

<P><STRONG><a name="[23f]"></a>__fpl_dnaninf</STRONG> (Thumb, 156 bytes, Stack size 16 bytes, dnaninf.o(x$fpl$dnaninf), UNUSED)
<BR><BR>[Called By]<UL><LI><a href="#[242]">&gt;&gt;</a>&nbsp;&nbsp;&nbsp;_dmul
<LI><a href="#[241]">&gt;&gt;</a>&nbsp;&nbsp;&nbsp;_dfix
<LI><a href="#[240]">&gt;&gt;</a>&nbsp;&nbsp;&nbsp;_ddiv
<LI><a href="#[243]">&gt;&gt;</a>&nbsp;&nbsp;&nbsp;_dsub
<LI><a href="#[23c]">&gt;&gt;</a>&nbsp;&nbsp;&nbsp;_dadd
</UL>

<P><STRONG><a name="[23e]"></a>__fpl_dretinf</STRONG> (Thumb, 12 bytes, Stack size 0 bytes, dretinf.o(x$fpl$dretinf), UNUSED)
<BR><BR>[Called By]<UL><LI><a href="#[242]">&gt;&gt;</a>&nbsp;&nbsp;&nbsp;_dmul
<LI><a href="#[240]">&gt;&gt;</a>&nbsp;&nbsp;&nbsp;_ddiv
<LI><a href="#[23c]">&gt;&gt;</a>&nbsp;&nbsp;&nbsp;_dadd
</UL>

<P><STRONG><a name="[294]"></a>__aeabi_dsub</STRONG> (Thumb, 0 bytes, Stack size 32 bytes, daddsub_clz.o(x$fpl$dsub), UNUSED)

<P><STRONG><a name="[243]"></a>_dsub</STRONG> (Thumb, 464 bytes, Stack size 32 bytes, daddsub_clz.o(x$fpl$dsub), UNUSED)
<BR><BR>[Calls]<UL><LI><a href="#[23f]">&gt;&gt;</a>&nbsp;&nbsp;&nbsp;__fpl_dnaninf
<LI><a href="#[244]">&gt;&gt;</a>&nbsp;&nbsp;&nbsp;_dadd1
</UL>

<P><STRONG><a name="[ac]"></a>_fp_init</STRONG> (Thumb, 10 bytes, Stack size 0 bytes, fpinit.o(x$fpl$fpinit))
<BR><BR>[Called By]<UL><LI><a href="#[ab]">&gt;&gt;</a>&nbsp;&nbsp;&nbsp;__rt_lib_init_fp_1
</UL>

<P><STRONG><a name="[295]"></a>__fplib_config_fpu_vfp</STRONG> (Thumb, 0 bytes, Stack size unknown bytes, fpinit.o(x$fpl$fpinit), UNUSED)

<P><STRONG><a name="[296]"></a>__fplib_config_pureend_doubles</STRONG> (Thumb, 0 bytes, Stack size unknown bytes, fpinit.o(x$fpl$fpinit), UNUSED)
<P>
<H3>
Local Symbols
</H3>
<P><STRONG><a name="[a4]"></a>__sti___8_main_cpp_tft</STRONG> (Thumb, 12 bytes, Stack size 8 bytes, main.o(.text))
<BR><BR>[Stack]<UL><LI>Max Depth = 32<LI>Call Chain = __sti___8_main_cpp_tft &rArr; Adafruit_SSD1351::Adafruit_SSD1351() &rArr; Adafruit_SSD1351::Adafruit_SSD1351__sub_object()
</UL>
<BR>[Calls]<UL><LI><a href="#[d2]">&gt;&gt;</a>&nbsp;&nbsp;&nbsp;Adafruit_SSD1351::Adafruit_SSD1351()
</UL>
<BR>[Address Reference Count : 1]<UL><LI> main.o(.init_array)
</UL>
<P><STRONG><a name="[a5]"></a>__sti___14_text_print_cpp_irrecv</STRONG> (Thumb, 10 bytes, Stack size 8 bytes, text_print.o(.text))
<BR><BR>[Stack]<UL><LI>Max Depth = 8<LI>Call Chain = __sti___14_text_print_cpp_irrecv
</UL>
<BR>[Calls]<UL><LI><a href="#[15e]">&gt;&gt;</a>&nbsp;&nbsp;&nbsp;IRrecv::IRrecv()
</UL>
<BR>[Address Reference Count : 1]<UL><LI> text_print.o(.init_array)
</UL>
<P><STRONG><a name="[16b]"></a>NVIC_SetPriority</STRONG> (Thumb, 32 bytes, Stack size 8 bytes, exint.o(.text))
<BR><BR>[Stack]<UL><LI>Max Depth = 8<LI>Call Chain = NVIC_SetPriority
</UL>
<BR>[Called By]<UL><LI><a href="#[da]">&gt;&gt;</a>&nbsp;&nbsp;&nbsp;Exint_Init
<LI><a href="#[170]">&gt;&gt;</a>&nbsp;&nbsp;&nbsp;Exint_Nmi_DeInit
<LI><a href="#[16f]">&gt;&gt;</a>&nbsp;&nbsp;&nbsp;Exint_Nmi_Init
<LI><a href="#[16d]">&gt;&gt;</a>&nbsp;&nbsp;&nbsp;Exint_DeInit
</UL>

<P><STRONG><a name="[169]"></a>ExintGetInternDataIdx</STRONG> (Thumb, 38 bytes, Stack size 0 bytes, exint.o(.text))
<BR><BR>[Called By]<UL><LI><a href="#[160]">&gt;&gt;</a>&nbsp;&nbsp;&nbsp;Exint_IrqHandler
</UL>

<P><STRONG><a name="[16c]"></a>NVIC_EnableIRQ</STRONG> (Thumb, 22 bytes, Stack size 0 bytes, exint.o(.text))
<BR><BR>[Called By]<UL><LI><a href="#[da]">&gt;&gt;</a>&nbsp;&nbsp;&nbsp;Exint_Init
<LI><a href="#[16f]">&gt;&gt;</a>&nbsp;&nbsp;&nbsp;Exint_Nmi_Init
</UL>

<P><STRONG><a name="[16e]"></a>NVIC_DisableIRQ</STRONG> (Thumb, 18 bytes, Stack size 0 bytes, exint.o(.text), UNUSED)
<BR><BR>[Called By]<UL><LI><a href="#[170]">&gt;&gt;</a>&nbsp;&nbsp;&nbsp;Exint_Nmi_DeInit
<LI><a href="#[16d]">&gt;&gt;</a>&nbsp;&nbsp;&nbsp;Exint_DeInit
</UL>

<P><STRONG><a name="[16a]"></a>NVIC_ClearPendingIRQ</STRONG> (Thumb, 18 bytes, Stack size 0 bytes, exint.o(.text))
<BR><BR>[Called By]<UL><LI><a href="#[da]">&gt;&gt;</a>&nbsp;&nbsp;&nbsp;Exint_Init
<LI><a href="#[170]">&gt;&gt;</a>&nbsp;&nbsp;&nbsp;Exint_Nmi_DeInit
<LI><a href="#[16f]">&gt;&gt;</a>&nbsp;&nbsp;&nbsp;Exint_Nmi_Init
</UL>

<P><STRONG><a name="[173]"></a>NVIC_SetPriority</STRONG> (Thumb, 32 bytes, Stack size 8 bytes, dt.o(.text))
<BR><BR>[Stack]<UL><LI>Max Depth = 8<LI>Call Chain = NVIC_SetPriority
</UL>
<BR>[Called By]<UL><LI><a href="#[174]">&gt;&gt;</a>&nbsp;&nbsp;&nbsp;Dt_DeInitIrq
<LI><a href="#[171]">&gt;&gt;</a>&nbsp;&nbsp;&nbsp;Dt_InitIrq
</UL>

<P><STRONG><a name="[175]"></a>DtGetInternDataPtr</STRONG> (Thumb, 70 bytes, Stack size 16 bytes, dt.o(.text))
<BR><BR>[Stack]<UL><LI>Max Depth = 16<LI>Call Chain = DtGetInternDataPtr
</UL>
<BR>[Called By]<UL><LI><a href="#[d7]">&gt;&gt;</a>&nbsp;&nbsp;&nbsp;Dt_WriteLoadVal
<LI><a href="#[de]">&gt;&gt;</a>&nbsp;&nbsp;&nbsp;Dt_WriteBgLoadVal
<LI><a href="#[d4]">&gt;&gt;</a>&nbsp;&nbsp;&nbsp;Dt_ReadCurCntVal
<LI><a href="#[dd]">&gt;&gt;</a>&nbsp;&nbsp;&nbsp;Dt_Init
<LI><a href="#[e0]">&gt;&gt;</a>&nbsp;&nbsp;&nbsp;Dt_EnableInt
<LI><a href="#[d8]">&gt;&gt;</a>&nbsp;&nbsp;&nbsp;Dt_EnableCount
<LI><a href="#[d6]">&gt;&gt;</a>&nbsp;&nbsp;&nbsp;Dt_DisableCount
<LI><a href="#[179]">&gt;&gt;</a>&nbsp;&nbsp;&nbsp;Dt_GetMaskIntFlag
<LI><a href="#[178]">&gt;&gt;</a>&nbsp;&nbsp;&nbsp;Dt_GetIntFlag
<LI><a href="#[177]">&gt;&gt;</a>&nbsp;&nbsp;&nbsp;Dt_DisableInt
<LI><a href="#[176]">&gt;&gt;</a>&nbsp;&nbsp;&nbsp;Dt_DeInit
<LI><a href="#[15c]">&gt;&gt;</a>&nbsp;&nbsp;&nbsp;Dt_ClrIntFlag
</UL>

<P><STRONG><a name="[171]"></a>Dt_InitIrq</STRONG> (Thumb, 40 bytes, Stack size 8 bytes, dt.o(.text))
<BR><BR>[Stack]<UL><LI>Max Depth = 16<LI>Call Chain = Dt_InitIrq &rArr; NVIC_SetPriority
</UL>
<BR>[Calls]<UL><LI><a href="#[172]">&gt;&gt;</a>&nbsp;&nbsp;&nbsp;NVIC_ClearPendingIRQ
<LI><a href="#[173]">&gt;&gt;</a>&nbsp;&nbsp;&nbsp;NVIC_SetPriority
</UL>
<BR>[Called By]<UL><LI><a href="#[e0]">&gt;&gt;</a>&nbsp;&nbsp;&nbsp;Dt_EnableInt
</UL>

<P><STRONG><a name="[174]"></a>Dt_DeInitIrq</STRONG> (Thumb, 36 bytes, Stack size 8 bytes, dt.o(.text), UNUSED)
<BR><BR>[Calls]<UL><LI><a href="#[172]">&gt;&gt;</a>&nbsp;&nbsp;&nbsp;NVIC_ClearPendingIRQ
<LI><a href="#[173]">&gt;&gt;</a>&nbsp;&nbsp;&nbsp;NVIC_SetPriority
</UL>
<BR>[Called By]<UL><LI><a href="#[177]">&gt;&gt;</a>&nbsp;&nbsp;&nbsp;Dt_DisableInt
<LI><a href="#[176]">&gt;&gt;</a>&nbsp;&nbsp;&nbsp;Dt_DeInit
</UL>

<P><STRONG><a name="[172]"></a>NVIC_ClearPendingIRQ</STRONG> (Thumb, 18 bytes, Stack size 0 bytes, dt.o(.text))
<BR><BR>[Called By]<UL><LI><a href="#[174]">&gt;&gt;</a>&nbsp;&nbsp;&nbsp;Dt_DeInitIrq
<LI><a href="#[171]">&gt;&gt;</a>&nbsp;&nbsp;&nbsp;Dt_InitIrq
</UL>

<P><STRONG><a name="[17c]"></a>NVIC_SetPriority</STRONG> (Thumb, 32 bytes, Stack size 8 bytes, mfs.o(.text))
<BR><BR>[Stack]<UL><LI>Max Depth = 8<LI>Call Chain = NVIC_SetPriority
</UL>
<BR>[Called By]<UL><LI><a href="#[17d]">&gt;&gt;</a>&nbsp;&nbsp;&nbsp;Mfs_DeInitIrq
<LI><a href="#[139]">&gt;&gt;</a>&nbsp;&nbsp;&nbsp;Mfs_InitTxIrq
<LI><a href="#[13a]">&gt;&gt;</a>&nbsp;&nbsp;&nbsp;Mfs_InitRxIrq
</UL>

<P><STRONG><a name="[182]"></a>MfsGetInternDataPtr</STRONG> (Thumb, 48 bytes, Stack size 8 bytes, mfs.o(.text))
<BR><BR>[Stack]<UL><LI>Max Depth = 8<LI>Call Chain = MfsGetInternDataPtr
</UL>
<BR>[Called By]<UL><LI><a href="#[1e1]">&gt;&gt;</a>&nbsp;&nbsp;&nbsp;Mfs_SetUpperLayerHandle
<LI><a href="#[1e0]">&gt;&gt;</a>&nbsp;&nbsp;&nbsp;Mfs_SetStsIntCallBack
<LI><a href="#[1df]">&gt;&gt;</a>&nbsp;&nbsp;&nbsp;Mfs_GetEIBCR
<LI><a href="#[1de]">&gt;&gt;</a>&nbsp;&nbsp;&nbsp;Mfs_SetEIBCR
<LI><a href="#[1dd]">&gt;&gt;</a>&nbsp;&nbsp;&nbsp;Mfs_GetNFCR
<LI><a href="#[1dc]">&gt;&gt;</a>&nbsp;&nbsp;&nbsp;Mfs_GetISMK
<LI><a href="#[1db]">&gt;&gt;</a>&nbsp;&nbsp;&nbsp;Mfs_SetISMK
<LI><a href="#[1da]">&gt;&gt;</a>&nbsp;&nbsp;&nbsp;Mfs_GetISBA
<LI><a href="#[1d9]">&gt;&gt;</a>&nbsp;&nbsp;&nbsp;Mfs_SetISBA
<LI><a href="#[1d8]">&gt;&gt;</a>&nbsp;&nbsp;&nbsp;Mfs_GetTBYTE0
<LI><a href="#[1d7]">&gt;&gt;</a>&nbsp;&nbsp;&nbsp;Mfs_SetTBYTE0
<LI><a href="#[1d6]">&gt;&gt;</a>&nbsp;&nbsp;&nbsp;Mfs_GetSCSCR
<LI><a href="#[1d5]">&gt;&gt;</a>&nbsp;&nbsp;&nbsp;Mfs_SetSCSCR
<LI><a href="#[1d4]">&gt;&gt;</a>&nbsp;&nbsp;&nbsp;Mfs_GetSTMCR
<LI><a href="#[1d3]">&gt;&gt;</a>&nbsp;&nbsp;&nbsp;Mfs_GetSACSR
<LI><a href="#[1d2]">&gt;&gt;</a>&nbsp;&nbsp;&nbsp;Mfs_SetSACSR
<LI><a href="#[1d1]">&gt;&gt;</a>&nbsp;&nbsp;&nbsp;Mfs_GetSCSTR32
<LI><a href="#[1d0]">&gt;&gt;</a>&nbsp;&nbsp;&nbsp;Mfs_SetSCSTR32
<LI><a href="#[1cf]">&gt;&gt;</a>&nbsp;&nbsp;&nbsp;Mfs_GetSCSTR10
<LI><a href="#[1ce]">&gt;&gt;</a>&nbsp;&nbsp;&nbsp;Mfs_SetSCSTR10
<LI><a href="#[1cd]">&gt;&gt;</a>&nbsp;&nbsp;&nbsp;Mfs_GetFCR0
<LI><a href="#[1cc]">&gt;&gt;</a>&nbsp;&nbsp;&nbsp;Mfs_SetFCR0
<LI><a href="#[1cb]">&gt;&gt;</a>&nbsp;&nbsp;&nbsp;Mfs_GetFCR1
<LI><a href="#[1ca]">&gt;&gt;</a>&nbsp;&nbsp;&nbsp;Mfs_SetFCR1
<LI><a href="#[1c9]">&gt;&gt;</a>&nbsp;&nbsp;&nbsp;Mfs_GetBGR
<LI><a href="#[1c8]">&gt;&gt;</a>&nbsp;&nbsp;&nbsp;Mfs_SetBGR
<LI><a href="#[1c7]">&gt;&gt;</a>&nbsp;&nbsp;&nbsp;Mfs_GetESCR
<LI><a href="#[1c6]">&gt;&gt;</a>&nbsp;&nbsp;&nbsp;Mfs_SetESCR
<LI><a href="#[1c5]">&gt;&gt;</a>&nbsp;&nbsp;&nbsp;Mfs_GetSCR
<LI><a href="#[1c4]">&gt;&gt;</a>&nbsp;&nbsp;&nbsp;Mfs_SetSCR
<LI><a href="#[1c3]">&gt;&gt;</a>&nbsp;&nbsp;&nbsp;Mfs_GetSMR
<LI><a href="#[1c2]">&gt;&gt;</a>&nbsp;&nbsp;&nbsp;Mfs_SetSMR
<LI><a href="#[1c1]">&gt;&gt;</a>&nbsp;&nbsp;&nbsp;Mfs_GetFifoBytes
<LI><a href="#[1c0]">&gt;&gt;</a>&nbsp;&nbsp;&nbsp;Mfs_SetFifoEnable
<LI><a href="#[1bf]">&gt;&gt;</a>&nbsp;&nbsp;&nbsp;Mfs_ResetFifo
<LI><a href="#[1be]">&gt;&gt;</a>&nbsp;&nbsp;&nbsp;Mfs_ClrTxFifoReqStatus
<LI><a href="#[1bd]">&gt;&gt;</a>&nbsp;&nbsp;&nbsp;Mfs_GetTxFifoReqStatus
<LI><a href="#[1bc]">&gt;&gt;</a>&nbsp;&nbsp;&nbsp;Mfs_ConfigFifo
<LI><a href="#[1bb]">&gt;&gt;</a>&nbsp;&nbsp;&nbsp;Mfs_SetTxFifoIntEnable
<LI><a href="#[1ba]">&gt;&gt;</a>&nbsp;&nbsp;&nbsp;Mfs_SetTxBusIdleIntEnable
<LI><a href="#[1b9]">&gt;&gt;</a>&nbsp;&nbsp;&nbsp;Mfs_SoftwareReset
<LI><a href="#[1b8]">&gt;&gt;</a>&nbsp;&nbsp;&nbsp;Mfs_SetWakeUpControlEnable
<LI><a href="#[1b7]">&gt;&gt;</a>&nbsp;&nbsp;&nbsp;Mfs_SetSerialOutputEnable
<LI><a href="#[1b6]">&gt;&gt;</a>&nbsp;&nbsp;&nbsp;Mfs_Lin_SetBreakConfig
<LI><a href="#[1b5]">&gt;&gt;</a>&nbsp;&nbsp;&nbsp;Mfs_Lin_SetBreakDetIntEnable
<LI><a href="#[1b4]">&gt;&gt;</a>&nbsp;&nbsp;&nbsp;Mfs_Lin_ClearBreakDetFlag
<LI><a href="#[1b3]">&gt;&gt;</a>&nbsp;&nbsp;&nbsp;Mfs_Lin_SetBreak
<LI><a href="#[1b1]">&gt;&gt;</a>&nbsp;&nbsp;&nbsp;Mfs_Lin_Init
<LI><a href="#[1af]">&gt;&gt;</a>&nbsp;&nbsp;&nbsp;Mfs_I2c_SetSlvAddrEnable
<LI><a href="#[1ae]">&gt;&gt;</a>&nbsp;&nbsp;&nbsp;Mfs_I2c_SetI2cEnable
<LI><a href="#[1ad]">&gt;&gt;</a>&nbsp;&nbsp;&nbsp;Mfs_I2c_SetBusErrorControlEnable
<LI><a href="#[1ac]">&gt;&gt;</a>&nbsp;&nbsp;&nbsp;Mfs_I2c_SetSerlalOutEnable
<LI><a href="#[1ab]">&gt;&gt;</a>&nbsp;&nbsp;&nbsp;Mfs_I2c_SetSclOutLevel
<LI><a href="#[1aa]">&gt;&gt;</a>&nbsp;&nbsp;&nbsp;Mfs_I2c_SetSdaOutLevel
<LI><a href="#[1a9]">&gt;&gt;</a>&nbsp;&nbsp;&nbsp;Mfs_I2c_SetNoizeFilter
<LI><a href="#[1a8]">&gt;&gt;</a>&nbsp;&nbsp;&nbsp;Mfs_I2c_SetDmaModeEnable
<LI><a href="#[1a7]">&gt;&gt;</a>&nbsp;&nbsp;&nbsp;Mfs_I2c_SetTransmitEmpty
<LI><a href="#[1a6]">&gt;&gt;</a>&nbsp;&nbsp;&nbsp;Mfs_I2c_ClearIntStatus
<LI><a href="#[1a5]">&gt;&gt;</a>&nbsp;&nbsp;&nbsp;Mfs_I2c_GetIntStatus
<LI><a href="#[1a4]">&gt;&gt;</a>&nbsp;&nbsp;&nbsp;Mfs_I2c_GetBusErrStatus
<LI><a href="#[1a3]">&gt;&gt;</a>&nbsp;&nbsp;&nbsp;Mfs_I2c_SetIntEnable
<LI><a href="#[1a2]">&gt;&gt;</a>&nbsp;&nbsp;&nbsp;Mfs_I2c_SetCondDetIntEnable
<LI><a href="#[1a1]">&gt;&gt;</a>&nbsp;&nbsp;&nbsp;Mfs_I2c_SetWaitSelect
<LI><a href="#[1a0]">&gt;&gt;</a>&nbsp;&nbsp;&nbsp;Mfs_I2c_SetAckEnable
<LI><a href="#[19f]">&gt;&gt;</a>&nbsp;&nbsp;&nbsp;Mfs_I2c_SetRxIntEnable
<LI><a href="#[19e]">&gt;&gt;</a>&nbsp;&nbsp;&nbsp;Mfs_I2c_SetTxIntEnable
<LI><a href="#[19d]">&gt;&gt;</a>&nbsp;&nbsp;&nbsp;Mfs_I2c_DeInit
<LI><a href="#[19c]">&gt;&gt;</a>&nbsp;&nbsp;&nbsp;Mfs_I2c_Init
<LI><a href="#[19b]">&gt;&gt;</a>&nbsp;&nbsp;&nbsp;Mfs_I2c_SetBaudRate
<LI><a href="#[199]">&gt;&gt;</a>&nbsp;&nbsp;&nbsp;Mfs_Csio_SetTxLength
<LI><a href="#[198]">&gt;&gt;</a>&nbsp;&nbsp;&nbsp;Mfs_Csio_SetCsTimingConfig
<LI><a href="#[197]">&gt;&gt;</a>&nbsp;&nbsp;&nbsp;Mfs_Csio_SetChipSelectOutEnable
<LI><a href="#[196]">&gt;&gt;</a>&nbsp;&nbsp;&nbsp;Mfs_Csio_SetChipSelectEnable
<LI><a href="#[195]">&gt;&gt;</a>&nbsp;&nbsp;&nbsp;Mfs_Csio_SetCsInActiveLevel
<LI><a href="#[194]">&gt;&gt;</a>&nbsp;&nbsp;&nbsp;Mfs_Csio_SetCsTimingPrescale
<LI><a href="#[193]">&gt;&gt;</a>&nbsp;&nbsp;&nbsp;Mfs_Csio_SetCsHold
<LI><a href="#[192]">&gt;&gt;</a>&nbsp;&nbsp;&nbsp;Mfs_Csio_SetCmpVal4SerialTimer
<LI><a href="#[191]">&gt;&gt;</a>&nbsp;&nbsp;&nbsp;Mfs_Csio_GetSerialTimer
<LI><a href="#[190]">&gt;&gt;</a>&nbsp;&nbsp;&nbsp;Mfs_Csio_SetSerialTimerEnable
<LI><a href="#[18f]">&gt;&gt;</a>&nbsp;&nbsp;&nbsp;Mfs_Csio_SetTimerPrescale
<LI><a href="#[18e]">&gt;&gt;</a>&nbsp;&nbsp;&nbsp;Mfs_Csio_SetSyncTransEnable
<LI><a href="#[18d]">&gt;&gt;</a>&nbsp;&nbsp;&nbsp;Mfs_Csio_SetSerialTimerIntEnable
<LI><a href="#[18c]">&gt;&gt;</a>&nbsp;&nbsp;&nbsp;Mfs_Csio_ClrTimerIntReq
<LI><a href="#[18b]">&gt;&gt;</a>&nbsp;&nbsp;&nbsp;Mfs_Csio_ClrChipSelectErr
<LI><a href="#[18a]">&gt;&gt;</a>&nbsp;&nbsp;&nbsp;Mfs_Csio_GetStatus
<LI><a href="#[189]">&gt;&gt;</a>&nbsp;&nbsp;&nbsp;Mfs_Csio_SetChipSelectErrIntEnable
<LI><a href="#[188]">&gt;&gt;</a>&nbsp;&nbsp;&nbsp;Mfs_Csio_SetChipSelectErrEnable
<LI><a href="#[187]">&gt;&gt;</a>&nbsp;&nbsp;&nbsp;Mfs_Csio_WriteData32
<LI><a href="#[186]">&gt;&gt;</a>&nbsp;&nbsp;&nbsp;Mfs_Csio_ReadData32
<LI><a href="#[185]">&gt;&gt;</a>&nbsp;&nbsp;&nbsp;Mfs_Csio_SetBaudRate
<LI><a href="#[184]">&gt;&gt;</a>&nbsp;&nbsp;&nbsp;Mfs_Uart_DeInit
<LI><a href="#[183]">&gt;&gt;</a>&nbsp;&nbsp;&nbsp;Mfs_Uart_Init
<LI><a href="#[181]">&gt;&gt;</a>&nbsp;&nbsp;&nbsp;Mfs_Uart_SetBaudRate
<LI><a href="#[147]">&gt;&gt;</a>&nbsp;&nbsp;&nbsp;Mfs_SetTxIntEnable
<LI><a href="#[137]">&gt;&gt;</a>&nbsp;&nbsp;&nbsp;Mfs_SetTxIntCallBack
<LI><a href="#[14a]">&gt;&gt;</a>&nbsp;&nbsp;&nbsp;Mfs_SetRxIntEnable
<LI><a href="#[138]">&gt;&gt;</a>&nbsp;&nbsp;&nbsp;Mfs_SetRxIntCallBack
<LI><a href="#[13c]">&gt;&gt;</a>&nbsp;&nbsp;&nbsp;Mfs_WriteData
<LI><a href="#[132]">&gt;&gt;</a>&nbsp;&nbsp;&nbsp;Mfs_SetTxEnable
<LI><a href="#[130]">&gt;&gt;</a>&nbsp;&nbsp;&nbsp;Mfs_SetRxEnable
<LI><a href="#[142]">&gt;&gt;</a>&nbsp;&nbsp;&nbsp;Mfs_ReadData
<LI><a href="#[13f]">&gt;&gt;</a>&nbsp;&nbsp;&nbsp;Mfs_GetStatus
<LI><a href="#[136]">&gt;&gt;</a>&nbsp;&nbsp;&nbsp;Mfs_ErrorClear
<LI><a href="#[135]">&gt;&gt;</a>&nbsp;&nbsp;&nbsp;Mfs_Csio_SetSckOutEnable
<LI><a href="#[134]">&gt;&gt;</a>&nbsp;&nbsp;&nbsp;Mfs_Csio_Init
<LI><a href="#[133]">&gt;&gt;</a>&nbsp;&nbsp;&nbsp;Mfs_Csio_DeInit
</UL>

<P><STRONG><a name="[17b]"></a>NVIC_EnableIRQ</STRONG> (Thumb, 22 bytes, Stack size 0 bytes, mfs.o(.text))
<BR><BR>[Called By]<UL><LI><a href="#[139]">&gt;&gt;</a>&nbsp;&nbsp;&nbsp;Mfs_InitTxIrq
<LI><a href="#[13a]">&gt;&gt;</a>&nbsp;&nbsp;&nbsp;Mfs_InitRxIrq
</UL>

<P><STRONG><a name="[17e]"></a>NVIC_DisableIRQ</STRONG> (Thumb, 18 bytes, Stack size 0 bytes, mfs.o(.text))
<BR><BR>[Called By]<UL><LI><a href="#[17d]">&gt;&gt;</a>&nbsp;&nbsp;&nbsp;Mfs_DeInitIrq
</UL>

<P><STRONG><a name="[17a]"></a>NVIC_ClearPendingIRQ</STRONG> (Thumb, 18 bytes, Stack size 0 bytes, mfs.o(.text))
<BR><BR>[Called By]<UL><LI><a href="#[17d]">&gt;&gt;</a>&nbsp;&nbsp;&nbsp;Mfs_DeInitIrq
<LI><a href="#[139]">&gt;&gt;</a>&nbsp;&nbsp;&nbsp;Mfs_InitTxIrq
<LI><a href="#[13a]">&gt;&gt;</a>&nbsp;&nbsp;&nbsp;Mfs_InitRxIrq
</UL>

<P><STRONG><a name="[1ed]"></a>wifi_cs_enable</STRONG> (Thumb, 14 bytes, Stack size 0 bytes, spi.o(.text))
<BR><BR>[Called By]<UL><LI><a href="#[1ef]">&gt;&gt;</a>&nbsp;&nbsp;&nbsp;rsi_spi_recv
<LI><a href="#[1ec]">&gt;&gt;</a>&nbsp;&nbsp;&nbsp;rsi_spi_send
</UL>

<P><STRONG><a name="[1ee]"></a>wifi_cs_disable</STRONG> (Thumb, 18 bytes, Stack size 0 bytes, spi.o(.text))
<BR><BR>[Called By]<UL><LI><a href="#[1ef]">&gt;&gt;</a>&nbsp;&nbsp;&nbsp;rsi_spi_recv
<LI><a href="#[1ec]">&gt;&gt;</a>&nbsp;&nbsp;&nbsp;rsi_spi_send
</UL>

<P><STRONG><a name="[244]"></a>_dadd1</STRONG> (Thumb, 0 bytes, Stack size unknown bytes, daddsub_clz.o(x$fpl$dadd), UNUSED)
<BR><BR>[Called By]<UL><LI><a href="#[243]">&gt;&gt;</a>&nbsp;&nbsp;&nbsp;_dsub
</UL>

<P><STRONG><a name="[23d]"></a>_dsub1</STRONG> (Thumb, 0 bytes, Stack size unknown bytes, daddsub_clz.o(x$fpl$dsub), UNUSED)
<BR><BR>[Called By]<UL><LI><a href="#[23c]">&gt;&gt;</a>&nbsp;&nbsp;&nbsp;_dadd
</UL>
<P>
<H3>
Undefined Global Symbols
</H3><HR></body></html>
